Command line invocation:
    /Applications/Xcode.app/Contents/Developer/usr/bin/xcodebuild -project "Mouse Fix.xcodeproj" -scheme App -configuration Debug -destination platform=macOS build

Resolve Package Graph


Resolved source packages:
  ReactiveSwift: https://github.com/ReactiveCocoa/ReactiveSwift @ 7.1.1
  CocoaLumberjack: https://github.com/CocoaLumberjack/CocoaLumberjack.git @ 3.8.5
  ReactiveCocoa: https://github.com/ReactiveCocoa/ReactiveCocoa @ 12.0.0
  swift-log: https://github.com/apple/swift-log @ 1.6.1

--- xcodebuild: WARNING: Using the first of multiple matching destinations:
{ platform:macOS, arch:arm64, id:00008132-000A382834F8801C, name:My Mac }
{ platform:macOS, arch:x86_64, id:00008132-000A382834F8801C, name:My Mac }
ComputePackagePrebuildTargetDependencyGraph

Prepare packages

CreateBuildRequest

SendProjectDescription

CreateBuildOperation

ComputeTargetDependencyGraph
note: Building targets in dependency order
note: Target dependency graph (13 targets)
    Target 'Mac Mouse Fix' in project 'Mouse Fix'
        ➜ Explicit dependency on target 'Mac Mouse Fix Helper' in project 'Mouse Fix'
        ➜ Explicit dependency on target 'CocoaLumberjack' in project 'CocoaLumberjack'
        ➜ Explicit dependency on target 'ReactiveCocoa' in project 'ReactiveCocoa'
        ➜ Explicit dependency on target 'CocoaLumberjackSwift' in project 'CocoaLumberjack'
        ➜ Explicit dependency on target 'ReactiveSwift' in project 'ReactiveSwift'
    Target 'Mac Mouse Fix Helper' in project 'Mouse Fix'
        ➜ Explicit dependency on target 'CocoaLumberjack' in project 'CocoaLumberjack'
        ➜ Explicit dependency on target 'ReactiveCocoa' in project 'ReactiveCocoa'
        ➜ Explicit dependency on target 'ReactiveSwift' in project 'ReactiveSwift'
        ➜ Explicit dependency on target 'CocoaLumberjackSwift' in project 'CocoaLumberjack'
    Target 'CocoaLumberjackSwift' in project 'CocoaLumberjack'
        ➜ Explicit dependency on target 'CocoaLumberjackSwift' in project 'CocoaLumberjack'
        ➜ Explicit dependency on target 'CocoaLumberjack' in project 'CocoaLumberjack'
        ➜ Explicit dependency on target 'CocoaLumberjackSwiftSupport' in project 'CocoaLumberjack'
    Target 'CocoaLumberjackSwift' in project 'CocoaLumberjack'
        ➜ Explicit dependency on target 'CocoaLumberjack' in project 'CocoaLumberjack'
        ➜ Explicit dependency on target 'CocoaLumberjackSwiftSupport' in project 'CocoaLumberjack'
    Target 'CocoaLumberjackSwiftSupport' in project 'CocoaLumberjack'
        ➜ Explicit dependency on target 'CocoaLumberjack' in project 'CocoaLumberjack'
    Target 'ReactiveCocoa' in project 'ReactiveCocoa'
        ➜ Explicit dependency on target 'ReactiveCocoa' in project 'ReactiveCocoa'
        ➜ Explicit dependency on target 'ReactiveCocoaObjC' in project 'ReactiveCocoa'
        ➜ Explicit dependency on target 'ReactiveSwift' in project 'ReactiveSwift'
    Target 'ReactiveCocoa' in project 'ReactiveCocoa'
        ➜ Explicit dependency on target 'ReactiveCocoaObjC' in project 'ReactiveCocoa'
        ➜ Explicit dependency on target 'ReactiveSwift' in project 'ReactiveSwift'
    Target 'ReactiveSwift' in project 'ReactiveSwift'
        ➜ Explicit dependency on target 'ReactiveSwift' in project 'ReactiveSwift'
    Target 'ReactiveSwift' in project 'ReactiveSwift' (no dependencies)
    Target 'ReactiveCocoaObjC' in project 'ReactiveCocoa' (no dependencies)
    Target 'CocoaLumberjack' in project 'CocoaLumberjack'
        ➜ Explicit dependency on target 'CocoaLumberjack' in project 'CocoaLumberjack'
        ➜ Explicit dependency on target 'CocoaLumberjack_CocoaLumberjack' in project 'CocoaLumberjack'
    Target 'CocoaLumberjack' in project 'CocoaLumberjack'
        ➜ Explicit dependency on target 'CocoaLumberjack_CocoaLumberjack' in project 'CocoaLumberjack'
    Target 'CocoaLumberjack_CocoaLumberjack' in project 'CocoaLumberjack' (no dependencies)

GatherProvisioningInputs

CreateBuildDescription

ExecuteExternalTool /Applications/Xcode.app/Contents/Developer/Toolchains/XcodeDefault.xctoolchain/usr/bin/clang -v -E -dM -arch arm64 -isysroot /Applications/Xcode.app/Contents/Developer/Platforms/MacOSX.platform/Developer/SDKs/MacOSX26.5.sdk -x objective-c -c /dev/null

ExecuteExternalTool /Applications/Xcode.app/Contents/Developer/Toolchains/XcodeDefault.xctoolchain/usr/bin/swiftc --version

ExecuteExternalTool /Applications/Xcode.app/Contents/Developer/Toolchains/XcodeDefault.xctoolchain/usr/bin/clang -v -E -dM -arch arm64 -isysroot /Applications/Xcode.app/Contents/Developer/Platforms/MacOSX.platform/Developer/SDKs/MacOSX26.5.sdk -x c -c /dev/null

ExecuteExternalTool /Applications/Xcode.app/Contents/Developer/Toolchains/XcodeDefault.xctoolchain/usr/bin/clang -v -E -dM -isysroot /Applications/Xcode.app/Contents/Developer/Platforms/MacOSX.platform/Developer/SDKs/MacOSX26.5.sdk -x c -c /dev/null

ExecuteExternalTool /Applications/Xcode.app/Contents/Developer/usr/bin/ibtool --version --output-format xml1

ExecuteExternalTool /Applications/Xcode.app/Contents/Developer/usr/bin/xcstringstool compile --dry-run --output-directory /Users/shawnrain/Library/Developer/Xcode/DerivedData/Mouse_Fix-bnijtbnbbtqglwclwfpwrxsqeaod/Build/Intermediates.noindex/Mouse Fix.build/Debug/Mac Mouse Fix Helper.build /Users/shawnrain/Library/Mobile Documents/com~apple~CloudDocs/Shawn Rain/Vibe-Coding/MacMouseFix/Localization/Localizable.xcstrings

ExecuteExternalTool /Applications/Xcode.app/Contents/Developer/usr/bin/xcstringstool compile --dry-run --output-directory /Users/shawnrain/Library/Developer/Xcode/DerivedData/Mouse_Fix-bnijtbnbbtqglwclwfpwrxsqeaod/Build/Intermediates.noindex/Mouse Fix.build/Debug/Mac Mouse Fix.build /Users/shawnrain/Library/Mobile Documents/com~apple~CloudDocs/Shawn Rain/Vibe-Coding/MacMouseFix/Localization/Localizable.xcstrings

ExecuteExternalTool /Applications/Xcode.app/Contents/Developer/Toolchains/XcodeDefault.xctoolchain/usr/bin/ld -version_details

ExecuteExternalTool /Applications/Xcode.app/Contents/Developer/Toolchains/XcodeDefault.xctoolchain/usr/bin/clang -v -E -dM -arch arm64 -isysroot /Applications/Xcode.app/Contents/Developer/Platforms/MacOSX.platform/Developer/SDKs/MacOSX26.5.sdk -x objective-c++ -c /dev/null

ExecuteExternalTool /Applications/Xcode.app/Contents/Developer/usr/bin/actool --version --output-format xml1

ExecuteExternalTool /Applications/Xcode.app/Contents/Developer/Toolchains/XcodeDefault.xctoolchain/usr/bin/clang -v -E -dM -arch arm64 -isysroot /Applications/Xcode.app/Contents/Developer/Platforms/MacOSX.platform/Developer/SDKs/MacOSX26.5.sdk -x c++ -c /dev/null

ExecuteExternalTool /Applications/Xcode.app/Contents/Developer/usr/bin/xcstringstool compile --dry-run --output-directory /Users/shawnrain/Library/Developer/Xcode/DerivedData/Mouse_Fix-bnijtbnbbtqglwclwfpwrxsqeaod/Build/Intermediates.noindex/Mouse Fix.build/Debug/Mac Mouse Fix.build /Users/shawnrain/Library/Mobile Documents/com~apple~CloudDocs/Shawn Rain/Vibe-Coding/MacMouseFix/App/UI/Main/mul.lproj/Main.xcstrings

ExecuteExternalTool /Applications/Xcode.app/Contents/Developer/usr/bin/xcstringstool compile --dry-run --output-directory /Users/shawnrain/Library/Developer/Xcode/DerivedData/Mouse_Fix-bnijtbnbbtqglwclwfpwrxsqeaod/Build/Intermediates.noindex/Mouse Fix.build/Debug/Mac Mouse Fix Helper.build /Users/shawnrain/Library/Mobile Documents/com~apple~CloudDocs/Shawn Rain/Vibe-Coding/MacMouseFix/Helper/SupportFiles/InfoPlist.xcstrings

ExecuteExternalTool /Applications/Xcode.app/Contents/Developer/usr/bin/xcstringstool compile --dry-run --output-directory /Users/shawnrain/Library/Developer/Xcode/DerivedData/Mouse_Fix-bnijtbnbbtqglwclwfpwrxsqeaod/Build/Intermediates.noindex/Mouse Fix.build/Debug/Mac Mouse Fix Helper.build /Users/shawnrain/Library/Mobile Documents/com~apple~CloudDocs/Shawn Rain/Vibe-Coding/MacMouseFix/Helper/UI/MenuBarItem/mul.lproj/MenuBarItem.xcstrings

ExecuteExternalTool /Applications/Xcode.app/Contents/Developer/usr/bin/xcstringstool compile --dry-run --output-directory /Users/shawnrain/Library/Developer/Xcode/DerivedData/Mouse_Fix-bnijtbnbbtqglwclwfpwrxsqeaod/Build/Intermediates.noindex/Mouse Fix.build/Debug/Mac Mouse Fix.build /Users/shawnrain/Library/Mobile Documents/com~apple~CloudDocs/Shawn Rain/Vibe-Coding/MacMouseFix/App/UI/LicenseSheet/mul.lproj/LicenseSheetController.xcstrings

ExecuteExternalTool /Applications/Xcode.app/Contents/Developer/usr/bin/xcstringstool compile --dry-run --output-directory /Users/shawnrain/Library/Developer/Xcode/DerivedData/Mouse_Fix-bnijtbnbbtqglwclwfpwrxsqeaod/Build/Intermediates.noindex/Mouse Fix.build/Debug/Mac Mouse Fix.build /Users/shawnrain/Library/Mobile Documents/com~apple~CloudDocs/Shawn Rain/Vibe-Coding/MacMouseFix/App/UI/Accessibility/mul.lproj/AuthorizeAccessibilityView.xcstrings

ExecuteExternalTool /Applications/Xcode.app/Contents/Developer/usr/bin/xcstringstool compile --dry-run --output-directory /Users/shawnrain/Library/Developer/Xcode/DerivedData/Mouse_Fix-bnijtbnbbtqglwclwfpwrxsqeaod/Build/Intermediates.noindex/Mouse Fix.build/Debug/Mac Mouse Fix.build /Users/shawnrain/Library/Mobile Documents/com~apple~CloudDocs/Shawn Rain/Vibe-Coding/MacMouseFix/App/SupportFiles/InfoPlist.xcstrings

ExecuteExternalTool /Applications/Xcode.app/Contents/Developer/usr/bin/xcstringstool compile --dry-run --output-directory /Users/shawnrain/Library/Developer/Xcode/DerivedData/Mouse_Fix-bnijtbnbbtqglwclwfpwrxsqeaod/Build/Intermediates.noindex/Mouse Fix.build/Debug/Mac Mouse Fix.build /Users/shawnrain/Library/Mobile Documents/com~apple~CloudDocs/Shawn Rain/Vibe-Coding/MacMouseFix/App/UI/Main/Tabs/ButtonTab/Options/mul.lproj/ButtonOptionsViewController.xcstrings

Build description signature: 48e87047c1008028d4c7dda748602bdb
Build description path: /Users/shawnrain/Library/Developer/Xcode/DerivedData/Mouse_Fix-bnijtbnbbtqglwclwfpwrxsqeaod/Build/Intermediates.noindex/XCBuildData/48e87047c1008028d4c7dda748602bdb.xcbuilddata
ClangStatCache /Applications/Xcode.app/Contents/Developer/Toolchains/XcodeDefault.xctoolchain/usr/bin/clang-stat-cache /Applications/Xcode.app/Contents/Developer/Platforms/MacOSX.platform/Developer/SDKs/MacOSX26.5.sdk /Users/shawnrain/Library/Developer/Xcode/DerivedData/SDKStatCaches.noindex/macosx26.5-25F70-e082c4a02f00227109f4ed75e425c832.sdkstatcache
    cd /Users/shawnrain/Library/Mobile\ Documents/com\~apple\~CloudDocs/Shawn\ Rain/Vibe-Coding/MacMouseFix/Mouse\ Fix.xcodeproj
    /Applications/Xcode.app/Contents/Developer/Toolchains/XcodeDefault.xctoolchain/usr/bin/clang-stat-cache /Applications/Xcode.app/Contents/Developer/Platforms/MacOSX.platform/Developer/SDKs/MacOSX26.5.sdk -o /Users/shawnrain/Library/Developer/Xcode/DerivedData/SDKStatCaches.noindex/macosx26.5-25F70-e082c4a02f00227109f4ed75e425c832.sdkstatcache

ProcessInfoPlistFile /Users/shawnrain/Library/Developer/Xcode/DerivedData/Mouse_Fix-bnijtbnbbtqglwclwfpwrxsqeaod/Build/Products/Debug/CocoaLumberjack_CocoaLumberjack.bundle/Contents/Info.plist /Users/shawnrain/Library/Developer/Xcode/DerivedData/Mouse_Fix-bnijtbnbbtqglwclwfpwrxsqeaod/Build/Intermediates.noindex/CocoaLumberjack.build/Debug/CocoaLumberjack_CocoaLumberjack.build/empty-CocoaLumberjack_CocoaLumberjack.plist (in target 'CocoaLumberjack_CocoaLumberjack' from project 'CocoaLumberjack')
    cd /Users/shawnrain/Library/Developer/Xcode/DerivedData/Mouse_Fix-bnijtbnbbtqglwclwfpwrxsqeaod/SourcePackages/checkouts/CocoaLumberjack
    builtin-infoPlistUtility /Users/shawnrain/Library/Developer/Xcode/DerivedData/Mouse_Fix-bnijtbnbbtqglwclwfpwrxsqeaod/Build/Intermediates.noindex/CocoaLumberjack.build/Debug/CocoaLumberjack_CocoaLumberjack.build/empty-CocoaLumberjack_CocoaLumberjack.plist -producttype com.apple.product-type.bundle -expandbuildsettings -platform macosx -o /Users/shawnrain/Library/Developer/Xcode/DerivedData/Mouse_Fix-bnijtbnbbtqglwclwfpwrxsqeaod/Build/Products/Debug/CocoaLumberjack_CocoaLumberjack.bundle/Contents/Info.plist

note: Run script build phase 'Not BartyCrouch' will be run during every build because the option to run the script phase "Based on dependency analysis" is unchecked. (in target 'Mac Mouse Fix Helper' from project 'Mouse Fix')
note: Run script build phase 'Copy Version From Main App' will be run during every build because the option to run the script phase "Based on dependency analysis" is unchecked. (in target 'Mac Mouse Fix Helper' from project 'Mouse Fix')
PhaseScriptExecution Not\ BartyCrouch /Users/shawnrain/Library/Developer/Xcode/DerivedData/Mouse_Fix-bnijtbnbbtqglwclwfpwrxsqeaod/Build/Intermediates.noindex/Mouse\ Fix.build/Debug/Mac\ Mouse\ Fix\ Helper.build/Script-4FD148D928AA45FE00FE688C.sh (in target 'Mac Mouse Fix Helper' from project 'Mouse Fix')
    cd /Users/shawnrain/Library/Mobile\ Documents/com\~apple\~CloudDocs/Shawn\ Rain/Vibe-Coding/MacMouseFix
    export ACTION\=build
    export AD_HOC_CODE_SIGNING_ALLOWED\=YES
    export AGGREGATE_TRACKED_DOMAINS\=YES
    export ALLOW_BUILD_REQUEST_OVERRIDES\=NO
    export ALLOW_TARGET_PLATFORM_SPECIALIZATION\=NO
    export ALTERNATE_GROUP\=staff
    export ALTERNATE_MODE\=u+w,go-w,a+rX
    export ALTERNATE_OWNER\=shawnrain
    export ALTERNATIVE_DISTRIBUTION_WEB\=NO
    export ALWAYS_EMBED_SWIFT_STANDARD_LIBRARIES\=NO
    export ALWAYS_SEARCH_USER_PATHS\=NO
    export ALWAYS_USE_SEPARATE_HEADERMAPS\=NO
    export APPLICATION_EXTENSION_API_ONLY\=NO
    export APPLY_RULES_IN_COPY_FILES\=NO
    export APPLY_RULES_IN_COPY_HEADERS\=NO
    export APP_SHORTCUTS_ENABLE_FLEXIBLE_MATCHING\=YES
    export ARCHS\=arm64
    export ARCHS_BASE\=arm64
    export ARCHS_STANDARD\=arm64\ x86_64
    export ARCHS_STANDARD_32_64_BIT\=arm64\ x86_64\ i386
    export ARCHS_STANDARD_32_BIT\=i386
    export ARCHS_STANDARD_64_BIT\=arm64\ x86_64
    export ARCHS_STANDARD_INCLUDING_64_BIT\=arm64\ x86_64
    export ASSETCATALOG_COMPILER_APPICON_NAME\=AppIconRound
    export AUTOMATICALLY_MERGE_DEPENDENCIES\=NO
    export AUTOMATION_APPLE_EVENTS\=NO
    export AVAILABLE_PLATFORMS\=android\ appletvos\ appletvsimulator\ driverkit\ freebsd\ iphoneos\ iphonesimulator\ linux\ macosx\ none\ openbsd\ qnx\ watchos\ watchsimulator\ webassembly\ xros\ xrsimulator
    export AppIdentifierPrefix\=A4P8NY6A4J.
    export BUILD_ACTIVE_RESOURCES_ONLY\=NO
    export BUILD_COMPONENTS\=headers\ build
    export BUILD_DIR\=/Users/shawnrain/Library/Developer/Xcode/DerivedData/Mouse_Fix-bnijtbnbbtqglwclwfpwrxsqeaod/Build/Products
    export BUILD_LIBRARY_FOR_DISTRIBUTION\=NO
    export BUILD_ONLY_KNOWN_LOCALIZATIONS\=NO
    export BUILD_ROOT\=/Users/shawnrain/Library/Developer/Xcode/DerivedData/Mouse_Fix-bnijtbnbbtqglwclwfpwrxsqeaod/Build/Products
    export BUILD_STYLE\=
    export BUILD_VARIANTS\=normal
    export BUILT_PRODUCTS_DIR\=/Users/shawnrain/Library/Developer/Xcode/DerivedData/Mouse_Fix-bnijtbnbbtqglwclwfpwrxsqeaod/Build/Products/Debug
    export BUNDLE_CONTENTS_FOLDER_PATH\=Contents/
    export BUNDLE_CONTENTS_FOLDER_PATH_deep\=Contents/
    export BUNDLE_EXECUTABLE_FOLDER_NAME_deep\=MacOS
    export BUNDLE_EXECUTABLE_FOLDER_PATH\=Contents/MacOS
    export BUNDLE_EXTENSIONS_FOLDER_PATH\=Contents/Extensions
    export BUNDLE_FORMAT\=deep
    export BUNDLE_FRAMEWORKS_FOLDER_PATH\=Contents/Frameworks
    export BUNDLE_PLUGINS_FOLDER_PATH\=Contents/PlugIns
    export BUNDLE_PRIVATE_HEADERS_FOLDER_PATH\=Contents/PrivateHeaders
    export BUNDLE_PUBLIC_HEADERS_FOLDER_PATH\=Contents/Headers
    export CACHE_ROOT\=/var/folders/_8/1v69jn3n5yz8qghyzvch060c0000gn/C/com.apple.DeveloperTools/26.5-17F42/Xcode
    export CCHROOT\=/var/folders/_8/1v69jn3n5yz8qghyzvch060c0000gn/C/com.apple.DeveloperTools/26.5-17F42/Xcode
    export CHMOD\=/bin/chmod
    export CHOWN\=chown
    export CLANG_ALLOW_NON_MODULAR_INCLUDES_IN_FRAMEWORK_MODULES\=NO
    export CLANG_ANALYZER_LOCALIZABILITY_EMPTY_CONTEXT\=YES
    export CLANG_ANALYZER_LOCALIZABILITY_NONLOCALIZED\=YES
    export CLANG_ANALYZER_NONNULL\=YES
    export CLANG_ANALYZER_NUMBER_OBJECT_CONVERSION\=YES_AGGRESSIVE
    export CLANG_CACHE_FINE_GRAINED_OUTPUTS\=YES
    export CLANG_CXX_LANGUAGE_STANDARD\=gnu++14
    export CLANG_CXX_LIBRARY\=libc++
    export CLANG_ENABLE_EXPLICIT_MODULES\=YES
    export CLANG_ENABLE_MODULES\=YES
    export CLANG_ENABLE_OBJC_ARC\=YES
    export CLANG_MODULES_BUILD_SESSION_FILE\=/Users/shawnrain/Library/Developer/Xcode/DerivedData/ModuleCache.noindex/Session.modulevalidation
    export CLANG_UNDEFINED_BEHAVIOR_SANITIZER_NULLABILITY\=YES
    export CLANG_WARN_BLOCK_CAPTURE_AUTORELEASING\=YES
    export CLANG_WARN_BOOL_CONVERSION\=YES
    export CLANG_WARN_COMMA\=YES
    export CLANG_WARN_CONSTANT_CONVERSION\=YES
    export CLANG_WARN_DEPRECATED_OBJC_IMPLEMENTATIONS\=YES
    export CLANG_WARN_DIRECT_OBJC_ISA_USAGE\=YES_ERROR
    export CLANG_WARN_DOCUMENTATION_COMMENTS\=YES
    export CLANG_WARN_EMPTY_BODY\=YES
    export CLANG_WARN_ENUM_CONVERSION\=YES
    export CLANG_WARN_INFINITE_RECURSION\=YES
    export CLANG_WARN_INT_CONVERSION\=YES
    export CLANG_WARN_NON_LITERAL_NULL_CONVERSION\=YES
    export CLANG_WARN_OBJC_IMPLICIT_RETAIN_SELF\=YES
    export CLANG_WARN_OBJC_LITERAL_CONVERSION\=YES
    export CLANG_WARN_OBJC_REPEATED_USE_OF_WEAK\=YES
    export CLANG_WARN_OBJC_ROOT_CLASS\=YES_ERROR
    export CLANG_WARN_QUOTED_INCLUDE_IN_FRAMEWORK_HEADER\=NO
    export CLANG_WARN_RANGE_LOOP_ANALYSIS\=YES
    export CLANG_WARN_STRICT_PROTOTYPES\=YES
    export CLANG_WARN_SUSPICIOUS_MOVE\=YES
    export CLANG_WARN_UNGUARDED_AVAILABILITY\=YES_AGGRESSIVE
    export CLANG_WARN_UNREACHABLE_CODE\=YES
    export CLANG_WARN__DUPLICATE_METHOD_MATCH\=YES
    export CLASS_FILE_DIR\=/Users/shawnrain/Library/Developer/Xcode/DerivedData/Mouse_Fix-bnijtbnbbtqglwclwfpwrxsqeaod/Build/Intermediates.noindex/Mouse\ Fix.build/Debug/Mac\ Mouse\ Fix\ Helper.build/JavaClasses
    export CLEAN_PRECOMPS\=YES
    export CLONE_HEADERS\=NO
    export CODESIGNING_FOLDER_PATH\=/Users/shawnrain/Library/Developer/Xcode/DerivedData/Mouse_Fix-bnijtbnbbtqglwclwfpwrxsqeaod/Build/Products/Debug/Mac\ Mouse\ Fix\ Helper.app
    export CODE_SIGNING_ALLOWED\=YES
    export CODE_SIGNING_REQUIRED\=YES
    export CODE_SIGN_ENTITLEMENTS\=Helper/SupportFiles/Helper.entitlements
    export CODE_SIGN_IDENTITY\=Apple\ Development
    export CODE_SIGN_IDENTITY_NO\=Apple\ Development
    export CODE_SIGN_IDENTITY_YES\=-
    export CODE_SIGN_INJECT_BASE_ENTITLEMENTS\=YES
    export CODE_SIGN_STYLE\=Automatic
    export COLOR_DIAGNOSTICS\=NO
    export COMBINE_HIDPI_IMAGES\=YES
    export COMPILATION_CACHE_CAS_PATH\=/Users/shawnrain/Library/Developer/Xcode/DerivedData/CompilationCache.noindex
    export COMPILATION_CACHE_KEEP_CAS_DIRECTORY\=YES
    export COMPILER_INDEX_STORE_ENABLE\=Default
    export COMPOSITE_SDK_DIRS\=/Users/shawnrain/Library/Developer/Xcode/DerivedData/Mouse_Fix-bnijtbnbbtqglwclwfpwrxsqeaod/Build/Intermediates.noindex/CompositeSDKs
    export COMPRESS_PNG_FILES\=NO
    export CONFIGURATION\=Debug
    export CONFIGURATION_BUILD_DIR\=/Users/shawnrain/Library/Developer/Xcode/DerivedData/Mouse_Fix-bnijtbnbbtqglwclwfpwrxsqeaod/Build/Products/Debug
    export CONFIGURATION_TEMP_DIR\=/Users/shawnrain/Library/Developer/Xcode/DerivedData/Mouse_Fix-bnijtbnbbtqglwclwfpwrxsqeaod/Build/Intermediates.noindex/Mouse\ Fix.build/Debug
    export CONTENTS_FOLDER_PATH\=Mac\ Mouse\ Fix\ Helper.app/Contents
    export CONTENTS_FOLDER_PATH_SHALLOW_BUNDLE_NO\=Mac\ Mouse\ Fix\ Helper.app/Contents
    export CONTENTS_FOLDER_PATH_SHALLOW_BUNDLE_YES\=Mac\ Mouse\ Fix\ Helper.app
    export COPYING_PRESERVES_HFS_DATA\=NO
    export COPY_HEADERS_RUN_UNIFDEF\=NO
    export COPY_PHASE_STRIP\=NO
    export CP\=/bin/cp
    export CREATE_INFOPLIST_SECTION_IN_BINARY\=NO
    export CURRENT_ARCH\=undefined_arch
    export CURRENT_VARIANT\=normal
    export DEAD_CODE_STRIPPING\=YES
    export DEBUGGING_SYMBOLS\=YES
    export DEBUG_INFORMATION_FORMAT\=dwarf
    export DEBUG_INFORMATION_VERSION\=compiler-default
    export DEFAULT_COMPILER\=com.apple.compilers.llvm.clang.1_0
    export DEFAULT_DEXT_INSTALL_PATH\=/System/Library/DriverExtensions
    export DEFAULT_KEXT_INSTALL_PATH\=/System/Library/Extensions
    export DEFINES_MODULE\=YES
    export DEPLOYMENT_LOCATION\=NO
    export DEPLOYMENT_POSTPROCESSING\=NO
    export DEPLOYMENT_TARGET_SETTING_NAME\=MACOSX_DEPLOYMENT_TARGET
    export DEPLOYMENT_TARGET_SUGGESTED_VALUES\=10.13\ 10.14\ 10.15\ 11.0\ 11.1\ 11.2\ 11.3\ 11.4\ 11.5\ 12.0\ 12.2\ 12.3\ 12.4\ 13.0\ 13.1\ 13.2\ 13.3\ 13.4\ 13.5\ 14.0\ 14.1\ 14.2\ 14.3\ 14.4\ 14.5\ 14.6\ 15.0\ 15.1\ 15.2\ 15.3\ 15.4\ 15.5\ 15.6\ 26.0\ 26.1\ 26.2\ 26.3\ 26.4\ 26.5
    export DERIVED_FILES_DIR\=/Users/shawnrain/Library/Developer/Xcode/DerivedData/Mouse_Fix-bnijtbnbbtqglwclwfpwrxsqeaod/Build/Intermediates.noindex/Mouse\ Fix.build/Debug/Mac\ Mouse\ Fix\ Helper.build/DerivedSources
    export DERIVED_FILE_DIR\=/Users/shawnrain/Library/Developer/Xcode/DerivedData/Mouse_Fix-bnijtbnbbtqglwclwfpwrxsqeaod/Build/Intermediates.noindex/Mouse\ Fix.build/Debug/Mac\ Mouse\ Fix\ Helper.build/DerivedSources
    export DERIVED_SOURCES_DIR\=/Users/shawnrain/Library/Developer/Xcode/DerivedData/Mouse_Fix-bnijtbnbbtqglwclwfpwrxsqeaod/Build/Intermediates.noindex/Mouse\ Fix.build/Debug/Mac\ Mouse\ Fix\ Helper.build/DerivedSources
    export DEVELOPER_APPLICATIONS_DIR\=/Applications/Xcode.app/Contents/Developer/Applications
    export DEVELOPER_BIN_DIR\=/Applications/Xcode.app/Contents/Developer/usr/bin
    export DEVELOPER_DIR\=/Applications/Xcode.app/Contents/Developer
    export DEVELOPER_FRAMEWORKS_DIR\=/Applications/Xcode.app/Contents/Developer/Library/Frameworks
    export DEVELOPER_FRAMEWORKS_DIR_QUOTED\=/Applications/Xcode.app/Contents/Developer/Library/Frameworks
    export DEVELOPER_LIBRARY_DIR\=/Applications/Xcode.app/Contents/Developer/Library
    export DEVELOPER_SDK_DIR\=/Applications/Xcode.app/Contents/Developer/Platforms/MacOSX.platform/Developer/SDKs
    export DEVELOPER_TOOLS_DIR\=/Applications/Xcode.app/Contents/Developer/Tools
    export DEVELOPER_USR_DIR\=/Applications/Xcode.app/Contents/Developer/usr
    export DEVELOPMENT_LANGUAGE\=en
    export DEVELOPMENT_TEAM\=A4P8NY6A4J
    export DIAGNOSE_MISSING_TARGET_DEPENDENCIES\=YES
    export DIFF\=/usr/bin/diff
    export DOCUMENTATION_FOLDER_PATH\=Mac\ Mouse\ Fix\ Helper.app/Contents/Resources/en.lproj/Documentation
    export DONT_GENERATE_INFOPLIST_FILE\=NO
    export DSTROOT\=/tmp/Mouse\ Fix.dst
    export DT_TOOLCHAIN_DIR\=/Applications/Xcode.app/Contents/Developer/Toolchains/XcodeDefault.xctoolchain
    export DUMP_DEPENDENCIES\=NO
    export DUMP_DEPENDENCIES_OUTPUT_PATH\=/Users/shawnrain/Library/Developer/Xcode/DerivedData/Mouse_Fix-bnijtbnbbtqglwclwfpwrxsqeaod/Build/Intermediates.noindex/Mouse\ Fix.build/Debug/Mac\ Mouse\ Fix\ Helper.build/Mac\ Mouse\ Fix\ Helper-BuildDependencyInfo.json
    export DWARF_DSYM_FILE_NAME\=Mac\ Mouse\ Fix\ Helper.app.dSYM
    export DWARF_DSYM_FILE_SHOULD_ACCOMPANY_PRODUCT\=NO
    export DWARF_DSYM_FOLDER_PATH\=/Users/shawnrain/Library/Developer/Xcode/DerivedData/Mouse_Fix-bnijtbnbbtqglwclwfpwrxsqeaod/Build/Products/Debug
    export DYNAMIC_LIBRARY_EXTENSION\=dylib
    export EAGER_COMPILATION_ALLOW_SCRIPTS\=NO
    export EAGER_LINKING\=NO
    export EFFECTIVE_SWIFT_VERSION\=5
    export EMBEDDED_CONTENT_CONTAINS_SWIFT\=NO
    export EMBEDDED_PROFILE_NAME\=embedded.provisionprofile
    export EMBED_ASSET_PACKS_IN_PRODUCT_BUNDLE\=NO
    export EMBED_PACKAGE_RESOURCE_BUNDLE_NAMES\=\ CocoaLumberjack_CocoaLumberjack
    export ENABLE_APP_SANDBOX\=NO
    export ENABLE_CODE_COVERAGE\=YES
    export ENABLE_COHORT_ARCHS\=NO
    export ENABLE_CPLUSPLUS_BOUNDS_SAFE_BUFFERS\=NO
    export ENABLE_C_BOUNDS_SAFETY\=NO
    export ENABLE_DEBUG_DYLIB\=NO
    export ENABLE_DEFAULT_HEADER_SEARCH_PATHS\=YES
    export ENABLE_DEFAULT_SEARCH_PATHS\=YES
    export ENABLE_ENHANCED_SECURITY\=NO
    export ENABLE_HARDENED_RUNTIME\=YES
    export ENABLE_HEADER_DEPENDENCIES\=YES
    export ENABLE_INCOMING_NETWORK_CONNECTIONS\=NO
    export ENABLE_ON_DEMAND_RESOURCES\=NO
    export ENABLE_OUTGOING_NETWORK_CONNECTIONS\=NO
    export ENABLE_POINTER_AUTHENTICATION\=NO
    export ENABLE_PREVIEWS\=NO
    export ENABLE_RESOURCE_ACCESS_AUDIO_INPUT\=NO
    export ENABLE_RESOURCE_ACCESS_BLUETOOTH\=NO
    export ENABLE_RESOURCE_ACCESS_CALENDARS\=NO
    export ENABLE_RESOURCE_ACCESS_CAMERA\=NO
    export ENABLE_RESOURCE_ACCESS_CONTACTS\=NO
    export ENABLE_RESOURCE_ACCESS_LOCATION\=NO
    export ENABLE_RESOURCE_ACCESS_PHOTO_LIBRARY\=NO
    export ENABLE_RESOURCE_ACCESS_PRINTING\=NO
    export ENABLE_RESOURCE_ACCESS_USB\=NO
    export ENABLE_SDK_IMPORTS\=NO
    export ENABLE_SECURITY_COMPILER_WARNINGS\=NO
    export ENABLE_STRICT_OBJC_MSGSEND\=YES
    export ENABLE_TESTABILITY\=YES
    export ENABLE_TESTING_SEARCH_PATHS\=NO
    export ENABLE_USER_SCRIPT_SANDBOXING\=NO
    export ENABLE_XOJIT_PREVIEWS\=YES
    export ENFORCE_VALID_ARCHS\=YES
    export ENTITLEMENTS_ALLOWED\=YES
    export ENTITLEMENTS_DESTINATION\=Signature
    export ENTITLEMENTS_REQUIRED\=NO
    export EXCLUDED_INSTALLSRC_SUBDIRECTORY_PATTERNS\=.DS_Store\ .svn\ .git\ .hg\ CVS
    export EXCLUDED_RECURSIVE_SEARCH_PATH_SUBDIRECTORIES\=\*.nib\ \*.lproj\ \*.framework\ \*.gch\ \*.xcode\*\ \*.xcassets\ \*.icon\ \(\*\)\ .DS_Store\ CVS\ .svn\ .git\ .hg\ \*.pbproj\ \*.pbxproj
    export EXCLUDED_SOURCE_FILE_NAMES\=\*_old_\*
    export EXECUTABLES_FOLDER_PATH\=Mac\ Mouse\ Fix\ Helper.app/Contents/Executables
    export EXECUTABLE_FOLDER_PATH\=Mac\ Mouse\ Fix\ Helper.app/Contents/MacOS
    export EXECUTABLE_FOLDER_PATH_SHALLOW_BUNDLE_NO\=Mac\ Mouse\ Fix\ Helper.app/Contents/MacOS
    export EXECUTABLE_FOLDER_PATH_SHALLOW_BUNDLE_YES\=Mac\ Mouse\ Fix\ Helper.app/Contents
    export EXECUTABLE_NAME\=Mac\ Mouse\ Fix\ Helper
    export EXECUTABLE_PATH\=Mac\ Mouse\ Fix\ Helper.app/Contents/MacOS/Mac\ Mouse\ Fix\ Helper
    export EXPANDED_CODE_SIGN_IDENTITY\=7CA5277123CF08A4B9965DA463852FE0F2E43C42
    export EXPANDED_CODE_SIGN_IDENTITY_NAME\=Apple\ Development:\ shawnrain@foxmail.com\ \(ZQG28N5AK8\)
    export EXTENSIONS_FOLDER_PATH\=Mac\ Mouse\ Fix\ Helper.app/Contents/Extensions
    export FILE_LIST\=/Users/shawnrain/Library/Developer/Xcode/DerivedData/Mouse_Fix-bnijtbnbbtqglwclwfpwrxsqeaod/Build/Intermediates.noindex/Mouse\ Fix.build/Debug/Mac\ Mouse\ Fix\ Helper.build/Objects/LinkFileList
    export FIXED_FILES_DIR\=/Users/shawnrain/Library/Developer/Xcode/DerivedData/Mouse_Fix-bnijtbnbbtqglwclwfpwrxsqeaod/Build/Intermediates.noindex/Mouse\ Fix.build/Debug/Mac\ Mouse\ Fix\ Helper.build/FixedFiles
    export FRAMEWORKS_FOLDER_PATH\=Mac\ Mouse\ Fix\ Helper.app/Contents/Frameworks
    export FRAMEWORK_FLAG_PREFIX\=-framework
    export FRAMEWORK_SEARCH_PATHS\=/Users/shawnrain/Library/Developer/Xcode/DerivedData/Mouse_Fix-bnijtbnbbtqglwclwfpwrxsqeaod/Build/Products/Debug/PackageFrameworks\ /Users/shawnrain/Library/Developer/Xcode/DerivedData/Mouse_Fix-bnijtbnbbtqglwclwfpwrxsqeaod/Build/Products/Debug/PackageFrameworks\ /Users/shawnrain/Library/Developer/Xcode/DerivedData/Mouse_Fix-bnijtbnbbtqglwclwfpwrxsqeaod/Build/Products/Debug/PackageFrameworks\ /Users/shawnrain/Library/Developer/Xcode/DerivedData/Mouse_Fix-bnijtbnbbtqglwclwfpwrxsqeaod/Build/Products/Debug/PackageFrameworks\ /Users/shawnrain/Library/Developer/Xcode/DerivedData/Mouse_Fix-bnijtbnbbtqglwclwfpwrxsqeaod/Build/Products/Debug/PackageFrameworks\ /Users/shawnrain/Library/Developer/Xcode/DerivedData/Mouse_Fix-bnijtbnbbtqglwclwfpwrxsqeaod/Build/Products/Debug/PackageFrameworks\ /Users/shawnrain/Library/Developer/Xcode/DerivedData/Mouse_Fix-bnijtbnbbtqglwclwfpwrxsqeaod/Build/Products/Debug\ \ /Applications/Xcode.app/Contents/Developer/Platforms/MacOSX.platform/Developer/SDKs/MacOSX.sdk/System/Library/Frameworks/ApplicationServices.framework/Frameworks\ /Users/shawnrain/Library/Mobile\ Documents/com\~apple\~CloudDocs/Shawn\ Rain/Vibe-Coding/MacMouseFix/Frameworks
    export FRAMEWORK_VERSION\=A
    export FULL_PRODUCT_NAME\=Mac\ Mouse\ Fix\ Helper.app
    export FUSE_BUILD_PHASES\=YES
    export FUSE_BUILD_SCRIPT_PHASES\=NO
    export GCC3_VERSION\=3.3
    export GCC_C_LANGUAGE_STANDARD\=gnu11
    export GCC_DYNAMIC_NO_PIC\=NO
    export GCC_INLINES_ARE_PRIVATE_EXTERN\=YES
    export GCC_NO_COMMON_BLOCKS\=YES
    export GCC_OPTIMIZATION_LEVEL\=0
    export GCC_PFE_FILE_C_DIALECTS\=c\ objective-c\ c++\ objective-c++
    export GCC_PRECOMPILE_PREFIX_HEADER\=YES
    export GCC_PREPROCESSOR_DEFINITIONS\=\ DEBUG\=1\ IS_HELPER\=1\ NO_FILTER\=1
    export GCC_SYMBOLS_PRIVATE_EXTERN\=NO
    export GCC_TREAT_WARNINGS_AS_ERRORS\=NO
    export GCC_VERSION\=com.apple.compilers.llvm.clang.1_0
    export GCC_VERSION_IDENTIFIER\=com_apple_compilers_llvm_clang_1_0
    export GCC_WARN_64_TO_32_BIT_CONVERSION\=YES
    export GCC_WARN_ABOUT_RETURN_TYPE\=YES_ERROR
    export GCC_WARN_UNDECLARED_SELECTOR\=YES
    export GCC_WARN_UNINITIALIZED_AUTOS\=YES_AGGRESSIVE
    export GCC_WARN_UNUSED_FUNCTION\=YES
    export GCC_WARN_UNUSED_VARIABLE\=YES
    export GENERATED_MODULEMAP_DIR\=/Users/shawnrain/Library/Developer/Xcode/DerivedData/Mouse_Fix-bnijtbnbbtqglwclwfpwrxsqeaod/Build/Intermediates.noindex/GeneratedModuleMaps
    export GENERATE_INFOPLIST_FILE\=NO
    export GENERATE_INTERMEDIATE_TEXT_BASED_STUBS\=YES
    export GENERATE_PKGINFO_FILE\=YES
    export GENERATE_PRELINK_OBJECT_FILE\=NO
    export GENERATE_PROFILING_CODE\=NO
    export GENERATE_TEXT_BASED_STUBS\=NO
    export GID\=20
    export GROUP\=staff
    export HEADERMAP_INCLUDES_FLAT_ENTRIES_FOR_TARGET_BEING_BUILT\=YES
    export HEADERMAP_INCLUDES_FRAMEWORK_ENTRIES_FOR_ALL_PRODUCT_TYPES\=YES
    export HEADERMAP_INCLUDES_FRAMEWORK_ENTRIES_FOR_TARGETS_NOT_BEING_BUILT\=YES
    export HEADERMAP_INCLUDES_NONPUBLIC_NONPRIVATE_HEADERS\=YES
    export HEADERMAP_INCLUDES_PROJECT_HEADERS\=YES
    export HEADERMAP_USES_FRAMEWORK_PREFIX_ENTRIES\=YES
    export HEADERMAP_USES_VFS\=YES
    export HEADER_SEARCH_PATHS\=/Users/shawnrain/Library/Developer/Xcode/DerivedData/Mouse_Fix-bnijtbnbbtqglwclwfpwrxsqeaod/SourcePackages/checkouts/ReactiveCocoa/ReactiveCocoaObjC/include\ /Users/shawnrain/Library/Developer/Xcode/DerivedData/Mouse_Fix-bnijtbnbbtqglwclwfpwrxsqeaod/SourcePackages/checkouts/CocoaLumberjack/Sources/CocoaLumberjackSwiftSupport/include\ /Users/shawnrain/Library/Developer/Xcode/DerivedData/Mouse_Fix-bnijtbnbbtqglwclwfpwrxsqeaod/SourcePackages/checkouts/CocoaLumberjack/Sources/CocoaLumberjack/include\ /Users/shawnrain/Library/Developer/Xcode/DerivedData/Mouse_Fix-bnijtbnbbtqglwclwfpwrxsqeaod/Build/Products/Debug/include\ 
    export HOME\=/Users/shawnrain
    export HOST_ARCH\=arm64
    export HOST_PLATFORM\=macosx
    export ICONV\=/usr/bin/iconv
    export IMPLICIT_DEPENDENCY_DOMAIN\=default
    export INDEX_STORE_COMPRESS\=NO
    export INDEX_STORE_ONLY_PROJECT_FILES\=NO
    export INFOPLIST_ENABLE_CFBUNDLEICONS_MERGE\=YES
    export INFOPLIST_EXPAND_BUILD_SETTINGS\=YES
    export INFOPLIST_FILE\=Helper/SupportFiles/Info.plist
    export INFOPLIST_FILE_HELPER\=Helper/SupportFiles/Info.plist
    export INFOPLIST_FILE_MAINAPP\=App/SupportFiles/Info.plist
    export INFOPLIST_KEY_LSApplicationCategoryType\=public.app-category.utilities
    export INFOPLIST_OUTPUT_FORMAT\=same-as-input
    export INFOPLIST_PATH\=Mac\ Mouse\ Fix\ Helper.app/Contents/Info.plist
    export INFOPLIST_PREPROCESS\=NO
    export INFOSTRINGS_PATH\=Mac\ Mouse\ Fix\ Helper.app/Contents/Resources/en.lproj/InfoPlist.strings
    export INLINE_PRIVATE_FRAMEWORKS\=NO
    export INSTALLAPI_IGNORE_SKIP_INSTALL\=YES
    export INSTALLHDRS_COPY_PHASE\=NO
    export INSTALLHDRS_SCRIPT_PHASE\=NO
    export INSTALL_DIR\=/tmp/Mouse\ Fix.dst/Applications
    export INSTALL_GROUP\=staff
    export INSTALL_MODE_FLAG\=u+w,go-w,a+rX
    export INSTALL_OWNER\=shawnrain
    export INSTALL_PATH\=/Applications
    export INSTALL_ROOT\=/tmp/Mouse\ Fix.dst
    export IOS_UNZIPPERED_TWIN_PREFIX_PATH\=/System/iOSSupport
    export IS_MACCATALYST\=NO
    export IS_UNOPTIMIZED_BUILD\=YES
    export JAVAC_DEFAULT_FLAGS\=-J-Xms64m\ -J-XX:NewSize\=4M\ -J-Dfile.encoding\=UTF8
    export JAVA_APP_STUB\=/System/Library/Frameworks/JavaVM.framework/Resources/MacOS/JavaApplicationStub
    export JAVA_ARCHIVE_CLASSES\=YES
    export JAVA_ARCHIVE_TYPE\=JAR
    export JAVA_COMPILER\=/usr/bin/javac
    export JAVA_FOLDER_PATH\=Mac\ Mouse\ Fix\ Helper.app/Contents/Resources/Java
    export JAVA_FRAMEWORK_RESOURCES_DIRS\=Resources
    export JAVA_JAR_FLAGS\=cv
    export JAVA_SOURCE_SUBDIR\=.
    export JAVA_USE_DEPENDENCIES\=YES
    export JAVA_ZIP_FLAGS\=-urg
    export JIKES_DEFAULT_FLAGS\=+E\ +OLDCSO
    export KASAN_CFLAGS_CLASSIC\=-DKASAN\=1\ -DKASAN_CLASSIC\=1\ -fsanitize\=address\ -mllvm\ -asan-globals-live-support\ -mllvm\ -asan-force-dynamic-shadow
    export KASAN_CFLAGS_TBI\=-DKASAN\=1\ -DKASAN_TBI\=1\ -fsanitize\=kernel-hwaddress\ -mllvm\ -hwasan-recover\=0\ -mllvm\ -hwasan-instrument-atomics\=0\ -mllvm\ -hwasan-instrument-stack\=1\ -mllvm\ -hwasan-generate-tags-with-calls\=1\ -mllvm\ -hwasan-instrument-with-calls\=1\ -mllvm\ -hwasan-use-short-granules\=0\ -mllvm\ -hwasan-memory-access-callback-prefix\=__asan_
    export KASAN_DEFAULT_CFLAGS\=-DKASAN\=1\ -DKASAN_CLASSIC\=1\ -fsanitize\=address\ -mllvm\ -asan-globals-live-support\ -mllvm\ -asan-force-dynamic-shadow
    export KEEP_PRIVATE_EXTERNS\=NO
    export LD_DEPENDENCY_INFO_FILE\=/Users/shawnrain/Library/Developer/Xcode/DerivedData/Mouse_Fix-bnijtbnbbtqglwclwfpwrxsqeaod/Build/Intermediates.noindex/Mouse\ Fix.build/Debug/Mac\ Mouse\ Fix\ Helper.build/Objects-normal/undefined_arch/Mac\ Mouse\ Fix\ Helper_dependency_info.dat
    export LD_EXPORT_SYMBOLS\=YES
    export LD_GENERATE_MAP_FILE\=NO
    export LD_MAP_FILE_PATH\=/Users/shawnrain/Library/Developer/Xcode/DerivedData/Mouse_Fix-bnijtbnbbtqglwclwfpwrxsqeaod/Build/Intermediates.noindex/Mouse\ Fix.build/Debug/Mac\ Mouse\ Fix\ Helper.build/Mac\ Mouse\ Fix\ Helper-LinkMap-normal-undefined_arch.txt
    export LD_NO_PIE\=NO
    export LD_QUOTE_LINKER_ARGUMENTS_FOR_COMPILER_DRIVER\=YES
    export LD_RUNPATH_SEARCH_PATHS\=/Users/shawnrain/Library/Developer/Xcode/DerivedData/Mouse_Fix-bnijtbnbbtqglwclwfpwrxsqeaod/Build/Products/Debug/PackageFrameworks\ /Users/shawnrain/Library/Developer/Xcode/DerivedData/Mouse_Fix-bnijtbnbbtqglwclwfpwrxsqeaod/Build/Products/Debug/PackageFrameworks\ /Users/shawnrain/Library/Developer/Xcode/DerivedData/Mouse_Fix-bnijtbnbbtqglwclwfpwrxsqeaod/Build/Products/Debug/PackageFrameworks\ /Users/shawnrain/Library/Developer/Xcode/DerivedData/Mouse_Fix-bnijtbnbbtqglwclwfpwrxsqeaod/Build/Products/Debug/PackageFrameworks\ /Users/shawnrain/Library/Developer/Xcode/DerivedData/Mouse_Fix-bnijtbnbbtqglwclwfpwrxsqeaod/Build/Products/Debug/PackageFrameworks\ /Users/shawnrain/Library/Developer/Xcode/DerivedData/Mouse_Fix-bnijtbnbbtqglwclwfpwrxsqeaod/Build/Products/Debug/PackageFrameworks\ @executable_path/../Frameworks
    export LD_RUNPATH_SEARCH_PATHS_YES\=@loader_path/../Frameworks
    export LD_SHARED_CACHE_ELIGIBLE\=Automatic
    export LD_WARN_DUPLICATE_LIBRARIES\=NO
    export LD_WARN_UNUSED_DYLIBS\=NO
    export LEGACY_DEVELOPER_DIR\=/Applications/Xcode.app/Contents/PlugIns/Xcode3Core.ideplugin/Contents/SharedSupport/Developer
    export LEX\=lex
    export LIBRARY_DEXT_INSTALL_PATH\=/Library/DriverExtensions
    export LIBRARY_FLAG_NOSPACE\=YES
    export LIBRARY_FLAG_PREFIX\=-l
    export LIBRARY_KEXT_INSTALL_PATH\=/Library/Extensions
    export LIBRARY_SEARCH_PATHS\=/Users/shawnrain/Library/Developer/Xcode/DerivedData/Mouse_Fix-bnijtbnbbtqglwclwfpwrxsqeaod/Build/Products/Debug\ \ /Users/shawnrain/Library/Mobile\ Documents/com\~apple\~CloudDocs/Shawn\ Rain/Vibe-Coding/MacMouseFix/Frameworks/\*\*
    export LINKER_DISPLAYS_MANGLED_NAMES\=NO
    export LINK_FILE_LIST_normal_arm64\=/Users/shawnrain/Library/Developer/Xcode/DerivedData/Mouse_Fix-bnijtbnbbtqglwclwfpwrxsqeaod/Build/Intermediates.noindex/Mouse\ Fix.build/Debug/Mac\ Mouse\ Fix\ Helper.build/Objects-normal/arm64/Mac\ Mouse\ Fix\ Helper.LinkFileList
    export LINK_OBJC_RUNTIME\=YES
    export LINK_WITH_STANDARD_LIBRARIES\=YES
    export LLVM_TARGET_TRIPLE_OS_VERSION\=macos15.0
    export LLVM_TARGET_TRIPLE_OS_VERSION_NO\=macos15.0
    export LLVM_TARGET_TRIPLE_OS_VERSION_YES\=macos26.5
    export LLVM_TARGET_TRIPLE_VENDOR\=apple
    export LM_AUX_CONST_METADATA_LIST_PATH_normal_arm64\=/Users/shawnrain/Library/Developer/Xcode/DerivedData/Mouse_Fix-bnijtbnbbtqglwclwfpwrxsqeaod/Build/Intermediates.noindex/Mouse\ Fix.build/Debug/Mac\ Mouse\ Fix\ Helper.build/Objects-normal/arm64/Mac\ Mouse\ Fix\ Helper.SwiftConstValuesFileList
    export LOCALIZATION_EXPORT_SUPPORTED\=YES
    export LOCALIZATION_PREFERS_STRING_CATALOGS\=YES
    export LOCALIZED_RESOURCES_FOLDER_PATH\=Mac\ Mouse\ Fix\ Helper.app/Contents/Resources/en.lproj
    export LOCALIZED_STRING_CODE_COMMENTS\=NO
    export LOCALIZED_STRING_MACRO_NAMES\=MFLocalizedString\ NSLocalizedString\ CFCopyLocalizedString
    export LOCALIZED_STRING_SWIFTUI_SUPPORT\=YES
    export LOCAL_ADMIN_APPS_DIR\=/Applications/Utilities
    export LOCAL_APPS_DIR\=/Applications
    export LOCAL_DEVELOPER_DIR\=/Library/Developer
    export LOCAL_LIBRARY_DIR\=/Library
    export LOCROOT\=/Users/shawnrain/Library/Mobile\ Documents/com\~apple\~CloudDocs/Shawn\ Rain/Vibe-Coding/MacMouseFix
    export LOCSYMROOT\=/Users/shawnrain/Library/Mobile\ Documents/com\~apple\~CloudDocs/Shawn\ Rain/Vibe-Coding/MacMouseFix
    export MACH_O_TYPE\=mh_execute
    export MACOSX_DEPLOYMENT_TARGET\=15.0
    export MAC_OS_X_PRODUCT_BUILD_VERSION\=26A5353q
    export MAC_OS_X_VERSION_ACTUAL\=270000
    export MAC_OS_X_VERSION_MAJOR\=270000
    export MAC_OS_X_VERSION_MINOR\=270000
    export MAKE_MERGEABLE\=NO
    export MERGEABLE_LIBRARY\=NO
    export MERGED_BINARY_TYPE\=none
    export MERGE_LINKED_LIBRARIES\=NO
    export METAL_LIBRARY_FILE_BASE\=default
    export METAL_LIBRARY_OUTPUT_DIR\=/Users/shawnrain/Library/Developer/Xcode/DerivedData/Mouse_Fix-bnijtbnbbtqglwclwfpwrxsqeaod/Build/Products/Debug/Mac\ Mouse\ Fix\ Helper.app/Contents/Resources
    export MODULES_FOLDER_PATH\=Mac\ Mouse\ Fix\ Helper.app/Contents/Modules
    export MODULE_CACHE_DIR\=/Users/shawnrain/Library/Developer/Xcode/DerivedData/ModuleCache.noindex
    export MTL_ENABLE_DEBUG_INFO\=YES
    export NATIVE_ARCH\=arm64
    export NATIVE_ARCH_32_BIT\=arm
    export NATIVE_ARCH_64_BIT\=arm64
    export NATIVE_ARCH_ACTUAL\=arm64
    export NO_COMMON\=YES
    export OBJECT_FILE_DIR\=/Users/shawnrain/Library/Developer/Xcode/DerivedData/Mouse_Fix-bnijtbnbbtqglwclwfpwrxsqeaod/Build/Intermediates.noindex/Mouse\ Fix.build/Debug/Mac\ Mouse\ Fix\ Helper.build/Objects
    export OBJECT_FILE_DIR_normal\=/Users/shawnrain/Library/Developer/Xcode/DerivedData/Mouse_Fix-bnijtbnbbtqglwclwfpwrxsqeaod/Build/Intermediates.noindex/Mouse\ Fix.build/Debug/Mac\ Mouse\ Fix\ Helper.build/Objects-normal
    export OBJROOT\=/Users/shawnrain/Library/Developer/Xcode/DerivedData/Mouse_Fix-bnijtbnbbtqglwclwfpwrxsqeaod/Build/Intermediates.noindex
    export ONLY_ACTIVE_ARCH\=YES
    export OS\=MACOS
    export OSAC\=/usr/bin/osacompile
    export OTHER_CFLAGS\=-fmodule-map-file\=/Users/shawnrain/Library/Developer/Xcode/DerivedData/Mouse_Fix-bnijtbnbbtqglwclwfpwrxsqeaod/Build/Intermediates.noindex/GeneratedModuleMaps/ReactiveCocoaObjC.modulemap\ -fmodule-map-file\=/Users/shawnrain/Library/Developer/Xcode/DerivedData/Mouse_Fix-bnijtbnbbtqglwclwfpwrxsqeaod/Build/Intermediates.noindex/GeneratedModuleMaps/ReactiveCocoa.modulemap\ -fmodule-map-file\=/Users/shawnrain/Library/Developer/Xcode/DerivedData/Mouse_Fix-bnijtbnbbtqglwclwfpwrxsqeaod/Build/Intermediates.noindex/GeneratedModuleMaps/ReactiveSwift.modulemap\ -fmodule-map-file\=/Users/shawnrain/Library/Developer/Xcode/DerivedData/Mouse_Fix-bnijtbnbbtqglwclwfpwrxsqeaod/Build/Intermediates.noindex/GeneratedModuleMaps/CocoaLumberjackSwiftSupport.modulemap\ -fmodule-map-file\=/Users/shawnrain/Library/Developer/Xcode/DerivedData/Mouse_Fix-bnijtbnbbtqglwclwfpwrxsqeaod/Build/Intermediates.noindex/GeneratedModuleMaps/CocoaLumberjack.modulemap\ -fmodule-map-file\=/Users/shawnrain/Library/Developer/Xcode/DerivedData/Mouse_Fix-bnijtbnbbtqglwclwfpwrxsqeaod/Build/Intermediates.noindex/GeneratedModuleMaps/CocoaLumberjackSwift.modulemap\ \"-Dnil\=\(\(id\\\ _Nullable\)__DARWIN_NULL\)\"\ \"-DNULL\=\(\(void\ \*\\\ _Nullable\)0\)\"
    export OTHER_CPLUSPLUSFLAGS\=-fmodule-map-file\=/Users/shawnrain/Library/Developer/Xcode/DerivedData/Mouse_Fix-bnijtbnbbtqglwclwfpwrxsqeaod/Build/Intermediates.noindex/GeneratedModuleMaps/ReactiveCocoaObjC.modulemap\ -fmodule-map-file\=/Users/shawnrain/Library/Developer/Xcode/DerivedData/Mouse_Fix-bnijtbnbbtqglwclwfpwrxsqeaod/Build/Intermediates.noindex/GeneratedModuleMaps/ReactiveCocoa.modulemap\ -fmodule-map-file\=/Users/shawnrain/Library/Developer/Xcode/DerivedData/Mouse_Fix-bnijtbnbbtqglwclwfpwrxsqeaod/Build/Intermediates.noindex/GeneratedModuleMaps/ReactiveSwift.modulemap\ -fmodule-map-file\=/Users/shawnrain/Library/Developer/Xcode/DerivedData/Mouse_Fix-bnijtbnbbtqglwclwfpwrxsqeaod/Build/Intermediates.noindex/GeneratedModuleMaps/CocoaLumberjackSwiftSupport.modulemap\ -fmodule-map-file\=/Users/shawnrain/Library/Developer/Xcode/DerivedData/Mouse_Fix-bnijtbnbbtqglwclwfpwrxsqeaod/Build/Intermediates.noindex/GeneratedModuleMaps/CocoaLumberjack.modulemap\ -fmodule-map-file\=/Users/shawnrain/Library/Developer/Xcode/DerivedData/Mouse_Fix-bnijtbnbbtqglwclwfpwrxsqeaod/Build/Intermediates.noindex/GeneratedModuleMaps/CocoaLumberjackSwift.modulemap\ \"-Dnil\=\(\(id\\\ _Nullable\)__DARWIN_NULL\)\"\ \"-DNULL\=\(\(void\ \*\\\ _Nullable\)0\)\"
    export OTHER_LDFLAGS\=-Wl,-no_warn_duplicate_libraries\ -Wl,-no_warn_duplicate_libraries\ -Wl,-no_warn_duplicate_libraries\ -Wl,-no_warn_duplicate_libraries\ -Wl,-no_warn_duplicate_libraries\ -Wl,-no_warn_duplicate_libraries\ 
    export OTHER_SWIFT_FLAGS\=-Xcc\ -fmodule-map-file\=/Users/shawnrain/Library/Developer/Xcode/DerivedData/Mouse_Fix-bnijtbnbbtqglwclwfpwrxsqeaod/Build/Intermediates.noindex/GeneratedModuleMaps/ReactiveCocoaObjC.modulemap\ -Xcc\ -fmodule-map-file\=/Users/shawnrain/Library/Developer/Xcode/DerivedData/Mouse_Fix-bnijtbnbbtqglwclwfpwrxsqeaod/Build/Intermediates.noindex/GeneratedModuleMaps/CocoaLumberjackSwiftSupport.modulemap\ -Xcc\ -fmodule-map-file\=/Users/shawnrain/Library/Developer/Xcode/DerivedData/Mouse_Fix-bnijtbnbbtqglwclwfpwrxsqeaod/Build/Intermediates.noindex/GeneratedModuleMaps/CocoaLumberjack.modulemap\ 
    export PACKAGE_TYPE\=com.apple.package-type.wrapper.application
    export PASCAL_STRINGS\=YES
    export PATH\=/Applications/Xcode.app/Contents/SharedFrameworks/SwiftBuild.framework/Versions/A/PlugIns/SWBBuildService.bundle/Contents/PlugIns/SWBUniversalPlatformPlugin.bundle/Contents/Frameworks/SWBUniversalPlatform.framework/Resources:/Applications/Xcode.app/Contents/Developer/Toolchains/XcodeDefault.xctoolchain/usr/bin:/Applications/Xcode.app/Contents/Developer/Toolchains/XcodeDefault.xctoolchain/usr/local/bin:/Applications/Xcode.app/Contents/Developer/Toolchains/XcodeDefault.xctoolchain/usr/libexec:/Applications/Xcode.app/Contents/Developer/Platforms/MacOSX.platform/usr/bin:/Applications/Xcode.app/Contents/Developer/Platforms/MacOSX.platform/usr/local/bin:/Applications/Xcode.app/Contents/Developer/Platforms/MacOSX.platform/Developer/usr/bin:/Applications/Xcode.app/Contents/Developer/Platforms/MacOSX.platform/Developer/usr/local/bin:/Applications/Xcode.app/Contents/Developer/usr/bin:/Applications/Xcode.app/Contents/Developer/usr/local/bin:/Users/shawnrain/.gemini/antigravity/bin:/Users/shawnrain/Library/Application\ Support/Antigravity/bin:/Users/shawnrain/.antigravity/antigravity/bin:/Users/shawnrain/.local/bin:/opt/homebrew/opt/openjdk@17/libexec/openjdk.jdk/Contents/Home/bin:/Users/shawnrain/android-sdk/platform-tools:/Users/shawnrain/android-sdk/cmdline-tools/latest/bin:/opt/homebrew/bin:/usr/local/bin:/System/Cryptexes/App/usr/bin:/usr/bin:/bin:/usr/sbin:/sbin:/var/run/com.apple.security.cryptexd/codex.system/bootstrap/usr/local/bin:/var/run/com.apple.security.cryptexd/codex.system/bootstrap/usr/bin:/var/run/com.apple.security.cryptexd/codex.system/bootstrap/usr/appleinternal/bin:/pkg/env/global/bin://Applications/Topaz\ Gigapixel.app/Contents/Resources/bin://Applications/Topaz\ Photo.app/Contents/Resources/bin:/Library/Apple/usr/bin:/Users/shawnrain/.orbstack/bin:/Users/shawnrain/.spicetify
    export PATH_PREFIXES_EXCLUDED_FROM_HEADER_DEPENDENCIES\=/usr/include\ /usr/local/include\ /System/Library/Frameworks\ /System/Library/PrivateFrameworks\ /Applications/Xcode.app/Contents/Developer/Headers\ /Applications/Xcode.app/Contents/Developer/SDKs\ /Applications/Xcode.app/Contents/Developer/Platforms
    export PBDEVELOPMENTPLIST_PATH\=Mac\ Mouse\ Fix\ Helper.app/Contents/pbdevelopment.plist
    export PER_ARCH_MODULE_FILE_DIR\=/Users/shawnrain/Library/Developer/Xcode/DerivedData/Mouse_Fix-bnijtbnbbtqglwclwfpwrxsqeaod/Build/Intermediates.noindex/Mouse\ Fix.build/Debug/Mac\ Mouse\ Fix\ Helper.build/Objects-normal/undefined_arch
    export PER_ARCH_OBJECT_FILE_DIR\=/Users/shawnrain/Library/Developer/Xcode/DerivedData/Mouse_Fix-bnijtbnbbtqglwclwfpwrxsqeaod/Build/Intermediates.noindex/Mouse\ Fix.build/Debug/Mac\ Mouse\ Fix\ Helper.build/Objects-normal/undefined_arch
    export PER_VARIANT_OBJECT_FILE_DIR\=/Users/shawnrain/Library/Developer/Xcode/DerivedData/Mouse_Fix-bnijtbnbbtqglwclwfpwrxsqeaod/Build/Intermediates.noindex/Mouse\ Fix.build/Debug/Mac\ Mouse\ Fix\ Helper.build/Objects-normal
    export PKGINFO_FILE_PATH\=/Users/shawnrain/Library/Developer/Xcode/DerivedData/Mouse_Fix-bnijtbnbbtqglwclwfpwrxsqeaod/Build/Intermediates.noindex/Mouse\ Fix.build/Debug/Mac\ Mouse\ Fix\ Helper.build/PkgInfo
    export PKGINFO_PATH\=Mac\ Mouse\ Fix\ Helper.app/Contents/PkgInfo
    export PLATFORM_DEVELOPER_APPLICATIONS_DIR\=/Applications/Xcode.app/Contents/Developer/Applications
    export PLATFORM_DEVELOPER_BIN_DIR\=/Applications/Xcode.app/Contents/Developer/usr/bin
    export PLATFORM_DEVELOPER_LIBRARY_DIR\=/Applications/Xcode.app/Contents/Developer/Library
    export PLATFORM_DEVELOPER_SDK_DIR\=/Applications/Xcode.app/Contents/Developer/Platforms/MacOSX.platform/Developer/SDKs
    export PLATFORM_DEVELOPER_TOOLS_DIR\=/Applications/Xcode.app/Contents/Developer/Tools
    export PLATFORM_DEVELOPER_USR_DIR\=/Applications/Xcode.app/Contents/Developer/usr
    export PLATFORM_DIR\=/Applications/Xcode.app/Contents/Developer/Platforms/MacOSX.platform
    export PLATFORM_DISPLAY_NAME\=macOS
    export PLATFORM_FAMILY_NAME\=macOS
    export PLATFORM_NAME\=macosx
    export PLATFORM_PREFERRED_ARCH\=x86_64
    export PLATFORM_PRODUCT_BUILD_VERSION\=25F70
    export PLATFORM_REQUIRES_SWIFT_AUTOLINK_EXTRACT\=NO
    export PLATFORM_REQUIRES_SWIFT_MODULEWRAP\=NO
    export PLATFORM_USES_DSYMS\=YES
    export PLIST_FILE_OUTPUT_FORMAT\=same-as-input
    export PLUGINS_FOLDER_PATH\=Mac\ Mouse\ Fix\ Helper.app/Contents/PlugIns
    export PRECOMPS_INCLUDE_HEADERS_FROM_BUILT_PRODUCTS_DIR\=YES
    export PRECOMP_DESTINATION_DIR\=/Users/shawnrain/Library/Developer/Xcode/DerivedData/Mouse_Fix-bnijtbnbbtqglwclwfpwrxsqeaod/Build/Intermediates.noindex/Mouse\ Fix.build/Debug/Mac\ Mouse\ Fix\ Helper.build/PrefixHeaders
    export PRIVATE_HEADERS_FOLDER_PATH\=Mac\ Mouse\ Fix\ Helper.app/Contents/PrivateHeaders
    export PROCESSED_INFOPLIST_PATH\=/Users/shawnrain/Library/Developer/Xcode/DerivedData/Mouse_Fix-bnijtbnbbtqglwclwfpwrxsqeaod/Build/Intermediates.noindex/Mouse\ Fix.build/Debug/Mac\ Mouse\ Fix\ Helper.build/Objects-normal/undefined_arch/Processed-Info.plist
    export PRODUCT_BUNDLE_IDENTIFIER\=com.nuebling.mac-mouse-fix.helper
    export PRODUCT_BUNDLE_PACKAGE_TYPE\=APPL
    export PRODUCT_MODULE_NAME\=Mac_Mouse_Fix_Helper
    export PRODUCT_NAME\=Mac\ Mouse\ Fix\ Helper
    export PRODUCT_SETTINGS_PATH\=/Users/shawnrain/Library/Mobile\ Documents/com\~apple\~CloudDocs/Shawn\ Rain/Vibe-Coding/MacMouseFix/Helper/SupportFiles/Info.plist
    export PRODUCT_TYPE\=com.apple.product-type.application
    export PROFILING_CODE\=NO
    export PROJECT\=Mouse\ Fix
    export PROJECT_DERIVED_FILE_DIR\=/Users/shawnrain/Library/Developer/Xcode/DerivedData/Mouse_Fix-bnijtbnbbtqglwclwfpwrxsqeaod/Build/Intermediates.noindex/Mouse\ Fix.build/DerivedSources
    export PROJECT_DIR\=/Users/shawnrain/Library/Mobile\ Documents/com\~apple\~CloudDocs/Shawn\ Rain/Vibe-Coding/MacMouseFix
    export PROJECT_FILE_PATH\=/Users/shawnrain/Library/Mobile\ Documents/com\~apple\~CloudDocs/Shawn\ Rain/Vibe-Coding/MacMouseFix/Mouse\ Fix.xcodeproj
    export PROJECT_GUID\=a4fa6978c840a526f3db5e7bfd10becf
    export PROJECT_NAME\=Mouse\ Fix
    export PROJECT_TEMP_DIR\=/Users/shawnrain/Library/Developer/Xcode/DerivedData/Mouse_Fix-bnijtbnbbtqglwclwfpwrxsqeaod/Build/Intermediates.noindex/Mouse\ Fix.build
    export PROJECT_TEMP_ROOT\=/Users/shawnrain/Library/Developer/Xcode/DerivedData/Mouse_Fix-bnijtbnbbtqglwclwfpwrxsqeaod/Build/Intermediates.noindex
    export PROVISIONING_PROFILE_REQUIRED\=NO
    export PROVISIONING_PROFILE_REQUIRED_YES_YES\=YES
    export PROVISIONING_PROFILE_SUPPORTED\=YES
    export PUBLIC_HEADERS_FOLDER_PATH\=Mac\ Mouse\ Fix\ Helper.app/Contents/Headers
    export RECOMMENDED_MACOSX_DEPLOYMENT_TARGET\=11.0
    export RECURSIVE_SEARCH_PATHS_FOLLOW_SYMLINKS\=YES
    export REMOVE_CVS_FROM_RESOURCES\=YES
    export REMOVE_GIT_FROM_RESOURCES\=YES
    export REMOVE_HEADERS_FROM_EMBEDDED_BUNDLES\=YES
    export REMOVE_HG_FROM_RESOURCES\=YES
    export REMOVE_STATIC_EXECUTABLES_FROM_EMBEDDED_BUNDLES\=YES
    export REMOVE_SVN_FROM_RESOURCES\=YES
    export RESCHEDULE_INDEPENDENT_HEADERS_PHASES\=YES
    export REZ_COLLECTOR_DIR\=/Users/shawnrain/Library/Developer/Xcode/DerivedData/Mouse_Fix-bnijtbnbbtqglwclwfpwrxsqeaod/Build/Intermediates.noindex/Mouse\ Fix.build/Debug/Mac\ Mouse\ Fix\ Helper.build/ResourceManagerResources
    export REZ_OBJECTS_DIR\=/Users/shawnrain/Library/Developer/Xcode/DerivedData/Mouse_Fix-bnijtbnbbtqglwclwfpwrxsqeaod/Build/Intermediates.noindex/Mouse\ Fix.build/Debug/Mac\ Mouse\ Fix\ Helper.build/ResourceManagerResources/Objects
    export REZ_SEARCH_PATHS\=/Users/shawnrain/Library/Developer/Xcode/DerivedData/Mouse_Fix-bnijtbnbbtqglwclwfpwrxsqeaod/Build/Products/Debug\ 
    export RPATH_ORIGIN\=@loader_path
    export RUNTIME_EXCEPTION_ALLOW_DYLD_ENVIRONMENT_VARIABLES\=NO
    export RUNTIME_EXCEPTION_ALLOW_JIT\=NO
    export RUNTIME_EXCEPTION_ALLOW_UNSIGNED_EXECUTABLE_MEMORY\=NO
    export RUNTIME_EXCEPTION_DEBUGGING_TOOL\=NO
    export RUNTIME_EXCEPTION_DISABLE_EXECUTABLE_PAGE_PROTECTION\=NO
    export RUNTIME_EXCEPTION_DISABLE_LIBRARY_VALIDATION\=NO
    export SCANNING_PCM_KEEP_CACHE_DIRECTORY\=YES
    export SCAN_ALL_SOURCE_FILES_FOR_INCLUDES\=NO
    export SCRIPTS_FOLDER_PATH\=Mac\ Mouse\ Fix\ Helper.app/Contents/Resources/Scripts
    export SCRIPT_INPUT_FILE_COUNT\=0
    export SCRIPT_INPUT_FILE_LIST_COUNT\=0
    export SCRIPT_OUTPUT_FILE_COUNT\=0
    export SCRIPT_OUTPUT_FILE_LIST_COUNT\=0
    export SDKROOT\=/Applications/Xcode.app/Contents/Developer/Platforms/MacOSX.platform/Developer/SDKs/MacOSX26.5.sdk
    export SDK_DIR\=/Applications/Xcode.app/Contents/Developer/Platforms/MacOSX.platform/Developer/SDKs/MacOSX26.5.sdk
    export SDK_DIR_macosx\=/Applications/Xcode.app/Contents/Developer/Platforms/MacOSX.platform/Developer/SDKs/MacOSX26.5.sdk
    export SDK_DIR_macosx26_5\=/Applications/Xcode.app/Contents/Developer/Platforms/MacOSX.platform/Developer/SDKs/MacOSX26.5.sdk
    export SDK_NAME\=macosx26.5
    export SDK_NAMES\=macosx26.5
    export SDK_PRODUCT_BUILD_VERSION\=25F70
    export SDK_STAT_CACHE_DIR\=/Users/shawnrain/Library/Developer/Xcode/DerivedData
    export SDK_STAT_CACHE_ENABLE\=YES
    export SDK_STAT_CACHE_PATH\=/Users/shawnrain/Library/Developer/Xcode/DerivedData/SDKStatCaches.noindex/macosx26.5-25F70-e082c4a02f00227109f4ed75e425c832.sdkstatcache
    export SDK_VERSION\=26.5
    export SDK_VERSION_ACTUAL\=260500
    export SDK_VERSION_MAJOR\=260000
    export SDK_VERSION_MINOR\=260500
    export SED\=/usr/bin/sed
    export SEPARATE_STRIP\=NO
    export SEPARATE_SYMBOL_EDIT\=NO
    export SET_DIR_MODE_OWNER_GROUP\=YES
    export SET_FILE_MODE_OWNER_GROUP\=NO
    export SHALLOW_BUNDLE\=NO
    export SHALLOW_BUNDLE_PLATFORM\=NO
    export SHALLOW_BUNDLE_TRIPLE\=macos
    export SHALLOW_BUNDLE_ios_macabi\=NO
    export SHALLOW_BUNDLE_macos\=NO
    export SHARED_DERIVED_FILE_DIR\=/Users/shawnrain/Library/Developer/Xcode/DerivedData/Mouse_Fix-bnijtbnbbtqglwclwfpwrxsqeaod/Build/Products/Debug/DerivedSources
    export SHARED_FRAMEWORKS_FOLDER_PATH\=Mac\ Mouse\ Fix\ Helper.app/Contents/SharedFrameworks
    export SHARED_PRECOMPS_DIR\=/Users/shawnrain/Library/Developer/Xcode/DerivedData/Mouse_Fix-bnijtbnbbtqglwclwfpwrxsqeaod/Build/Intermediates.noindex/PrecompiledHeaders
    export SHARED_SUPPORT_FOLDER_PATH\=Mac\ Mouse\ Fix\ Helper.app/Contents/SharedSupport
    export SKIP_INSTALL\=YES
    export SKIP_MERGEABLE_LIBRARY_BUNDLE_HOOK\=NO
    export SOURCE_ROOT\=/Users/shawnrain/Library/Mobile\ Documents/com\~apple\~CloudDocs/Shawn\ Rain/Vibe-Coding/MacMouseFix
    export SRCROOT\=/Users/shawnrain/Library/Mobile\ Documents/com\~apple\~CloudDocs/Shawn\ Rain/Vibe-Coding/MacMouseFix
    export STRINGSDATA_DIR\=/Users/shawnrain/Library/Developer/Xcode/DerivedData/Mouse_Fix-bnijtbnbbtqglwclwfpwrxsqeaod/Build/Intermediates.noindex/Mouse\ Fix.build/Debug/Mac\ Mouse\ Fix\ Helper.build/Objects-normal/undefined_arch
    export STRINGSDATA_ROOT\=/Users/shawnrain/Library/Developer/Xcode/DerivedData/Mouse_Fix-bnijtbnbbtqglwclwfpwrxsqeaod/Build/Intermediates.noindex/Mouse\ Fix.build/Debug/Mac\ Mouse\ Fix\ Helper.build
    export STRINGS_FILE_INFOPLIST_RENAME\=YES
    export STRINGS_FILE_OUTPUT_ENCODING\=UTF-16
    export STRING_CATALOG_GENERATE_SYMBOLS\=NO
    export STRIP_BITCODE_FROM_COPIED_FILES\=NO
    export STRIP_INSTALLED_PRODUCT\=NO
    export STRIP_PNG_TEXT\=NO
    export STRIP_STYLE\=all
    export STRIP_SWIFT_SYMBOLS\=NO
    export SUPPORTED_PLATFORMS\=macosx
    export SUPPORTS_MACCATALYST\=NO
    export SUPPORTS_ON_DEMAND_RESOURCES\=NO
    export SUPPORTS_TEXT_BASED_API\=NO
    export SUPPRESS_WARNINGS\=NO
    export SWIFT_ACTIVE_COMPILATION_CONDITIONS\=DEBUG\ IS_HELPER
    export SWIFT_EMIT_CONST_VALUE_PROTOCOLS\=AnyResolverProviding\ AppEntity\ AppEnum\ AppExtension\ AppIntent\ AppIntentsPackage\ AppShortcutProviding\ AppShortcutsProvider\ AppUnionValue\ AppUnionValueCasesProviding\ DynamicOptionsProvider\ EntityQuery\ ExtensionPointDefining\ IntentValueQuery\ Resolver\ TransientEntity\ _AssistantIntentsProvider\ _GenerativeFunctionExtractable\ _IntentValueRepresentable
    export SWIFT_EMIT_LOC_STRINGS\=YES
    export SWIFT_ENABLE_EXPLICIT_MODULES\=YES
    export SWIFT_OBJC_BRIDGING_HEADER\=Helper/SupportFiles/Mac\ Mouse\ Fix\ Helper-Bridging-Header.h
    export SWIFT_OPTIMIZATION_LEVEL\=-Onone
    export SWIFT_PLATFORM_TARGET_PREFIX\=macos
    export SWIFT_PRECOMPILE_BRIDGING_HEADER\=YES
    export SWIFT_RESPONSE_FILE_PATH_normal_arm64\=/Users/shawnrain/Library/Developer/Xcode/DerivedData/Mouse_Fix-bnijtbnbbtqglwclwfpwrxsqeaod/Build/Intermediates.noindex/Mouse\ Fix.build/Debug/Mac\ Mouse\ Fix\ Helper.build/Objects-normal/arm64/Mac\ Mouse\ Fix\ Helper.SwiftFileList
    export SWIFT_VERSION\=5.0
    export SYMROOT\=/Users/shawnrain/Library/Developer/Xcode/DerivedData/Mouse_Fix-bnijtbnbbtqglwclwfpwrxsqeaod/Build/Products
    export SYSTEM_ADMIN_APPS_DIR\=/Applications/Utilities
    export SYSTEM_APPS_DIR\=/Applications
    export SYSTEM_CORE_SERVICES_DIR\=/System/Library/CoreServices
    export SYSTEM_DEMOS_DIR\=/Applications/Extras
    export SYSTEM_DEVELOPER_APPS_DIR\=/Applications/Xcode.app/Contents/Developer/Applications
    export SYSTEM_DEVELOPER_BIN_DIR\=/Applications/Xcode.app/Contents/Developer/usr/bin
    export SYSTEM_DEVELOPER_DEMOS_DIR\=/Applications/Xcode.app/Contents/Developer/Applications/Utilities/Built\ Examples
    export SYSTEM_DEVELOPER_DIR\=/Applications/Xcode.app/Contents/Developer
    export SYSTEM_DEVELOPER_DOC_DIR\=/Applications/Xcode.app/Contents/Developer/ADC\ Reference\ Library
    export SYSTEM_DEVELOPER_GRAPHICS_TOOLS_DIR\=/Applications/Xcode.app/Contents/Developer/Applications/Graphics\ Tools
    export SYSTEM_DEVELOPER_JAVA_TOOLS_DIR\=/Applications/Xcode.app/Contents/Developer/Applications/Java\ Tools
    export SYSTEM_DEVELOPER_PERFORMANCE_TOOLS_DIR\=/Applications/Xcode.app/Contents/Developer/Applications/Performance\ Tools
    export SYSTEM_DEVELOPER_RELEASENOTES_DIR\=/Applications/Xcode.app/Contents/Developer/ADC\ Reference\ Library/releasenotes
    export SYSTEM_DEVELOPER_TOOLS\=/Applications/Xcode.app/Contents/Developer/Tools
    export SYSTEM_DEVELOPER_TOOLS_DOC_DIR\=/Applications/Xcode.app/Contents/Developer/ADC\ Reference\ Library/documentation/DeveloperTools
    export SYSTEM_DEVELOPER_TOOLS_RELEASENOTES_DIR\=/Applications/Xcode.app/Contents/Developer/ADC\ Reference\ Library/releasenotes/DeveloperTools
    export SYSTEM_DEVELOPER_USR_DIR\=/Applications/Xcode.app/Contents/Developer/usr
    export SYSTEM_DEVELOPER_UTILITIES_DIR\=/Applications/Xcode.app/Contents/Developer/Applications/Utilities
    export SYSTEM_DEXT_INSTALL_PATH\=/System/Library/DriverExtensions
    export SYSTEM_DOCUMENTATION_DIR\=/Library/Documentation
    export SYSTEM_EXTENSIONS_FOLDER_PATH\=Mac\ Mouse\ Fix\ Helper.app/Contents/Library/SystemExtensions
    export SYSTEM_EXTENSIONS_FOLDER_PATH_SHALLOW_BUNDLE_NO\=Mac\ Mouse\ Fix\ Helper.app/Contents/Library/SystemExtensions
    export SYSTEM_EXTENSIONS_FOLDER_PATH_SHALLOW_BUNDLE_YES\=Mac\ Mouse\ Fix\ Helper.app/Contents/SystemExtensions
    export SYSTEM_FRAMEWORK_SEARCH_PATHS\=\ /System/Library/PrivateFrameworks
    export SYSTEM_KEXT_INSTALL_PATH\=/System/Library/Extensions
    export SYSTEM_LIBRARY_DIR\=/System/Library
    export TAPI_DEMANGLE\=YES
    export TAPI_ENABLE_PROJECT_HEADERS\=NO
    export TAPI_LANGUAGE\=objective-c
    export TAPI_LANGUAGE_STANDARD\=compiler-default
    export TAPI_USE_SRCROOT\=YES
    export TAPI_VERIFY_MODE\=Pedantic
    export TARGETNAME\=Mac\ Mouse\ Fix\ Helper
    export TARGET_BUILD_DIR\=/Users/shawnrain/Library/Developer/Xcode/DerivedData/Mouse_Fix-bnijtbnbbtqglwclwfpwrxsqeaod/Build/Products/Debug
    export TARGET_NAME\=Mac\ Mouse\ Fix\ Helper
    export TARGET_TEMP_DIR\=/Users/shawnrain/Library/Developer/Xcode/DerivedData/Mouse_Fix-bnijtbnbbtqglwclwfpwrxsqeaod/Build/Intermediates.noindex/Mouse\ Fix.build/Debug/Mac\ Mouse\ Fix\ Helper.build
    export TEMP_DIR\=/Users/shawnrain/Library/Developer/Xcode/DerivedData/Mouse_Fix-bnijtbnbbtqglwclwfpwrxsqeaod/Build/Intermediates.noindex/Mouse\ Fix.build/Debug/Mac\ Mouse\ Fix\ Helper.build
    export TEMP_FILES_DIR\=/Users/shawnrain/Library/Developer/Xcode/DerivedData/Mouse_Fix-bnijtbnbbtqglwclwfpwrxsqeaod/Build/Intermediates.noindex/Mouse\ Fix.build/Debug/Mac\ Mouse\ Fix\ Helper.build
    export TEMP_FILE_DIR\=/Users/shawnrain/Library/Developer/Xcode/DerivedData/Mouse_Fix-bnijtbnbbtqglwclwfpwrxsqeaod/Build/Intermediates.noindex/Mouse\ Fix.build/Debug/Mac\ Mouse\ Fix\ Helper.build
    export TEMP_ROOT\=/Users/shawnrain/Library/Developer/Xcode/DerivedData/Mouse_Fix-bnijtbnbbtqglwclwfpwrxsqeaod/Build/Intermediates.noindex
    export TEMP_SANDBOX_DIR\=/Users/shawnrain/Library/Developer/Xcode/DerivedData/Mouse_Fix-bnijtbnbbtqglwclwfpwrxsqeaod/Build/Intermediates.noindex/TemporaryTaskSandboxes
    export TEST_FRAMEWORK_SEARCH_PATHS\=\ /Applications/Xcode.app/Contents/Developer/Platforms/MacOSX.platform/Developer/Library/Frameworks
    export TEST_LIBRARY_SEARCH_PATHS\=\ /Applications/Xcode.app/Contents/Developer/Platforms/MacOSX.platform/Developer/usr/lib
    export TOOLCHAINS\=com.apple.dt.toolchain.XcodeDefault
    export TOOLCHAIN_DIR\=/Applications/Xcode.app/Contents/Developer/Toolchains/XcodeDefault.xctoolchain
    export TREAT_MISSING_BASELINES_AS_TEST_FAILURES\=NO
    export TREAT_MISSING_SCRIPT_PHASE_OUTPUTS_AS_ERRORS\=NO
    export TeamIdentifierPrefix\=A4P8NY6A4J.
    export UID\=501
    export UNINSTALLED_PRODUCTS_DIR\=/Users/shawnrain/Library/Developer/Xcode/DerivedData/Mouse_Fix-bnijtbnbbtqglwclwfpwrxsqeaod/Build/Intermediates.noindex/UninstalledProducts
    export UNLOCALIZED_RESOURCES_FOLDER_PATH\=Mac\ Mouse\ Fix\ Helper.app/Contents/Resources
    export UNLOCALIZED_RESOURCES_FOLDER_PATH_SHALLOW_BUNDLE_NO\=Mac\ Mouse\ Fix\ Helper.app/Contents/Resources
    export UNLOCALIZED_RESOURCES_FOLDER_PATH_SHALLOW_BUNDLE_YES\=Mac\ Mouse\ Fix\ Helper.app/Contents
    export UNSTRIPPED_PRODUCT\=NO
    export USER\=shawnrain
    export USER_APPS_DIR\=/Users/shawnrain/Applications
    export USER_HEADER_SEARCH_PATHS\=\"/Users/shawnrain/Library/Mobile\ Documents/com\~apple\~CloudDocs/Shawn\ Rain/Vibe-Coding/MacMouseFix/Helper/SupportFiles/External\"
    export USER_LIBRARY_DIR\=/Users/shawnrain/Library
    export USE_DYNAMIC_NO_PIC\=YES
    export USE_HEADERMAP\=YES
    export USE_HEADER_SYMLINKS\=NO
    export VALIDATE_DEVELOPMENT_ASSET_PATHS\=YES_ERROR
    export VALIDATE_PRODUCT\=NO
    export VALID_ARCHS\=arm64\ arm64e\ i386\ x86_64
    export VERBOSE_PBXCP\=NO
    export VERSIONPLIST_PATH\=Mac\ Mouse\ Fix\ Helper.app/Contents/version.plist
    export VERSION_INFO_BUILDER\=shawnrain
    export VERSION_INFO_FILE\=Mac\ Mouse\ Fix\ Helper_vers.c
    export VERSION_INFO_STRING\=\"@\(\#\)PROGRAM:Mac\ Mouse\ Fix\ Helper\ \ PROJECT:Mouse\ Fix-\"
    export WARNING_CFLAGS\=-Wnullable-to-nonnull-conversion\ -Wnonnull\ -Wsign-conversion
    export WORKSPACE_DIR\=/Users/shawnrain/Library/Mobile\ Documents/com\~apple\~CloudDocs/Shawn\ Rain/Vibe-Coding/MacMouseFix/Mouse\ Fix.xcodeproj
    export WRAPPER_EXTENSION\=app
    export WRAPPER_NAME\=Mac\ Mouse\ Fix\ Helper.app
    export WRAPPER_SUFFIX\=.app
    export WRAP_ASSET_PACKS_IN_SEPARATE_DIRECTORIES\=NO
    export XCODE_APP_SUPPORT_DIR\=/Applications/Xcode.app/Contents/Developer/Library/Xcode
    export XCODE_PRODUCT_BUILD_VERSION\=17F42
    export XCODE_VERSION_ACTUAL\=2650
    export XCODE_VERSION_MAJOR\=2600
    export XCODE_VERSION_MINOR\=2650
    export XPCSERVICES_FOLDER_PATH\=Mac\ Mouse\ Fix\ Helper.app/Contents/XPCServices
    export YACC\=yacc
    export _BOOL_\=NO
    export _BOOL_NO\=NO
    export _BOOL_YES\=YES
    export _DEVELOPMENT_TEAM_IS_EMPTY\=NO
    export _DISCOVER_COMMAND_LINE_LINKER_INPUTS\=YES
    export _DISCOVER_COMMAND_LINE_LINKER_INPUTS_INCLUDE_WL\=YES
    export _IS_EMPTY_\=YES
    export _LD_MULTIARCH\=YES
    export _MACOSX_DEPLOYMENT_TARGET_IS_EMPTY\=NO
    export _WRAPPER_CONTENTS_DIR\=/Contents
    export _WRAPPER_CONTENTS_DIR_SHALLOW_BUNDLE_NO\=/Contents
    export _WRAPPER_PARENT_PATH\=/..
    export _WRAPPER_PARENT_PATH_SHALLOW_BUNDLE_NO\=/..
    export _WRAPPER_RESOURCES_DIR\=/Resources
    export _WRAPPER_RESOURCES_DIR_SHALLOW_BUNDLE_NO\=/Resources
    export __DIAGNOSE_DEPRECATED_ARCHS\=YES
    export __IS_NOT_MACOS\=NO
    export __IS_NOT_MACOS_macosx\=NO
    export __IS_NOT_SIMULATOR\=YES
    export __IS_NOT_SIMULATOR_simulator\=NO
    export __ORIGINAL_SDK_DEFINED_LLVM_TARGET_TRIPLE_SYS\=macos
    export arch\=undefined_arch
    export variant\=normal
    /bin/sh -c /Users/shawnrain/Library/Developer/Xcode/DerivedData/Mouse_Fix-bnijtbnbbtqglwclwfpwrxsqeaod/Build/Intermediates.noindex/Mouse\\\ Fix.build/Debug/Mac\\\ Mouse\\\ Fix\\\ Helper.build/Script-4FD148D928AA45FE00FE688C.sh

PhaseScriptExecution Copy\ Version\ From\ Main\ App /Users/shawnrain/Library/Developer/Xcode/DerivedData/Mouse_Fix-bnijtbnbbtqglwclwfpwrxsqeaod/Build/Intermediates.noindex/Mouse\ Fix.build/Debug/Mac\ Mouse\ Fix\ Helper.build/Script-4FEEEC53263C164000C50193.sh (in target 'Mac Mouse Fix Helper' from project 'Mouse Fix')
    cd /Users/shawnrain/Library/Mobile\ Documents/com\~apple\~CloudDocs/Shawn\ Rain/Vibe-Coding/MacMouseFix
    export ACTION\=build
    export AD_HOC_CODE_SIGNING_ALLOWED\=YES
    export AGGREGATE_TRACKED_DOMAINS\=YES
    export ALLOW_BUILD_REQUEST_OVERRIDES\=NO
    export ALLOW_TARGET_PLATFORM_SPECIALIZATION\=NO
    export ALTERNATE_GROUP\=staff
    export ALTERNATE_MODE\=u+w,go-w,a+rX
    export ALTERNATE_OWNER\=shawnrain
    export ALTERNATIVE_DISTRIBUTION_WEB\=NO
    export ALWAYS_EMBED_SWIFT_STANDARD_LIBRARIES\=NO
    export ALWAYS_SEARCH_USER_PATHS\=NO
    export ALWAYS_USE_SEPARATE_HEADERMAPS\=NO
    export APPLICATION_EXTENSION_API_ONLY\=NO
    export APPLY_RULES_IN_COPY_FILES\=NO
    export APPLY_RULES_IN_COPY_HEADERS\=NO
    export APP_SHORTCUTS_ENABLE_FLEXIBLE_MATCHING\=YES
    export ARCHS\=arm64
    export ARCHS_BASE\=arm64
    export ARCHS_STANDARD\=arm64\ x86_64
    export ARCHS_STANDARD_32_64_BIT\=arm64\ x86_64\ i386
    export ARCHS_STANDARD_32_BIT\=i386
    export ARCHS_STANDARD_64_BIT\=arm64\ x86_64
    export ARCHS_STANDARD_INCLUDING_64_BIT\=arm64\ x86_64
    export ASSETCATALOG_COMPILER_APPICON_NAME\=AppIconRound
    export AUTOMATICALLY_MERGE_DEPENDENCIES\=NO
    export AUTOMATION_APPLE_EVENTS\=NO
    export AVAILABLE_PLATFORMS\=android\ appletvos\ appletvsimulator\ driverkit\ freebsd\ iphoneos\ iphonesimulator\ linux\ macosx\ none\ openbsd\ qnx\ watchos\ watchsimulator\ webassembly\ xros\ xrsimulator
    export AppIdentifierPrefix\=A4P8NY6A4J.
    export BUILD_ACTIVE_RESOURCES_ONLY\=NO
    export BUILD_COMPONENTS\=headers\ build
    export BUILD_DIR\=/Users/shawnrain/Library/Developer/Xcode/DerivedData/Mouse_Fix-bnijtbnbbtqglwclwfpwrxsqeaod/Build/Products
    export BUILD_LIBRARY_FOR_DISTRIBUTION\=NO
    export BUILD_ONLY_KNOWN_LOCALIZATIONS\=NO
    export BUILD_ROOT\=/Users/shawnrain/Library/Developer/Xcode/DerivedData/Mouse_Fix-bnijtbnbbtqglwclwfpwrxsqeaod/Build/Products
    export BUILD_STYLE\=
    export BUILD_VARIANTS\=normal
    export BUILT_PRODUCTS_DIR\=/Users/shawnrain/Library/Developer/Xcode/DerivedData/Mouse_Fix-bnijtbnbbtqglwclwfpwrxsqeaod/Build/Products/Debug
    export BUNDLE_CONTENTS_FOLDER_PATH\=Contents/
    export BUNDLE_CONTENTS_FOLDER_PATH_deep\=Contents/
    export BUNDLE_EXECUTABLE_FOLDER_NAME_deep\=MacOS
    export BUNDLE_EXECUTABLE_FOLDER_PATH\=Contents/MacOS
    export BUNDLE_EXTENSIONS_FOLDER_PATH\=Contents/Extensions
    export BUNDLE_FORMAT\=deep
    export BUNDLE_FRAMEWORKS_FOLDER_PATH\=Contents/Frameworks
    export BUNDLE_PLUGINS_FOLDER_PATH\=Contents/PlugIns
    export BUNDLE_PRIVATE_HEADERS_FOLDER_PATH\=Contents/PrivateHeaders
    export BUNDLE_PUBLIC_HEADERS_FOLDER_PATH\=Contents/Headers
    export CACHE_ROOT\=/var/folders/_8/1v69jn3n5yz8qghyzvch060c0000gn/C/com.apple.DeveloperTools/26.5-17F42/Xcode
    export CCHROOT\=/var/folders/_8/1v69jn3n5yz8qghyzvch060c0000gn/C/com.apple.DeveloperTools/26.5-17F42/Xcode
    export CHMOD\=/bin/chmod
    export CHOWN\=chown
    export CLANG_ALLOW_NON_MODULAR_INCLUDES_IN_FRAMEWORK_MODULES\=NO
    export CLANG_ANALYZER_LOCALIZABILITY_EMPTY_CONTEXT\=YES
    export CLANG_ANALYZER_LOCALIZABILITY_NONLOCALIZED\=YES
    export CLANG_ANALYZER_NONNULL\=YES
    export CLANG_ANALYZER_NUMBER_OBJECT_CONVERSION\=YES_AGGRESSIVE
    export CLANG_CACHE_FINE_GRAINED_OUTPUTS\=YES
    export CLANG_CXX_LANGUAGE_STANDARD\=gnu++14
    export CLANG_CXX_LIBRARY\=libc++
    export CLANG_ENABLE_EXPLICIT_MODULES\=YES
    export CLANG_ENABLE_MODULES\=YES
    export CLANG_ENABLE_OBJC_ARC\=YES
    export CLANG_MODULES_BUILD_SESSION_FILE\=/Users/shawnrain/Library/Developer/Xcode/DerivedData/ModuleCache.noindex/Session.modulevalidation
    export CLANG_UNDEFINED_BEHAVIOR_SANITIZER_NULLABILITY\=YES
    export CLANG_WARN_BLOCK_CAPTURE_AUTORELEASING\=YES
    export CLANG_WARN_BOOL_CONVERSION\=YES
    export CLANG_WARN_COMMA\=YES
    export CLANG_WARN_CONSTANT_CONVERSION\=YES
    export CLANG_WARN_DEPRECATED_OBJC_IMPLEMENTATIONS\=YES
    export CLANG_WARN_DIRECT_OBJC_ISA_USAGE\=YES_ERROR
    export CLANG_WARN_DOCUMENTATION_COMMENTS\=YES
    export CLANG_WARN_EMPTY_BODY\=YES
    export CLANG_WARN_ENUM_CONVERSION\=YES
    export CLANG_WARN_INFINITE_RECURSION\=YES
    export CLANG_WARN_INT_CONVERSION\=YES
    export CLANG_WARN_NON_LITERAL_NULL_CONVERSION\=YES
    export CLANG_WARN_OBJC_IMPLICIT_RETAIN_SELF\=YES
    export CLANG_WARN_OBJC_LITERAL_CONVERSION\=YES
    export CLANG_WARN_OBJC_REPEATED_USE_OF_WEAK\=YES
    export CLANG_WARN_OBJC_ROOT_CLASS\=YES_ERROR
    export CLANG_WARN_QUOTED_INCLUDE_IN_FRAMEWORK_HEADER\=NO
    export CLANG_WARN_RANGE_LOOP_ANALYSIS\=YES
    export CLANG_WARN_STRICT_PROTOTYPES\=YES
    export CLANG_WARN_SUSPICIOUS_MOVE\=YES
    export CLANG_WARN_UNGUARDED_AVAILABILITY\=YES_AGGRESSIVE
    export CLANG_WARN_UNREACHABLE_CODE\=YES
    export CLANG_WARN__DUPLICATE_METHOD_MATCH\=YES
    export CLASS_FILE_DIR\=/Users/shawnrain/Library/Developer/Xcode/DerivedData/Mouse_Fix-bnijtbnbbtqglwclwfpwrxsqeaod/Build/Intermediates.noindex/Mouse\ Fix.build/Debug/Mac\ Mouse\ Fix\ Helper.build/JavaClasses
    export CLEAN_PRECOMPS\=YES
    export CLONE_HEADERS\=NO
    export CODESIGNING_FOLDER_PATH\=/Users/shawnrain/Library/Developer/Xcode/DerivedData/Mouse_Fix-bnijtbnbbtqglwclwfpwrxsqeaod/Build/Products/Debug/Mac\ Mouse\ Fix\ Helper.app
    export CODE_SIGNING_ALLOWED\=YES
    export CODE_SIGNING_REQUIRED\=YES
    export CODE_SIGN_ENTITLEMENTS\=Helper/SupportFiles/Helper.entitlements
    export CODE_SIGN_IDENTITY\=Apple\ Development
    export CODE_SIGN_IDENTITY_NO\=Apple\ Development
    export CODE_SIGN_IDENTITY_YES\=-
    export CODE_SIGN_INJECT_BASE_ENTITLEMENTS\=YES
    export CODE_SIGN_STYLE\=Automatic
    export COLOR_DIAGNOSTICS\=NO
    export COMBINE_HIDPI_IMAGES\=YES
    export COMPILATION_CACHE_CAS_PATH\=/Users/shawnrain/Library/Developer/Xcode/DerivedData/CompilationCache.noindex
    export COMPILATION_CACHE_KEEP_CAS_DIRECTORY\=YES
    export COMPILER_INDEX_STORE_ENABLE\=Default
    export COMPOSITE_SDK_DIRS\=/Users/shawnrain/Library/Developer/Xcode/DerivedData/Mouse_Fix-bnijtbnbbtqglwclwfpwrxsqeaod/Build/Intermediates.noindex/CompositeSDKs
    export COMPRESS_PNG_FILES\=NO
    export CONFIGURATION\=Debug
    export CONFIGURATION_BUILD_DIR\=/Users/shawnrain/Library/Developer/Xcode/DerivedData/Mouse_Fix-bnijtbnbbtqglwclwfpwrxsqeaod/Build/Products/Debug
    export CONFIGURATION_TEMP_DIR\=/Users/shawnrain/Library/Developer/Xcode/DerivedData/Mouse_Fix-bnijtbnbbtqglwclwfpwrxsqeaod/Build/Intermediates.noindex/Mouse\ Fix.build/Debug
    export CONTENTS_FOLDER_PATH\=Mac\ Mouse\ Fix\ Helper.app/Contents
    export CONTENTS_FOLDER_PATH_SHALLOW_BUNDLE_NO\=Mac\ Mouse\ Fix\ Helper.app/Contents
    export CONTENTS_FOLDER_PATH_SHALLOW_BUNDLE_YES\=Mac\ Mouse\ Fix\ Helper.app
    export COPYING_PRESERVES_HFS_DATA\=NO
    export COPY_HEADERS_RUN_UNIFDEF\=NO
    export COPY_PHASE_STRIP\=NO
    export CP\=/bin/cp
    export CREATE_INFOPLIST_SECTION_IN_BINARY\=NO
    export CURRENT_ARCH\=undefined_arch
    export CURRENT_VARIANT\=normal
    export DEAD_CODE_STRIPPING\=YES
    export DEBUGGING_SYMBOLS\=YES
    export DEBUG_INFORMATION_FORMAT\=dwarf
    export DEBUG_INFORMATION_VERSION\=compiler-default
    export DEFAULT_COMPILER\=com.apple.compilers.llvm.clang.1_0
    export DEFAULT_DEXT_INSTALL_PATH\=/System/Library/DriverExtensions
    export DEFAULT_KEXT_INSTALL_PATH\=/System/Library/Extensions
    export DEFINES_MODULE\=YES
    export DEPLOYMENT_LOCATION\=NO
    export DEPLOYMENT_POSTPROCESSING\=NO
    export DEPLOYMENT_TARGET_SETTING_NAME\=MACOSX_DEPLOYMENT_TARGET
    export DEPLOYMENT_TARGET_SUGGESTED_VALUES\=10.13\ 10.14\ 10.15\ 11.0\ 11.1\ 11.2\ 11.3\ 11.4\ 11.5\ 12.0\ 12.2\ 12.3\ 12.4\ 13.0\ 13.1\ 13.2\ 13.3\ 13.4\ 13.5\ 14.0\ 14.1\ 14.2\ 14.3\ 14.4\ 14.5\ 14.6\ 15.0\ 15.1\ 15.2\ 15.3\ 15.4\ 15.5\ 15.6\ 26.0\ 26.1\ 26.2\ 26.3\ 26.4\ 26.5
    export DERIVED_FILES_DIR\=/Users/shawnrain/Library/Developer/Xcode/DerivedData/Mouse_Fix-bnijtbnbbtqglwclwfpwrxsqeaod/Build/Intermediates.noindex/Mouse\ Fix.build/Debug/Mac\ Mouse\ Fix\ Helper.build/DerivedSources
    export DERIVED_FILE_DIR\=/Users/shawnrain/Library/Developer/Xcode/DerivedData/Mouse_Fix-bnijtbnbbtqglwclwfpwrxsqeaod/Build/Intermediates.noindex/Mouse\ Fix.build/Debug/Mac\ Mouse\ Fix\ Helper.build/DerivedSources
    export DERIVED_SOURCES_DIR\=/Users/shawnrain/Library/Developer/Xcode/DerivedData/Mouse_Fix-bnijtbnbbtqglwclwfpwrxsqeaod/Build/Intermediates.noindex/Mouse\ Fix.build/Debug/Mac\ Mouse\ Fix\ Helper.build/DerivedSources
    export DEVELOPER_APPLICATIONS_DIR\=/Applications/Xcode.app/Contents/Developer/Applications
    export DEVELOPER_BIN_DIR\=/Applications/Xcode.app/Contents/Developer/usr/bin
    export DEVELOPER_DIR\=/Applications/Xcode.app/Contents/Developer
    export DEVELOPER_FRAMEWORKS_DIR\=/Applications/Xcode.app/Contents/Developer/Library/Frameworks
    export DEVELOPER_FRAMEWORKS_DIR_QUOTED\=/Applications/Xcode.app/Contents/Developer/Library/Frameworks
    export DEVELOPER_LIBRARY_DIR\=/Applications/Xcode.app/Contents/Developer/Library
    export DEVELOPER_SDK_DIR\=/Applications/Xcode.app/Contents/Developer/Platforms/MacOSX.platform/Developer/SDKs
    export DEVELOPER_TOOLS_DIR\=/Applications/Xcode.app/Contents/Developer/Tools
    export DEVELOPER_USR_DIR\=/Applications/Xcode.app/Contents/Developer/usr
    export DEVELOPMENT_LANGUAGE\=en
    export DEVELOPMENT_TEAM\=A4P8NY6A4J
    export DIAGNOSE_MISSING_TARGET_DEPENDENCIES\=YES
    export DIFF\=/usr/bin/diff
    export DOCUMENTATION_FOLDER_PATH\=Mac\ Mouse\ Fix\ Helper.app/Contents/Resources/en.lproj/Documentation
    export DONT_GENERATE_INFOPLIST_FILE\=NO
    export DSTROOT\=/tmp/Mouse\ Fix.dst
    export DT_TOOLCHAIN_DIR\=/Applications/Xcode.app/Contents/Developer/Toolchains/XcodeDefault.xctoolchain
    export DUMP_DEPENDENCIES\=NO
    export DUMP_DEPENDENCIES_OUTPUT_PATH\=/Users/shawnrain/Library/Developer/Xcode/DerivedData/Mouse_Fix-bnijtbnbbtqglwclwfpwrxsqeaod/Build/Intermediates.noindex/Mouse\ Fix.build/Debug/Mac\ Mouse\ Fix\ Helper.build/Mac\ Mouse\ Fix\ Helper-BuildDependencyInfo.json
    export DWARF_DSYM_FILE_NAME\=Mac\ Mouse\ Fix\ Helper.app.dSYM
    export DWARF_DSYM_FILE_SHOULD_ACCOMPANY_PRODUCT\=NO
    export DWARF_DSYM_FOLDER_PATH\=/Users/shawnrain/Library/Developer/Xcode/DerivedData/Mouse_Fix-bnijtbnbbtqglwclwfpwrxsqeaod/Build/Products/Debug
    export DYNAMIC_LIBRARY_EXTENSION\=dylib
    export EAGER_COMPILATION_ALLOW_SCRIPTS\=NO
    export EAGER_LINKING\=NO
    export EFFECTIVE_SWIFT_VERSION\=5
    export EMBEDDED_CONTENT_CONTAINS_SWIFT\=NO
    export EMBEDDED_PROFILE_NAME\=embedded.provisionprofile
    export EMBED_ASSET_PACKS_IN_PRODUCT_BUNDLE\=NO
    export EMBED_PACKAGE_RESOURCE_BUNDLE_NAMES\=\ CocoaLumberjack_CocoaLumberjack
    export ENABLE_APP_SANDBOX\=NO
    export ENABLE_CODE_COVERAGE\=YES
    export ENABLE_COHORT_ARCHS\=NO
    export ENABLE_CPLUSPLUS_BOUNDS_SAFE_BUFFERS\=NO
    export ENABLE_C_BOUNDS_SAFETY\=NO
    export ENABLE_DEBUG_DYLIB\=NO
    export ENABLE_DEFAULT_HEADER_SEARCH_PATHS\=YES
    export ENABLE_DEFAULT_SEARCH_PATHS\=YES
    export ENABLE_ENHANCED_SECURITY\=NO
    export ENABLE_HARDENED_RUNTIME\=YES
    export ENABLE_HEADER_DEPENDENCIES\=YES
    export ENABLE_INCOMING_NETWORK_CONNECTIONS\=NO
    export ENABLE_ON_DEMAND_RESOURCES\=NO
    export ENABLE_OUTGOING_NETWORK_CONNECTIONS\=NO
    export ENABLE_POINTER_AUTHENTICATION\=NO
    export ENABLE_PREVIEWS\=NO
    export ENABLE_RESOURCE_ACCESS_AUDIO_INPUT\=NO
    export ENABLE_RESOURCE_ACCESS_BLUETOOTH\=NO
    export ENABLE_RESOURCE_ACCESS_CALENDARS\=NO
    export ENABLE_RESOURCE_ACCESS_CAMERA\=NO
    export ENABLE_RESOURCE_ACCESS_CONTACTS\=NO
    export ENABLE_RESOURCE_ACCESS_LOCATION\=NO
    export ENABLE_RESOURCE_ACCESS_PHOTO_LIBRARY\=NO
    export ENABLE_RESOURCE_ACCESS_PRINTING\=NO
    export ENABLE_RESOURCE_ACCESS_USB\=NO
    export ENABLE_SDK_IMPORTS\=NO
    export ENABLE_SECURITY_COMPILER_WARNINGS\=NO
    export ENABLE_STRICT_OBJC_MSGSEND\=YES
    export ENABLE_TESTABILITY\=YES
    export ENABLE_TESTING_SEARCH_PATHS\=NO
    export ENABLE_USER_SCRIPT_SANDBOXING\=NO
    export ENABLE_XOJIT_PREVIEWS\=YES
    export ENFORCE_VALID_ARCHS\=YES
    export ENTITLEMENTS_ALLOWED\=YES
    export ENTITLEMENTS_DESTINATION\=Signature
    export ENTITLEMENTS_REQUIRED\=NO
    export EXCLUDED_INSTALLSRC_SUBDIRECTORY_PATTERNS\=.DS_Store\ .svn\ .git\ .hg\ CVS
    export EXCLUDED_RECURSIVE_SEARCH_PATH_SUBDIRECTORIES\=\*.nib\ \*.lproj\ \*.framework\ \*.gch\ \*.xcode\*\ \*.xcassets\ \*.icon\ \(\*\)\ .DS_Store\ CVS\ .svn\ .git\ .hg\ \*.pbproj\ \*.pbxproj
    export EXCLUDED_SOURCE_FILE_NAMES\=\*_old_\*
    export EXECUTABLES_FOLDER_PATH\=Mac\ Mouse\ Fix\ Helper.app/Contents/Executables
    export EXECUTABLE_FOLDER_PATH\=Mac\ Mouse\ Fix\ Helper.app/Contents/MacOS
    export EXECUTABLE_FOLDER_PATH_SHALLOW_BUNDLE_NO\=Mac\ Mouse\ Fix\ Helper.app/Contents/MacOS
    export EXECUTABLE_FOLDER_PATH_SHALLOW_BUNDLE_YES\=Mac\ Mouse\ Fix\ Helper.app/Contents
    export EXECUTABLE_NAME\=Mac\ Mouse\ Fix\ Helper
    export EXECUTABLE_PATH\=Mac\ Mouse\ Fix\ Helper.app/Contents/MacOS/Mac\ Mouse\ Fix\ Helper
    export EXPANDED_CODE_SIGN_IDENTITY\=7CA5277123CF08A4B9965DA463852FE0F2E43C42
    export EXPANDED_CODE_SIGN_IDENTITY_NAME\=Apple\ Development:\ shawnrain@foxmail.com\ \(ZQG28N5AK8\)
    export EXTENSIONS_FOLDER_PATH\=Mac\ Mouse\ Fix\ Helper.app/Contents/Extensions
    export FILE_LIST\=/Users/shawnrain/Library/Developer/Xcode/DerivedData/Mouse_Fix-bnijtbnbbtqglwclwfpwrxsqeaod/Build/Intermediates.noindex/Mouse\ Fix.build/Debug/Mac\ Mouse\ Fix\ Helper.build/Objects/LinkFileList
    export FIXED_FILES_DIR\=/Users/shawnrain/Library/Developer/Xcode/DerivedData/Mouse_Fix-bnijtbnbbtqglwclwfpwrxsqeaod/Build/Intermediates.noindex/Mouse\ Fix.build/Debug/Mac\ Mouse\ Fix\ Helper.build/FixedFiles
    export FRAMEWORKS_FOLDER_PATH\=Mac\ Mouse\ Fix\ Helper.app/Contents/Frameworks
    export FRAMEWORK_FLAG_PREFIX\=-framework
    export FRAMEWORK_SEARCH_PATHS\=/Users/shawnrain/Library/Developer/Xcode/DerivedData/Mouse_Fix-bnijtbnbbtqglwclwfpwrxsqeaod/Build/Products/Debug/PackageFrameworks\ /Users/shawnrain/Library/Developer/Xcode/DerivedData/Mouse_Fix-bnijtbnbbtqglwclwfpwrxsqeaod/Build/Products/Debug/PackageFrameworks\ /Users/shawnrain/Library/Developer/Xcode/DerivedData/Mouse_Fix-bnijtbnbbtqglwclwfpwrxsqeaod/Build/Products/Debug/PackageFrameworks\ /Users/shawnrain/Library/Developer/Xcode/DerivedData/Mouse_Fix-bnijtbnbbtqglwclwfpwrxsqeaod/Build/Products/Debug/PackageFrameworks\ /Users/shawnrain/Library/Developer/Xcode/DerivedData/Mouse_Fix-bnijtbnbbtqglwclwfpwrxsqeaod/Build/Products/Debug/PackageFrameworks\ /Users/shawnrain/Library/Developer/Xcode/DerivedData/Mouse_Fix-bnijtbnbbtqglwclwfpwrxsqeaod/Build/Products/Debug/PackageFrameworks\ /Users/shawnrain/Library/Developer/Xcode/DerivedData/Mouse_Fix-bnijtbnbbtqglwclwfpwrxsqeaod/Build/Products/Debug\ \ /Applications/Xcode.app/Contents/Developer/Platforms/MacOSX.platform/Developer/SDKs/MacOSX.sdk/System/Library/Frameworks/ApplicationServices.framework/Frameworks\ /Users/shawnrain/Library/Mobile\ Documents/com\~apple\~CloudDocs/Shawn\ Rain/Vibe-Coding/MacMouseFix/Frameworks
    export FRAMEWORK_VERSION\=A
    export FULL_PRODUCT_NAME\=Mac\ Mouse\ Fix\ Helper.app
    export FUSE_BUILD_PHASES\=YES
    export FUSE_BUILD_SCRIPT_PHASES\=NO
    export GCC3_VERSION\=3.3
    export GCC_C_LANGUAGE_STANDARD\=gnu11
    export GCC_DYNAMIC_NO_PIC\=NO
    export GCC_INLINES_ARE_PRIVATE_EXTERN\=YES
    export GCC_NO_COMMON_BLOCKS\=YES
    export GCC_OPTIMIZATION_LEVEL\=0
    export GCC_PFE_FILE_C_DIALECTS\=c\ objective-c\ c++\ objective-c++
    export GCC_PRECOMPILE_PREFIX_HEADER\=YES
    export GCC_PREPROCESSOR_DEFINITIONS\=\ DEBUG\=1\ IS_HELPER\=1\ NO_FILTER\=1
    export GCC_SYMBOLS_PRIVATE_EXTERN\=NO
    export GCC_TREAT_WARNINGS_AS_ERRORS\=NO
    export GCC_VERSION\=com.apple.compilers.llvm.clang.1_0
    export GCC_VERSION_IDENTIFIER\=com_apple_compilers_llvm_clang_1_0
    export GCC_WARN_64_TO_32_BIT_CONVERSION\=YES
    export GCC_WARN_ABOUT_RETURN_TYPE\=YES_ERROR
    export GCC_WARN_UNDECLARED_SELECTOR\=YES
    export GCC_WARN_UNINITIALIZED_AUTOS\=YES_AGGRESSIVE
    export GCC_WARN_UNUSED_FUNCTION\=YES
    export GCC_WARN_UNUSED_VARIABLE\=YES
    export GENERATED_MODULEMAP_DIR\=/Users/shawnrain/Library/Developer/Xcode/DerivedData/Mouse_Fix-bnijtbnbbtqglwclwfpwrxsqeaod/Build/Intermediates.noindex/GeneratedModuleMaps
    export GENERATE_INFOPLIST_FILE\=NO
    export GENERATE_INTERMEDIATE_TEXT_BASED_STUBS\=YES
    export GENERATE_PKGINFO_FILE\=YES
    export GENERATE_PRELINK_OBJECT_FILE\=NO
    export GENERATE_PROFILING_CODE\=NO
    export GENERATE_TEXT_BASED_STUBS\=NO
    export GID\=20
    export GROUP\=staff
    export HEADERMAP_INCLUDES_FLAT_ENTRIES_FOR_TARGET_BEING_BUILT\=YES
    export HEADERMAP_INCLUDES_FRAMEWORK_ENTRIES_FOR_ALL_PRODUCT_TYPES\=YES
    export HEADERMAP_INCLUDES_FRAMEWORK_ENTRIES_FOR_TARGETS_NOT_BEING_BUILT\=YES
    export HEADERMAP_INCLUDES_NONPUBLIC_NONPRIVATE_HEADERS\=YES
    export HEADERMAP_INCLUDES_PROJECT_HEADERS\=YES
    export HEADERMAP_USES_FRAMEWORK_PREFIX_ENTRIES\=YES
    export HEADERMAP_USES_VFS\=YES
    export HEADER_SEARCH_PATHS\=/Users/shawnrain/Library/Developer/Xcode/DerivedData/Mouse_Fix-bnijtbnbbtqglwclwfpwrxsqeaod/SourcePackages/checkouts/ReactiveCocoa/ReactiveCocoaObjC/include\ /Users/shawnrain/Library/Developer/Xcode/DerivedData/Mouse_Fix-bnijtbnbbtqglwclwfpwrxsqeaod/SourcePackages/checkouts/CocoaLumberjack/Sources/CocoaLumberjackSwiftSupport/include\ /Users/shawnrain/Library/Developer/Xcode/DerivedData/Mouse_Fix-bnijtbnbbtqglwclwfpwrxsqeaod/SourcePackages/checkouts/CocoaLumberjack/Sources/CocoaLumberjack/include\ /Users/shawnrain/Library/Developer/Xcode/DerivedData/Mouse_Fix-bnijtbnbbtqglwclwfpwrxsqeaod/Build/Products/Debug/include\ 
    export HOME\=/Users/shawnrain
    export HOST_ARCH\=arm64
    export HOST_PLATFORM\=macosx
    export ICONV\=/usr/bin/iconv
    export IMPLICIT_DEPENDENCY_DOMAIN\=default
    export INDEX_STORE_COMPRESS\=NO
    export INDEX_STORE_ONLY_PROJECT_FILES\=NO
    export INFOPLIST_ENABLE_CFBUNDLEICONS_MERGE\=YES
    export INFOPLIST_EXPAND_BUILD_SETTINGS\=YES
    export INFOPLIST_FILE\=Helper/SupportFiles/Info.plist
    export INFOPLIST_FILE_HELPER\=Helper/SupportFiles/Info.plist
    export INFOPLIST_FILE_MAINAPP\=App/SupportFiles/Info.plist
    export INFOPLIST_KEY_LSApplicationCategoryType\=public.app-category.utilities
    export INFOPLIST_OUTPUT_FORMAT\=same-as-input
    export INFOPLIST_PATH\=Mac\ Mouse\ Fix\ Helper.app/Contents/Info.plist
    export INFOPLIST_PREPROCESS\=NO
    export INFOSTRINGS_PATH\=Mac\ Mouse\ Fix\ Helper.app/Contents/Resources/en.lproj/InfoPlist.strings
    export INLINE_PRIVATE_FRAMEWORKS\=NO
    export INSTALLAPI_IGNORE_SKIP_INSTALL\=YES
    export INSTALLHDRS_COPY_PHASE\=NO
    export INSTALLHDRS_SCRIPT_PHASE\=NO
    export INSTALL_DIR\=/tmp/Mouse\ Fix.dst/Applications
    export INSTALL_GROUP\=staff
    export INSTALL_MODE_FLAG\=u+w,go-w,a+rX
    export INSTALL_OWNER\=shawnrain
    export INSTALL_PATH\=/Applications
    export INSTALL_ROOT\=/tmp/Mouse\ Fix.dst
    export IOS_UNZIPPERED_TWIN_PREFIX_PATH\=/System/iOSSupport
    export IS_MACCATALYST\=NO
    export IS_UNOPTIMIZED_BUILD\=YES
    export JAVAC_DEFAULT_FLAGS\=-J-Xms64m\ -J-XX:NewSize\=4M\ -J-Dfile.encoding\=UTF8
    export JAVA_APP_STUB\=/System/Library/Frameworks/JavaVM.framework/Resources/MacOS/JavaApplicationStub
    export JAVA_ARCHIVE_CLASSES\=YES
    export JAVA_ARCHIVE_TYPE\=JAR
    export JAVA_COMPILER\=/usr/bin/javac
    export JAVA_FOLDER_PATH\=Mac\ Mouse\ Fix\ Helper.app/Contents/Resources/Java
    export JAVA_FRAMEWORK_RESOURCES_DIRS\=Resources
    export JAVA_JAR_FLAGS\=cv
    export JAVA_SOURCE_SUBDIR\=.
    export JAVA_USE_DEPENDENCIES\=YES
    export JAVA_ZIP_FLAGS\=-urg
    export JIKES_DEFAULT_FLAGS\=+E\ +OLDCSO
    export KASAN_CFLAGS_CLASSIC\=-DKASAN\=1\ -DKASAN_CLASSIC\=1\ -fsanitize\=address\ -mllvm\ -asan-globals-live-support\ -mllvm\ -asan-force-dynamic-shadow
    export KASAN_CFLAGS_TBI\=-DKASAN\=1\ -DKASAN_TBI\=1\ -fsanitize\=kernel-hwaddress\ -mllvm\ -hwasan-recover\=0\ -mllvm\ -hwasan-instrument-atomics\=0\ -mllvm\ -hwasan-instrument-stack\=1\ -mllvm\ -hwasan-generate-tags-with-calls\=1\ -mllvm\ -hwasan-instrument-with-calls\=1\ -mllvm\ -hwasan-use-short-granules\=0\ -mllvm\ -hwasan-memory-access-callback-prefix\=__asan_
    export KASAN_DEFAULT_CFLAGS\=-DKASAN\=1\ -DKASAN_CLASSIC\=1\ -fsanitize\=address\ -mllvm\ -asan-globals-live-support\ -mllvm\ -asan-force-dynamic-shadow
    export KEEP_PRIVATE_EXTERNS\=NO
    export LD_DEPENDENCY_INFO_FILE\=/Users/shawnrain/Library/Developer/Xcode/DerivedData/Mouse_Fix-bnijtbnbbtqglwclwfpwrxsqeaod/Build/Intermediates.noindex/Mouse\ Fix.build/Debug/Mac\ Mouse\ Fix\ Helper.build/Objects-normal/undefined_arch/Mac\ Mouse\ Fix\ Helper_dependency_info.dat
    export LD_EXPORT_SYMBOLS\=YES
    export LD_GENERATE_MAP_FILE\=NO
    export LD_MAP_FILE_PATH\=/Users/shawnrain/Library/Developer/Xcode/DerivedData/Mouse_Fix-bnijtbnbbtqglwclwfpwrxsqeaod/Build/Intermediates.noindex/Mouse\ Fix.build/Debug/Mac\ Mouse\ Fix\ Helper.build/Mac\ Mouse\ Fix\ Helper-LinkMap-normal-undefined_arch.txt
    export LD_NO_PIE\=NO
    export LD_QUOTE_LINKER_ARGUMENTS_FOR_COMPILER_DRIVER\=YES
    export LD_RUNPATH_SEARCH_PATHS\=/Users/shawnrain/Library/Developer/Xcode/DerivedData/Mouse_Fix-bnijtbnbbtqglwclwfpwrxsqeaod/Build/Products/Debug/PackageFrameworks\ /Users/shawnrain/Library/Developer/Xcode/DerivedData/Mouse_Fix-bnijtbnbbtqglwclwfpwrxsqeaod/Build/Products/Debug/PackageFrameworks\ /Users/shawnrain/Library/Developer/Xcode/DerivedData/Mouse_Fix-bnijtbnbbtqglwclwfpwrxsqeaod/Build/Products/Debug/PackageFrameworks\ /Users/shawnrain/Library/Developer/Xcode/DerivedData/Mouse_Fix-bnijtbnbbtqglwclwfpwrxsqeaod/Build/Products/Debug/PackageFrameworks\ /Users/shawnrain/Library/Developer/Xcode/DerivedData/Mouse_Fix-bnijtbnbbtqglwclwfpwrxsqeaod/Build/Products/Debug/PackageFrameworks\ /Users/shawnrain/Library/Developer/Xcode/DerivedData/Mouse_Fix-bnijtbnbbtqglwclwfpwrxsqeaod/Build/Products/Debug/PackageFrameworks\ @executable_path/../Frameworks
    export LD_RUNPATH_SEARCH_PATHS_YES\=@loader_path/../Frameworks
    export LD_SHARED_CACHE_ELIGIBLE\=Automatic
    export LD_WARN_DUPLICATE_LIBRARIES\=NO
    export LD_WARN_UNUSED_DYLIBS\=NO
    export LEGACY_DEVELOPER_DIR\=/Applications/Xcode.app/Contents/PlugIns/Xcode3Core.ideplugin/Contents/SharedSupport/Developer
    export LEX\=lex
    export LIBRARY_DEXT_INSTALL_PATH\=/Library/DriverExtensions
    export LIBRARY_FLAG_NOSPACE\=YES
    export LIBRARY_FLAG_PREFIX\=-l
    export LIBRARY_KEXT_INSTALL_PATH\=/Library/Extensions
    export LIBRARY_SEARCH_PATHS\=/Users/shawnrain/Library/Developer/Xcode/DerivedData/Mouse_Fix-bnijtbnbbtqglwclwfpwrxsqeaod/Build/Products/Debug\ \ /Users/shawnrain/Library/Mobile\ Documents/com\~apple\~CloudDocs/Shawn\ Rain/Vibe-Coding/MacMouseFix/Frameworks/\*\*
    export LINKER_DISPLAYS_MANGLED_NAMES\=NO
    export LINK_FILE_LIST_normal_arm64\=/Users/shawnrain/Library/Developer/Xcode/DerivedData/Mouse_Fix-bnijtbnbbtqglwclwfpwrxsqeaod/Build/Intermediates.noindex/Mouse\ Fix.build/Debug/Mac\ Mouse\ Fix\ Helper.build/Objects-normal/arm64/Mac\ Mouse\ Fix\ Helper.LinkFileList
    export LINK_OBJC_RUNTIME\=YES
    export LINK_WITH_STANDARD_LIBRARIES\=YES
    export LLVM_TARGET_TRIPLE_OS_VERSION\=macos15.0
    export LLVM_TARGET_TRIPLE_OS_VERSION_NO\=macos15.0
    export LLVM_TARGET_TRIPLE_OS_VERSION_YES\=macos26.5
    export LLVM_TARGET_TRIPLE_VENDOR\=apple
    export LM_AUX_CONST_METADATA_LIST_PATH_normal_arm64\=/Users/shawnrain/Library/Developer/Xcode/DerivedData/Mouse_Fix-bnijtbnbbtqglwclwfpwrxsqeaod/Build/Intermediates.noindex/Mouse\ Fix.build/Debug/Mac\ Mouse\ Fix\ Helper.build/Objects-normal/arm64/Mac\ Mouse\ Fix\ Helper.SwiftConstValuesFileList
    export LOCALIZATION_EXPORT_SUPPORTED\=YES
    export LOCALIZATION_PREFERS_STRING_CATALOGS\=YES
    export LOCALIZED_RESOURCES_FOLDER_PATH\=Mac\ Mouse\ Fix\ Helper.app/Contents/Resources/en.lproj
    export LOCALIZED_STRING_CODE_COMMENTS\=NO
    export LOCALIZED_STRING_MACRO_NAMES\=MFLocalizedString\ NSLocalizedString\ CFCopyLocalizedString
    export LOCALIZED_STRING_SWIFTUI_SUPPORT\=YES
    export LOCAL_ADMIN_APPS_DIR\=/Applications/Utilities
    export LOCAL_APPS_DIR\=/Applications
    export LOCAL_DEVELOPER_DIR\=/Library/Developer
    export LOCAL_LIBRARY_DIR\=/Library
    export LOCROOT\=/Users/shawnrain/Library/Mobile\ Documents/com\~apple\~CloudDocs/Shawn\ Rain/Vibe-Coding/MacMouseFix
    export LOCSYMROOT\=/Users/shawnrain/Library/Mobile\ Documents/com\~apple\~CloudDocs/Shawn\ Rain/Vibe-Coding/MacMouseFix
    export MACH_O_TYPE\=mh_execute
    export MACOSX_DEPLOYMENT_TARGET\=15.0
    export MAC_OS_X_PRODUCT_BUILD_VERSION\=26A5353q
    export MAC_OS_X_VERSION_ACTUAL\=270000
    export MAC_OS_X_VERSION_MAJOR\=270000
    export MAC_OS_X_VERSION_MINOR\=270000
    export MAKE_MERGEABLE\=NO
    export MERGEABLE_LIBRARY\=NO
    export MERGED_BINARY_TYPE\=none
    export MERGE_LINKED_LIBRARIES\=NO
    export METAL_LIBRARY_FILE_BASE\=default
    export METAL_LIBRARY_OUTPUT_DIR\=/Users/shawnrain/Library/Developer/Xcode/DerivedData/Mouse_Fix-bnijtbnbbtqglwclwfpwrxsqeaod/Build/Products/Debug/Mac\ Mouse\ Fix\ Helper.app/Contents/Resources
    export MODULES_FOLDER_PATH\=Mac\ Mouse\ Fix\ Helper.app/Contents/Modules
    export MODULE_CACHE_DIR\=/Users/shawnrain/Library/Developer/Xcode/DerivedData/ModuleCache.noindex
    export MTL_ENABLE_DEBUG_INFO\=YES
    export NATIVE_ARCH\=arm64
    export NATIVE_ARCH_32_BIT\=arm
    export NATIVE_ARCH_64_BIT\=arm64
    export NATIVE_ARCH_ACTUAL\=arm64
    export NO_COMMON\=YES
    export OBJECT_FILE_DIR\=/Users/shawnrain/Library/Developer/Xcode/DerivedData/Mouse_Fix-bnijtbnbbtqglwclwfpwrxsqeaod/Build/Intermediates.noindex/Mouse\ Fix.build/Debug/Mac\ Mouse\ Fix\ Helper.build/Objects
    export OBJECT_FILE_DIR_normal\=/Users/shawnrain/Library/Developer/Xcode/DerivedData/Mouse_Fix-bnijtbnbbtqglwclwfpwrxsqeaod/Build/Intermediates.noindex/Mouse\ Fix.build/Debug/Mac\ Mouse\ Fix\ Helper.build/Objects-normal
    export OBJROOT\=/Users/shawnrain/Library/Developer/Xcode/DerivedData/Mouse_Fix-bnijtbnbbtqglwclwfpwrxsqeaod/Build/Intermediates.noindex
    export ONLY_ACTIVE_ARCH\=YES
    export OS\=MACOS
    export OSAC\=/usr/bin/osacompile
    export OTHER_CFLAGS\=-fmodule-map-file\=/Users/shawnrain/Library/Developer/Xcode/DerivedData/Mouse_Fix-bnijtbnbbtqglwclwfpwrxsqeaod/Build/Intermediates.noindex/GeneratedModuleMaps/ReactiveCocoaObjC.modulemap\ -fmodule-map-file\=/Users/shawnrain/Library/Developer/Xcode/DerivedData/Mouse_Fix-bnijtbnbbtqglwclwfpwrxsqeaod/Build/Intermediates.noindex/GeneratedModuleMaps/ReactiveCocoa.modulemap\ -fmodule-map-file\=/Users/shawnrain/Library/Developer/Xcode/DerivedData/Mouse_Fix-bnijtbnbbtqglwclwfpwrxsqeaod/Build/Intermediates.noindex/GeneratedModuleMaps/ReactiveSwift.modulemap\ -fmodule-map-file\=/Users/shawnrain/Library/Developer/Xcode/DerivedData/Mouse_Fix-bnijtbnbbtqglwclwfpwrxsqeaod/Build/Intermediates.noindex/GeneratedModuleMaps/CocoaLumberjackSwiftSupport.modulemap\ -fmodule-map-file\=/Users/shawnrain/Library/Developer/Xcode/DerivedData/Mouse_Fix-bnijtbnbbtqglwclwfpwrxsqeaod/Build/Intermediates.noindex/GeneratedModuleMaps/CocoaLumberjack.modulemap\ -fmodule-map-file\=/Users/shawnrain/Library/Developer/Xcode/DerivedData/Mouse_Fix-bnijtbnbbtqglwclwfpwrxsqeaod/Build/Intermediates.noindex/GeneratedModuleMaps/CocoaLumberjackSwift.modulemap\ \"-Dnil\=\(\(id\\\ _Nullable\)__DARWIN_NULL\)\"\ \"-DNULL\=\(\(void\ \*\\\ _Nullable\)0\)\"
    export OTHER_CPLUSPLUSFLAGS\=-fmodule-map-file\=/Users/shawnrain/Library/Developer/Xcode/DerivedData/Mouse_Fix-bnijtbnbbtqglwclwfpwrxsqeaod/Build/Intermediates.noindex/GeneratedModuleMaps/ReactiveCocoaObjC.modulemap\ -fmodule-map-file\=/Users/shawnrain/Library/Developer/Xcode/DerivedData/Mouse_Fix-bnijtbnbbtqglwclwfpwrxsqeaod/Build/Intermediates.noindex/GeneratedModuleMaps/ReactiveCocoa.modulemap\ -fmodule-map-file\=/Users/shawnrain/Library/Developer/Xcode/DerivedData/Mouse_Fix-bnijtbnbbtqglwclwfpwrxsqeaod/Build/Intermediates.noindex/GeneratedModuleMaps/ReactiveSwift.modulemap\ -fmodule-map-file\=/Users/shawnrain/Library/Developer/Xcode/DerivedData/Mouse_Fix-bnijtbnbbtqglwclwfpwrxsqeaod/Build/Intermediates.noindex/GeneratedModuleMaps/CocoaLumberjackSwiftSupport.modulemap\ -fmodule-map-file\=/Users/shawnrain/Library/Developer/Xcode/DerivedData/Mouse_Fix-bnijtbnbbtqglwclwfpwrxsqeaod/Build/Intermediates.noindex/GeneratedModuleMaps/CocoaLumberjack.modulemap\ -fmodule-map-file\=/Users/shawnrain/Library/Developer/Xcode/DerivedData/Mouse_Fix-bnijtbnbbtqglwclwfpwrxsqeaod/Build/Intermediates.noindex/GeneratedModuleMaps/CocoaLumberjackSwift.modulemap\ \"-Dnil\=\(\(id\\\ _Nullable\)__DARWIN_NULL\)\"\ \"-DNULL\=\(\(void\ \*\\\ _Nullable\)0\)\"
    export OTHER_LDFLAGS\=-Wl,-no_warn_duplicate_libraries\ -Wl,-no_warn_duplicate_libraries\ -Wl,-no_warn_duplicate_libraries\ -Wl,-no_warn_duplicate_libraries\ -Wl,-no_warn_duplicate_libraries\ -Wl,-no_warn_duplicate_libraries\ 
    export OTHER_SWIFT_FLAGS\=-Xcc\ -fmodule-map-file\=/Users/shawnrain/Library/Developer/Xcode/DerivedData/Mouse_Fix-bnijtbnbbtqglwclwfpwrxsqeaod/Build/Intermediates.noindex/GeneratedModuleMaps/ReactiveCocoaObjC.modulemap\ -Xcc\ -fmodule-map-file\=/Users/shawnrain/Library/Developer/Xcode/DerivedData/Mouse_Fix-bnijtbnbbtqglwclwfpwrxsqeaod/Build/Intermediates.noindex/GeneratedModuleMaps/CocoaLumberjackSwiftSupport.modulemap\ -Xcc\ -fmodule-map-file\=/Users/shawnrain/Library/Developer/Xcode/DerivedData/Mouse_Fix-bnijtbnbbtqglwclwfpwrxsqeaod/Build/Intermediates.noindex/GeneratedModuleMaps/CocoaLumberjack.modulemap\ 
    export PACKAGE_TYPE\=com.apple.package-type.wrapper.application
    export PASCAL_STRINGS\=YES
    export PATH\=/Applications/Xcode.app/Contents/SharedFrameworks/SwiftBuild.framework/Versions/A/PlugIns/SWBBuildService.bundle/Contents/PlugIns/SWBUniversalPlatformPlugin.bundle/Contents/Frameworks/SWBUniversalPlatform.framework/Resources:/Applications/Xcode.app/Contents/Developer/Toolchains/XcodeDefault.xctoolchain/usr/bin:/Applications/Xcode.app/Contents/Developer/Toolchains/XcodeDefault.xctoolchain/usr/local/bin:/Applications/Xcode.app/Contents/Developer/Toolchains/XcodeDefault.xctoolchain/usr/libexec:/Applications/Xcode.app/Contents/Developer/Platforms/MacOSX.platform/usr/bin:/Applications/Xcode.app/Contents/Developer/Platforms/MacOSX.platform/usr/local/bin:/Applications/Xcode.app/Contents/Developer/Platforms/MacOSX.platform/Developer/usr/bin:/Applications/Xcode.app/Contents/Developer/Platforms/MacOSX.platform/Developer/usr/local/bin:/Applications/Xcode.app/Contents/Developer/usr/bin:/Applications/Xcode.app/Contents/Developer/usr/local/bin:/Users/shawnrain/.gemini/antigravity/bin:/Users/shawnrain/Library/Application\ Support/Antigravity/bin:/Users/shawnrain/.antigravity/antigravity/bin:/Users/shawnrain/.local/bin:/opt/homebrew/opt/openjdk@17/libexec/openjdk.jdk/Contents/Home/bin:/Users/shawnrain/android-sdk/platform-tools:/Users/shawnrain/android-sdk/cmdline-tools/latest/bin:/opt/homebrew/bin:/usr/local/bin:/System/Cryptexes/App/usr/bin:/usr/bin:/bin:/usr/sbin:/sbin:/var/run/com.apple.security.cryptexd/codex.system/bootstrap/usr/local/bin:/var/run/com.apple.security.cryptexd/codex.system/bootstrap/usr/bin:/var/run/com.apple.security.cryptexd/codex.system/bootstrap/usr/appleinternal/bin:/pkg/env/global/bin://Applications/Topaz\ Gigapixel.app/Contents/Resources/bin://Applications/Topaz\ Photo.app/Contents/Resources/bin:/Library/Apple/usr/bin:/Users/shawnrain/.orbstack/bin:/Users/shawnrain/.spicetify
    export PATH_PREFIXES_EXCLUDED_FROM_HEADER_DEPENDENCIES\=/usr/include\ /usr/local/include\ /System/Library/Frameworks\ /System/Library/PrivateFrameworks\ /Applications/Xcode.app/Contents/Developer/Headers\ /Applications/Xcode.app/Contents/Developer/SDKs\ /Applications/Xcode.app/Contents/Developer/Platforms
    export PBDEVELOPMENTPLIST_PATH\=Mac\ Mouse\ Fix\ Helper.app/Contents/pbdevelopment.plist
    export PER_ARCH_MODULE_FILE_DIR\=/Users/shawnrain/Library/Developer/Xcode/DerivedData/Mouse_Fix-bnijtbnbbtqglwclwfpwrxsqeaod/Build/Intermediates.noindex/Mouse\ Fix.build/Debug/Mac\ Mouse\ Fix\ Helper.build/Objects-normal/undefined_arch
    export PER_ARCH_OBJECT_FILE_DIR\=/Users/shawnrain/Library/Developer/Xcode/DerivedData/Mouse_Fix-bnijtbnbbtqglwclwfpwrxsqeaod/Build/Intermediates.noindex/Mouse\ Fix.build/Debug/Mac\ Mouse\ Fix\ Helper.build/Objects-normal/undefined_arch
    export PER_VARIANT_OBJECT_FILE_DIR\=/Users/shawnrain/Library/Developer/Xcode/DerivedData/Mouse_Fix-bnijtbnbbtqglwclwfpwrxsqeaod/Build/Intermediates.noindex/Mouse\ Fix.build/Debug/Mac\ Mouse\ Fix\ Helper.build/Objects-normal
    export PKGINFO_FILE_PATH\=/Users/shawnrain/Library/Developer/Xcode/DerivedData/Mouse_Fix-bnijtbnbbtqglwclwfpwrxsqeaod/Build/Intermediates.noindex/Mouse\ Fix.build/Debug/Mac\ Mouse\ Fix\ Helper.build/PkgInfo
    export PKGINFO_PATH\=Mac\ Mouse\ Fix\ Helper.app/Contents/PkgInfo
    export PLATFORM_DEVELOPER_APPLICATIONS_DIR\=/Applications/Xcode.app/Contents/Developer/Applications
    export PLATFORM_DEVELOPER_BIN_DIR\=/Applications/Xcode.app/Contents/Developer/usr/bin
    export PLATFORM_DEVELOPER_LIBRARY_DIR\=/Applications/Xcode.app/Contents/Developer/Library
    export PLATFORM_DEVELOPER_SDK_DIR\=/Applications/Xcode.app/Contents/Developer/Platforms/MacOSX.platform/Developer/SDKs
    export PLATFORM_DEVELOPER_TOOLS_DIR\=/Applications/Xcode.app/Contents/Developer/Tools
    export PLATFORM_DEVELOPER_USR_DIR\=/Applications/Xcode.app/Contents/Developer/usr
    export PLATFORM_DIR\=/Applications/Xcode.app/Contents/Developer/Platforms/MacOSX.platform
    export PLATFORM_DISPLAY_NAME\=macOS
    export PLATFORM_FAMILY_NAME\=macOS
    export PLATFORM_NAME\=macosx
    export PLATFORM_PREFERRED_ARCH\=x86_64
    export PLATFORM_PRODUCT_BUILD_VERSION\=25F70
    export PLATFORM_REQUIRES_SWIFT_AUTOLINK_EXTRACT\=NO
    export PLATFORM_REQUIRES_SWIFT_MODULEWRAP\=NO
    export PLATFORM_USES_DSYMS\=YES
    export PLIST_FILE_OUTPUT_FORMAT\=same-as-input
    export PLUGINS_FOLDER_PATH\=Mac\ Mouse\ Fix\ Helper.app/Contents/PlugIns
    export PRECOMPS_INCLUDE_HEADERS_FROM_BUILT_PRODUCTS_DIR\=YES
    export PRECOMP_DESTINATION_DIR\=/Users/shawnrain/Library/Developer/Xcode/DerivedData/Mouse_Fix-bnijtbnbbtqglwclwfpwrxsqeaod/Build/Intermediates.noindex/Mouse\ Fix.build/Debug/Mac\ Mouse\ Fix\ Helper.build/PrefixHeaders
    export PRIVATE_HEADERS_FOLDER_PATH\=Mac\ Mouse\ Fix\ Helper.app/Contents/PrivateHeaders
    export PROCESSED_INFOPLIST_PATH\=/Users/shawnrain/Library/Developer/Xcode/DerivedData/Mouse_Fix-bnijtbnbbtqglwclwfpwrxsqeaod/Build/Intermediates.noindex/Mouse\ Fix.build/Debug/Mac\ Mouse\ Fix\ Helper.build/Objects-normal/undefined_arch/Processed-Info.plist
    export PRODUCT_BUNDLE_IDENTIFIER\=com.nuebling.mac-mouse-fix.helper
    export PRODUCT_BUNDLE_PACKAGE_TYPE\=APPL
    export PRODUCT_MODULE_NAME\=Mac_Mouse_Fix_Helper
    export PRODUCT_NAME\=Mac\ Mouse\ Fix\ Helper
    export PRODUCT_SETTINGS_PATH\=/Users/shawnrain/Library/Mobile\ Documents/com\~apple\~CloudDocs/Shawn\ Rain/Vibe-Coding/MacMouseFix/Helper/SupportFiles/Info.plist
    export PRODUCT_TYPE\=com.apple.product-type.application
    export PROFILING_CODE\=NO
    export PROJECT\=Mouse\ Fix
    export PROJECT_DERIVED_FILE_DIR\=/Users/shawnrain/Library/Developer/Xcode/DerivedData/Mouse_Fix-bnijtbnbbtqglwclwfpwrxsqeaod/Build/Intermediates.noindex/Mouse\ Fix.build/DerivedSources
    export PROJECT_DIR\=/Users/shawnrain/Library/Mobile\ Documents/com\~apple\~CloudDocs/Shawn\ Rain/Vibe-Coding/MacMouseFix
    export PROJECT_FILE_PATH\=/Users/shawnrain/Library/Mobile\ Documents/com\~apple\~CloudDocs/Shawn\ Rain/Vibe-Coding/MacMouseFix/Mouse\ Fix.xcodeproj
    export PROJECT_GUID\=a4fa6978c840a526f3db5e7bfd10becf
    export PROJECT_NAME\=Mouse\ Fix
    export PROJECT_TEMP_DIR\=/Users/shawnrain/Library/Developer/Xcode/DerivedData/Mouse_Fix-bnijtbnbbtqglwclwfpwrxsqeaod/Build/Intermediates.noindex/Mouse\ Fix.build
    export PROJECT_TEMP_ROOT\=/Users/shawnrain/Library/Developer/Xcode/DerivedData/Mouse_Fix-bnijtbnbbtqglwclwfpwrxsqeaod/Build/Intermediates.noindex
    export PROVISIONING_PROFILE_REQUIRED\=NO
    export PROVISIONING_PROFILE_REQUIRED_YES_YES\=YES
    export PROVISIONING_PROFILE_SUPPORTED\=YES
    export PUBLIC_HEADERS_FOLDER_PATH\=Mac\ Mouse\ Fix\ Helper.app/Contents/Headers
    export RECOMMENDED_MACOSX_DEPLOYMENT_TARGET\=11.0
    export RECURSIVE_SEARCH_PATHS_FOLLOW_SYMLINKS\=YES
    export REMOVE_CVS_FROM_RESOURCES\=YES
    export REMOVE_GIT_FROM_RESOURCES\=YES
    export REMOVE_HEADERS_FROM_EMBEDDED_BUNDLES\=YES
    export REMOVE_HG_FROM_RESOURCES\=YES
    export REMOVE_STATIC_EXECUTABLES_FROM_EMBEDDED_BUNDLES\=YES
    export REMOVE_SVN_FROM_RESOURCES\=YES
    export RESCHEDULE_INDEPENDENT_HEADERS_PHASES\=YES
    export REZ_COLLECTOR_DIR\=/Users/shawnrain/Library/Developer/Xcode/DerivedData/Mouse_Fix-bnijtbnbbtqglwclwfpwrxsqeaod/Build/Intermediates.noindex/Mouse\ Fix.build/Debug/Mac\ Mouse\ Fix\ Helper.build/ResourceManagerResources
    export REZ_OBJECTS_DIR\=/Users/shawnrain/Library/Developer/Xcode/DerivedData/Mouse_Fix-bnijtbnbbtqglwclwfpwrxsqeaod/Build/Intermediates.noindex/Mouse\ Fix.build/Debug/Mac\ Mouse\ Fix\ Helper.build/ResourceManagerResources/Objects
    export REZ_SEARCH_PATHS\=/Users/shawnrain/Library/Developer/Xcode/DerivedData/Mouse_Fix-bnijtbnbbtqglwclwfpwrxsqeaod/Build/Products/Debug\ 
    export RPATH_ORIGIN\=@loader_path
    export RUNTIME_EXCEPTION_ALLOW_DYLD_ENVIRONMENT_VARIABLES\=NO
    export RUNTIME_EXCEPTION_ALLOW_JIT\=NO
    export RUNTIME_EXCEPTION_ALLOW_UNSIGNED_EXECUTABLE_MEMORY\=NO
    export RUNTIME_EXCEPTION_DEBUGGING_TOOL\=NO
    export RUNTIME_EXCEPTION_DISABLE_EXECUTABLE_PAGE_PROTECTION\=NO
    export RUNTIME_EXCEPTION_DISABLE_LIBRARY_VALIDATION\=NO
    export SCANNING_PCM_KEEP_CACHE_DIRECTORY\=YES
    export SCAN_ALL_SOURCE_FILES_FOR_INCLUDES\=NO
    export SCRIPTS_FOLDER_PATH\=Mac\ Mouse\ Fix\ Helper.app/Contents/Resources/Scripts
    export SCRIPT_INPUT_FILE_COUNT\=0
    export SCRIPT_INPUT_FILE_LIST_COUNT\=0
    export SCRIPT_OUTPUT_FILE_COUNT\=0
    export SCRIPT_OUTPUT_FILE_LIST_COUNT\=0
    export SDKROOT\=/Applications/Xcode.app/Contents/Developer/Platforms/MacOSX.platform/Developer/SDKs/MacOSX26.5.sdk
    export SDK_DIR\=/Applications/Xcode.app/Contents/Developer/Platforms/MacOSX.platform/Developer/SDKs/MacOSX26.5.sdk
    export SDK_DIR_macosx\=/Applications/Xcode.app/Contents/Developer/Platforms/MacOSX.platform/Developer/SDKs/MacOSX26.5.sdk
    export SDK_DIR_macosx26_5\=/Applications/Xcode.app/Contents/Developer/Platforms/MacOSX.platform/Developer/SDKs/MacOSX26.5.sdk
    export SDK_NAME\=macosx26.5
    export SDK_NAMES\=macosx26.5
    export SDK_PRODUCT_BUILD_VERSION\=25F70
    export SDK_STAT_CACHE_DIR\=/Users/shawnrain/Library/Developer/Xcode/DerivedData
    export SDK_STAT_CACHE_ENABLE\=YES
    export SDK_STAT_CACHE_PATH\=/Users/shawnrain/Library/Developer/Xcode/DerivedData/SDKStatCaches.noindex/macosx26.5-25F70-e082c4a02f00227109f4ed75e425c832.sdkstatcache
    export SDK_VERSION\=26.5
    export SDK_VERSION_ACTUAL\=260500
    export SDK_VERSION_MAJOR\=260000
    export SDK_VERSION_MINOR\=260500
    export SED\=/usr/bin/sed
    export SEPARATE_STRIP\=NO
    export SEPARATE_SYMBOL_EDIT\=NO
    export SET_DIR_MODE_OWNER_GROUP\=YES
    export SET_FILE_MODE_OWNER_GROUP\=NO
    export SHALLOW_BUNDLE\=NO
    export SHALLOW_BUNDLE_PLATFORM\=NO
    export SHALLOW_BUNDLE_TRIPLE\=macos
    export SHALLOW_BUNDLE_ios_macabi\=NO
    export SHALLOW_BUNDLE_macos\=NO
    export SHARED_DERIVED_FILE_DIR\=/Users/shawnrain/Library/Developer/Xcode/DerivedData/Mouse_Fix-bnijtbnbbtqglwclwfpwrxsqeaod/Build/Products/Debug/DerivedSources
    export SHARED_FRAMEWORKS_FOLDER_PATH\=Mac\ Mouse\ Fix\ Helper.app/Contents/SharedFrameworks
    export SHARED_PRECOMPS_DIR\=/Users/shawnrain/Library/Developer/Xcode/DerivedData/Mouse_Fix-bnijtbnbbtqglwclwfpwrxsqeaod/Build/Intermediates.noindex/PrecompiledHeaders
    export SHARED_SUPPORT_FOLDER_PATH\=Mac\ Mouse\ Fix\ Helper.app/Contents/SharedSupport
    export SKIP_INSTALL\=YES
    export SKIP_MERGEABLE_LIBRARY_BUNDLE_HOOK\=NO
    export SOURCE_ROOT\=/Users/shawnrain/Library/Mobile\ Documents/com\~apple\~CloudDocs/Shawn\ Rain/Vibe-Coding/MacMouseFix
    export SRCROOT\=/Users/shawnrain/Library/Mobile\ Documents/com\~apple\~CloudDocs/Shawn\ Rain/Vibe-Coding/MacMouseFix
    export STRINGSDATA_DIR\=/Users/shawnrain/Library/Developer/Xcode/DerivedData/Mouse_Fix-bnijtbnbbtqglwclwfpwrxsqeaod/Build/Intermediates.noindex/Mouse\ Fix.build/Debug/Mac\ Mouse\ Fix\ Helper.build/Objects-normal/undefined_arch
    export STRINGSDATA_ROOT\=/Users/shawnrain/Library/Developer/Xcode/DerivedData/Mouse_Fix-bnijtbnbbtqglwclwfpwrxsqeaod/Build/Intermediates.noindex/Mouse\ Fix.build/Debug/Mac\ Mouse\ Fix\ Helper.build
    export STRINGS_FILE_INFOPLIST_RENAME\=YES
    export STRINGS_FILE_OUTPUT_ENCODING\=UTF-16
    export STRING_CATALOG_GENERATE_SYMBOLS\=NO
    export STRIP_BITCODE_FROM_COPIED_FILES\=NO
    export STRIP_INSTALLED_PRODUCT\=NO
    export STRIP_PNG_TEXT\=NO
    export STRIP_STYLE\=all
    export STRIP_SWIFT_SYMBOLS\=NO
    export SUPPORTED_PLATFORMS\=macosx
    export SUPPORTS_MACCATALYST\=NO
    export SUPPORTS_ON_DEMAND_RESOURCES\=NO
    export SUPPORTS_TEXT_BASED_API\=NO
    export SUPPRESS_WARNINGS\=NO
    export SWIFT_ACTIVE_COMPILATION_CONDITIONS\=DEBUG\ IS_HELPER
    export SWIFT_EMIT_CONST_VALUE_PROTOCOLS\=AnyResolverProviding\ AppEntity\ AppEnum\ AppExtension\ AppIntent\ AppIntentsPackage\ AppShortcutProviding\ AppShortcutsProvider\ AppUnionValue\ AppUnionValueCasesProviding\ DynamicOptionsProvider\ EntityQuery\ ExtensionPointDefining\ IntentValueQuery\ Resolver\ TransientEntity\ _AssistantIntentsProvider\ _GenerativeFunctionExtractable\ _IntentValueRepresentable
    export SWIFT_EMIT_LOC_STRINGS\=YES
    export SWIFT_ENABLE_EXPLICIT_MODULES\=YES
    export SWIFT_OBJC_BRIDGING_HEADER\=Helper/SupportFiles/Mac\ Mouse\ Fix\ Helper-Bridging-Header.h
    export SWIFT_OPTIMIZATION_LEVEL\=-Onone
    export SWIFT_PLATFORM_TARGET_PREFIX\=macos
    export SWIFT_PRECOMPILE_BRIDGING_HEADER\=YES
    export SWIFT_RESPONSE_FILE_PATH_normal_arm64\=/Users/shawnrain/Library/Developer/Xcode/DerivedData/Mouse_Fix-bnijtbnbbtqglwclwfpwrxsqeaod/Build/Intermediates.noindex/Mouse\ Fix.build/Debug/Mac\ Mouse\ Fix\ Helper.build/Objects-normal/arm64/Mac\ Mouse\ Fix\ Helper.SwiftFileList
    export SWIFT_VERSION\=5.0
    export SYMROOT\=/Users/shawnrain/Library/Developer/Xcode/DerivedData/Mouse_Fix-bnijtbnbbtqglwclwfpwrxsqeaod/Build/Products
    export SYSTEM_ADMIN_APPS_DIR\=/Applications/Utilities
    export SYSTEM_APPS_DIR\=/Applications
    export SYSTEM_CORE_SERVICES_DIR\=/System/Library/CoreServices
    export SYSTEM_DEMOS_DIR\=/Applications/Extras
    export SYSTEM_DEVELOPER_APPS_DIR\=/Applications/Xcode.app/Contents/Developer/Applications
    export SYSTEM_DEVELOPER_BIN_DIR\=/Applications/Xcode.app/Contents/Developer/usr/bin
    export SYSTEM_DEVELOPER_DEMOS_DIR\=/Applications/Xcode.app/Contents/Developer/Applications/Utilities/Built\ Examples
    export SYSTEM_DEVELOPER_DIR\=/Applications/Xcode.app/Contents/Developer
    export SYSTEM_DEVELOPER_DOC_DIR\=/Applications/Xcode.app/Contents/Developer/ADC\ Reference\ Library
    export SYSTEM_DEVELOPER_GRAPHICS_TOOLS_DIR\=/Applications/Xcode.app/Contents/Developer/Applications/Graphics\ Tools
    export SYSTEM_DEVELOPER_JAVA_TOOLS_DIR\=/Applications/Xcode.app/Contents/Developer/Applications/Java\ Tools
    export SYSTEM_DEVELOPER_PERFORMANCE_TOOLS_DIR\=/Applications/Xcode.app/Contents/Developer/Applications/Performance\ Tools
    export SYSTEM_DEVELOPER_RELEASENOTES_DIR\=/Applications/Xcode.app/Contents/Developer/ADC\ Reference\ Library/releasenotes
    export SYSTEM_DEVELOPER_TOOLS\=/Applications/Xcode.app/Contents/Developer/Tools
    export SYSTEM_DEVELOPER_TOOLS_DOC_DIR\=/Applications/Xcode.app/Contents/Developer/ADC\ Reference\ Library/documentation/DeveloperTools
    export SYSTEM_DEVELOPER_TOOLS_RELEASENOTES_DIR\=/Applications/Xcode.app/Contents/Developer/ADC\ Reference\ Library/releasenotes/DeveloperTools
    export SYSTEM_DEVELOPER_USR_DIR\=/Applications/Xcode.app/Contents/Developer/usr
    export SYSTEM_DEVELOPER_UTILITIES_DIR\=/Applications/Xcode.app/Contents/Developer/Applications/Utilities
    export SYSTEM_DEXT_INSTALL_PATH\=/System/Library/DriverExtensions
    export SYSTEM_DOCUMENTATION_DIR\=/Library/Documentation
    export SYSTEM_EXTENSIONS_FOLDER_PATH\=Mac\ Mouse\ Fix\ Helper.app/Contents/Library/SystemExtensions
    export SYSTEM_EXTENSIONS_FOLDER_PATH_SHALLOW_BUNDLE_NO\=Mac\ Mouse\ Fix\ Helper.app/Contents/Library/SystemExtensions
    export SYSTEM_EXTENSIONS_FOLDER_PATH_SHALLOW_BUNDLE_YES\=Mac\ Mouse\ Fix\ Helper.app/Contents/SystemExtensions
    export SYSTEM_FRAMEWORK_SEARCH_PATHS\=\ /System/Library/PrivateFrameworks
    export SYSTEM_KEXT_INSTALL_PATH\=/System/Library/Extensions
    export SYSTEM_LIBRARY_DIR\=/System/Library
    export TAPI_DEMANGLE\=YES
    export TAPI_ENABLE_PROJECT_HEADERS\=NO
    export TAPI_LANGUAGE\=objective-c
    export TAPI_LANGUAGE_STANDARD\=compiler-default
    export TAPI_USE_SRCROOT\=YES
    export TAPI_VERIFY_MODE\=Pedantic
    export TARGETNAME\=Mac\ Mouse\ Fix\ Helper
    export TARGET_BUILD_DIR\=/Users/shawnrain/Library/Developer/Xcode/DerivedData/Mouse_Fix-bnijtbnbbtqglwclwfpwrxsqeaod/Build/Products/Debug
    export TARGET_NAME\=Mac\ Mouse\ Fix\ Helper
    export TARGET_TEMP_DIR\=/Users/shawnrain/Library/Developer/Xcode/DerivedData/Mouse_Fix-bnijtbnbbtqglwclwfpwrxsqeaod/Build/Intermediates.noindex/Mouse\ Fix.build/Debug/Mac\ Mouse\ Fix\ Helper.build
    export TEMP_DIR\=/Users/shawnrain/Library/Developer/Xcode/DerivedData/Mouse_Fix-bnijtbnbbtqglwclwfpwrxsqeaod/Build/Intermediates.noindex/Mouse\ Fix.build/Debug/Mac\ Mouse\ Fix\ Helper.build
    export TEMP_FILES_DIR\=/Users/shawnrain/Library/Developer/Xcode/DerivedData/Mouse_Fix-bnijtbnbbtqglwclwfpwrxsqeaod/Build/Intermediates.noindex/Mouse\ Fix.build/Debug/Mac\ Mouse\ Fix\ Helper.build
    export TEMP_FILE_DIR\=/Users/shawnrain/Library/Developer/Xcode/DerivedData/Mouse_Fix-bnijtbnbbtqglwclwfpwrxsqeaod/Build/Intermediates.noindex/Mouse\ Fix.build/Debug/Mac\ Mouse\ Fix\ Helper.build
    export TEMP_ROOT\=/Users/shawnrain/Library/Developer/Xcode/DerivedData/Mouse_Fix-bnijtbnbbtqglwclwfpwrxsqeaod/Build/Intermediates.noindex
    export TEMP_SANDBOX_DIR\=/Users/shawnrain/Library/Developer/Xcode/DerivedData/Mouse_Fix-bnijtbnbbtqglwclwfpwrxsqeaod/Build/Intermediates.noindex/TemporaryTaskSandboxes
    export TEST_FRAMEWORK_SEARCH_PATHS\=\ /Applications/Xcode.app/Contents/Developer/Platforms/MacOSX.platform/Developer/Library/Frameworks
    export TEST_LIBRARY_SEARCH_PATHS\=\ /Applications/Xcode.app/Contents/Developer/Platforms/MacOSX.platform/Developer/usr/lib
    export TOOLCHAINS\=com.apple.dt.toolchain.XcodeDefault
    export TOOLCHAIN_DIR\=/Applications/Xcode.app/Contents/Developer/Toolchains/XcodeDefault.xctoolchain
    export TREAT_MISSING_BASELINES_AS_TEST_FAILURES\=NO
    export TREAT_MISSING_SCRIPT_PHASE_OUTPUTS_AS_ERRORS\=NO
    export TeamIdentifierPrefix\=A4P8NY6A4J.
    export UID\=501
    export UNINSTALLED_PRODUCTS_DIR\=/Users/shawnrain/Library/Developer/Xcode/DerivedData/Mouse_Fix-bnijtbnbbtqglwclwfpwrxsqeaod/Build/Intermediates.noindex/UninstalledProducts
    export UNLOCALIZED_RESOURCES_FOLDER_PATH\=Mac\ Mouse\ Fix\ Helper.app/Contents/Resources
    export UNLOCALIZED_RESOURCES_FOLDER_PATH_SHALLOW_BUNDLE_NO\=Mac\ Mouse\ Fix\ Helper.app/Contents/Resources
    export UNLOCALIZED_RESOURCES_FOLDER_PATH_SHALLOW_BUNDLE_YES\=Mac\ Mouse\ Fix\ Helper.app/Contents
    export UNSTRIPPED_PRODUCT\=NO
    export USER\=shawnrain
    export USER_APPS_DIR\=/Users/shawnrain/Applications
    export USER_HEADER_SEARCH_PATHS\=\"/Users/shawnrain/Library/Mobile\ Documents/com\~apple\~CloudDocs/Shawn\ Rain/Vibe-Coding/MacMouseFix/Helper/SupportFiles/External\"
    export USER_LIBRARY_DIR\=/Users/shawnrain/Library
    export USE_DYNAMIC_NO_PIC\=YES
    export USE_HEADERMAP\=YES
    export USE_HEADER_SYMLINKS\=NO
    export VALIDATE_DEVELOPMENT_ASSET_PATHS\=YES_ERROR
    export VALIDATE_PRODUCT\=NO
    export VALID_ARCHS\=arm64\ arm64e\ i386\ x86_64
    export VERBOSE_PBXCP\=NO
    export VERSIONPLIST_PATH\=Mac\ Mouse\ Fix\ Helper.app/Contents/version.plist
    export VERSION_INFO_BUILDER\=shawnrain
    export VERSION_INFO_FILE\=Mac\ Mouse\ Fix\ Helper_vers.c
    export VERSION_INFO_STRING\=\"@\(\#\)PROGRAM:Mac\ Mouse\ Fix\ Helper\ \ PROJECT:Mouse\ Fix-\"
    export WARNING_CFLAGS\=-Wnullable-to-nonnull-conversion\ -Wnonnull\ -Wsign-conversion
    export WORKSPACE_DIR\=/Users/shawnrain/Library/Mobile\ Documents/com\~apple\~CloudDocs/Shawn\ Rain/Vibe-Coding/MacMouseFix/Mouse\ Fix.xcodeproj
    export WRAPPER_EXTENSION\=app
    export WRAPPER_NAME\=Mac\ Mouse\ Fix\ Helper.app
    export WRAPPER_SUFFIX\=.app
    export WRAP_ASSET_PACKS_IN_SEPARATE_DIRECTORIES\=NO
    export XCODE_APP_SUPPORT_DIR\=/Applications/Xcode.app/Contents/Developer/Library/Xcode
    export XCODE_PRODUCT_BUILD_VERSION\=17F42
    export XCODE_VERSION_ACTUAL\=2650
    export XCODE_VERSION_MAJOR\=2600
    export XCODE_VERSION_MINOR\=2650
    export XPCSERVICES_FOLDER_PATH\=Mac\ Mouse\ Fix\ Helper.app/Contents/XPCServices
    export YACC\=yacc
    export _BOOL_\=NO
    export _BOOL_NO\=NO
    export _BOOL_YES\=YES
    export _DEVELOPMENT_TEAM_IS_EMPTY\=NO
    export _DISCOVER_COMMAND_LINE_LINKER_INPUTS\=YES
    export _DISCOVER_COMMAND_LINE_LINKER_INPUTS_INCLUDE_WL\=YES
    export _IS_EMPTY_\=YES
    export _LD_MULTIARCH\=YES
    export _MACOSX_DEPLOYMENT_TARGET_IS_EMPTY\=NO
    export _WRAPPER_CONTENTS_DIR\=/Contents
    export _WRAPPER_CONTENTS_DIR_SHALLOW_BUNDLE_NO\=/Contents
    export _WRAPPER_PARENT_PATH\=/..
    export _WRAPPER_PARENT_PATH_SHALLOW_BUNDLE_NO\=/..
    export _WRAPPER_RESOURCES_DIR\=/Resources
    export _WRAPPER_RESOURCES_DIR_SHALLOW_BUNDLE_NO\=/Resources
    export __DIAGNOSE_DEPRECATED_ARCHS\=YES
    export __IS_NOT_MACOS\=NO
    export __IS_NOT_MACOS_macosx\=NO
    export __IS_NOT_SIMULATOR\=YES
    export __IS_NOT_SIMULATOR_simulator\=NO
    export __ORIGINAL_SDK_DEFINED_LLVM_TARGET_TRIPLE_SYS\=macos
    export arch\=undefined_arch
    export variant\=normal
    /bin/sh -c /Users/shawnrain/Library/Developer/Xcode/DerivedData/Mouse_Fix-bnijtbnbbtqglwclwfpwrxsqeaod/Build/Intermediates.noindex/Mouse\\\ Fix.build/Debug/Mac\\\ Mouse\\\ Fix\\\ Helper.build/Script-4FEEEC53263C164000C50193.sh

SwiftDriver Mac\ Mouse\ Fix\ Helper normal arm64 com.apple.xcode.tools.swift.compiler (in target 'Mac Mouse Fix Helper' from project 'Mouse Fix')
    cd /Users/shawnrain/Library/Mobile\ Documents/com\~apple\~CloudDocs/Shawn\ Rain/Vibe-Coding/MacMouseFix
    builtin-SwiftDriver -- /Applications/Xcode.app/Contents/Developer/Toolchains/XcodeDefault.xctoolchain/usr/bin/swiftc -module-name Mac_Mouse_Fix_Helper -Onone @/Users/shawnrain/Library/Developer/Xcode/DerivedData/Mouse_Fix-bnijtbnbbtqglwclwfpwrxsqeaod/Build/Intermediates.noindex/Mouse\ Fix.build/Debug/Mac\ Mouse\ Fix\ Helper.build/Objects-normal/arm64/Mac\ Mouse\ Fix\ Helper.SwiftFileList -DDEBUG -DIS_HELPER -Xcc -fmodule-map-file\=/Users/shawnrain/Library/Developer/Xcode/DerivedData/Mouse_Fix-bnijtbnbbtqglwclwfpwrxsqeaod/Build/Intermediates.noindex/GeneratedModuleMaps/ReactiveCocoaObjC.modulemap -Xcc -fmodule-map-file\=/Users/shawnrain/Library/Developer/Xcode/DerivedData/Mouse_Fix-bnijtbnbbtqglwclwfpwrxsqeaod/Build/Intermediates.noindex/GeneratedModuleMaps/CocoaLumberjackSwiftSupport.modulemap -Xcc -fmodule-map-file\=/Users/shawnrain/Library/Developer/Xcode/DerivedData/Mouse_Fix-bnijtbnbbtqglwclwfpwrxsqeaod/Build/Intermediates.noindex/GeneratedModuleMaps/CocoaLumberjack.modulemap -enable-bare-slash-regex -enable-experimental-feature DebugDescriptionMacro -sdk /Applications/Xcode.app/Contents/Developer/Platforms/MacOSX.platform/Developer/SDKs/MacOSX26.5.sdk -target arm64-apple-macos15.0 -g -module-cache-path /Users/shawnrain/Library/Developer/Xcode/DerivedData/ModuleCache.noindex -Xfrontend -serialize-debugging-options -enable-testing -index-store-path /Users/shawnrain/Library/Developer/Xcode/DerivedData/Mouse_Fix-bnijtbnbbtqglwclwfpwrxsqeaod/Index.noindex/DataStore -Xcc -D_LIBCPP_HARDENING_MODE\=_LIBCPP_HARDENING_MODE_DEBUG -swift-version 5 -I /Users/shawnrain/Library/Developer/Xcode/DerivedData/Mouse_Fix-bnijtbnbbtqglwclwfpwrxsqeaod/Build/Products/Debug -F /Users/shawnrain/Library/Developer/Xcode/DerivedData/Mouse_Fix-bnijtbnbbtqglwclwfpwrxsqeaod/Build/Products/Debug/PackageFrameworks -F /Users/shawnrain/Library/Developer/Xcode/DerivedData/Mouse_Fix-bnijtbnbbtqglwclwfpwrxsqeaod/Build/Products/Debug/PackageFrameworks -F /Users/shawnrain/Library/Developer/Xcode/DerivedData/Mouse_Fix-bnijtbnbbtqglwclwfpwrxsqeaod/Build/Products/Debug/PackageFrameworks -F /Users/shawnrain/Library/Developer/Xcode/DerivedData/Mouse_Fix-bnijtbnbbtqglwclwfpwrxsqeaod/Build/Products/Debug/PackageFrameworks -F /Users/shawnrain/Library/Developer/Xcode/DerivedData/Mouse_Fix-bnijtbnbbtqglwclwfpwrxsqeaod/Build/Products/Debug/PackageFrameworks -F /Users/shawnrain/Library/Developer/Xcode/DerivedData/Mouse_Fix-bnijtbnbbtqglwclwfpwrxsqeaod/Build/Products/Debug/PackageFrameworks -F /Users/shawnrain/Library/Developer/Xcode/DerivedData/Mouse_Fix-bnijtbnbbtqglwclwfpwrxsqeaod/Build/Products/Debug -F /Applications/Xcode.app/Contents/Developer/Platforms/MacOSX.platform/Developer/SDKs/MacOSX.sdk/System/Library/Frameworks/ApplicationServices.framework/Frameworks -F /Users/shawnrain/Library/Mobile\ Documents/com\~apple\~CloudDocs/Shawn\ Rain/Vibe-Coding/MacMouseFix/Frameworks -F /System/Library/PrivateFrameworks -emit-localized-strings -emit-localized-strings-path /Users/shawnrain/Library/Developer/Xcode/DerivedData/Mouse_Fix-bnijtbnbbtqglwclwfpwrxsqeaod/Build/Intermediates.noindex/Mouse\ Fix.build/Debug/Mac\ Mouse\ Fix\ Helper.build/Objects-normal/arm64 -c -j10 -enable-batch-mode -incremental -Xcc -ivfsstatcache -Xcc /Users/shawnrain/Library/Developer/Xcode/DerivedData/SDKStatCaches.noindex/macosx26.5-25F70-e082c4a02f00227109f4ed75e425c832.sdkstatcache -output-file-map /Users/shawnrain/Library/Developer/Xcode/DerivedData/Mouse_Fix-bnijtbnbbtqglwclwfpwrxsqeaod/Build/Intermediates.noindex/Mouse\ Fix.build/Debug/Mac\ Mouse\ Fix\ Helper.build/Objects-normal/arm64/Mac\ Mouse\ Fix\ Helper-OutputFileMap.json -use-frontend-parseable-output -save-temps -no-color-diagnostics -explicit-module-build -module-cache-path /Users/shawnrain/Library/Developer/Xcode/DerivedData/Mouse_Fix-bnijtbnbbtqglwclwfpwrxsqeaod/Build/Intermediates.noindex/SwiftExplicitPrecompiledModules -clang-scanner-module-cache-path /Users/shawnrain/Library/Developer/Xcode/DerivedData/ModuleCache.noindex -sdk-module-cache-path /Users/shawnrain/Library/Developer/Xcode/DerivedData/ModuleCache.noindex -serialize-diagnostics -emit-dependencies -emit-module -emit-module-path /Users/shawnrain/Library/Developer/Xcode/DerivedData/Mouse_Fix-bnijtbnbbtqglwclwfpwrxsqeaod/Build/Intermediates.noindex/Mouse\ Fix.build/Debug/Mac\ Mouse\ Fix\ Helper.build/Objects-normal/arm64/Mac_Mouse_Fix_Helper.swiftmodule -validate-clang-modules-once -clang-build-session-file /Users/shawnrain/Library/Developer/Xcode/DerivedData/ModuleCache.noindex/Session.modulevalidation -Xcc -I/Users/shawnrain/Library/Developer/Xcode/DerivedData/Mouse_Fix-bnijtbnbbtqglwclwfpwrxsqeaod/Build/Intermediates.noindex/Mouse\ Fix.build/Debug/Mac\ Mouse\ Fix\ Helper.build/swift-overrides.hmap -emit-const-values -Xfrontend -const-gather-protocols-file -Xfrontend /Users/shawnrain/Library/Developer/Xcode/DerivedData/Mouse_Fix-bnijtbnbbtqglwclwfpwrxsqeaod/Build/Intermediates.noindex/Mouse\ Fix.build/Debug/Mac\ Mouse\ Fix\ Helper.build/Objects-normal/arm64/Mac\ Mouse\ Fix\ Helper_const_extract_protocols.json -Xcc -iquote -Xcc /Users/shawnrain/Library/Developer/Xcode/DerivedData/Mouse_Fix-bnijtbnbbtqglwclwfpwrxsqeaod/Build/Intermediates.noindex/Mouse\ Fix.build/Debug/Mac\ Mouse\ Fix\ Helper.build/Mac\ Mouse\ Fix\ Helper-generated-files.hmap -Xcc -I/Users/shawnrain/Library/Developer/Xcode/DerivedData/Mouse_Fix-bnijtbnbbtqglwclwfpwrxsqeaod/Build/Intermediates.noindex/Mouse\ Fix.build/Debug/Mac\ Mouse\ Fix\ Helper.build/Mac\ Mouse\ Fix\ Helper-own-target-headers.hmap -Xcc -I/Users/shawnrain/Library/Developer/Xcode/DerivedData/Mouse_Fix-bnijtbnbbtqglwclwfpwrxsqeaod/Build/Intermediates.noindex/Mouse\ Fix.build/Debug/Mac\ Mouse\ Fix\ Helper.build/Mac\ Mouse\ Fix\ Helper-all-non-framework-target-headers.hmap -Xcc -ivfsoverlay -Xcc /Users/shawnrain/Library/Developer/Xcode/DerivedData/Mouse_Fix-bnijtbnbbtqglwclwfpwrxsqeaod/Build/Intermediates.noindex/Mouse\ Fix.build/Debug/Mouse\ Fix-a4fa6978c840a526f3db5e7bfd10becf-VFS/all-product-headers.yaml -Xcc -iquote -Xcc /Users/shawnrain/Library/Developer/Xcode/DerivedData/Mouse_Fix-bnijtbnbbtqglwclwfpwrxsqeaod/Build/Intermediates.noindex/Mouse\ Fix.build/Debug/Mac\ Mouse\ Fix\ Helper.build/Mac\ Mouse\ Fix\ Helper-project-headers.hmap -Xcc -iquote -Xcc /Users/shawnrain/Library/Mobile\ Documents/com\~apple\~CloudDocs/Shawn\ Rain/Vibe-Coding/MacMouseFix/Helper/SupportFiles/External -Xcc -I/Users/shawnrain/Library/Developer/Xcode/DerivedData/Mouse_Fix-bnijtbnbbtqglwclwfpwrxsqeaod/SourcePackages/checkouts/ReactiveCocoa/ReactiveCocoaObjC/include -Xcc -I/Users/shawnrain/Library/Developer/Xcode/DerivedData/Mouse_Fix-bnijtbnbbtqglwclwfpwrxsqeaod/SourcePackages/checkouts/CocoaLumberjack/Sources/CocoaLumberjackSwiftSupport/include -Xcc -I/Users/shawnrain/Library/Developer/Xcode/DerivedData/Mouse_Fix-bnijtbnbbtqglwclwfpwrxsqeaod/SourcePackages/checkouts/CocoaLumberjack/Sources/CocoaLumberjack/include -Xcc -I/Users/shawnrain/Library/Developer/Xcode/DerivedData/Mouse_Fix-bnijtbnbbtqglwclwfpwrxsqeaod/Build/Products/Debug/include -Xcc -I/Users/shawnrain/Library/Developer/Xcode/DerivedData/Mouse_Fix-bnijtbnbbtqglwclwfpwrxsqeaod/Build/Intermediates.noindex/Mouse\ Fix.build/Debug/Mac\ Mouse\ Fix\ Helper.build/DerivedSources-normal/arm64 -Xcc -I/Users/shawnrain/Library/Developer/Xcode/DerivedData/Mouse_Fix-bnijtbnbbtqglwclwfpwrxsqeaod/Build/Intermediates.noindex/Mouse\ Fix.build/Debug/Mac\ Mouse\ Fix\ Helper.build/DerivedSources/arm64 -Xcc -I/Users/shawnrain/Library/Developer/Xcode/DerivedData/Mouse_Fix-bnijtbnbbtqglwclwfpwrxsqeaod/Build/Intermediates.noindex/Mouse\ Fix.build/Debug/Mac\ Mouse\ Fix\ Helper.build/DerivedSources -Xcc -DDEBUG\=1 -Xcc -DIS_HELPER\=1 -Xcc -DNO_FILTER\=1 -emit-objc-header -emit-objc-header-path /Users/shawnrain/Library/Developer/Xcode/DerivedData/Mouse_Fix-bnijtbnbbtqglwclwfpwrxsqeaod/Build/Intermediates.noindex/Mouse\ Fix.build/Debug/Mac\ Mouse\ Fix\ Helper.build/Objects-normal/arm64/Mac_Mouse_Fix_Helper-Swift.h -import-objc-header /Users/shawnrain/Library/Mobile\ Documents/com\~apple\~CloudDocs/Shawn\ Rain/Vibe-Coding/MacMouseFix/Helper/SupportFiles/Mac\ Mouse\ Fix\ Helper-Bridging-Header.h -working-directory /Users/shawnrain/Library/Mobile\ Documents/com\~apple\~CloudDocs/Shawn\ Rain/Vibe-Coding/MacMouseFix -experimental-emit-module-separately -disable-cmo

CompileXCStrings /Users/shawnrain/Library/Developer/Xcode/DerivedData/Mouse_Fix-bnijtbnbbtqglwclwfpwrxsqeaod/Build/Intermediates.noindex/Mouse\ Fix.build/Debug/Mac\ Mouse\ Fix\ Helper.build/ /Users/shawnrain/Library/Mobile\ Documents/com~apple~CloudDocs/Shawn\ Rain/Vibe-Coding/MacMouseFix/Helper/SupportFiles/InfoPlist.xcstrings (in target 'Mac Mouse Fix Helper' from project 'Mouse Fix')
    cd /Users/shawnrain/Library/Mobile\ Documents/com\~apple\~CloudDocs/Shawn\ Rain/Vibe-Coding/MacMouseFix
    /Applications/Xcode.app/Contents/Developer/usr/bin/xcstringstool compile --output-directory /Users/shawnrain/Library/Developer/Xcode/DerivedData/Mouse_Fix-bnijtbnbbtqglwclwfpwrxsqeaod/Build/Intermediates.noindex/Mouse\ Fix.build/Debug/Mac\ Mouse\ Fix\ Helper.build /Users/shawnrain/Library/Mobile\ Documents/com\~apple\~CloudDocs/Shawn\ Rain/Vibe-Coding/MacMouseFix/Helper/SupportFiles/InfoPlist.xcstrings

CompileXCStrings /Users/shawnrain/Library/Developer/Xcode/DerivedData/Mouse_Fix-bnijtbnbbtqglwclwfpwrxsqeaod/Build/Intermediates.noindex/Mouse\ Fix.build/Debug/Mac\ Mouse\ Fix\ Helper.build/ /Users/shawnrain/Library/Mobile\ Documents/com~apple~CloudDocs/Shawn\ Rain/Vibe-Coding/MacMouseFix/Helper/UI/MenuBarItem/mul.lproj/MenuBarItem.xcstrings (in target 'Mac Mouse Fix Helper' from project 'Mouse Fix')
    cd /Users/shawnrain/Library/Mobile\ Documents/com\~apple\~CloudDocs/Shawn\ Rain/Vibe-Coding/MacMouseFix
    /Applications/Xcode.app/Contents/Developer/usr/bin/xcstringstool compile --output-directory /Users/shawnrain/Library/Developer/Xcode/DerivedData/Mouse_Fix-bnijtbnbbtqglwclwfpwrxsqeaod/Build/Intermediates.noindex/Mouse\ Fix.build/Debug/Mac\ Mouse\ Fix\ Helper.build /Users/shawnrain/Library/Mobile\ Documents/com\~apple\~CloudDocs/Shawn\ Rain/Vibe-Coding/MacMouseFix/Helper/UI/MenuBarItem/mul.lproj/MenuBarItem.xcstrings

CompileXCStrings /Users/shawnrain/Library/Developer/Xcode/DerivedData/Mouse_Fix-bnijtbnbbtqglwclwfpwrxsqeaod/Build/Intermediates.noindex/Mouse\ Fix.build/Debug/Mac\ Mouse\ Fix\ Helper.build/ /Users/shawnrain/Library/Mobile\ Documents/com~apple~CloudDocs/Shawn\ Rain/Vibe-Coding/MacMouseFix/Localization/Localizable.xcstrings (in target 'Mac Mouse Fix Helper' from project 'Mouse Fix')
    cd /Users/shawnrain/Library/Mobile\ Documents/com\~apple\~CloudDocs/Shawn\ Rain/Vibe-Coding/MacMouseFix
    /Applications/Xcode.app/Contents/Developer/usr/bin/xcstringstool compile --output-directory /Users/shawnrain/Library/Developer/Xcode/DerivedData/Mouse_Fix-bnijtbnbbtqglwclwfpwrxsqeaod/Build/Intermediates.noindex/Mouse\ Fix.build/Debug/Mac\ Mouse\ Fix\ Helper.build /Users/shawnrain/Library/Mobile\ Documents/com\~apple\~CloudDocs/Shawn\ Rain/Vibe-Coding/MacMouseFix/Localization/Localizable.xcstrings

CopyStringsFile /Users/shawnrain/Library/Developer/Xcode/DerivedData/Mouse_Fix-bnijtbnbbtqglwclwfpwrxsqeaod/Build/Products/Debug/Mac\ Mouse\ Fix\ Helper.app/Contents/Resources/de.lproj/InfoPlist.strings /Users/shawnrain/Library/Developer/Xcode/DerivedData/Mouse_Fix-bnijtbnbbtqglwclwfpwrxsqeaod/Build/Intermediates.noindex/Mouse\ Fix.build/Debug/Mac\ Mouse\ Fix\ Helper.build/de.lproj/InfoPlist.strings (in target 'Mac Mouse Fix Helper' from project 'Mouse Fix')
    cd /Users/shawnrain/Library/Mobile\ Documents/com\~apple\~CloudDocs/Shawn\ Rain/Vibe-Coding/MacMouseFix
    builtin-copyStrings --validate --outputencoding UTF-16 --outfilename InfoPlist.strings --outdir /Users/shawnrain/Library/Developer/Xcode/DerivedData/Mouse_Fix-bnijtbnbbtqglwclwfpwrxsqeaod/Build/Products/Debug/Mac\ Mouse\ Fix\ Helper.app/Contents/Resources/de.lproj -- /Users/shawnrain/Library/Developer/Xcode/DerivedData/Mouse_Fix-bnijtbnbbtqglwclwfpwrxsqeaod/Build/Intermediates.noindex/Mouse\ Fix.build/Debug/Mac\ Mouse\ Fix\ Helper.build/de.lproj/InfoPlist.strings
/Users/shawnrain/Library/Developer/Xcode/DerivedData/Mouse_Fix-bnijtbnbbtqglwclwfpwrxsqeaod/Build/Intermediates.noindex/Mouse Fix.build/Debug/Mac Mouse Fix Helper.build/de.lproj/InfoPlist.strings:1:1: note: detected encoding of input file as Unicode (UTF-8) (in target 'Mac Mouse Fix Helper' from project 'Mouse Fix')

CopyStringsFile /Users/shawnrain/Library/Developer/Xcode/DerivedData/Mouse_Fix-bnijtbnbbtqglwclwfpwrxsqeaod/Build/Products/Debug/Mac\ Mouse\ Fix\ Helper.app/Contents/Resources/cs.lproj/InfoPlist.strings /Users/shawnrain/Library/Developer/Xcode/DerivedData/Mouse_Fix-bnijtbnbbtqglwclwfpwrxsqeaod/Build/Intermediates.noindex/Mouse\ Fix.build/Debug/Mac\ Mouse\ Fix\ Helper.build/cs.lproj/InfoPlist.strings (in target 'Mac Mouse Fix Helper' from project 'Mouse Fix')
    cd /Users/shawnrain/Library/Mobile\ Documents/com\~apple\~CloudDocs/Shawn\ Rain/Vibe-Coding/MacMouseFix
    builtin-copyStrings --validate --outputencoding UTF-16 --outfilename InfoPlist.strings --outdir /Users/shawnrain/Library/Developer/Xcode/DerivedData/Mouse_Fix-bnijtbnbbtqglwclwfpwrxsqeaod/Build/Products/Debug/Mac\ Mouse\ Fix\ Helper.app/Contents/Resources/cs.lproj -- /Users/shawnrain/Library/Developer/Xcode/DerivedData/Mouse_Fix-bnijtbnbbtqglwclwfpwrxsqeaod/Build/Intermediates.noindex/Mouse\ Fix.build/Debug/Mac\ Mouse\ Fix\ Helper.build/cs.lproj/InfoPlist.strings
/Users/shawnrain/Library/Developer/Xcode/DerivedData/Mouse_Fix-bnijtbnbbtqglwclwfpwrxsqeaod/Build/Intermediates.noindex/Mouse Fix.build/Debug/Mac Mouse Fix Helper.build/cs.lproj/InfoPlist.strings:1:1: note: detected encoding of input file as Unicode (UTF-8) (in target 'Mac Mouse Fix Helper' from project 'Mouse Fix')

CopyStringsFile /Users/shawnrain/Library/Developer/Xcode/DerivedData/Mouse_Fix-bnijtbnbbtqglwclwfpwrxsqeaod/Build/Products/Debug/Mac\ Mouse\ Fix\ Helper.app/Contents/Resources/pt-BR.lproj/InfoPlist.strings /Users/shawnrain/Library/Developer/Xcode/DerivedData/Mouse_Fix-bnijtbnbbtqglwclwfpwrxsqeaod/Build/Intermediates.noindex/Mouse\ Fix.build/Debug/Mac\ Mouse\ Fix\ Helper.build/pt-BR.lproj/InfoPlist.strings (in target 'Mac Mouse Fix Helper' from project 'Mouse Fix')
    cd /Users/shawnrain/Library/Mobile\ Documents/com\~apple\~CloudDocs/Shawn\ Rain/Vibe-Coding/MacMouseFix
    builtin-copyStrings --validate --outputencoding UTF-16 --outfilename InfoPlist.strings --outdir /Users/shawnrain/Library/Developer/Xcode/DerivedData/Mouse_Fix-bnijtbnbbtqglwclwfpwrxsqeaod/Build/Products/Debug/Mac\ Mouse\ Fix\ Helper.app/Contents/Resources/pt-BR.lproj -- /Users/shawnrain/Library/Developer/Xcode/DerivedData/Mouse_Fix-bnijtbnbbtqglwclwfpwrxsqeaod/Build/Intermediates.noindex/Mouse\ Fix.build/Debug/Mac\ Mouse\ Fix\ Helper.build/pt-BR.lproj/InfoPlist.strings
/Users/shawnrain/Library/Developer/Xcode/DerivedData/Mouse_Fix-bnijtbnbbtqglwclwfpwrxsqeaod/Build/Intermediates.noindex/Mouse Fix.build/Debug/Mac Mouse Fix Helper.build/pt-BR.lproj/InfoPlist.strings:1:1: note: detected encoding of input file as Unicode (UTF-8) (in target 'Mac Mouse Fix Helper' from project 'Mouse Fix')

CopyStringsFile /Users/shawnrain/Library/Developer/Xcode/DerivedData/Mouse_Fix-bnijtbnbbtqglwclwfpwrxsqeaod/Build/Products/Debug/Mac\ Mouse\ Fix\ Helper.app/Contents/Resources/zh-Hans.lproj/InfoPlist.strings /Users/shawnrain/Library/Developer/Xcode/DerivedData/Mouse_Fix-bnijtbnbbtqglwclwfpwrxsqeaod/Build/Intermediates.noindex/Mouse\ Fix.build/Debug/Mac\ Mouse\ Fix\ Helper.build/zh-Hans.lproj/InfoPlist.strings (in target 'Mac Mouse Fix Helper' from project 'Mouse Fix')
    cd /Users/shawnrain/Library/Mobile\ Documents/com\~apple\~CloudDocs/Shawn\ Rain/Vibe-Coding/MacMouseFix
    builtin-copyStrings --validate --outputencoding UTF-16 --outfilename InfoPlist.strings --outdir /Users/shawnrain/Library/Developer/Xcode/DerivedData/Mouse_Fix-bnijtbnbbtqglwclwfpwrxsqeaod/Build/Products/Debug/Mac\ Mouse\ Fix\ Helper.app/Contents/Resources/zh-Hans.lproj -- /Users/shawnrain/Library/Developer/Xcode/DerivedData/Mouse_Fix-bnijtbnbbtqglwclwfpwrxsqeaod/Build/Intermediates.noindex/Mouse\ Fix.build/Debug/Mac\ Mouse\ Fix\ Helper.build/zh-Hans.lproj/InfoPlist.strings
/Users/shawnrain/Library/Developer/Xcode/DerivedData/Mouse_Fix-bnijtbnbbtqglwclwfpwrxsqeaod/Build/Intermediates.noindex/Mouse Fix.build/Debug/Mac Mouse Fix Helper.build/zh-Hans.lproj/InfoPlist.strings:1:1: note: detected encoding of input file as Unicode (UTF-8) (in target 'Mac Mouse Fix Helper' from project 'Mouse Fix')

CopyStringsFile /Users/shawnrain/Library/Developer/Xcode/DerivedData/Mouse_Fix-bnijtbnbbtqglwclwfpwrxsqeaod/Build/Products/Debug/Mac\ Mouse\ Fix\ Helper.app/Contents/Resources/vi.lproj/MenuBarItem.strings /Users/shawnrain/Library/Developer/Xcode/DerivedData/Mouse_Fix-bnijtbnbbtqglwclwfpwrxsqeaod/Build/Intermediates.noindex/Mouse\ Fix.build/Debug/Mac\ Mouse\ Fix\ Helper.build/vi.lproj/MenuBarItem.strings (in target 'Mac Mouse Fix Helper' from project 'Mouse Fix')
    cd /Users/shawnrain/Library/Mobile\ Documents/com\~apple\~CloudDocs/Shawn\ Rain/Vibe-Coding/MacMouseFix
    builtin-copyStrings --validate --outputencoding UTF-16 --outfilename MenuBarItem.strings --outdir /Users/shawnrain/Library/Developer/Xcode/DerivedData/Mouse_Fix-bnijtbnbbtqglwclwfpwrxsqeaod/Build/Products/Debug/Mac\ Mouse\ Fix\ Helper.app/Contents/Resources/vi.lproj -- /Users/shawnrain/Library/Developer/Xcode/DerivedData/Mouse_Fix-bnijtbnbbtqglwclwfpwrxsqeaod/Build/Intermediates.noindex/Mouse\ Fix.build/Debug/Mac\ Mouse\ Fix\ Helper.build/vi.lproj/MenuBarItem.strings
/Users/shawnrain/Library/Developer/Xcode/DerivedData/Mouse_Fix-bnijtbnbbtqglwclwfpwrxsqeaod/Build/Intermediates.noindex/Mouse Fix.build/Debug/Mac Mouse Fix Helper.build/vi.lproj/MenuBarItem.strings:1:1: note: detected encoding of input file as Unicode (UTF-8) (in target 'Mac Mouse Fix Helper' from project 'Mouse Fix')

CopyStringsFile /Users/shawnrain/Library/Developer/Xcode/DerivedData/Mouse_Fix-bnijtbnbbtqglwclwfpwrxsqeaod/Build/Products/Debug/Mac\ Mouse\ Fix\ Helper.app/Contents/Resources/zh-HK.lproj/MenuBarItem.strings /Users/shawnrain/Library/Developer/Xcode/DerivedData/Mouse_Fix-bnijtbnbbtqglwclwfpwrxsqeaod/Build/Intermediates.noindex/Mouse\ Fix.build/Debug/Mac\ Mouse\ Fix\ Helper.build/zh-HK.lproj/MenuBarItem.strings (in target 'Mac Mouse Fix Helper' from project 'Mouse Fix')
    cd /Users/shawnrain/Library/Mobile\ Documents/com\~apple\~CloudDocs/Shawn\ Rain/Vibe-Coding/MacMouseFix
    builtin-copyStrings --validate --outputencoding UTF-16 --outfilename MenuBarItem.strings --outdir /Users/shawnrain/Library/Developer/Xcode/DerivedData/Mouse_Fix-bnijtbnbbtqglwclwfpwrxsqeaod/Build/Products/Debug/Mac\ Mouse\ Fix\ Helper.app/Contents/Resources/zh-HK.lproj -- /Users/shawnrain/Library/Developer/Xcode/DerivedData/Mouse_Fix-bnijtbnbbtqglwclwfpwrxsqeaod/Build/Intermediates.noindex/Mouse\ Fix.build/Debug/Mac\ Mouse\ Fix\ Helper.build/zh-HK.lproj/MenuBarItem.strings
/Users/shawnrain/Library/Developer/Xcode/DerivedData/Mouse_Fix-bnijtbnbbtqglwclwfpwrxsqeaod/Build/Intermediates.noindex/Mouse Fix.build/Debug/Mac Mouse Fix Helper.build/zh-HK.lproj/MenuBarItem.strings:1:1: note: detected encoding of input file as Unicode (UTF-8) (in target 'Mac Mouse Fix Helper' from project 'Mouse Fix')

CopyStringsFile /Users/shawnrain/Library/Developer/Xcode/DerivedData/Mouse_Fix-bnijtbnbbtqglwclwfpwrxsqeaod/Build/Products/Debug/Mac\ Mouse\ Fix\ Helper.app/Contents/Resources/zh-Hant.lproj/MenuBarItem.strings /Users/shawnrain/Library/Developer/Xcode/DerivedData/Mouse_Fix-bnijtbnbbtqglwclwfpwrxsqeaod/Build/Intermediates.noindex/Mouse\ Fix.build/Debug/Mac\ Mouse\ Fix\ Helper.build/zh-Hant.lproj/MenuBarItem.strings (in target 'Mac Mouse Fix Helper' from project 'Mouse Fix')
    cd /Users/shawnrain/Library/Mobile\ Documents/com\~apple\~CloudDocs/Shawn\ Rain/Vibe-Coding/MacMouseFix
    builtin-copyStrings --validate --outputencoding UTF-16 --outfilename MenuBarItem.strings --outdir /Users/shawnrain/Library/Developer/Xcode/DerivedData/Mouse_Fix-bnijtbnbbtqglwclwfpwrxsqeaod/Build/Products/Debug/Mac\ Mouse\ Fix\ Helper.app/Contents/Resources/zh-Hant.lproj -- /Users/shawnrain/Library/Developer/Xcode/DerivedData/Mouse_Fix-bnijtbnbbtqglwclwfpwrxsqeaod/Build/Intermediates.noindex/Mouse\ Fix.build/Debug/Mac\ Mouse\ Fix\ Helper.build/zh-Hant.lproj/MenuBarItem.strings
/Users/shawnrain/Library/Developer/Xcode/DerivedData/Mouse_Fix-bnijtbnbbtqglwclwfpwrxsqeaod/Build/Intermediates.noindex/Mouse Fix.build/Debug/Mac Mouse Fix Helper.build/zh-Hant.lproj/MenuBarItem.strings:1:1: note: detected encoding of input file as Unicode (UTF-8) (in target 'Mac Mouse Fix Helper' from project 'Mouse Fix')

CopyStringsFile /Users/shawnrain/Library/Developer/Xcode/DerivedData/Mouse_Fix-bnijtbnbbtqglwclwfpwrxsqeaod/Build/Products/Debug/Mac\ Mouse\ Fix\ Helper.app/Contents/Resources/zh-Hans.lproj/MenuBarItem.strings /Users/shawnrain/Library/Developer/Xcode/DerivedData/Mouse_Fix-bnijtbnbbtqglwclwfpwrxsqeaod/Build/Intermediates.noindex/Mouse\ Fix.build/Debug/Mac\ Mouse\ Fix\ Helper.build/zh-Hans.lproj/MenuBarItem.strings (in target 'Mac Mouse Fix Helper' from project 'Mouse Fix')
    cd /Users/shawnrain/Library/Mobile\ Documents/com\~apple\~CloudDocs/Shawn\ Rain/Vibe-Coding/MacMouseFix
    builtin-copyStrings --validate --outputencoding UTF-16 --outfilename MenuBarItem.strings --outdir /Users/shawnrain/Library/Developer/Xcode/DerivedData/Mouse_Fix-bnijtbnbbtqglwclwfpwrxsqeaod/Build/Products/Debug/Mac\ Mouse\ Fix\ Helper.app/Contents/Resources/zh-Hans.lproj -- /Users/shawnrain/Library/Developer/Xcode/DerivedData/Mouse_Fix-bnijtbnbbtqglwclwfpwrxsqeaod/Build/Intermediates.noindex/Mouse\ Fix.build/Debug/Mac\ Mouse\ Fix\ Helper.build/zh-Hans.lproj/MenuBarItem.strings
/Users/shawnrain/Library/Developer/Xcode/DerivedData/Mouse_Fix-bnijtbnbbtqglwclwfpwrxsqeaod/Build/Intermediates.noindex/Mouse Fix.build/Debug/Mac Mouse Fix Helper.build/zh-Hans.lproj/MenuBarItem.strings:1:1: note: detected encoding of input file as Unicode (UTF-8) (in target 'Mac Mouse Fix Helper' from project 'Mouse Fix')

CopyStringsFile /Users/shawnrain/Library/Developer/Xcode/DerivedData/Mouse_Fix-bnijtbnbbtqglwclwfpwrxsqeaod/Build/Products/Debug/Mac\ Mouse\ Fix\ Helper.app/Contents/Resources/tr.lproj/MenuBarItem.strings /Users/shawnrain/Library/Developer/Xcode/DerivedData/Mouse_Fix-bnijtbnbbtqglwclwfpwrxsqeaod/Build/Intermediates.noindex/Mouse\ Fix.build/Debug/Mac\ Mouse\ Fix\ Helper.build/tr.lproj/MenuBarItem.strings (in target 'Mac Mouse Fix Helper' from project 'Mouse Fix')
    cd /Users/shawnrain/Library/Mobile\ Documents/com\~apple\~CloudDocs/Shawn\ Rain/Vibe-Coding/MacMouseFix
    builtin-copyStrings --validate --outputencoding UTF-16 --outfilename MenuBarItem.strings --outdir /Users/shawnrain/Library/Developer/Xcode/DerivedData/Mouse_Fix-bnijtbnbbtqglwclwfpwrxsqeaod/Build/Products/Debug/Mac\ Mouse\ Fix\ Helper.app/Contents/Resources/tr.lproj -- /Users/shawnrain/Library/Developer/Xcode/DerivedData/Mouse_Fix-bnijtbnbbtqglwclwfpwrxsqeaod/Build/Intermediates.noindex/Mouse\ Fix.build/Debug/Mac\ Mouse\ Fix\ Helper.build/tr.lproj/MenuBarItem.strings
/Users/shawnrain/Library/Developer/Xcode/DerivedData/Mouse_Fix-bnijtbnbbtqglwclwfpwrxsqeaod/Build/Intermediates.noindex/Mouse Fix.build/Debug/Mac Mouse Fix Helper.build/tr.lproj/MenuBarItem.strings:1:1: note: detected encoding of input file as Unicode (UTF-8) (in target 'Mac Mouse Fix Helper' from project 'Mouse Fix')

CopyStringsFile /Users/shawnrain/Library/Developer/Xcode/DerivedData/Mouse_Fix-bnijtbnbbtqglwclwfpwrxsqeaod/Build/Products/Debug/Mac\ Mouse\ Fix\ Helper.app/Contents/Resources/ru.lproj/MenuBarItem.strings /Users/shawnrain/Library/Developer/Xcode/DerivedData/Mouse_Fix-bnijtbnbbtqglwclwfpwrxsqeaod/Build/Intermediates.noindex/Mouse\ Fix.build/Debug/Mac\ Mouse\ Fix\ Helper.build/ru.lproj/MenuBarItem.strings (in target 'Mac Mouse Fix Helper' from project 'Mouse Fix')
    cd /Users/shawnrain/Library/Mobile\ Documents/com\~apple\~CloudDocs/Shawn\ Rain/Vibe-Coding/MacMouseFix
    builtin-copyStrings --validate --outputencoding UTF-16 --outfilename MenuBarItem.strings --outdir /Users/shawnrain/Library/Developer/Xcode/DerivedData/Mouse_Fix-bnijtbnbbtqglwclwfpwrxsqeaod/Build/Products/Debug/Mac\ Mouse\ Fix\ Helper.app/Contents/Resources/ru.lproj -- /Users/shawnrain/Library/Developer/Xcode/DerivedData/Mouse_Fix-bnijtbnbbtqglwclwfpwrxsqeaod/Build/Intermediates.noindex/Mouse\ Fix.build/Debug/Mac\ Mouse\ Fix\ Helper.build/ru.lproj/MenuBarItem.strings
/Users/shawnrain/Library/Developer/Xcode/DerivedData/Mouse_Fix-bnijtbnbbtqglwclwfpwrxsqeaod/Build/Intermediates.noindex/Mouse Fix.build/Debug/Mac Mouse Fix Helper.build/ru.lproj/MenuBarItem.strings:1:1: note: detected encoding of input file as Unicode (UTF-8) (in target 'Mac Mouse Fix Helper' from project 'Mouse Fix')

CopyStringsFile /Users/shawnrain/Library/Developer/Xcode/DerivedData/Mouse_Fix-bnijtbnbbtqglwclwfpwrxsqeaod/Build/Products/Debug/Mac\ Mouse\ Fix\ Helper.app/Contents/Resources/pt-BR.lproj/MenuBarItem.strings /Users/shawnrain/Library/Developer/Xcode/DerivedData/Mouse_Fix-bnijtbnbbtqglwclwfpwrxsqeaod/Build/Intermediates.noindex/Mouse\ Fix.build/Debug/Mac\ Mouse\ Fix\ Helper.build/pt-BR.lproj/MenuBarItem.strings (in target 'Mac Mouse Fix Helper' from project 'Mouse Fix')
    cd /Users/shawnrain/Library/Mobile\ Documents/com\~apple\~CloudDocs/Shawn\ Rain/Vibe-Coding/MacMouseFix
    builtin-copyStrings --validate --outputencoding UTF-16 --outfilename MenuBarItem.strings --outdir /Users/shawnrain/Library/Developer/Xcode/DerivedData/Mouse_Fix-bnijtbnbbtqglwclwfpwrxsqeaod/Build/Products/Debug/Mac\ Mouse\ Fix\ Helper.app/Contents/Resources/pt-BR.lproj -- /Users/shawnrain/Library/Developer/Xcode/DerivedData/Mouse_Fix-bnijtbnbbtqglwclwfpwrxsqeaod/Build/Intermediates.noindex/Mouse\ Fix.build/Debug/Mac\ Mouse\ Fix\ Helper.build/pt-BR.lproj/MenuBarItem.strings
/Users/shawnrain/Library/Developer/Xcode/DerivedData/Mouse_Fix-bnijtbnbbtqglwclwfpwrxsqeaod/Build/Intermediates.noindex/Mouse Fix.build/Debug/Mac Mouse Fix Helper.build/pt-BR.lproj/MenuBarItem.strings:1:1: note: detected encoding of input file as Unicode (UTF-8) (in target 'Mac Mouse Fix Helper' from project 'Mouse Fix')

CopyStringsFile /Users/shawnrain/Library/Developer/Xcode/DerivedData/Mouse_Fix-bnijtbnbbtqglwclwfpwrxsqeaod/Build/Products/Debug/Mac\ Mouse\ Fix\ Helper.app/Contents/Resources/ko.lproj/MenuBarItem.strings /Users/shawnrain/Library/Developer/Xcode/DerivedData/Mouse_Fix-bnijtbnbbtqglwclwfpwrxsqeaod/Build/Intermediates.noindex/Mouse\ Fix.build/Debug/Mac\ Mouse\ Fix\ Helper.build/ko.lproj/MenuBarItem.strings (in target 'Mac Mouse Fix Helper' from project 'Mouse Fix')
    cd /Users/shawnrain/Library/Mobile\ Documents/com\~apple\~CloudDocs/Shawn\ Rain/Vibe-Coding/MacMouseFix
    builtin-copyStrings --validate --outputencoding UTF-16 --outfilename MenuBarItem.strings --outdir /Users/shawnrain/Library/Developer/Xcode/DerivedData/Mouse_Fix-bnijtbnbbtqglwclwfpwrxsqeaod/Build/Products/Debug/Mac\ Mouse\ Fix\ Helper.app/Contents/Resources/ko.lproj -- /Users/shawnrain/Library/Developer/Xcode/DerivedData/Mouse_Fix-bnijtbnbbtqglwclwfpwrxsqeaod/Build/Intermediates.noindex/Mouse\ Fix.build/Debug/Mac\ Mouse\ Fix\ Helper.build/ko.lproj/MenuBarItem.strings
/Users/shawnrain/Library/Developer/Xcode/DerivedData/Mouse_Fix-bnijtbnbbtqglwclwfpwrxsqeaod/Build/Intermediates.noindex/Mouse Fix.build/Debug/Mac Mouse Fix Helper.build/ko.lproj/MenuBarItem.strings:1:1: note: detected encoding of input file as Unicode (UTF-8) (in target 'Mac Mouse Fix Helper' from project 'Mouse Fix')

CopyStringsFile /Users/shawnrain/Library/Developer/Xcode/DerivedData/Mouse_Fix-bnijtbnbbtqglwclwfpwrxsqeaod/Build/Products/Debug/Mac\ Mouse\ Fix\ Helper.app/Contents/Resources/fr.lproj/MenuBarItem.strings /Users/shawnrain/Library/Developer/Xcode/DerivedData/Mouse_Fix-bnijtbnbbtqglwclwfpwrxsqeaod/Build/Intermediates.noindex/Mouse\ Fix.build/Debug/Mac\ Mouse\ Fix\ Helper.build/fr.lproj/MenuBarItem.strings (in target 'Mac Mouse Fix Helper' from project 'Mouse Fix')
    cd /Users/shawnrain/Library/Mobile\ Documents/com\~apple\~CloudDocs/Shawn\ Rain/Vibe-Coding/MacMouseFix
    builtin-copyStrings --validate --outputencoding UTF-16 --outfilename MenuBarItem.strings --outdir /Users/shawnrain/Library/Developer/Xcode/DerivedData/Mouse_Fix-bnijtbnbbtqglwclwfpwrxsqeaod/Build/Products/Debug/Mac\ Mouse\ Fix\ Helper.app/Contents/Resources/fr.lproj -- /Users/shawnrain/Library/Developer/Xcode/DerivedData/Mouse_Fix-bnijtbnbbtqglwclwfpwrxsqeaod/Build/Intermediates.noindex/Mouse\ Fix.build/Debug/Mac\ Mouse\ Fix\ Helper.build/fr.lproj/MenuBarItem.strings
/Users/shawnrain/Library/Developer/Xcode/DerivedData/Mouse_Fix-bnijtbnbbtqglwclwfpwrxsqeaod/Build/Intermediates.noindex/Mouse Fix.build/Debug/Mac Mouse Fix Helper.build/fr.lproj/MenuBarItem.strings:1:1: note: detected encoding of input file as Unicode (UTF-8) (in target 'Mac Mouse Fix Helper' from project 'Mouse Fix')

CopyStringsFile /Users/shawnrain/Library/Developer/Xcode/DerivedData/Mouse_Fix-bnijtbnbbtqglwclwfpwrxsqeaod/Build/Products/Debug/Mac\ Mouse\ Fix\ Helper.app/Contents/Resources/es.lproj/MenuBarItem.strings /Users/shawnrain/Library/Developer/Xcode/DerivedData/Mouse_Fix-bnijtbnbbtqglwclwfpwrxsqeaod/Build/Intermediates.noindex/Mouse\ Fix.build/Debug/Mac\ Mouse\ Fix\ Helper.build/es.lproj/MenuBarItem.strings (in target 'Mac Mouse Fix Helper' from project 'Mouse Fix')
    cd /Users/shawnrain/Library/Mobile\ Documents/com\~apple\~CloudDocs/Shawn\ Rain/Vibe-Coding/MacMouseFix
    builtin-copyStrings --validate --outputencoding UTF-16 --outfilename MenuBarItem.strings --outdir /Users/shawnrain/Library/Developer/Xcode/DerivedData/Mouse_Fix-bnijtbnbbtqglwclwfpwrxsqeaod/Build/Products/Debug/Mac\ Mouse\ Fix\ Helper.app/Contents/Resources/es.lproj -- /Users/shawnrain/Library/Developer/Xcode/DerivedData/Mouse_Fix-bnijtbnbbtqglwclwfpwrxsqeaod/Build/Intermediates.noindex/Mouse\ Fix.build/Debug/Mac\ Mouse\ Fix\ Helper.build/es.lproj/MenuBarItem.strings
/Users/shawnrain/Library/Developer/Xcode/DerivedData/Mouse_Fix-bnijtbnbbtqglwclwfpwrxsqeaod/Build/Intermediates.noindex/Mouse Fix.build/Debug/Mac Mouse Fix Helper.build/es.lproj/MenuBarItem.strings:1:1: note: detected encoding of input file as Unicode (UTF-8) (in target 'Mac Mouse Fix Helper' from project 'Mouse Fix')

CopyStringsFile /Users/shawnrain/Library/Developer/Xcode/DerivedData/Mouse_Fix-bnijtbnbbtqglwclwfpwrxsqeaod/Build/Products/Debug/Mac\ Mouse\ Fix\ Helper.app/Contents/Resources/de.lproj/MenuBarItem.strings /Users/shawnrain/Library/Developer/Xcode/DerivedData/Mouse_Fix-bnijtbnbbtqglwclwfpwrxsqeaod/Build/Intermediates.noindex/Mouse\ Fix.build/Debug/Mac\ Mouse\ Fix\ Helper.build/de.lproj/MenuBarItem.strings (in target 'Mac Mouse Fix Helper' from project 'Mouse Fix')
    cd /Users/shawnrain/Library/Mobile\ Documents/com\~apple\~CloudDocs/Shawn\ Rain/Vibe-Coding/MacMouseFix
    builtin-copyStrings --validate --outputencoding UTF-16 --outfilename MenuBarItem.strings --outdir /Users/shawnrain/Library/Developer/Xcode/DerivedData/Mouse_Fix-bnijtbnbbtqglwclwfpwrxsqeaod/Build/Products/Debug/Mac\ Mouse\ Fix\ Helper.app/Contents/Resources/de.lproj -- /Users/shawnrain/Library/Developer/Xcode/DerivedData/Mouse_Fix-bnijtbnbbtqglwclwfpwrxsqeaod/Build/Intermediates.noindex/Mouse\ Fix.build/Debug/Mac\ Mouse\ Fix\ Helper.build/de.lproj/MenuBarItem.strings
/Users/shawnrain/Library/Developer/Xcode/DerivedData/Mouse_Fix-bnijtbnbbtqglwclwfpwrxsqeaod/Build/Intermediates.noindex/Mouse Fix.build/Debug/Mac Mouse Fix Helper.build/de.lproj/MenuBarItem.strings:1:1: note: detected encoding of input file as Unicode (UTF-8) (in target 'Mac Mouse Fix Helper' from project 'Mouse Fix')

CopyStringsFile /Users/shawnrain/Library/Developer/Xcode/DerivedData/Mouse_Fix-bnijtbnbbtqglwclwfpwrxsqeaod/Build/Products/Debug/Mac\ Mouse\ Fix\ Helper.app/Contents/Resources/cs.lproj/MenuBarItem.strings /Users/shawnrain/Library/Developer/Xcode/DerivedData/Mouse_Fix-bnijtbnbbtqglwclwfpwrxsqeaod/Build/Intermediates.noindex/Mouse\ Fix.build/Debug/Mac\ Mouse\ Fix\ Helper.build/cs.lproj/MenuBarItem.strings (in target 'Mac Mouse Fix Helper' from project 'Mouse Fix')
    cd /Users/shawnrain/Library/Mobile\ Documents/com\~apple\~CloudDocs/Shawn\ Rain/Vibe-Coding/MacMouseFix
    builtin-copyStrings --validate --outputencoding UTF-16 --outfilename MenuBarItem.strings --outdir /Users/shawnrain/Library/Developer/Xcode/DerivedData/Mouse_Fix-bnijtbnbbtqglwclwfpwrxsqeaod/Build/Products/Debug/Mac\ Mouse\ Fix\ Helper.app/Contents/Resources/cs.lproj -- /Users/shawnrain/Library/Developer/Xcode/DerivedData/Mouse_Fix-bnijtbnbbtqglwclwfpwrxsqeaod/Build/Intermediates.noindex/Mouse\ Fix.build/Debug/Mac\ Mouse\ Fix\ Helper.build/cs.lproj/MenuBarItem.strings
/Users/shawnrain/Library/Developer/Xcode/DerivedData/Mouse_Fix-bnijtbnbbtqglwclwfpwrxsqeaod/Build/Intermediates.noindex/Mouse Fix.build/Debug/Mac Mouse Fix Helper.build/cs.lproj/MenuBarItem.strings:1:1: note: detected encoding of input file as Unicode (UTF-8) (in target 'Mac Mouse Fix Helper' from project 'Mouse Fix')

CopyStringsFile /Users/shawnrain/Library/Developer/Xcode/DerivedData/Mouse_Fix-bnijtbnbbtqglwclwfpwrxsqeaod/Build/Products/Debug/Mac\ Mouse\ Fix\ Helper.app/Contents/Resources/pt-BR.lproj/Localizable.strings /Users/shawnrain/Library/Developer/Xcode/DerivedData/Mouse_Fix-bnijtbnbbtqglwclwfpwrxsqeaod/Build/Intermediates.noindex/Mouse\ Fix.build/Debug/Mac\ Mouse\ Fix\ Helper.build/pt-BR.lproj/Localizable.strings (in target 'Mac Mouse Fix Helper' from project 'Mouse Fix')
    cd /Users/shawnrain/Library/Mobile\ Documents/com\~apple\~CloudDocs/Shawn\ Rain/Vibe-Coding/MacMouseFix
    builtin-copyStrings --validate --outputencoding UTF-16 --outfilename Localizable.strings --outdir /Users/shawnrain/Library/Developer/Xcode/DerivedData/Mouse_Fix-bnijtbnbbtqglwclwfpwrxsqeaod/Build/Products/Debug/Mac\ Mouse\ Fix\ Helper.app/Contents/Resources/pt-BR.lproj -- /Users/shawnrain/Library/Developer/Xcode/DerivedData/Mouse_Fix-bnijtbnbbtqglwclwfpwrxsqeaod/Build/Intermediates.noindex/Mouse\ Fix.build/Debug/Mac\ Mouse\ Fix\ Helper.build/pt-BR.lproj/Localizable.strings
/Users/shawnrain/Library/Developer/Xcode/DerivedData/Mouse_Fix-bnijtbnbbtqglwclwfpwrxsqeaod/Build/Intermediates.noindex/Mouse Fix.build/Debug/Mac Mouse Fix Helper.build/pt-BR.lproj/Localizable.strings:1:1: note: detected encoding of input file as Unicode (UTF-8) (in target 'Mac Mouse Fix Helper' from project 'Mouse Fix')

CopyStringsFile /Users/shawnrain/Library/Developer/Xcode/DerivedData/Mouse_Fix-bnijtbnbbtqglwclwfpwrxsqeaod/Build/Products/Debug/Mac\ Mouse\ Fix\ Helper.app/Contents/Resources/vi.lproj/Localizable.strings /Users/shawnrain/Library/Developer/Xcode/DerivedData/Mouse_Fix-bnijtbnbbtqglwclwfpwrxsqeaod/Build/Intermediates.noindex/Mouse\ Fix.build/Debug/Mac\ Mouse\ Fix\ Helper.build/vi.lproj/Localizable.strings (in target 'Mac Mouse Fix Helper' from project 'Mouse Fix')
    cd /Users/shawnrain/Library/Mobile\ Documents/com\~apple\~CloudDocs/Shawn\ Rain/Vibe-Coding/MacMouseFix
    builtin-copyStrings --validate --outputencoding UTF-16 --outfilename Localizable.strings --outdir /Users/shawnrain/Library/Developer/Xcode/DerivedData/Mouse_Fix-bnijtbnbbtqglwclwfpwrxsqeaod/Build/Products/Debug/Mac\ Mouse\ Fix\ Helper.app/Contents/Resources/vi.lproj -- /Users/shawnrain/Library/Developer/Xcode/DerivedData/Mouse_Fix-bnijtbnbbtqglwclwfpwrxsqeaod/Build/Intermediates.noindex/Mouse\ Fix.build/Debug/Mac\ Mouse\ Fix\ Helper.build/vi.lproj/Localizable.strings
/Users/shawnrain/Library/Developer/Xcode/DerivedData/Mouse_Fix-bnijtbnbbtqglwclwfpwrxsqeaod/Build/Intermediates.noindex/Mouse Fix.build/Debug/Mac Mouse Fix Helper.build/vi.lproj/Localizable.strings:1:1: note: detected encoding of input file as Unicode (UTF-8) (in target 'Mac Mouse Fix Helper' from project 'Mouse Fix')

CopyStringsFile /Users/shawnrain/Library/Developer/Xcode/DerivedData/Mouse_Fix-bnijtbnbbtqglwclwfpwrxsqeaod/Build/Products/Debug/Mac\ Mouse\ Fix\ Helper.app/Contents/Resources/ko.lproj/Localizable.stringsdict /Users/shawnrain/Library/Developer/Xcode/DerivedData/Mouse_Fix-bnijtbnbbtqglwclwfpwrxsqeaod/Build/Intermediates.noindex/Mouse\ Fix.build/Debug/Mac\ Mouse\ Fix\ Helper.build/ko.lproj/Localizable.stringsdict (in target 'Mac Mouse Fix Helper' from project 'Mouse Fix')
    cd /Users/shawnrain/Library/Mobile\ Documents/com\~apple\~CloudDocs/Shawn\ Rain/Vibe-Coding/MacMouseFix
    builtin-copyStrings --validate --outputencoding UTF-16 --outfilename Localizable.stringsdict --outdir /Users/shawnrain/Library/Developer/Xcode/DerivedData/Mouse_Fix-bnijtbnbbtqglwclwfpwrxsqeaod/Build/Products/Debug/Mac\ Mouse\ Fix\ Helper.app/Contents/Resources/ko.lproj -- /Users/shawnrain/Library/Developer/Xcode/DerivedData/Mouse_Fix-bnijtbnbbtqglwclwfpwrxsqeaod/Build/Intermediates.noindex/Mouse\ Fix.build/Debug/Mac\ Mouse\ Fix\ Helper.build/ko.lproj/Localizable.stringsdict
/Users/shawnrain/Library/Developer/Xcode/DerivedData/Mouse_Fix-bnijtbnbbtqglwclwfpwrxsqeaod/Build/Intermediates.noindex/Mouse Fix.build/Debug/Mac Mouse Fix Helper.build/ko.lproj/Localizable.stringsdict:1:1: note: detected encoding of input file as Unicode (UTF-8) (in target 'Mac Mouse Fix Helper' from project 'Mouse Fix')

CopyStringsFile /Users/shawnrain/Library/Developer/Xcode/DerivedData/Mouse_Fix-bnijtbnbbtqglwclwfpwrxsqeaod/Build/Products/Debug/Mac\ Mouse\ Fix\ Helper.app/Contents/Resources/ko.lproj/Localizable.strings /Users/shawnrain/Library/Developer/Xcode/DerivedData/Mouse_Fix-bnijtbnbbtqglwclwfpwrxsqeaod/Build/Intermediates.noindex/Mouse\ Fix.build/Debug/Mac\ Mouse\ Fix\ Helper.build/ko.lproj/Localizable.strings (in target 'Mac Mouse Fix Helper' from project 'Mouse Fix')
    cd /Users/shawnrain/Library/Mobile\ Documents/com\~apple\~CloudDocs/Shawn\ Rain/Vibe-Coding/MacMouseFix
    builtin-copyStrings --validate --outputencoding UTF-16 --outfilename Localizable.strings --outdir /Users/shawnrain/Library/Developer/Xcode/DerivedData/Mouse_Fix-bnijtbnbbtqglwclwfpwrxsqeaod/Build/Products/Debug/Mac\ Mouse\ Fix\ Helper.app/Contents/Resources/ko.lproj -- /Users/shawnrain/Library/Developer/Xcode/DerivedData/Mouse_Fix-bnijtbnbbtqglwclwfpwrxsqeaod/Build/Intermediates.noindex/Mouse\ Fix.build/Debug/Mac\ Mouse\ Fix\ Helper.build/ko.lproj/Localizable.strings
/Users/shawnrain/Library/Developer/Xcode/DerivedData/Mouse_Fix-bnijtbnbbtqglwclwfpwrxsqeaod/Build/Intermediates.noindex/Mouse Fix.build/Debug/Mac Mouse Fix Helper.build/ko.lproj/Localizable.strings:1:1: note: detected encoding of input file as Unicode (UTF-8) (in target 'Mac Mouse Fix Helper' from project 'Mouse Fix')

CopyStringsFile /Users/shawnrain/Library/Developer/Xcode/DerivedData/Mouse_Fix-bnijtbnbbtqglwclwfpwrxsqeaod/Build/Products/Debug/Mac\ Mouse\ Fix\ Helper.app/Contents/Resources/vi.lproj/Localizable.stringsdict /Users/shawnrain/Library/Developer/Xcode/DerivedData/Mouse_Fix-bnijtbnbbtqglwclwfpwrxsqeaod/Build/Intermediates.noindex/Mouse\ Fix.build/Debug/Mac\ Mouse\ Fix\ Helper.build/vi.lproj/Localizable.stringsdict (in target 'Mac Mouse Fix Helper' from project 'Mouse Fix')
    cd /Users/shawnrain/Library/Mobile\ Documents/com\~apple\~CloudDocs/Shawn\ Rain/Vibe-Coding/MacMouseFix
    builtin-copyStrings --validate --outputencoding UTF-16 --outfilename Localizable.stringsdict --outdir /Users/shawnrain/Library/Developer/Xcode/DerivedData/Mouse_Fix-bnijtbnbbtqglwclwfpwrxsqeaod/Build/Products/Debug/Mac\ Mouse\ Fix\ Helper.app/Contents/Resources/vi.lproj -- /Users/shawnrain/Library/Developer/Xcode/DerivedData/Mouse_Fix-bnijtbnbbtqglwclwfpwrxsqeaod/Build/Intermediates.noindex/Mouse\ Fix.build/Debug/Mac\ Mouse\ Fix\ Helper.build/vi.lproj/Localizable.stringsdict
/Users/shawnrain/Library/Developer/Xcode/DerivedData/Mouse_Fix-bnijtbnbbtqglwclwfpwrxsqeaod/Build/Intermediates.noindex/Mouse Fix.build/Debug/Mac Mouse Fix Helper.build/vi.lproj/Localizable.stringsdict:1:1: note: detected encoding of input file as Unicode (UTF-8) (in target 'Mac Mouse Fix Helper' from project 'Mouse Fix')

CopyStringsFile /Users/shawnrain/Library/Developer/Xcode/DerivedData/Mouse_Fix-bnijtbnbbtqglwclwfpwrxsqeaod/Build/Products/Debug/Mac\ Mouse\ Fix\ Helper.app/Contents/Resources/zh-Hant.lproj/Localizable.stringsdict /Users/shawnrain/Library/Developer/Xcode/DerivedData/Mouse_Fix-bnijtbnbbtqglwclwfpwrxsqeaod/Build/Intermediates.noindex/Mouse\ Fix.build/Debug/Mac\ Mouse\ Fix\ Helper.build/zh-Hant.lproj/Localizable.stringsdict (in target 'Mac Mouse Fix Helper' from project 'Mouse Fix')
    cd /Users/shawnrain/Library/Mobile\ Documents/com\~apple\~CloudDocs/Shawn\ Rain/Vibe-Coding/MacMouseFix
    builtin-copyStrings --validate --outputencoding UTF-16 --outfilename Localizable.stringsdict --outdir /Users/shawnrain/Library/Developer/Xcode/DerivedData/Mouse_Fix-bnijtbnbbtqglwclwfpwrxsqeaod/Build/Products/Debug/Mac\ Mouse\ Fix\ Helper.app/Contents/Resources/zh-Hant.lproj -- /Users/shawnrain/Library/Developer/Xcode/DerivedData/Mouse_Fix-bnijtbnbbtqglwclwfpwrxsqeaod/Build/Intermediates.noindex/Mouse\ Fix.build/Debug/Mac\ Mouse\ Fix\ Helper.build/zh-Hant.lproj/Localizable.stringsdict
/Users/shawnrain/Library/Developer/Xcode/DerivedData/Mouse_Fix-bnijtbnbbtqglwclwfpwrxsqeaod/Build/Intermediates.noindex/Mouse Fix.build/Debug/Mac Mouse Fix Helper.build/zh-Hant.lproj/Localizable.stringsdict:1:1: note: detected encoding of input file as Unicode (UTF-8) (in target 'Mac Mouse Fix Helper' from project 'Mouse Fix')

CopyStringsFile /Users/shawnrain/Library/Developer/Xcode/DerivedData/Mouse_Fix-bnijtbnbbtqglwclwfpwrxsqeaod/Build/Products/Debug/Mac\ Mouse\ Fix\ Helper.app/Contents/Resources/zh-Hant.lproj/Localizable.strings /Users/shawnrain/Library/Developer/Xcode/DerivedData/Mouse_Fix-bnijtbnbbtqglwclwfpwrxsqeaod/Build/Intermediates.noindex/Mouse\ Fix.build/Debug/Mac\ Mouse\ Fix\ Helper.build/zh-Hant.lproj/Localizable.strings (in target 'Mac Mouse Fix Helper' from project 'Mouse Fix')
    cd /Users/shawnrain/Library/Mobile\ Documents/com\~apple\~CloudDocs/Shawn\ Rain/Vibe-Coding/MacMouseFix
    builtin-copyStrings --validate --outputencoding UTF-16 --outfilename Localizable.strings --outdir /Users/shawnrain/Library/Developer/Xcode/DerivedData/Mouse_Fix-bnijtbnbbtqglwclwfpwrxsqeaod/Build/Products/Debug/Mac\ Mouse\ Fix\ Helper.app/Contents/Resources/zh-Hant.lproj -- /Users/shawnrain/Library/Developer/Xcode/DerivedData/Mouse_Fix-bnijtbnbbtqglwclwfpwrxsqeaod/Build/Intermediates.noindex/Mouse\ Fix.build/Debug/Mac\ Mouse\ Fix\ Helper.build/zh-Hant.lproj/Localizable.strings
/Users/shawnrain/Library/Developer/Xcode/DerivedData/Mouse_Fix-bnijtbnbbtqglwclwfpwrxsqeaod/Build/Intermediates.noindex/Mouse Fix.build/Debug/Mac Mouse Fix Helper.build/zh-Hant.lproj/Localizable.strings:1:1: note: detected encoding of input file as Unicode (UTF-8) (in target 'Mac Mouse Fix Helper' from project 'Mouse Fix')

CopyStringsFile /Users/shawnrain/Library/Developer/Xcode/DerivedData/Mouse_Fix-bnijtbnbbtqglwclwfpwrxsqeaod/Build/Products/Debug/Mac\ Mouse\ Fix\ Helper.app/Contents/Resources/fr.lproj/Localizable.stringsdict /Users/shawnrain/Library/Developer/Xcode/DerivedData/Mouse_Fix-bnijtbnbbtqglwclwfpwrxsqeaod/Build/Intermediates.noindex/Mouse\ Fix.build/Debug/Mac\ Mouse\ Fix\ Helper.build/fr.lproj/Localizable.stringsdict (in target 'Mac Mouse Fix Helper' from project 'Mouse Fix')
    cd /Users/shawnrain/Library/Mobile\ Documents/com\~apple\~CloudDocs/Shawn\ Rain/Vibe-Coding/MacMouseFix
    builtin-copyStrings --validate --outputencoding UTF-16 --outfilename Localizable.stringsdict --outdir /Users/shawnrain/Library/Developer/Xcode/DerivedData/Mouse_Fix-bnijtbnbbtqglwclwfpwrxsqeaod/Build/Products/Debug/Mac\ Mouse\ Fix\ Helper.app/Contents/Resources/fr.lproj -- /Users/shawnrain/Library/Developer/Xcode/DerivedData/Mouse_Fix-bnijtbnbbtqglwclwfpwrxsqeaod/Build/Intermediates.noindex/Mouse\ Fix.build/Debug/Mac\ Mouse\ Fix\ Helper.build/fr.lproj/Localizable.stringsdict
/Users/shawnrain/Library/Developer/Xcode/DerivedData/Mouse_Fix-bnijtbnbbtqglwclwfpwrxsqeaod/Build/Intermediates.noindex/Mouse Fix.build/Debug/Mac Mouse Fix Helper.build/fr.lproj/Localizable.stringsdict:1:1: note: detected encoding of input file as Unicode (UTF-8) (in target 'Mac Mouse Fix Helper' from project 'Mouse Fix')

CopyStringsFile /Users/shawnrain/Library/Developer/Xcode/DerivedData/Mouse_Fix-bnijtbnbbtqglwclwfpwrxsqeaod/Build/Products/Debug/Mac\ Mouse\ Fix\ Helper.app/Contents/Resources/pt-BR.lproj/Localizable.stringsdict /Users/shawnrain/Library/Developer/Xcode/DerivedData/Mouse_Fix-bnijtbnbbtqglwclwfpwrxsqeaod/Build/Intermediates.noindex/Mouse\ Fix.build/Debug/Mac\ Mouse\ Fix\ Helper.build/pt-BR.lproj/Localizable.stringsdict (in target 'Mac Mouse Fix Helper' from project 'Mouse Fix')
    cd /Users/shawnrain/Library/Mobile\ Documents/com\~apple\~CloudDocs/Shawn\ Rain/Vibe-Coding/MacMouseFix
    builtin-copyStrings --validate --outputencoding UTF-16 --outfilename Localizable.stringsdict --outdir /Users/shawnrain/Library/Developer/Xcode/DerivedData/Mouse_Fix-bnijtbnbbtqglwclwfpwrxsqeaod/Build/Products/Debug/Mac\ Mouse\ Fix\ Helper.app/Contents/Resources/pt-BR.lproj -- /Users/shawnrain/Library/Developer/Xcode/DerivedData/Mouse_Fix-bnijtbnbbtqglwclwfpwrxsqeaod/Build/Intermediates.noindex/Mouse\ Fix.build/Debug/Mac\ Mouse\ Fix\ Helper.build/pt-BR.lproj/Localizable.stringsdict
/Users/shawnrain/Library/Developer/Xcode/DerivedData/Mouse_Fix-bnijtbnbbtqglwclwfpwrxsqeaod/Build/Intermediates.noindex/Mouse Fix.build/Debug/Mac Mouse Fix Helper.build/pt-BR.lproj/Localizable.stringsdict:1:1: note: detected encoding of input file as Unicode (UTF-8) (in target 'Mac Mouse Fix Helper' from project 'Mouse Fix')

CopyStringsFile /Users/shawnrain/Library/Developer/Xcode/DerivedData/Mouse_Fix-bnijtbnbbtqglwclwfpwrxsqeaod/Build/Products/Debug/Mac\ Mouse\ Fix\ Helper.app/Contents/Resources/zh-Hans.lproj/Localizable.stringsdict /Users/shawnrain/Library/Developer/Xcode/DerivedData/Mouse_Fix-bnijtbnbbtqglwclwfpwrxsqeaod/Build/Intermediates.noindex/Mouse\ Fix.build/Debug/Mac\ Mouse\ Fix\ Helper.build/zh-Hans.lproj/Localizable.stringsdict (in target 'Mac Mouse Fix Helper' from project 'Mouse Fix')
    cd /Users/shawnrain/Library/Mobile\ Documents/com\~apple\~CloudDocs/Shawn\ Rain/Vibe-Coding/MacMouseFix
    builtin-copyStrings --validate --outputencoding UTF-16 --outfilename Localizable.stringsdict --outdir /Users/shawnrain/Library/Developer/Xcode/DerivedData/Mouse_Fix-bnijtbnbbtqglwclwfpwrxsqeaod/Build/Products/Debug/Mac\ Mouse\ Fix\ Helper.app/Contents/Resources/zh-Hans.lproj -- /Users/shawnrain/Library/Developer/Xcode/DerivedData/Mouse_Fix-bnijtbnbbtqglwclwfpwrxsqeaod/Build/Intermediates.noindex/Mouse\ Fix.build/Debug/Mac\ Mouse\ Fix\ Helper.build/zh-Hans.lproj/Localizable.stringsdict
/Users/shawnrain/Library/Developer/Xcode/DerivedData/Mouse_Fix-bnijtbnbbtqglwclwfpwrxsqeaod/Build/Intermediates.noindex/Mouse Fix.build/Debug/Mac Mouse Fix Helper.build/zh-Hans.lproj/Localizable.stringsdict:1:1: note: detected encoding of input file as Unicode (UTF-8) (in target 'Mac Mouse Fix Helper' from project 'Mouse Fix')

CopyStringsFile /Users/shawnrain/Library/Developer/Xcode/DerivedData/Mouse_Fix-bnijtbnbbtqglwclwfpwrxsqeaod/Build/Products/Debug/Mac\ Mouse\ Fix\ Helper.app/Contents/Resources/zh-Hans.lproj/Localizable.strings /Users/shawnrain/Library/Developer/Xcode/DerivedData/Mouse_Fix-bnijtbnbbtqglwclwfpwrxsqeaod/Build/Intermediates.noindex/Mouse\ Fix.build/Debug/Mac\ Mouse\ Fix\ Helper.build/zh-Hans.lproj/Localizable.strings (in target 'Mac Mouse Fix Helper' from project 'Mouse Fix')
    cd /Users/shawnrain/Library/Mobile\ Documents/com\~apple\~CloudDocs/Shawn\ Rain/Vibe-Coding/MacMouseFix
    builtin-copyStrings --validate --outputencoding UTF-16 --outfilename Localizable.strings --outdir /Users/shawnrain/Library/Developer/Xcode/DerivedData/Mouse_Fix-bnijtbnbbtqglwclwfpwrxsqeaod/Build/Products/Debug/Mac\ Mouse\ Fix\ Helper.app/Contents/Resources/zh-Hans.lproj -- /Users/shawnrain/Library/Developer/Xcode/DerivedData/Mouse_Fix-bnijtbnbbtqglwclwfpwrxsqeaod/Build/Intermediates.noindex/Mouse\ Fix.build/Debug/Mac\ Mouse\ Fix\ Helper.build/zh-Hans.lproj/Localizable.strings
/Users/shawnrain/Library/Developer/Xcode/DerivedData/Mouse_Fix-bnijtbnbbtqglwclwfpwrxsqeaod/Build/Intermediates.noindex/Mouse Fix.build/Debug/Mac Mouse Fix Helper.build/zh-Hans.lproj/Localizable.strings:1:1: note: detected encoding of input file as Unicode (UTF-8) (in target 'Mac Mouse Fix Helper' from project 'Mouse Fix')

CopyStringsFile /Users/shawnrain/Library/Developer/Xcode/DerivedData/Mouse_Fix-bnijtbnbbtqglwclwfpwrxsqeaod/Build/Products/Debug/Mac\ Mouse\ Fix\ Helper.app/Contents/Resources/zh-HK.lproj/Localizable.stringsdict /Users/shawnrain/Library/Developer/Xcode/DerivedData/Mouse_Fix-bnijtbnbbtqglwclwfpwrxsqeaod/Build/Intermediates.noindex/Mouse\ Fix.build/Debug/Mac\ Mouse\ Fix\ Helper.build/zh-HK.lproj/Localizable.stringsdict (in target 'Mac Mouse Fix Helper' from project 'Mouse Fix')
    cd /Users/shawnrain/Library/Mobile\ Documents/com\~apple\~CloudDocs/Shawn\ Rain/Vibe-Coding/MacMouseFix
    builtin-copyStrings --validate --outputencoding UTF-16 --outfilename Localizable.stringsdict --outdir /Users/shawnrain/Library/Developer/Xcode/DerivedData/Mouse_Fix-bnijtbnbbtqglwclwfpwrxsqeaod/Build/Products/Debug/Mac\ Mouse\ Fix\ Helper.app/Contents/Resources/zh-HK.lproj -- /Users/shawnrain/Library/Developer/Xcode/DerivedData/Mouse_Fix-bnijtbnbbtqglwclwfpwrxsqeaod/Build/Intermediates.noindex/Mouse\ Fix.build/Debug/Mac\ Mouse\ Fix\ Helper.build/zh-HK.lproj/Localizable.stringsdict
/Users/shawnrain/Library/Developer/Xcode/DerivedData/Mouse_Fix-bnijtbnbbtqglwclwfpwrxsqeaod/Build/Intermediates.noindex/Mouse Fix.build/Debug/Mac Mouse Fix Helper.build/zh-HK.lproj/Localizable.stringsdict:1:1: note: detected encoding of input file as Unicode (UTF-8) (in target 'Mac Mouse Fix Helper' from project 'Mouse Fix')

CopyStringsFile /Users/shawnrain/Library/Developer/Xcode/DerivedData/Mouse_Fix-bnijtbnbbtqglwclwfpwrxsqeaod/Build/Products/Debug/Mac\ Mouse\ Fix\ Helper.app/Contents/Resources/zh-HK.lproj/Localizable.strings /Users/shawnrain/Library/Developer/Xcode/DerivedData/Mouse_Fix-bnijtbnbbtqglwclwfpwrxsqeaod/Build/Intermediates.noindex/Mouse\ Fix.build/Debug/Mac\ Mouse\ Fix\ Helper.build/zh-HK.lproj/Localizable.strings (in target 'Mac Mouse Fix Helper' from project 'Mouse Fix')
    cd /Users/shawnrain/Library/Mobile\ Documents/com\~apple\~CloudDocs/Shawn\ Rain/Vibe-Coding/MacMouseFix
    builtin-copyStrings --validate --outputencoding UTF-16 --outfilename Localizable.strings --outdir /Users/shawnrain/Library/Developer/Xcode/DerivedData/Mouse_Fix-bnijtbnbbtqglwclwfpwrxsqeaod/Build/Products/Debug/Mac\ Mouse\ Fix\ Helper.app/Contents/Resources/zh-HK.lproj -- /Users/shawnrain/Library/Developer/Xcode/DerivedData/Mouse_Fix-bnijtbnbbtqglwclwfpwrxsqeaod/Build/Intermediates.noindex/Mouse\ Fix.build/Debug/Mac\ Mouse\ Fix\ Helper.build/zh-HK.lproj/Localizable.strings
/Users/shawnrain/Library/Developer/Xcode/DerivedData/Mouse_Fix-bnijtbnbbtqglwclwfpwrxsqeaod/Build/Intermediates.noindex/Mouse Fix.build/Debug/Mac Mouse Fix Helper.build/zh-HK.lproj/Localizable.strings:1:1: note: detected encoding of input file as Unicode (UTF-8) (in target 'Mac Mouse Fix Helper' from project 'Mouse Fix')

CopyStringsFile /Users/shawnrain/Library/Developer/Xcode/DerivedData/Mouse_Fix-bnijtbnbbtqglwclwfpwrxsqeaod/Build/Products/Debug/Mac\ Mouse\ Fix\ Helper.app/Contents/Resources/tr.lproj/Localizable.stringsdict /Users/shawnrain/Library/Developer/Xcode/DerivedData/Mouse_Fix-bnijtbnbbtqglwclwfpwrxsqeaod/Build/Intermediates.noindex/Mouse\ Fix.build/Debug/Mac\ Mouse\ Fix\ Helper.build/tr.lproj/Localizable.stringsdict (in target 'Mac Mouse Fix Helper' from project 'Mouse Fix')
    cd /Users/shawnrain/Library/Mobile\ Documents/com\~apple\~CloudDocs/Shawn\ Rain/Vibe-Coding/MacMouseFix
    builtin-copyStrings --validate --outputencoding UTF-16 --outfilename Localizable.stringsdict --outdir /Users/shawnrain/Library/Developer/Xcode/DerivedData/Mouse_Fix-bnijtbnbbtqglwclwfpwrxsqeaod/Build/Products/Debug/Mac\ Mouse\ Fix\ Helper.app/Contents/Resources/tr.lproj -- /Users/shawnrain/Library/Developer/Xcode/DerivedData/Mouse_Fix-bnijtbnbbtqglwclwfpwrxsqeaod/Build/Intermediates.noindex/Mouse\ Fix.build/Debug/Mac\ Mouse\ Fix\ Helper.build/tr.lproj/Localizable.stringsdict
/Users/shawnrain/Library/Developer/Xcode/DerivedData/Mouse_Fix-bnijtbnbbtqglwclwfpwrxsqeaod/Build/Intermediates.noindex/Mouse Fix.build/Debug/Mac Mouse Fix Helper.build/tr.lproj/Localizable.stringsdict:1:1: note: detected encoding of input file as Unicode (UTF-8) (in target 'Mac Mouse Fix Helper' from project 'Mouse Fix')

CopyStringsFile /Users/shawnrain/Library/Developer/Xcode/DerivedData/Mouse_Fix-bnijtbnbbtqglwclwfpwrxsqeaod/Build/Products/Debug/Mac\ Mouse\ Fix\ Helper.app/Contents/Resources/tr.lproj/Localizable.strings /Users/shawnrain/Library/Developer/Xcode/DerivedData/Mouse_Fix-bnijtbnbbtqglwclwfpwrxsqeaod/Build/Intermediates.noindex/Mouse\ Fix.build/Debug/Mac\ Mouse\ Fix\ Helper.build/tr.lproj/Localizable.strings (in target 'Mac Mouse Fix Helper' from project 'Mouse Fix')
    cd /Users/shawnrain/Library/Mobile\ Documents/com\~apple\~CloudDocs/Shawn\ Rain/Vibe-Coding/MacMouseFix
    builtin-copyStrings --validate --outputencoding UTF-16 --outfilename Localizable.strings --outdir /Users/shawnrain/Library/Developer/Xcode/DerivedData/Mouse_Fix-bnijtbnbbtqglwclwfpwrxsqeaod/Build/Products/Debug/Mac\ Mouse\ Fix\ Helper.app/Contents/Resources/tr.lproj -- /Users/shawnrain/Library/Developer/Xcode/DerivedData/Mouse_Fix-bnijtbnbbtqglwclwfpwrxsqeaod/Build/Intermediates.noindex/Mouse\ Fix.build/Debug/Mac\ Mouse\ Fix\ Helper.build/tr.lproj/Localizable.strings
/Users/shawnrain/Library/Developer/Xcode/DerivedData/Mouse_Fix-bnijtbnbbtqglwclwfpwrxsqeaod/Build/Intermediates.noindex/Mouse Fix.build/Debug/Mac Mouse Fix Helper.build/tr.lproj/Localizable.strings:1:1: note: detected encoding of input file as Unicode (UTF-8) (in target 'Mac Mouse Fix Helper' from project 'Mouse Fix')

CopyStringsFile /Users/shawnrain/Library/Developer/Xcode/DerivedData/Mouse_Fix-bnijtbnbbtqglwclwfpwrxsqeaod/Build/Products/Debug/Mac\ Mouse\ Fix\ Helper.app/Contents/Resources/ru.lproj/Localizable.stringsdict /Users/shawnrain/Library/Developer/Xcode/DerivedData/Mouse_Fix-bnijtbnbbtqglwclwfpwrxsqeaod/Build/Intermediates.noindex/Mouse\ Fix.build/Debug/Mac\ Mouse\ Fix\ Helper.build/ru.lproj/Localizable.stringsdict (in target 'Mac Mouse Fix Helper' from project 'Mouse Fix')
    cd /Users/shawnrain/Library/Mobile\ Documents/com\~apple\~CloudDocs/Shawn\ Rain/Vibe-Coding/MacMouseFix
    builtin-copyStrings --validate --outputencoding UTF-16 --outfilename Localizable.stringsdict --outdir /Users/shawnrain/Library/Developer/Xcode/DerivedData/Mouse_Fix-bnijtbnbbtqglwclwfpwrxsqeaod/Build/Products/Debug/Mac\ Mouse\ Fix\ Helper.app/Contents/Resources/ru.lproj -- /Users/shawnrain/Library/Developer/Xcode/DerivedData/Mouse_Fix-bnijtbnbbtqglwclwfpwrxsqeaod/Build/Intermediates.noindex/Mouse\ Fix.build/Debug/Mac\ Mouse\ Fix\ Helper.build/ru.lproj/Localizable.stringsdict
/Users/shawnrain/Library/Developer/Xcode/DerivedData/Mouse_Fix-bnijtbnbbtqglwclwfpwrxsqeaod/Build/Intermediates.noindex/Mouse Fix.build/Debug/Mac Mouse Fix Helper.build/ru.lproj/Localizable.stringsdict:1:1: note: detected encoding of input file as Unicode (UTF-8) (in target 'Mac Mouse Fix Helper' from project 'Mouse Fix')

CopyStringsFile /Users/shawnrain/Library/Developer/Xcode/DerivedData/Mouse_Fix-bnijtbnbbtqglwclwfpwrxsqeaod/Build/Products/Debug/Mac\ Mouse\ Fix\ Helper.app/Contents/Resources/ru.lproj/Localizable.strings /Users/shawnrain/Library/Developer/Xcode/DerivedData/Mouse_Fix-bnijtbnbbtqglwclwfpwrxsqeaod/Build/Intermediates.noindex/Mouse\ Fix.build/Debug/Mac\ Mouse\ Fix\ Helper.build/ru.lproj/Localizable.strings (in target 'Mac Mouse Fix Helper' from project 'Mouse Fix')
    cd /Users/shawnrain/Library/Mobile\ Documents/com\~apple\~CloudDocs/Shawn\ Rain/Vibe-Coding/MacMouseFix
    builtin-copyStrings --validate --outputencoding UTF-16 --outfilename Localizable.strings --outdir /Users/shawnrain/Library/Developer/Xcode/DerivedData/Mouse_Fix-bnijtbnbbtqglwclwfpwrxsqeaod/Build/Products/Debug/Mac\ Mouse\ Fix\ Helper.app/Contents/Resources/ru.lproj -- /Users/shawnrain/Library/Developer/Xcode/DerivedData/Mouse_Fix-bnijtbnbbtqglwclwfpwrxsqeaod/Build/Intermediates.noindex/Mouse\ Fix.build/Debug/Mac\ Mouse\ Fix\ Helper.build/ru.lproj/Localizable.strings
/Users/shawnrain/Library/Developer/Xcode/DerivedData/Mouse_Fix-bnijtbnbbtqglwclwfpwrxsqeaod/Build/Intermediates.noindex/Mouse Fix.build/Debug/Mac Mouse Fix Helper.build/ru.lproj/Localizable.strings:1:1: note: detected encoding of input file as Unicode (UTF-8) (in target 'Mac Mouse Fix Helper' from project 'Mouse Fix')

CopyStringsFile /Users/shawnrain/Library/Developer/Xcode/DerivedData/Mouse_Fix-bnijtbnbbtqglwclwfpwrxsqeaod/Build/Products/Debug/Mac\ Mouse\ Fix\ Helper.app/Contents/Resources/fr.lproj/Localizable.strings /Users/shawnrain/Library/Developer/Xcode/DerivedData/Mouse_Fix-bnijtbnbbtqglwclwfpwrxsqeaod/Build/Intermediates.noindex/Mouse\ Fix.build/Debug/Mac\ Mouse\ Fix\ Helper.build/fr.lproj/Localizable.strings (in target 'Mac Mouse Fix Helper' from project 'Mouse Fix')
    cd /Users/shawnrain/Library/Mobile\ Documents/com\~apple\~CloudDocs/Shawn\ Rain/Vibe-Coding/MacMouseFix
    builtin-copyStrings --validate --outputencoding UTF-16 --outfilename Localizable.strings --outdir /Users/shawnrain/Library/Developer/Xcode/DerivedData/Mouse_Fix-bnijtbnbbtqglwclwfpwrxsqeaod/Build/Products/Debug/Mac\ Mouse\ Fix\ Helper.app/Contents/Resources/fr.lproj -- /Users/shawnrain/Library/Developer/Xcode/DerivedData/Mouse_Fix-bnijtbnbbtqglwclwfpwrxsqeaod/Build/Intermediates.noindex/Mouse\ Fix.build/Debug/Mac\ Mouse\ Fix\ Helper.build/fr.lproj/Localizable.strings
/Users/shawnrain/Library/Developer/Xcode/DerivedData/Mouse_Fix-bnijtbnbbtqglwclwfpwrxsqeaod/Build/Intermediates.noindex/Mouse Fix.build/Debug/Mac Mouse Fix Helper.build/fr.lproj/Localizable.strings:1:1: note: detected encoding of input file as Unicode (UTF-8) (in target 'Mac Mouse Fix Helper' from project 'Mouse Fix')

CopyStringsFile /Users/shawnrain/Library/Developer/Xcode/DerivedData/Mouse_Fix-bnijtbnbbtqglwclwfpwrxsqeaod/Build/Products/Debug/Mac\ Mouse\ Fix\ Helper.app/Contents/Resources/es.lproj/Localizable.stringsdict /Users/shawnrain/Library/Developer/Xcode/DerivedData/Mouse_Fix-bnijtbnbbtqglwclwfpwrxsqeaod/Build/Intermediates.noindex/Mouse\ Fix.build/Debug/Mac\ Mouse\ Fix\ Helper.build/es.lproj/Localizable.stringsdict (in target 'Mac Mouse Fix Helper' from project 'Mouse Fix')
    cd /Users/shawnrain/Library/Mobile\ Documents/com\~apple\~CloudDocs/Shawn\ Rain/Vibe-Coding/MacMouseFix
    builtin-copyStrings --validate --outputencoding UTF-16 --outfilename Localizable.stringsdict --outdir /Users/shawnrain/Library/Developer/Xcode/DerivedData/Mouse_Fix-bnijtbnbbtqglwclwfpwrxsqeaod/Build/Products/Debug/Mac\ Mouse\ Fix\ Helper.app/Contents/Resources/es.lproj -- /Users/shawnrain/Library/Developer/Xcode/DerivedData/Mouse_Fix-bnijtbnbbtqglwclwfpwrxsqeaod/Build/Intermediates.noindex/Mouse\ Fix.build/Debug/Mac\ Mouse\ Fix\ Helper.build/es.lproj/Localizable.stringsdict
/Users/shawnrain/Library/Developer/Xcode/DerivedData/Mouse_Fix-bnijtbnbbtqglwclwfpwrxsqeaod/Build/Intermediates.noindex/Mouse Fix.build/Debug/Mac Mouse Fix Helper.build/es.lproj/Localizable.stringsdict:1:1: note: detected encoding of input file as Unicode (UTF-8) (in target 'Mac Mouse Fix Helper' from project 'Mouse Fix')

CopyStringsFile /Users/shawnrain/Library/Developer/Xcode/DerivedData/Mouse_Fix-bnijtbnbbtqglwclwfpwrxsqeaod/Build/Products/Debug/Mac\ Mouse\ Fix\ Helper.app/Contents/Resources/es.lproj/Localizable.strings /Users/shawnrain/Library/Developer/Xcode/DerivedData/Mouse_Fix-bnijtbnbbtqglwclwfpwrxsqeaod/Build/Intermediates.noindex/Mouse\ Fix.build/Debug/Mac\ Mouse\ Fix\ Helper.build/es.lproj/Localizable.strings (in target 'Mac Mouse Fix Helper' from project 'Mouse Fix')
    cd /Users/shawnrain/Library/Mobile\ Documents/com\~apple\~CloudDocs/Shawn\ Rain/Vibe-Coding/MacMouseFix
    builtin-copyStrings --validate --outputencoding UTF-16 --outfilename Localizable.strings --outdir /Users/shawnrain/Library/Developer/Xcode/DerivedData/Mouse_Fix-bnijtbnbbtqglwclwfpwrxsqeaod/Build/Products/Debug/Mac\ Mouse\ Fix\ Helper.app/Contents/Resources/es.lproj -- /Users/shawnrain/Library/Developer/Xcode/DerivedData/Mouse_Fix-bnijtbnbbtqglwclwfpwrxsqeaod/Build/Intermediates.noindex/Mouse\ Fix.build/Debug/Mac\ Mouse\ Fix\ Helper.build/es.lproj/Localizable.strings
/Users/shawnrain/Library/Developer/Xcode/DerivedData/Mouse_Fix-bnijtbnbbtqglwclwfpwrxsqeaod/Build/Intermediates.noindex/Mouse Fix.build/Debug/Mac Mouse Fix Helper.build/es.lproj/Localizable.strings:1:1: note: detected encoding of input file as Unicode (UTF-8) (in target 'Mac Mouse Fix Helper' from project 'Mouse Fix')

CopyStringsFile /Users/shawnrain/Library/Developer/Xcode/DerivedData/Mouse_Fix-bnijtbnbbtqglwclwfpwrxsqeaod/Build/Products/Debug/Mac\ Mouse\ Fix\ Helper.app/Contents/Resources/en.lproj/Localizable.stringsdict /Users/shawnrain/Library/Developer/Xcode/DerivedData/Mouse_Fix-bnijtbnbbtqglwclwfpwrxsqeaod/Build/Intermediates.noindex/Mouse\ Fix.build/Debug/Mac\ Mouse\ Fix\ Helper.build/en.lproj/Localizable.stringsdict (in target 'Mac Mouse Fix Helper' from project 'Mouse Fix')
    cd /Users/shawnrain/Library/Mobile\ Documents/com\~apple\~CloudDocs/Shawn\ Rain/Vibe-Coding/MacMouseFix
    builtin-copyStrings --validate --outputencoding UTF-16 --outfilename Localizable.stringsdict --outdir /Users/shawnrain/Library/Developer/Xcode/DerivedData/Mouse_Fix-bnijtbnbbtqglwclwfpwrxsqeaod/Build/Products/Debug/Mac\ Mouse\ Fix\ Helper.app/Contents/Resources/en.lproj -- /Users/shawnrain/Library/Developer/Xcode/DerivedData/Mouse_Fix-bnijtbnbbtqglwclwfpwrxsqeaod/Build/Intermediates.noindex/Mouse\ Fix.build/Debug/Mac\ Mouse\ Fix\ Helper.build/en.lproj/Localizable.stringsdict
/Users/shawnrain/Library/Developer/Xcode/DerivedData/Mouse_Fix-bnijtbnbbtqglwclwfpwrxsqeaod/Build/Intermediates.noindex/Mouse Fix.build/Debug/Mac Mouse Fix Helper.build/en.lproj/Localizable.stringsdict:1:1: note: detected encoding of input file as Unicode (UTF-8) (in target 'Mac Mouse Fix Helper' from project 'Mouse Fix')

CopyStringsFile /Users/shawnrain/Library/Developer/Xcode/DerivedData/Mouse_Fix-bnijtbnbbtqglwclwfpwrxsqeaod/Build/Products/Debug/Mac\ Mouse\ Fix\ Helper.app/Contents/Resources/en.lproj/Localizable.strings /Users/shawnrain/Library/Developer/Xcode/DerivedData/Mouse_Fix-bnijtbnbbtqglwclwfpwrxsqeaod/Build/Intermediates.noindex/Mouse\ Fix.build/Debug/Mac\ Mouse\ Fix\ Helper.build/en.lproj/Localizable.strings (in target 'Mac Mouse Fix Helper' from project 'Mouse Fix')
    cd /Users/shawnrain/Library/Mobile\ Documents/com\~apple\~CloudDocs/Shawn\ Rain/Vibe-Coding/MacMouseFix
    builtin-copyStrings --validate --outputencoding UTF-16 --outfilename Localizable.strings --outdir /Users/shawnrain/Library/Developer/Xcode/DerivedData/Mouse_Fix-bnijtbnbbtqglwclwfpwrxsqeaod/Build/Products/Debug/Mac\ Mouse\ Fix\ Helper.app/Contents/Resources/en.lproj -- /Users/shawnrain/Library/Developer/Xcode/DerivedData/Mouse_Fix-bnijtbnbbtqglwclwfpwrxsqeaod/Build/Intermediates.noindex/Mouse\ Fix.build/Debug/Mac\ Mouse\ Fix\ Helper.build/en.lproj/Localizable.strings
/Users/shawnrain/Library/Developer/Xcode/DerivedData/Mouse_Fix-bnijtbnbbtqglwclwfpwrxsqeaod/Build/Intermediates.noindex/Mouse Fix.build/Debug/Mac Mouse Fix Helper.build/en.lproj/Localizable.strings:1:1: note: detected encoding of input file as Unicode (UTF-8) (in target 'Mac Mouse Fix Helper' from project 'Mouse Fix')

CopyStringsFile /Users/shawnrain/Library/Developer/Xcode/DerivedData/Mouse_Fix-bnijtbnbbtqglwclwfpwrxsqeaod/Build/Products/Debug/Mac\ Mouse\ Fix\ Helper.app/Contents/Resources/de.lproj/Localizable.stringsdict /Users/shawnrain/Library/Developer/Xcode/DerivedData/Mouse_Fix-bnijtbnbbtqglwclwfpwrxsqeaod/Build/Intermediates.noindex/Mouse\ Fix.build/Debug/Mac\ Mouse\ Fix\ Helper.build/de.lproj/Localizable.stringsdict (in target 'Mac Mouse Fix Helper' from project 'Mouse Fix')
    cd /Users/shawnrain/Library/Mobile\ Documents/com\~apple\~CloudDocs/Shawn\ Rain/Vibe-Coding/MacMouseFix
    builtin-copyStrings --validate --outputencoding UTF-16 --outfilename Localizable.stringsdict --outdir /Users/shawnrain/Library/Developer/Xcode/DerivedData/Mouse_Fix-bnijtbnbbtqglwclwfpwrxsqeaod/Build/Products/Debug/Mac\ Mouse\ Fix\ Helper.app/Contents/Resources/de.lproj -- /Users/shawnrain/Library/Developer/Xcode/DerivedData/Mouse_Fix-bnijtbnbbtqglwclwfpwrxsqeaod/Build/Intermediates.noindex/Mouse\ Fix.build/Debug/Mac\ Mouse\ Fix\ Helper.build/de.lproj/Localizable.stringsdict
/Users/shawnrain/Library/Developer/Xcode/DerivedData/Mouse_Fix-bnijtbnbbtqglwclwfpwrxsqeaod/Build/Intermediates.noindex/Mouse Fix.build/Debug/Mac Mouse Fix Helper.build/de.lproj/Localizable.stringsdict:1:1: note: detected encoding of input file as Unicode (UTF-8) (in target 'Mac Mouse Fix Helper' from project 'Mouse Fix')

CopyStringsFile /Users/shawnrain/Library/Developer/Xcode/DerivedData/Mouse_Fix-bnijtbnbbtqglwclwfpwrxsqeaod/Build/Products/Debug/Mac\ Mouse\ Fix\ Helper.app/Contents/Resources/de.lproj/Localizable.strings /Users/shawnrain/Library/Developer/Xcode/DerivedData/Mouse_Fix-bnijtbnbbtqglwclwfpwrxsqeaod/Build/Intermediates.noindex/Mouse\ Fix.build/Debug/Mac\ Mouse\ Fix\ Helper.build/de.lproj/Localizable.strings (in target 'Mac Mouse Fix Helper' from project 'Mouse Fix')
    cd /Users/shawnrain/Library/Mobile\ Documents/com\~apple\~CloudDocs/Shawn\ Rain/Vibe-Coding/MacMouseFix
    builtin-copyStrings --validate --outputencoding UTF-16 --outfilename Localizable.strings --outdir /Users/shawnrain/Library/Developer/Xcode/DerivedData/Mouse_Fix-bnijtbnbbtqglwclwfpwrxsqeaod/Build/Products/Debug/Mac\ Mouse\ Fix\ Helper.app/Contents/Resources/de.lproj -- /Users/shawnrain/Library/Developer/Xcode/DerivedData/Mouse_Fix-bnijtbnbbtqglwclwfpwrxsqeaod/Build/Intermediates.noindex/Mouse\ Fix.build/Debug/Mac\ Mouse\ Fix\ Helper.build/de.lproj/Localizable.strings
/Users/shawnrain/Library/Developer/Xcode/DerivedData/Mouse_Fix-bnijtbnbbtqglwclwfpwrxsqeaod/Build/Intermediates.noindex/Mouse Fix.build/Debug/Mac Mouse Fix Helper.build/de.lproj/Localizable.strings:1:1: note: detected encoding of input file as Unicode (UTF-8) (in target 'Mac Mouse Fix Helper' from project 'Mouse Fix')

CopyStringsFile /Users/shawnrain/Library/Developer/Xcode/DerivedData/Mouse_Fix-bnijtbnbbtqglwclwfpwrxsqeaod/Build/Products/Debug/Mac\ Mouse\ Fix\ Helper.app/Contents/Resources/cs.lproj/Localizable.stringsdict /Users/shawnrain/Library/Developer/Xcode/DerivedData/Mouse_Fix-bnijtbnbbtqglwclwfpwrxsqeaod/Build/Intermediates.noindex/Mouse\ Fix.build/Debug/Mac\ Mouse\ Fix\ Helper.build/cs.lproj/Localizable.stringsdict (in target 'Mac Mouse Fix Helper' from project 'Mouse Fix')
    cd /Users/shawnrain/Library/Mobile\ Documents/com\~apple\~CloudDocs/Shawn\ Rain/Vibe-Coding/MacMouseFix
    builtin-copyStrings --validate --outputencoding UTF-16 --outfilename Localizable.stringsdict --outdir /Users/shawnrain/Library/Developer/Xcode/DerivedData/Mouse_Fix-bnijtbnbbtqglwclwfpwrxsqeaod/Build/Products/Debug/Mac\ Mouse\ Fix\ Helper.app/Contents/Resources/cs.lproj -- /Users/shawnrain/Library/Developer/Xcode/DerivedData/Mouse_Fix-bnijtbnbbtqglwclwfpwrxsqeaod/Build/Intermediates.noindex/Mouse\ Fix.build/Debug/Mac\ Mouse\ Fix\ Helper.build/cs.lproj/Localizable.stringsdict
/Users/shawnrain/Library/Developer/Xcode/DerivedData/Mouse_Fix-bnijtbnbbtqglwclwfpwrxsqeaod/Build/Intermediates.noindex/Mouse Fix.build/Debug/Mac Mouse Fix Helper.build/cs.lproj/Localizable.stringsdict:1:1: note: detected encoding of input file as Unicode (UTF-8) (in target 'Mac Mouse Fix Helper' from project 'Mouse Fix')

CopyStringsFile /Users/shawnrain/Library/Developer/Xcode/DerivedData/Mouse_Fix-bnijtbnbbtqglwclwfpwrxsqeaod/Build/Products/Debug/Mac\ Mouse\ Fix\ Helper.app/Contents/Resources/cs.lproj/Localizable.strings /Users/shawnrain/Library/Developer/Xcode/DerivedData/Mouse_Fix-bnijtbnbbtqglwclwfpwrxsqeaod/Build/Intermediates.noindex/Mouse\ Fix.build/Debug/Mac\ Mouse\ Fix\ Helper.build/cs.lproj/Localizable.strings (in target 'Mac Mouse Fix Helper' from project 'Mouse Fix')
    cd /Users/shawnrain/Library/Mobile\ Documents/com\~apple\~CloudDocs/Shawn\ Rain/Vibe-Coding/MacMouseFix
    builtin-copyStrings --validate --outputencoding UTF-16 --outfilename Localizable.strings --outdir /Users/shawnrain/Library/Developer/Xcode/DerivedData/Mouse_Fix-bnijtbnbbtqglwclwfpwrxsqeaod/Build/Products/Debug/Mac\ Mouse\ Fix\ Helper.app/Contents/Resources/cs.lproj -- /Users/shawnrain/Library/Developer/Xcode/DerivedData/Mouse_Fix-bnijtbnbbtqglwclwfpwrxsqeaod/Build/Intermediates.noindex/Mouse\ Fix.build/Debug/Mac\ Mouse\ Fix\ Helper.build/cs.lproj/Localizable.strings
/Users/shawnrain/Library/Developer/Xcode/DerivedData/Mouse_Fix-bnijtbnbbtqglwclwfpwrxsqeaod/Build/Intermediates.noindex/Mouse Fix.build/Debug/Mac Mouse Fix Helper.build/cs.lproj/Localizable.strings:1:1: note: detected encoding of input file as Unicode (UTF-8) (in target 'Mac Mouse Fix Helper' from project 'Mouse Fix')

SwiftGeneratePch normal arm64 Compiling\ bridging\ header (in target 'Mac Mouse Fix Helper' from project 'Mouse Fix')

SwiftDriverJobDiscovery normal arm64 Compiling bridging header (in target 'Mac Mouse Fix Helper' from project 'Mouse Fix')

SwiftEmitModule normal arm64 Emitting\ module\ for\ Mac_Mouse_Fix_Helper (in target 'Mac Mouse Fix Helper' from project 'Mouse Fix')

EmitSwiftModule normal arm64 (in target 'Mac Mouse Fix Helper' from project 'Mouse Fix')
    cd /Users/shawnrain/Library/Mobile\ Documents/com\~apple\~CloudDocs/Shawn\ Rain/Vibe-Coding/MacMouseFix
    
/Users/shawnrain/Library/Mobile Documents/com~apple~CloudDocs/Shawn Rain/Vibe-Coding/MacMouseFix/Shared/MessagePort/MFMessagePort.swift:82:36: warning: 'current' was deprecated in macOS 12.0: Use -performAsCurrentDrawingAppearance: to temporarily set the drawing appearance, or +currentDrawingAppearance to access the currently drawing appearance.
        if let best = NSAppearance.current.bestMatch(from: [aqua, darkAqua]) {
                                   ^

SwiftCompile normal arm64 Compiling\ MFMessagePort.swift,\ Config.swift,\ Locator.swift,\ Scroll.swift,\ ScrollAnalyzer.swift,\ ScrollUtility.swift,\ Actions.swift,\ GeneratedAssetSymbols.swift /Users/shawnrain/Library/Mobile\ Documents/com~apple~CloudDocs/Shawn\ Rain/Vibe-Coding/MacMouseFix/Shared/MessagePort/MFMessagePort.swift /Users/shawnrain/Library/Mobile\ Documents/com~apple~CloudDocs/Shawn\ Rain/Vibe-Coding/MacMouseFix/Shared/Config/Config.swift /Users/shawnrain/Library/Mobile\ Documents/com~apple~CloudDocs/Shawn\ Rain/Vibe-Coding/MacMouseFix/Shared/Locator/Locator.swift /Users/shawnrain/Library/Mobile\ Documents/com~apple~CloudDocs/Shawn\ Rain/Vibe-Coding/MacMouseFix/Helper/Core/Scroll/Scroll.swift /Users/shawnrain/Library/Mobile\ Documents/com~apple~CloudDocs/Shawn\ Rain/Vibe-Coding/MacMouseFix/Helper/Core/Scroll/ScrollAnalyzer.swift /Users/shawnrain/Library/Mobile\ Documents/com~apple~CloudDocs/Shawn\ Rain/Vibe-Coding/MacMouseFix/Helper/Core/Scroll/ScrollUtility.swift /Users/shawnrain/Library/Mobile\ Documents/com~apple~CloudDocs/Shawn\ Rain/Vibe-Coding/MacMouseFix/Helper/Core/Actions/Actions.swift /Users/shawnrain/Library/Developer/Xcode/DerivedData/Mouse_Fix-bnijtbnbbtqglwclwfpwrxsqeaod/Build/Intermediates.noindex/Mouse\ Fix.build/Debug/Mac\ Mouse\ Fix\ Helper.build/DerivedSources/GeneratedAssetSymbols.swift (in target 'Mac Mouse Fix Helper' from project 'Mouse Fix')
SwiftCompile normal arm64 /Users/shawnrain/Library/Mobile\ Documents/com~apple~CloudDocs/Shawn\ Rain/Vibe-Coding/MacMouseFix/Shared/MessagePort/MFMessagePort.swift (in target 'Mac Mouse Fix Helper' from project 'Mouse Fix')
    cd /Users/shawnrain/Library/Mobile\ Documents/com\~apple\~CloudDocs/Shawn\ Rain/Vibe-Coding/MacMouseFix
    
/Users/shawnrain/Library/Mobile Documents/com~apple~CloudDocs/Shawn Rain/Vibe-Coding/MacMouseFix/Shared/MessagePort/MFMessagePort.swift:82:36: warning: 'current' was deprecated in macOS 12.0: Use -performAsCurrentDrawingAppearance: to temporarily set the drawing appearance, or +currentDrawingAppearance to access the currently drawing appearance.
        if let best = NSAppearance.current.bestMatch(from: [aqua, darkAqua]) {
                                   ^

SwiftCompile normal arm64 /Users/shawnrain/Library/Mobile\ Documents/com~apple~CloudDocs/Shawn\ Rain/Vibe-Coding/MacMouseFix/Shared/Config/Config.swift (in target 'Mac Mouse Fix Helper' from project 'Mouse Fix')
    cd /Users/shawnrain/Library/Mobile\ Documents/com\~apple\~CloudDocs/Shawn\ Rain/Vibe-Coding/MacMouseFix
    
/Users/shawnrain/Library/Mobile Documents/com~apple~CloudDocs/Shawn Rain/Vibe-Coding/MacMouseFix/Shared/Config/Config.swift:98:59: warning: conditional downcast from 'NSObject?' to 'NSObject' does nothing
        return configDict.object(forCoolKeyPath: keyPath) as? NSObject
               ~~~~~~~~~~~~~~~~~~~~~~~~~~~~~~~~~~~~~~~~~~~^~~~~~~~~~~~
                                                         
/Users/shawnrain/Library/Mobile Documents/com~apple~CloudDocs/Shawn Rain/Vibe-Coding/MacMouseFix/Shared/Config/Config.swift:133:23: warning: result of call to 'sendMessage(_:withPayload:waitForReply:)' is unused
        MFMessagePort.sendMessage("configFileChanged", withPayload: nil, waitForReply: false)
                      ^          ~~~~~~~~~~~~~~~~~~~~~~~~~~~~~~~~~~~~~~~~~~~~~~~~~~~~~~~~~~~~
/Users/shawnrain/Library/Mobile Documents/com~apple~CloudDocs/Shawn Rain/Vibe-Coding/MacMouseFix/Shared/Config/Config.swift:339:106: warning: conditional downcast from 'NSObject?' to 'NSObject' does nothing
                    let d = defaultConfig.object(forCoolKeyPath: "Constants.defaultRemaps.threeButtons") as? NSObject
                            ~~~~~~~~~~~~~~~~~~~~~~~~~~~~~~~~~~~~~~~~~~~~~~~~~~~~~~~~~~~~~~~~~~~~~~~~~~~~~^~~~~~~~~~~~
                                                                                                        
/Users/shawnrain/Library/Mobile Documents/com~apple~CloudDocs/Shawn Rain/Vibe-Coding/MacMouseFix/Shared/Config/Config.swift:274:13: warning: variable 'err' was never used; consider replacing with '_' or removing it
        var err: NSError?
            ^~~
            _
/Users/shawnrain/Library/Mobile Documents/com~apple~CloudDocs/Shawn Rain/Vibe-Coding/MacMouseFix/Shared/Config/Config.swift:389:28: warning: 'is' test is always true
                if appDict is NSMutableDictionary {
                           ^
/Users/shawnrain/Library/Mobile Documents/com~apple~CloudDocs/Shawn Rain/Vibe-Coding/MacMouseFix/Shared/Config/Config.swift:392:64: warning: will never be executed
                    let mutableAppDict = appDict.mutableCopy() as! NSMutableDictionary
                                                               ^
/Users/shawnrain/Library/Mobile Documents/com~apple~CloudDocs/Shawn Rain/Vibe-Coding/MacMouseFix/Shared/Config/Config.swift:389:28: note: condition always evaluates to true
                if appDict is NSMutableDictionary {
                           ^

SwiftCompile normal arm64 /Users/shawnrain/Library/Mobile\ Documents/com~apple~CloudDocs/Shawn\ Rain/Vibe-Coding/MacMouseFix/Shared/Locator/Locator.swift (in target 'Mac Mouse Fix Helper' from project 'Mouse Fix')
    cd /Users/shawnrain/Library/Mobile\ Documents/com\~apple\~CloudDocs/Shawn\ Rain/Vibe-Coding/MacMouseFix
    

SwiftCompile normal arm64 /Users/shawnrain/Library/Mobile\ Documents/com~apple~CloudDocs/Shawn\ Rain/Vibe-Coding/MacMouseFix/Helper/Core/Scroll/Scroll.swift (in target 'Mac Mouse Fix Helper' from project 'Mouse Fix')
    cd /Users/shawnrain/Library/Mobile\ Documents/com\~apple\~CloudDocs/Shawn\ Rain/Vibe-Coding/MacMouseFix
    

SwiftCompile normal arm64 /Users/shawnrain/Library/Mobile\ Documents/com~apple~CloudDocs/Shawn\ Rain/Vibe-Coding/MacMouseFix/Helper/Core/Scroll/ScrollAnalyzer.swift (in target 'Mac Mouse Fix Helper' from project 'Mouse Fix')
    cd /Users/shawnrain/Library/Mobile\ Documents/com\~apple\~CloudDocs/Shawn\ Rain/Vibe-Coding/MacMouseFix
    

SwiftCompile normal arm64 /Users/shawnrain/Library/Mobile\ Documents/com~apple~CloudDocs/Shawn\ Rain/Vibe-Coding/MacMouseFix/Helper/Core/Scroll/ScrollUtility.swift (in target 'Mac Mouse Fix Helper' from project 'Mouse Fix')
    cd /Users/shawnrain/Library/Mobile\ Documents/com\~apple\~CloudDocs/Shawn\ Rain/Vibe-Coding/MacMouseFix
    

SwiftCompile normal arm64 /Users/shawnrain/Library/Mobile\ Documents/com~apple~CloudDocs/Shawn\ Rain/Vibe-Coding/MacMouseFix/Helper/Core/Actions/Actions.swift (in target 'Mac Mouse Fix Helper' from project 'Mouse Fix')
    cd /Users/shawnrain/Library/Mobile\ Documents/com\~apple\~CloudDocs/Shawn\ Rain/Vibe-Coding/MacMouseFix
    

SwiftCompile normal arm64 /Users/shawnrain/Library/Developer/Xcode/DerivedData/Mouse_Fix-bnijtbnbbtqglwclwfpwrxsqeaod/Build/Intermediates.noindex/Mouse\ Fix.build/Debug/Mac\ Mouse\ Fix\ Helper.build/DerivedSources/GeneratedAssetSymbols.swift (in target 'Mac Mouse Fix Helper' from project 'Mouse Fix')
    cd /Users/shawnrain/Library/Mobile\ Documents/com\~apple\~CloudDocs/Shawn\ Rain/Vibe-Coding/MacMouseFix
    

SwiftCompile normal arm64 Compiling\ LicenseUtility.swift,\ TouchAnimatorBase.swift,\ NSView+Extensions.swift,\ ExponentialSmoother.swift,\ AccelerationBezier.swift,\ DynamicSystemAnimator.swift,\ NaturalAccelerationCurve.swift,\ SwitchMaster.swift,\ GeneralConfig.swift /Users/shawnrain/Library/Mobile\ Documents/com~apple~CloudDocs/Shawn\ Rain/Vibe-Coding/MacMouseFix/Shared/License/LicenseUtility.swift /Users/shawnrain/Library/Mobile\ Documents/com~apple~CloudDocs/Shawn\ Rain/Vibe-Coding/MacMouseFix/Helper/Core/Touch/TouchAnimatorBase.swift /Users/shawnrain/Library/Mobile\ Documents/com~apple~CloudDocs/Shawn\ Rain/Vibe-Coding/MacMouseFix/Shared/UI/NSView+Extensions.swift /Users/shawnrain/Library/Mobile\ Documents/com~apple~CloudDocs/Shawn\ Rain/Vibe-Coding/MacMouseFix/Helper/Core/Smoothing/ExponentialSmoother.swift /Users/shawnrain/Library/Mobile\ Documents/com~apple~CloudDocs/Shawn\ Rain/Vibe-Coding/MacMouseFix/Shared/Math/Curves/AccelerationBezier.swift /Users/shawnrain/Library/Mobile\ Documents/com~apple~CloudDocs/Shawn\ Rain/Vibe-Coding/MacMouseFix/Shared/Animation/DynamicSystemAnimator.swift /Users/shawnrain/Library/Mobile\ Documents/com~apple~CloudDocs/Shawn\ Rain/Vibe-Coding/MacMouseFix/Shared/Math/Curves/NaturalAccelerationCurve.swift /Users/shawnrain/Library/Mobile\ Documents/com~apple~CloudDocs/Shawn\ Rain/Vibe-Coding/MacMouseFix/Helper/Core/Coordinate/SwitchMaster.swift /Users/shawnrain/Library/Mobile\ Documents/com~apple~CloudDocs/Shawn\ Rain/Vibe-Coding/MacMouseFix/Helper/Core/Config/GeneralConfig.swift (in target 'Mac Mouse Fix Helper' from project 'Mouse Fix')

SwiftCompile normal arm64 /Users/shawnrain/Library/Mobile\ Documents/com~apple~CloudDocs/Shawn\ Rain/Vibe-Coding/MacMouseFix/Shared/License/LicenseUtility.swift (in target 'Mac Mouse Fix Helper' from project 'Mouse Fix')
    cd /Users/shawnrain/Library/Mobile\ Documents/com\~apple\~CloudDocs/Shawn\ Rain/Vibe-Coding/MacMouseFix
    

SwiftCompile normal arm64 /Users/shawnrain/Library/Mobile\ Documents/com~apple~CloudDocs/Shawn\ Rain/Vibe-Coding/MacMouseFix/Helper/Core/Touch/TouchAnimatorBase.swift (in target 'Mac Mouse Fix Helper' from project 'Mouse Fix')
    cd /Users/shawnrain/Library/Mobile\ Documents/com\~apple\~CloudDocs/Shawn\ Rain/Vibe-Coding/MacMouseFix
    
/Users/shawnrain/Library/Mobile Documents/com~apple~CloudDocs/Shawn Rain/Vibe-Coding/MacMouseFix/Helper/Core/Touch/TouchAnimatorBase.swift:205:9: warning: will never be executed
        displayLink.dispatchQueue.async(flags: defaultDFs) {
        ^
/Users/shawnrain/Library/Mobile Documents/com~apple~CloudDocs/Shawn Rain/Vibe-Coding/MacMouseFix/Helper/Core/Touch/TouchAnimatorBase.swift:191:9: note: a call to a never-returning function
        fatalError()
        ^

SwiftCompile normal arm64 /Users/shawnrain/Library/Mobile\ Documents/com~apple~CloudDocs/Shawn\ Rain/Vibe-Coding/MacMouseFix/Shared/UI/NSView+Extensions.swift (in target 'Mac Mouse Fix Helper' from project 'Mouse Fix')
    cd /Users/shawnrain/Library/Mobile\ Documents/com\~apple\~CloudDocs/Shawn\ Rain/Vibe-Coding/MacMouseFix
    
/Users/shawnrain/Library/Mobile Documents/com~apple~CloudDocs/Shawn Rain/Vibe-Coding/MacMouseFix/Shared/UI/NSView+Extensions.swift:108:13: warning: will never be executed
        let result: NSImage?
            ^
/Users/shawnrain/Library/Mobile Documents/com~apple~CloudDocs/Shawn Rain/Vibe-Coding/MacMouseFix/Shared/UI/NSView+Extensions.swift:105:9: note: a call to a never-returning function
        fatalError()
        ^

SwiftCompile normal arm64 /Users/shawnrain/Library/Mobile\ Documents/com~apple~CloudDocs/Shawn\ Rain/Vibe-Coding/MacMouseFix/Helper/Core/Smoothing/ExponentialSmoother.swift (in target 'Mac Mouse Fix Helper' from project 'Mouse Fix')
    cd /Users/shawnrain/Library/Mobile\ Documents/com\~apple\~CloudDocs/Shawn\ Rain/Vibe-Coding/MacMouseFix
    

SwiftCompile normal arm64 /Users/shawnrain/Library/Mobile\ Documents/com~apple~CloudDocs/Shawn\ Rain/Vibe-Coding/MacMouseFix/Shared/Math/Curves/AccelerationBezier.swift (in target 'Mac Mouse Fix Helper' from project 'Mouse Fix')
    cd /Users/shawnrain/Library/Mobile\ Documents/com\~apple\~CloudDocs/Shawn\ Rain/Vibe-Coding/MacMouseFix
    

SwiftCompile normal arm64 /Users/shawnrain/Library/Mobile\ Documents/com~apple~CloudDocs/Shawn\ Rain/Vibe-Coding/MacMouseFix/Shared/Animation/DynamicSystemAnimator.swift (in target 'Mac Mouse Fix Helper' from project 'Mouse Fix')
    cd /Users/shawnrain/Library/Mobile\ Documents/com\~apple\~CloudDocs/Shawn\ Rain/Vibe-Coding/MacMouseFix
    

SwiftCompile normal arm64 /Users/shawnrain/Library/Mobile\ Documents/com~apple~CloudDocs/Shawn\ Rain/Vibe-Coding/MacMouseFix/Shared/Math/Curves/NaturalAccelerationCurve.swift (in target 'Mac Mouse Fix Helper' from project 'Mouse Fix')
    cd /Users/shawnrain/Library/Mobile\ Documents/com\~apple\~CloudDocs/Shawn\ Rain/Vibe-Coding/MacMouseFix
    

SwiftCompile normal arm64 /Users/shawnrain/Library/Mobile\ Documents/com~apple~CloudDocs/Shawn\ Rain/Vibe-Coding/MacMouseFix/Helper/Core/Coordinate/SwitchMaster.swift (in target 'Mac Mouse Fix Helper' from project 'Mouse Fix')
    cd /Users/shawnrain/Library/Mobile\ Documents/com\~apple\~CloudDocs/Shawn\ Rain/Vibe-Coding/MacMouseFix
    

SwiftCompile normal arm64 /Users/shawnrain/Library/Mobile\ Documents/com~apple~CloudDocs/Shawn\ Rain/Vibe-Coding/MacMouseFix/Helper/Core/Config/GeneralConfig.swift (in target 'Mac Mouse Fix Helper' from project 'Mouse Fix')
    cd /Users/shawnrain/Library/Mobile\ Documents/com\~apple\~CloudDocs/Shawn\ Rain/Vibe-Coding/MacMouseFix
    

SwiftCompile normal arm64 Compiling\ ReactiveAnimatorProxy.swift,\ NSAttributedString+Extensions.swift,\ HashablePair.swift,\ License.swift,\ ScreenDrawer.swift,\ NSArray+Extensions.swift,\ Concurrency.swift,\ PolynomialCappedAccelerationCurve.swift /Users/shawnrain/Library/Mobile\ Documents/com~apple~CloudDocs/Shawn\ Rain/Vibe-Coding/MacMouseFix/Shared/UI/UIAnimations/ReactiveAnimatorProxy.swift /Users/shawnrain/Library/Mobile\ Documents/com~apple~CloudDocs/Shawn\ Rain/Vibe-Coding/MacMouseFix/Shared/Strings/NSAttributedString+Extensions.swift /Users/shawnrain/Library/Mobile\ Documents/com~apple~CloudDocs/Shawn\ Rain/Vibe-Coding/MacMouseFix/Shared/Utility/HashablePair.swift /Users/shawnrain/Library/Mobile\ Documents/com~apple~CloudDocs/Shawn\ Rain/Vibe-Coding/MacMouseFix/Shared/License/License.swift /Users/shawnrain/Library/Mobile\ Documents/com~apple~CloudDocs/Shawn\ Rain/Vibe-Coding/MacMouseFix/Helper/Utility/ScreenDrawer.swift /Users/shawnrain/Library/Mobile\ Documents/com~apple~CloudDocs/Shawn\ Rain/Vibe-Coding/MacMouseFix/Shared/Extensions/NSArray+Extensions.swift /Users/shawnrain/Library/Mobile\ Documents/com~apple~CloudDocs/Shawn\ Rain/Vibe-Coding/MacMouseFix/Shared/SwiftConcurrency/Concurrency.swift /Users/shawnrain/Library/Mobile\ Documents/com~apple~CloudDocs/Shawn\ Rain/Vibe-Coding/MacMouseFix/Shared/Math/Curves/PolynomialCappedAccelerationCurve.swift (in target 'Mac Mouse Fix Helper' from project 'Mouse Fix')

SwiftCompile normal arm64 /Users/shawnrain/Library/Mobile\ Documents/com~apple~CloudDocs/Shawn\ Rain/Vibe-Coding/MacMouseFix/Shared/UI/UIAnimations/ReactiveAnimatorProxy.swift (in target 'Mac Mouse Fix Helper' from project 'Mouse Fix')
    cd /Users/shawnrain/Library/Mobile\ Documents/com\~apple\~CloudDocs/Shawn\ Rain/Vibe-Coding/MacMouseFix
    

SwiftCompile normal arm64 /Users/shawnrain/Library/Mobile\ Documents/com~apple~CloudDocs/Shawn\ Rain/Vibe-Coding/MacMouseFix/Shared/Strings/NSAttributedString+Extensions.swift (in target 'Mac Mouse Fix Helper' from project 'Mouse Fix')
    cd /Users/shawnrain/Library/Mobile\ Documents/com\~apple\~CloudDocs/Shawn\ Rain/Vibe-Coding/MacMouseFix
    

SwiftCompile normal arm64 /Users/shawnrain/Library/Mobile\ Documents/com~apple~CloudDocs/Shawn\ Rain/Vibe-Coding/MacMouseFix/Shared/Utility/HashablePair.swift (in target 'Mac Mouse Fix Helper' from project 'Mouse Fix')
    cd /Users/shawnrain/Library/Mobile\ Documents/com\~apple\~CloudDocs/Shawn\ Rain/Vibe-Coding/MacMouseFix
    

SwiftCompile normal arm64 /Users/shawnrain/Library/Mobile\ Documents/com~apple~CloudDocs/Shawn\ Rain/Vibe-Coding/MacMouseFix/Shared/License/License.swift (in target 'Mac Mouse Fix Helper' from project 'Mouse Fix')
    cd /Users/shawnrain/Library/Mobile\ Documents/com\~apple\~CloudDocs/Shawn\ Rain/Vibe-Coding/MacMouseFix
    

SwiftCompile normal arm64 /Users/shawnrain/Library/Mobile\ Documents/com~apple~CloudDocs/Shawn\ Rain/Vibe-Coding/MacMouseFix/Helper/Utility/ScreenDrawer.swift (in target 'Mac Mouse Fix Helper' from project 'Mouse Fix')
    cd /Users/shawnrain/Library/Mobile\ Documents/com\~apple\~CloudDocs/Shawn\ Rain/Vibe-Coding/MacMouseFix
    

SwiftCompile normal arm64 /Users/shawnrain/Library/Mobile\ Documents/com~apple~CloudDocs/Shawn\ Rain/Vibe-Coding/MacMouseFix/Shared/Extensions/NSArray+Extensions.swift (in target 'Mac Mouse Fix Helper' from project 'Mouse Fix')
    cd /Users/shawnrain/Library/Mobile\ Documents/com\~apple\~CloudDocs/Shawn\ Rain/Vibe-Coding/MacMouseFix
    

SwiftCompile normal arm64 /Users/shawnrain/Library/Mobile\ Documents/com~apple~CloudDocs/Shawn\ Rain/Vibe-Coding/MacMouseFix/Shared/SwiftConcurrency/Concurrency.swift (in target 'Mac Mouse Fix Helper' from project 'Mouse Fix')
    cd /Users/shawnrain/Library/Mobile\ Documents/com\~apple\~CloudDocs/Shawn\ Rain/Vibe-Coding/MacMouseFix
    

SwiftCompile normal arm64 /Users/shawnrain/Library/Mobile\ Documents/com~apple~CloudDocs/Shawn\ Rain/Vibe-Coding/MacMouseFix/Shared/Math/Curves/PolynomialCappedAccelerationCurve.swift (in target 'Mac Mouse Fix Helper' from project 'Mouse Fix')
    cd /Users/shawnrain/Library/Mobile\ Documents/com\~apple\~CloudDocs/Shawn\ Rain/Vibe-Coding/MacMouseFix
    

SwiftCompile normal arm64 Compiling\ ScrollConfig.swift,\ NSShadow+Extensions.swift,\ HybridCurves.swift,\ HelperState.swift,\ Randomizer.swift,\ String+Extensions.swift,\ Bezier.swift,\ TrialNotificationWindow.swift /Users/shawnrain/Library/Mobile\ Documents/com~apple~CloudDocs/Shawn\ Rain/Vibe-Coding/MacMouseFix/Helper/Core/Config/ScrollConfig.swift /Users/shawnrain/Library/Mobile\ Documents/com~apple~CloudDocs/Shawn\ Rain/Vibe-Coding/MacMouseFix/Shared/UI/NSShadow+Extensions.swift /Users/shawnrain/Library/Mobile\ Documents/com~apple~CloudDocs/Shawn\ Rain/Vibe-Coding/MacMouseFix/Shared/Math/Curves/HybridCurves.swift /Users/shawnrain/Library/Mobile\ Documents/com~apple~CloudDocs/Shawn\ Rain/Vibe-Coding/MacMouseFix/Helper/HelperState.swift /Users/shawnrain/Library/Mobile\ Documents/com~apple~CloudDocs/Shawn\ Rain/Vibe-Coding/MacMouseFix/Shared/Math/Randomizer.swift /Users/shawnrain/Library/Mobile\ Documents/com~apple~CloudDocs/Shawn\ Rain/Vibe-Coding/MacMouseFix/Shared/Strings/String+Extensions.swift /Users/shawnrain/Library/Mobile\ Documents/com~apple~CloudDocs/Shawn\ Rain/Vibe-Coding/MacMouseFix/Shared/Math/Curves/Bezier.swift /Users/shawnrain/Library/Mobile\ Documents/com~apple~CloudDocs/Shawn\ Rain/Vibe-Coding/MacMouseFix/Helper/UI/TrialNotifications/TrialNotificationWindow.swift (in target 'Mac Mouse Fix Helper' from project 'Mouse Fix')

SwiftCompile normal arm64 /Users/shawnrain/Library/Mobile\ Documents/com~apple~CloudDocs/Shawn\ Rain/Vibe-Coding/MacMouseFix/Helper/Core/Config/ScrollConfig.swift (in target 'Mac Mouse Fix Helper' from project 'Mouse Fix')
    cd /Users/shawnrain/Library/Mobile\ Documents/com\~apple\~CloudDocs/Shawn\ Rain/Vibe-Coding/MacMouseFix
    
/Users/shawnrain/Library/Mobile Documents/com~apple~CloudDocs/Shawn Rain/Vibe-Coding/MacMouseFix/Helper/Core/Config/ScrollConfig.swift:806:9: warning: code after 'return' will never be executed
        return MFScrollAnimationCurveParameters(baseCurve: ScrollConfig.linearCurve, speedSmoothing: -1, baseMsPerStep: 190, baseMsPerStepCurve: nil, dragExponent: 1.0, dragCoefficient: 17, stopSpeed: 50, sendGestureScrolls: false, sendMomentumScrolls: false)
        ^
/Users/shawnrain/Library/Mobile Documents/com~apple~CloudDocs/Shawn Rain/Vibe-Coding/MacMouseFix/Helper/Core/Config/ScrollConfig.swift:588:9: warning: will never be executed
        Bezier(controlPoints: [_P(0, 0), _P(0, 0), _P(0.66, 1), _P(1, 1)], defaultEpsilon: 0.001)
        ^
/Users/shawnrain/Library/Mobile Documents/com~apple~CloudDocs/Shawn Rain/Vibe-Coding/MacMouseFix/Helper/Core/Config/ScrollConfig.swift:585:9: note: a call to a never-returning function
        fatalError()
        ^
/Users/shawnrain/Library/Mobile Documents/com~apple~CloudDocs/Shawn Rain/Vibe-Coding/MacMouseFix/Helper/Core/Config/ScrollConfig.swift:804:16: warning: will never be executed
        return MFScrollAnimationCurveParameters(baseCurve: ScrollConfig.linearCurve, speedSmoothing: -1, baseMsPerStep: 200, baseMsPerStepCurve: nil, dragExponent: 1.05, dragCoefficient: 15, stopSpeed: 30, sendGestureScrolls: false, sendMomentumScrolls: false)
               ^
/Users/shawnrain/Library/Mobile Documents/com~apple~CloudDocs/Shawn Rain/Vibe-Coding/MacMouseFix/Helper/Core/Config/ScrollConfig.swift:802:9: note: a call to a never-returning function
        fatalError()
        ^
/Users/shawnrain/Library/Mobile Documents/com~apple~CloudDocs/Shawn Rain/Vibe-Coding/MacMouseFix/Helper/Core/Config/ScrollConfig.swift:769:25: warning: will never be executed
                let e = { x in Math.scale(x, (0, 1), (baseMsPerStepCurveMax, baseMsPerStepCurveMin)) }
                        ^
/Users/shawnrain/Library/Mobile Documents/com~apple~CloudDocs/Shawn Rain/Vibe-Coding/MacMouseFix/Helper/Core/Config/ScrollConfig.swift:768:26: note: condition always evaluates to false
            if curvature == 0.0 {
                         ^

SwiftCompile normal arm64 /Users/shawnrain/Library/Mobile\ Documents/com~apple~CloudDocs/Shawn\ Rain/Vibe-Coding/MacMouseFix/Shared/UI/NSShadow+Extensions.swift (in target 'Mac Mouse Fix Helper' from project 'Mouse Fix')
    cd /Users/shawnrain/Library/Mobile\ Documents/com\~apple\~CloudDocs/Shawn\ Rain/Vibe-Coding/MacMouseFix
    

SwiftCompile normal arm64 /Users/shawnrain/Library/Mobile\ Documents/com~apple~CloudDocs/Shawn\ Rain/Vibe-Coding/MacMouseFix/Shared/Math/Curves/HybridCurves.swift (in target 'Mac Mouse Fix Helper' from project 'Mouse Fix')
    cd /Users/shawnrain/Library/Mobile\ Documents/com\~apple\~CloudDocs/Shawn\ Rain/Vibe-Coding/MacMouseFix
    

SwiftCompile normal arm64 /Users/shawnrain/Library/Mobile\ Documents/com~apple~CloudDocs/Shawn\ Rain/Vibe-Coding/MacMouseFix/Helper/HelperState.swift (in target 'Mac Mouse Fix Helper' from project 'Mouse Fix')
    cd /Users/shawnrain/Library/Mobile\ Documents/com\~apple\~CloudDocs/Shawn\ Rain/Vibe-Coding/MacMouseFix
    

SwiftCompile normal arm64 /Users/shawnrain/Library/Mobile\ Documents/com~apple~CloudDocs/Shawn\ Rain/Vibe-Coding/MacMouseFix/Shared/Math/Randomizer.swift (in target 'Mac Mouse Fix Helper' from project 'Mouse Fix')
    cd /Users/shawnrain/Library/Mobile\ Documents/com\~apple\~CloudDocs/Shawn\ Rain/Vibe-Coding/MacMouseFix
    

SwiftCompile normal arm64 /Users/shawnrain/Library/Mobile\ Documents/com~apple~CloudDocs/Shawn\ Rain/Vibe-Coding/MacMouseFix/Shared/Strings/String+Extensions.swift (in target 'Mac Mouse Fix Helper' from project 'Mouse Fix')
    cd /Users/shawnrain/Library/Mobile\ Documents/com\~apple\~CloudDocs/Shawn\ Rain/Vibe-Coding/MacMouseFix
    

SwiftCompile normal arm64 /Users/shawnrain/Library/Mobile\ Documents/com~apple~CloudDocs/Shawn\ Rain/Vibe-Coding/MacMouseFix/Shared/Math/Curves/Bezier.swift (in target 'Mac Mouse Fix Helper' from project 'Mouse Fix')
    cd /Users/shawnrain/Library/Mobile\ Documents/com\~apple\~CloudDocs/Shawn\ Rain/Vibe-Coding/MacMouseFix
    

SwiftCompile normal arm64 /Users/shawnrain/Library/Mobile\ Documents/com~apple~CloudDocs/Shawn\ Rain/Vibe-Coding/MacMouseFix/Helper/UI/TrialNotifications/TrialNotificationWindow.swift (in target 'Mac Mouse Fix Helper' from project 'Mouse Fix')
    cd /Users/shawnrain/Library/Mobile\ Documents/com\~apple\~CloudDocs/Shawn\ Rain/Vibe-Coding/MacMouseFix
    

SwiftCompile normal arm64 Compiling\ Localization.swift,\ DragCurve.swift,\ NSTextField+Extentions.swift,\ GetLicenseConfig.swift,\ CoolTimer.swift,\ Animate.swift,\ PayButton.swift,\ TouchAnimator.swift /Users/shawnrain/Library/Mobile\ Documents/com~apple~CloudDocs/Shawn\ Rain/Vibe-Coding/MacMouseFix/Localization/Localization.swift /Users/shawnrain/Library/Mobile\ Documents/com~apple~CloudDocs/Shawn\ Rain/Vibe-Coding/MacMouseFix/Shared/Math/Curves/DragCurve.swift /Users/shawnrain/Library/Mobile\ Documents/com~apple~CloudDocs/Shawn\ Rain/Vibe-Coding/MacMouseFix/Shared/UI/NSTextField+Extentions.swift /Users/shawnrain/Library/Mobile\ Documents/com~apple~CloudDocs/Shawn\ Rain/Vibe-Coding/MacMouseFix/Shared/License/Retrieve/GetLicenseConfig.swift /Users/shawnrain/Library/Mobile\ Documents/com~apple~CloudDocs/Shawn\ Rain/Vibe-Coding/MacMouseFix/Shared/Utility/CoolTimer.swift /Users/shawnrain/Library/Mobile\ Documents/com~apple~CloudDocs/Shawn\ Rain/Vibe-Coding/MacMouseFix/Shared/UI/UIAnimations/Animate.swift /Users/shawnrain/Library/Mobile\ Documents/com~apple~CloudDocs/Shawn\ Rain/Vibe-Coding/MacMouseFix/App/UI/CustomUIElements/PayButton.swift /Users/shawnrain/Library/Mobile\ Documents/com~apple~CloudDocs/Shawn\ Rain/Vibe-Coding/MacMouseFix/Helper/Core/Touch/TouchAnimator.swift (in target 'Mac Mouse Fix Helper' from project 'Mouse Fix')

SwiftCompile normal arm64 /Users/shawnrain/Library/Mobile\ Documents/com~apple~CloudDocs/Shawn\ Rain/Vibe-Coding/MacMouseFix/Localization/Localization.swift (in target 'Mac Mouse Fix Helper' from project 'Mouse Fix')
    cd /Users/shawnrain/Library/Mobile\ Documents/com\~apple\~CloudDocs/Shawn\ Rain/Vibe-Coding/MacMouseFix
    

SwiftCompile normal arm64 /Users/shawnrain/Library/Mobile\ Documents/com~apple~CloudDocs/Shawn\ Rain/Vibe-Coding/MacMouseFix/Shared/Math/Curves/DragCurve.swift (in target 'Mac Mouse Fix Helper' from project 'Mouse Fix')
    cd /Users/shawnrain/Library/Mobile\ Documents/com\~apple\~CloudDocs/Shawn\ Rain/Vibe-Coding/MacMouseFix
    

SwiftCompile normal arm64 /Users/shawnrain/Library/Mobile\ Documents/com~apple~CloudDocs/Shawn\ Rain/Vibe-Coding/MacMouseFix/Shared/UI/NSTextField+Extentions.swift (in target 'Mac Mouse Fix Helper' from project 'Mouse Fix')
    cd /Users/shawnrain/Library/Mobile\ Documents/com\~apple\~CloudDocs/Shawn\ Rain/Vibe-Coding/MacMouseFix
    

SwiftCompile normal arm64 /Users/shawnrain/Library/Mobile\ Documents/com~apple~CloudDocs/Shawn\ Rain/Vibe-Coding/MacMouseFix/Shared/License/Retrieve/GetLicenseConfig.swift (in target 'Mac Mouse Fix Helper' from project 'Mouse Fix')
    cd /Users/shawnrain/Library/Mobile\ Documents/com\~apple\~CloudDocs/Shawn\ Rain/Vibe-Coding/MacMouseFix
    

SwiftCompile normal arm64 /Users/shawnrain/Library/Mobile\ Documents/com~apple~CloudDocs/Shawn\ Rain/Vibe-Coding/MacMouseFix/Shared/Utility/CoolTimer.swift (in target 'Mac Mouse Fix Helper' from project 'Mouse Fix')
    cd /Users/shawnrain/Library/Mobile\ Documents/com\~apple\~CloudDocs/Shawn\ Rain/Vibe-Coding/MacMouseFix
    

SwiftCompile normal arm64 /Users/shawnrain/Library/Mobile\ Documents/com~apple~CloudDocs/Shawn\ Rain/Vibe-Coding/MacMouseFix/Shared/UI/UIAnimations/Animate.swift (in target 'Mac Mouse Fix Helper' from project 'Mouse Fix')
    cd /Users/shawnrain/Library/Mobile\ Documents/com\~apple\~CloudDocs/Shawn\ Rain/Vibe-Coding/MacMouseFix
    

SwiftCompile normal arm64 /Users/shawnrain/Library/Mobile\ Documents/com~apple~CloudDocs/Shawn\ Rain/Vibe-Coding/MacMouseFix/App/UI/CustomUIElements/PayButton.swift (in target 'Mac Mouse Fix Helper' from project 'Mouse Fix')
    cd /Users/shawnrain/Library/Mobile\ Documents/com\~apple\~CloudDocs/Shawn\ Rain/Vibe-Coding/MacMouseFix
    

SwiftCompile normal arm64 /Users/shawnrain/Library/Mobile\ Documents/com~apple~CloudDocs/Shawn\ Rain/Vibe-Coding/MacMouseFix/Helper/Core/Touch/TouchAnimator.swift (in target 'Mac Mouse Fix Helper' from project 'Mouse Fix')
    cd /Users/shawnrain/Library/Mobile\ Documents/com\~apple\~CloudDocs/Shawn\ Rain/Vibe-Coding/MacMouseFix
    

SwiftCompile normal arm64 Compiling\ CAAnimation+Extensions.swift,\ SharedUtilitySwift.swift,\ TestAccelerationCurve.swift,\ Math.swift,\ APIRequests.swift,\ Collapse.swift,\ Line.swift,\ GlobalDefaults.swift,\ Replace.swift /Users/shawnrain/Library/Mobile\ Documents/com~apple~CloudDocs/Shawn\ Rain/Vibe-Coding/MacMouseFix/Shared/Animation/CAAnimation+Extensions.swift /Users/shawnrain/Library/Mobile\ Documents/com~apple~CloudDocs/Shawn\ Rain/Vibe-Coding/MacMouseFix/Shared/Utility/SharedUtilitySwift.swift /Users/shawnrain/Library/Mobile\ Documents/com~apple~CloudDocs/Shawn\ Rain/Vibe-Coding/MacMouseFix/Shared/Math/Curves/TestAccelerationCurve.swift /Users/shawnrain/Library/Mobile\ Documents/com~apple~CloudDocs/Shawn\ Rain/Vibe-Coding/MacMouseFix/Shared/Math/Math.swift /Users/shawnrain/Library/Mobile\ Documents/com~apple~CloudDocs/Shawn\ Rain/Vibe-Coding/MacMouseFix/Shared/License/Retrieve/APIRequests.swift /Users/shawnrain/Library/Mobile\ Documents/com~apple~CloudDocs/Shawn\ Rain/Vibe-Coding/MacMouseFix/Shared/UI/UIAnimations/Collapse.swift /Users/shawnrain/Library/Mobile\ Documents/com~apple~CloudDocs/Shawn\ Rain/Vibe-Coding/MacMouseFix/Shared/Math/Curves/Line.swift /Users/shawnrain/Library/Mobile\ Documents/com~apple~CloudDocs/Shawn\ Rain/Vibe-Coding/MacMouseFix/Helper/Utility/GlobalDefaults.swift /Users/shawnrain/Library/Mobile\ Documents/com~apple~CloudDocs/Shawn\ Rain/Vibe-Coding/MacMouseFix/Shared/UI/UIAnimations/Replace.swift (in target 'Mac Mouse Fix Helper' from project 'Mouse Fix')

SwiftCompile normal arm64 /Users/shawnrain/Library/Mobile\ Documents/com~apple~CloudDocs/Shawn\ Rain/Vibe-Coding/MacMouseFix/Shared/Animation/CAAnimation+Extensions.swift (in target 'Mac Mouse Fix Helper' from project 'Mouse Fix')
    cd /Users/shawnrain/Library/Mobile\ Documents/com\~apple\~CloudDocs/Shawn\ Rain/Vibe-Coding/MacMouseFix
    

SwiftCompile normal arm64 /Users/shawnrain/Library/Mobile\ Documents/com~apple~CloudDocs/Shawn\ Rain/Vibe-Coding/MacMouseFix/Shared/Utility/SharedUtilitySwift.swift (in target 'Mac Mouse Fix Helper' from project 'Mouse Fix')
    cd /Users/shawnrain/Library/Mobile\ Documents/com\~apple\~CloudDocs/Shawn\ Rain/Vibe-Coding/MacMouseFix
    

SwiftCompile normal arm64 /Users/shawnrain/Library/Mobile\ Documents/com~apple~CloudDocs/Shawn\ Rain/Vibe-Coding/MacMouseFix/Shared/Math/Curves/TestAccelerationCurve.swift (in target 'Mac Mouse Fix Helper' from project 'Mouse Fix')
    cd /Users/shawnrain/Library/Mobile\ Documents/com\~apple\~CloudDocs/Shawn\ Rain/Vibe-Coding/MacMouseFix
    

SwiftCompile normal arm64 /Users/shawnrain/Library/Mobile\ Documents/com~apple~CloudDocs/Shawn\ Rain/Vibe-Coding/MacMouseFix/Shared/Math/Math.swift (in target 'Mac Mouse Fix Helper' from project 'Mouse Fix')
    cd /Users/shawnrain/Library/Mobile\ Documents/com\~apple\~CloudDocs/Shawn\ Rain/Vibe-Coding/MacMouseFix
    

SwiftCompile normal arm64 /Users/shawnrain/Library/Mobile\ Documents/com~apple~CloudDocs/Shawn\ Rain/Vibe-Coding/MacMouseFix/Shared/License/Retrieve/APIRequests.swift (in target 'Mac Mouse Fix Helper' from project 'Mouse Fix')
    cd /Users/shawnrain/Library/Mobile\ Documents/com\~apple\~CloudDocs/Shawn\ Rain/Vibe-Coding/MacMouseFix
    

SwiftCompile normal arm64 /Users/shawnrain/Library/Mobile\ Documents/com~apple~CloudDocs/Shawn\ Rain/Vibe-Coding/MacMouseFix/Shared/UI/UIAnimations/Collapse.swift (in target 'Mac Mouse Fix Helper' from project 'Mouse Fix')
    cd /Users/shawnrain/Library/Mobile\ Documents/com\~apple\~CloudDocs/Shawn\ Rain/Vibe-Coding/MacMouseFix
    

SwiftCompile normal arm64 /Users/shawnrain/Library/Mobile\ Documents/com~apple~CloudDocs/Shawn\ Rain/Vibe-Coding/MacMouseFix/Shared/Math/Curves/Line.swift (in target 'Mac Mouse Fix Helper' from project 'Mouse Fix')
    cd /Users/shawnrain/Library/Mobile\ Documents/com\~apple\~CloudDocs/Shawn\ Rain/Vibe-Coding/MacMouseFix
    

SwiftCompile normal arm64 /Users/shawnrain/Library/Mobile\ Documents/com~apple~CloudDocs/Shawn\ Rain/Vibe-Coding/MacMouseFix/Helper/Utility/GlobalDefaults.swift (in target 'Mac Mouse Fix Helper' from project 'Mouse Fix')
    cd /Users/shawnrain/Library/Mobile\ Documents/com\~apple\~CloudDocs/Shawn\ Rain/Vibe-Coding/MacMouseFix
    

SwiftCompile normal arm64 /Users/shawnrain/Library/Mobile\ Documents/com~apple~CloudDocs/Shawn\ Rain/Vibe-Coding/MacMouseFix/Shared/UI/UIAnimations/Replace.swift (in target 'Mac Mouse Fix Helper' from project 'Mouse Fix')
    cd /Users/shawnrain/Library/Mobile\ Documents/com\~apple\~CloudDocs/Shawn\ Rain/Vibe-Coding/MacMouseFix
    

SwiftCompile normal arm64 Compiling\ Constants.swift,\ Smoother.swift,\ TrialCounter.swift,\ FadeAnimations.swift,\ BezierCappedAccelerationCurve.swift,\ Buttons.swift,\ GetLicenseState.swift,\ ReactiveConfig.swift /Users/shawnrain/Library/Mobile\ Documents/com~apple~CloudDocs/Shawn\ Rain/Vibe-Coding/MacMouseFix/Shared/Constants.swift /Users/shawnrain/Library/Mobile\ Documents/com~apple~CloudDocs/Shawn\ Rain/Vibe-Coding/MacMouseFix/Helper/Core/Smoothing/Smoother.swift /Users/shawnrain/Library/Mobile\ Documents/com~apple~CloudDocs/Shawn\ Rain/Vibe-Coding/MacMouseFix/Shared/License/TrialCounter.swift /Users/shawnrain/Library/Mobile\ Documents/com~apple~CloudDocs/Shawn\ Rain/Vibe-Coding/MacMouseFix/Shared/UI/UIAnimations/FadeAnimations.swift /Users/shawnrain/Library/Mobile\ Documents/com~apple~CloudDocs/Shawn\ Rain/Vibe-Coding/MacMouseFix/Shared/Math/Curves/BezierCappedAccelerationCurve.swift /Users/shawnrain/Library/Mobile\ Documents/com~apple~CloudDocs/Shawn\ Rain/Vibe-Coding/MacMouseFix/Helper/Core/Buttons/Buttons.swift /Users/shawnrain/Library/Mobile\ Documents/com~apple~CloudDocs/Shawn\ Rain/Vibe-Coding/MacMouseFix/Shared/License/Retrieve/GetLicenseState.swift /Users/shawnrain/Library/Mobile\ Documents/com~apple~CloudDocs/Shawn\ Rain/Vibe-Coding/MacMouseFix/Shared/Config/ReactiveConfig.swift (in target 'Mac Mouse Fix Helper' from project 'Mouse Fix')

SwiftCompile normal arm64 /Users/shawnrain/Library/Mobile\ Documents/com~apple~CloudDocs/Shawn\ Rain/Vibe-Coding/MacMouseFix/Shared/Constants.swift (in target 'Mac Mouse Fix Helper' from project 'Mouse Fix')
    cd /Users/shawnrain/Library/Mobile\ Documents/com\~apple\~CloudDocs/Shawn\ Rain/Vibe-Coding/MacMouseFix
    

SwiftCompile normal arm64 /Users/shawnrain/Library/Mobile\ Documents/com~apple~CloudDocs/Shawn\ Rain/Vibe-Coding/MacMouseFix/Helper/Core/Smoothing/Smoother.swift (in target 'Mac Mouse Fix Helper' from project 'Mouse Fix')
    cd /Users/shawnrain/Library/Mobile\ Documents/com\~apple\~CloudDocs/Shawn\ Rain/Vibe-Coding/MacMouseFix
    

SwiftCompile normal arm64 /Users/shawnrain/Library/Mobile\ Documents/com~apple~CloudDocs/Shawn\ Rain/Vibe-Coding/MacMouseFix/Shared/License/TrialCounter.swift (in target 'Mac Mouse Fix Helper' from project 'Mouse Fix')
    cd /Users/shawnrain/Library/Mobile\ Documents/com\~apple\~CloudDocs/Shawn\ Rain/Vibe-Coding/MacMouseFix
    
/Users/shawnrain/Library/Mobile Documents/com~apple~CloudDocs/Shawn Rain/Vibe-Coding/MacMouseFix/Shared/License/TrialCounter.swift:118:21: warning: capture of 'self' with non-Sendable type 'TrialCounter' in a '@Sendable' closure
                    self.hasBeenUsedToday = false
                    ^
/Users/shawnrain/Library/Mobile Documents/com~apple~CloudDocs/Shawn Rain/Vibe-Coding/MacMouseFix/Shared/License/TrialCounter.swift:31:13: note: class 'TrialCounter' does not conform to the 'Sendable' protocol
@objc class TrialCounter: NSObject { /// Not annotated with @MainActor since we want `handleUse` to be callable from different threads without overhead, and this doesn't have any `async` functions. (See discussion in `License/README.md`)
            ^

SwiftCompile normal arm64 /Users/shawnrain/Library/Mobile\ Documents/com~apple~CloudDocs/Shawn\ Rain/Vibe-Coding/MacMouseFix/Shared/UI/UIAnimations/FadeAnimations.swift (in target 'Mac Mouse Fix Helper' from project 'Mouse Fix')
    cd /Users/shawnrain/Library/Mobile\ Documents/com\~apple\~CloudDocs/Shawn\ Rain/Vibe-Coding/MacMouseFix
    

SwiftCompile normal arm64 /Users/shawnrain/Library/Mobile\ Documents/com~apple~CloudDocs/Shawn\ Rain/Vibe-Coding/MacMouseFix/Shared/Math/Curves/BezierCappedAccelerationCurve.swift (in target 'Mac Mouse Fix Helper' from project 'Mouse Fix')
    cd /Users/shawnrain/Library/Mobile\ Documents/com\~apple\~CloudDocs/Shawn\ Rain/Vibe-Coding/MacMouseFix
    

SwiftCompile normal arm64 /Users/shawnrain/Library/Mobile\ Documents/com~apple~CloudDocs/Shawn\ Rain/Vibe-Coding/MacMouseFix/Helper/Core/Buttons/Buttons.swift (in target 'Mac Mouse Fix Helper' from project 'Mouse Fix')
    cd /Users/shawnrain/Library/Mobile\ Documents/com\~apple\~CloudDocs/Shawn\ Rain/Vibe-Coding/MacMouseFix
    

SwiftCompile normal arm64 /Users/shawnrain/Library/Mobile\ Documents/com~apple~CloudDocs/Shawn\ Rain/Vibe-Coding/MacMouseFix/Shared/License/Retrieve/GetLicenseState.swift (in target 'Mac Mouse Fix Helper' from project 'Mouse Fix')
    cd /Users/shawnrain/Library/Mobile\ Documents/com\~apple\~CloudDocs/Shawn\ Rain/Vibe-Coding/MacMouseFix
    

SwiftCompile normal arm64 /Users/shawnrain/Library/Mobile\ Documents/com~apple~CloudDocs/Shawn\ Rain/Vibe-Coding/MacMouseFix/Shared/Config/ReactiveConfig.swift (in target 'Mac Mouse Fix Helper' from project 'Mouse Fix')
    cd /Users/shawnrain/Library/Mobile\ Documents/com\~apple\~CloudDocs/Shawn\ Rain/Vibe-Coding/MacMouseFix
    

SwiftCompile normal arm64 Compiling\ GetTrialState.swift,\ RollingAverage.swift,\ ConstraintUtility.swift,\ DoubleExponentialSmoother.swift,\ TrialSectionManager.swift,\ Collection+Extensions.swift,\ ScrollSpeedupCurve.swift,\ Logging.swift,\ MenuBarItem.swift /Users/shawnrain/Library/Mobile\ Documents/com~apple~CloudDocs/Shawn\ Rain/Vibe-Coding/MacMouseFix/Shared/License/Retrieve/GetTrialState.swift /Users/shawnrain/Library/Mobile\ Documents/com~apple~CloudDocs/Shawn\ Rain/Vibe-Coding/MacMouseFix/Helper/Core/Smoothing/RollingAverage.swift /Users/shawnrain/Library/Mobile\ Documents/com~apple~CloudDocs/Shawn\ Rain/Vibe-Coding/MacMouseFix/Shared/UI/UIAnimations/ConstraintUtility.swift /Users/shawnrain/Library/Mobile\ Documents/com~apple~CloudDocs/Shawn\ Rain/Vibe-Coding/MacMouseFix/Helper/Core/Smoothing/DoubleExponentialSmoother.swift /Users/shawnrain/Library/Mobile\ Documents/com~apple~CloudDocs/Shawn\ Rain/Vibe-Coding/MacMouseFix/Shared/UI/TrialSection/TrialSectionManager.swift /Users/shawnrain/Library/Mobile\ Documents/com~apple~CloudDocs/Shawn\ Rain/Vibe-Coding/MacMouseFix/Shared/Extensions/Collection+Extensions.swift /Users/shawnrain/Library/Mobile\ Documents/com~apple~CloudDocs/Shawn\ Rain/Vibe-Coding/MacMouseFix/Shared/Math/Curves/ScrollSpeedupCurve.swift /Users/shawnrain/Library/Mobile\ Documents/com~apple~CloudDocs/Shawn\ Rain/Vibe-Coding/MacMouseFix/Shared/Logging/Logging.swift /Users/shawnrain/Library/Mobile\ Documents/com~apple~CloudDocs/Shawn\ Rain/Vibe-Coding/MacMouseFix/Helper/UI/MenuBarItem/MenuBarItem.swift (in target 'Mac Mouse Fix Helper' from project 'Mouse Fix')

SwiftCompile normal arm64 /Users/shawnrain/Library/Mobile\ Documents/com~apple~CloudDocs/Shawn\ Rain/Vibe-Coding/MacMouseFix/Shared/License/Retrieve/GetTrialState.swift (in target 'Mac Mouse Fix Helper' from project 'Mouse Fix')
    cd /Users/shawnrain/Library/Mobile\ Documents/com\~apple\~CloudDocs/Shawn\ Rain/Vibe-Coding/MacMouseFix
    

SwiftCompile normal arm64 /Users/shawnrain/Library/Mobile\ Documents/com~apple~CloudDocs/Shawn\ Rain/Vibe-Coding/MacMouseFix/Helper/Core/Smoothing/RollingAverage.swift (in target 'Mac Mouse Fix Helper' from project 'Mouse Fix')
    cd /Users/shawnrain/Library/Mobile\ Documents/com\~apple\~CloudDocs/Shawn\ Rain/Vibe-Coding/MacMouseFix
    

SwiftCompile normal arm64 /Users/shawnrain/Library/Mobile\ Documents/com~apple~CloudDocs/Shawn\ Rain/Vibe-Coding/MacMouseFix/Shared/UI/UIAnimations/ConstraintUtility.swift (in target 'Mac Mouse Fix Helper' from project 'Mouse Fix')
    cd /Users/shawnrain/Library/Mobile\ Documents/com\~apple\~CloudDocs/Shawn\ Rain/Vibe-Coding/MacMouseFix
    

SwiftCompile normal arm64 /Users/shawnrain/Library/Mobile\ Documents/com~apple~CloudDocs/Shawn\ Rain/Vibe-Coding/MacMouseFix/Helper/Core/Smoothing/DoubleExponentialSmoother.swift (in target 'Mac Mouse Fix Helper' from project 'Mouse Fix')
    cd /Users/shawnrain/Library/Mobile\ Documents/com\~apple\~CloudDocs/Shawn\ Rain/Vibe-Coding/MacMouseFix
    

SwiftCompile normal arm64 /Users/shawnrain/Library/Mobile\ Documents/com~apple~CloudDocs/Shawn\ Rain/Vibe-Coding/MacMouseFix/Shared/UI/TrialSection/TrialSectionManager.swift (in target 'Mac Mouse Fix Helper' from project 'Mouse Fix')
    cd /Users/shawnrain/Library/Mobile\ Documents/com\~apple\~CloudDocs/Shawn\ Rain/Vibe-Coding/MacMouseFix
    

SwiftCompile normal arm64 /Users/shawnrain/Library/Mobile\ Documents/com~apple~CloudDocs/Shawn\ Rain/Vibe-Coding/MacMouseFix/Shared/Extensions/Collection+Extensions.swift (in target 'Mac Mouse Fix Helper' from project 'Mouse Fix')
    cd /Users/shawnrain/Library/Mobile\ Documents/com\~apple\~CloudDocs/Shawn\ Rain/Vibe-Coding/MacMouseFix
    

SwiftCompile normal arm64 /Users/shawnrain/Library/Mobile\ Documents/com~apple~CloudDocs/Shawn\ Rain/Vibe-Coding/MacMouseFix/Shared/Math/Curves/ScrollSpeedupCurve.swift (in target 'Mac Mouse Fix Helper' from project 'Mouse Fix')
    cd /Users/shawnrain/Library/Mobile\ Documents/com\~apple\~CloudDocs/Shawn\ Rain/Vibe-Coding/MacMouseFix
    

SwiftCompile normal arm64 /Users/shawnrain/Library/Mobile\ Documents/com~apple~CloudDocs/Shawn\ Rain/Vibe-Coding/MacMouseFix/Shared/Logging/Logging.swift (in target 'Mac Mouse Fix Helper' from project 'Mouse Fix')
    cd /Users/shawnrain/Library/Mobile\ Documents/com\~apple\~CloudDocs/Shawn\ Rain/Vibe-Coding/MacMouseFix
    

SwiftCompile normal arm64 /Users/shawnrain/Library/Mobile\ Documents/com~apple~CloudDocs/Shawn\ Rain/Vibe-Coding/MacMouseFix/Helper/UI/MenuBarItem/MenuBarItem.swift (in target 'Mac Mouse Fix Helper' from project 'Mouse Fix')
    cd /Users/shawnrain/Library/Mobile\ Documents/com\~apple\~CloudDocs/Shawn\ Rain/Vibe-Coding/MacMouseFix
    

SwiftCompile normal arm64 Compiling\ CombinedLinearCurve.swift,\ MFCoding.swift,\ NSImageView+Extensions.swift,\ TrialNotificationController.swift,\ SecureStorage.swift,\ Curve.swift,\ Shorthands.swift,\ TrialSection.swift,\ CurveVisualizer.swift /Users/shawnrain/Library/Mobile\ Documents/com~apple~CloudDocs/Shawn\ Rain/Vibe-Coding/MacMouseFix/Shared/Math/Curves/CombinedLinearCurve.swift /Users/shawnrain/Library/Mobile\ Documents/com~apple~CloudDocs/Shawn\ Rain/Vibe-Coding/MacMouseFix/Shared/Utility/MFCoding/MFCoding.swift /Users/shawnrain/Library/Mobile\ Documents/com~apple~CloudDocs/Shawn\ Rain/Vibe-Coding/MacMouseFix/Shared/Extensions/NSImageView+Extensions.swift /Users/shawnrain/Library/Mobile\ Documents/com~apple~CloudDocs/Shawn\ Rain/Vibe-Coding/MacMouseFix/Helper/UI/TrialNotifications/TrialNotificationController.swift /Users/shawnrain/Library/Mobile\ Documents/com~apple~CloudDocs/Shawn\ Rain/Vibe-Coding/MacMouseFix/Shared/Config/SecureStorage/SecureStorage.swift /Users/shawnrain/Library/Mobile\ Documents/com~apple~CloudDocs/Shawn\ Rain/Vibe-Coding/MacMouseFix/Shared/Math/Curves/Curve.swift /Users/shawnrain/Library/Mobile\ Documents/com~apple~CloudDocs/Shawn\ Rain/Vibe-Coding/MacMouseFix/Shared/Utility/Shorthands.swift /Users/shawnrain/Library/Mobile\ Documents/com~apple~CloudDocs/Shawn\ Rain/Vibe-Coding/MacMouseFix/Shared/UI/TrialSection/TrialSection.swift /Users/shawnrain/Library/Mobile\ Documents/com~apple~CloudDocs/Shawn\ Rain/Vibe-Coding/MacMouseFix/Shared/Math/Curves/CurveVisualizer.swift (in target 'Mac Mouse Fix Helper' from project 'Mouse Fix')

SwiftCompile normal arm64 /Users/shawnrain/Library/Mobile\ Documents/com~apple~CloudDocs/Shawn\ Rain/Vibe-Coding/MacMouseFix/Shared/Math/Curves/CombinedLinearCurve.swift (in target 'Mac Mouse Fix Helper' from project 'Mouse Fix')
    cd /Users/shawnrain/Library/Mobile\ Documents/com\~apple\~CloudDocs/Shawn\ Rain/Vibe-Coding/MacMouseFix
    

SwiftCompile normal arm64 /Users/shawnrain/Library/Mobile\ Documents/com~apple~CloudDocs/Shawn\ Rain/Vibe-Coding/MacMouseFix/Shared/Utility/MFCoding/MFCoding.swift (in target 'Mac Mouse Fix Helper' from project 'Mouse Fix')
    cd /Users/shawnrain/Library/Mobile\ Documents/com\~apple\~CloudDocs/Shawn\ Rain/Vibe-Coding/MacMouseFix
    

SwiftCompile normal arm64 /Users/shawnrain/Library/Mobile\ Documents/com~apple~CloudDocs/Shawn\ Rain/Vibe-Coding/MacMouseFix/Shared/Extensions/NSImageView+Extensions.swift (in target 'Mac Mouse Fix Helper' from project 'Mouse Fix')
    cd /Users/shawnrain/Library/Mobile\ Documents/com\~apple\~CloudDocs/Shawn\ Rain/Vibe-Coding/MacMouseFix
    

SwiftCompile normal arm64 /Users/shawnrain/Library/Mobile\ Documents/com~apple~CloudDocs/Shawn\ Rain/Vibe-Coding/MacMouseFix/Helper/UI/TrialNotifications/TrialNotificationController.swift (in target 'Mac Mouse Fix Helper' from project 'Mouse Fix')
    cd /Users/shawnrain/Library/Mobile\ Documents/com\~apple\~CloudDocs/Shawn\ Rain/Vibe-Coding/MacMouseFix
    
/Users/shawnrain/Library/Mobile Documents/com~apple~CloudDocs/Shawn Rain/Vibe-Coding/MacMouseFix/Helper/UI/TrialNotifications/TrialNotificationController.swift:60:51: warning: treating a forced downcast to 'NSWindow' as optional will never produce 'nil'
                self.window = topLevelObjects![1] as! NSWindow
                                                  ^
/Users/shawnrain/Library/Mobile Documents/com~apple~CloudDocs/Shawn Rain/Vibe-Coding/MacMouseFix/Helper/UI/TrialNotifications/TrialNotificationController.swift:60:53: note: use 'as?' to perform a conditional downcast to 'NSWindow'
                self.window = topLevelObjects![1] as! NSWindow
                                                    ^
                                                    ?
/Users/shawnrain/Library/Mobile Documents/com~apple~CloudDocs/Shawn Rain/Vibe-Coding/MacMouseFix/Helper/UI/TrialNotifications/TrialNotificationController.swift:60:31: note: add parentheses around the cast to silence this warning
                self.window = topLevelObjects![1] as! NSWindow
                              ^
                              (                               )

SwiftCompile normal arm64 /Users/shawnrain/Library/Mobile\ Documents/com~apple~CloudDocs/Shawn\ Rain/Vibe-Coding/MacMouseFix/Shared/Config/SecureStorage/SecureStorage.swift (in target 'Mac Mouse Fix Helper' from project 'Mouse Fix')
    cd /Users/shawnrain/Library/Mobile\ Documents/com\~apple\~CloudDocs/Shawn\ Rain/Vibe-Coding/MacMouseFix
    
/Users/shawnrain/Library/Mobile Documents/com~apple~CloudDocs/Shawn Rain/Vibe-Coding/MacMouseFix/Shared/Config/SecureStorage/SecureStorage.swift:114:20: warning: value 'dict' was defined but never used; consider replacing with boolean test
            if let dict = dict as? NSDictionary {
               ~~~~^~~~~~~     ~~~
                               is

SwiftCompile normal arm64 /Users/shawnrain/Library/Mobile\ Documents/com~apple~CloudDocs/Shawn\ Rain/Vibe-Coding/MacMouseFix/Shared/Math/Curves/Curve.swift (in target 'Mac Mouse Fix Helper' from project 'Mouse Fix')
    cd /Users/shawnrain/Library/Mobile\ Documents/com\~apple\~CloudDocs/Shawn\ Rain/Vibe-Coding/MacMouseFix
    

SwiftCompile normal arm64 /Users/shawnrain/Library/Mobile\ Documents/com~apple~CloudDocs/Shawn\ Rain/Vibe-Coding/MacMouseFix/Shared/Utility/Shorthands.swift (in target 'Mac Mouse Fix Helper' from project 'Mouse Fix')
    cd /Users/shawnrain/Library/Mobile\ Documents/com\~apple\~CloudDocs/Shawn\ Rain/Vibe-Coding/MacMouseFix
    

SwiftCompile normal arm64 /Users/shawnrain/Library/Mobile\ Documents/com~apple~CloudDocs/Shawn\ Rain/Vibe-Coding/MacMouseFix/Shared/UI/TrialSection/TrialSection.swift (in target 'Mac Mouse Fix Helper' from project 'Mouse Fix')
    cd /Users/shawnrain/Library/Mobile\ Documents/com\~apple\~CloudDocs/Shawn\ Rain/Vibe-Coding/MacMouseFix
    

SwiftCompile normal arm64 /Users/shawnrain/Library/Mobile\ Documents/com~apple~CloudDocs/Shawn\ Rain/Vibe-Coding/MacMouseFix/Shared/Math/Curves/CurveVisualizer.swift (in target 'Mac Mouse Fix Helper' from project 'Mouse Fix')
    cd /Users/shawnrain/Library/Mobile\ Documents/com\~apple\~CloudDocs/Shawn\ Rain/Vibe-Coding/MacMouseFix
    

SwiftCompile normal arm64 Compiling\ ClickCycle.swift,\ PointerConfig.swift,\ DisableSwiftBridging.swift,\ ScrollModifiers.swift,\ LogitechActivator.swift,\ DisplayLink.swift,\ Device.swift,\ DeviceManager.swift /Users/shawnrain/Library/Mobile\ Documents/com~apple~CloudDocs/Shawn\ Rain/Vibe-Coding/MacMouseFix/Helper/Core/Buttons/ClickCycle.swift /Users/shawnrain/Library/Mobile\ Documents/com~apple~CloudDocs/Shawn\ Rain/Vibe-Coding/MacMouseFix/Helper/Core/Config/PointerConfig.swift /Users/shawnrain/Library/Mobile\ Documents/com~apple~CloudDocs/Shawn\ Rain/Vibe-Coding/MacMouseFix/Shared/DisableSwiftBridging/DisableSwiftBridging.swift /Users/shawnrain/Library/Mobile\ Documents/com~apple~CloudDocs/Shawn\ Rain/Vibe-Coding/MacMouseFix/Helper/Core/Scroll/ScrollModifiers.swift /Users/shawnrain/Library/Mobile\ Documents/com~apple~CloudDocs/Shawn\ Rain/Vibe-Coding/MacMouseFix/Helper/Core/Buttons/LogitechActivator.swift /Users/shawnrain/Library/Mobile\ Documents/com~apple~CloudDocs/Shawn\ Rain/Vibe-Coding/MacMouseFix/Shared/Animation/DisplayLink.swift /Users/shawnrain/Library/Mobile\ Documents/com~apple~CloudDocs/Shawn\ Rain/Vibe-Coding/MacMouseFix/Shared/Devices/Device.swift /Users/shawnrain/Library/Mobile\ Documents/com~apple~CloudDocs/Shawn\ Rain/Vibe-Coding/MacMouseFix/Shared/Devices/DeviceManager.swift (in target 'Mac Mouse Fix Helper' from project 'Mouse Fix')
SwiftCompile normal arm64 /Users/shawnrain/Library/Mobile\ Documents/com~apple~CloudDocs/Shawn\ Rain/Vibe-Coding/MacMouseFix/Helper/Core/Buttons/ClickCycle.swift (in target 'Mac Mouse Fix Helper' from project 'Mouse Fix')
    cd /Users/shawnrain/Library/Mobile\ Documents/com\~apple\~CloudDocs/Shawn\ Rain/Vibe-Coding/MacMouseFix
    
/Users/shawnrain/Library/Mobile Documents/com~apple~CloudDocs/Shawn Rain/Vibe-Coding/MacMouseFix/Helper/Core/Buttons/LogitechActivator.swift:338:33: warning: 'kIOMasterPortDefault' was deprecated in macOS 12.0: renamed to 'kIOMainPortDefault'
        var port: mach_port_t = kIOMasterPortDefault
                                ^
/Users/shawnrain/Library/Mobile Documents/com~apple~CloudDocs/Shawn Rain/Vibe-Coding/MacMouseFix/Helper/Core/Buttons/LogitechActivator.swift:338:33: note: use 'kIOMainPortDefault' instead
        var port: mach_port_t = kIOMasterPortDefault
                                ^~~~~~~~~~~~~~~~~~~~
                                kIOMainPortDefault
/Users/shawnrain/Library/Mobile Documents/com~apple~CloudDocs/Shawn Rain/Vibe-Coding/MacMouseFix/Helper/Core/Buttons/LogitechActivator.swift:815:21: warning: capture of 'self' with non-Sendable type 'LogitechActivator' in a '@Sendable' closure
                    self.lastReactivateTime = 0
                    ^
/Users/shawnrain/Library/Mobile Documents/com~apple~CloudDocs/Shawn Rain/Vibe-Coding/MacMouseFix/Helper/Core/Buttons/LogitechActivator.swift:226:14: note: class 'LogitechActivator' does not conform to the 'Sendable' protocol
public class LogitechActivator: NSObject {
             ^
/Users/shawnrain/Library/Mobile Documents/com~apple~CloudDocs/Shawn Rain/Vibe-Coding/MacMouseFix/Helper/Core/Buttons/LogitechActivator.swift:1170:13: warning: initialization of immutable value 'name' was never used; consider replacing with assignment to '_' or removing it
        let name = IOHIDDeviceGetProperty(device, kIOHIDProductKey as CFString) as? String ?? "Mouse"
        ~~~~^~~~
        _

SwiftCompile normal arm64 /Users/shawnrain/Library/Mobile\ Documents/com~apple~CloudDocs/Shawn\ Rain/Vibe-Coding/MacMouseFix/Helper/Core/Config/PointerConfig.swift (in target 'Mac Mouse Fix Helper' from project 'Mouse Fix')
    cd /Users/shawnrain/Library/Mobile\ Documents/com\~apple\~CloudDocs/Shawn\ Rain/Vibe-Coding/MacMouseFix
    
/Users/shawnrain/Library/Mobile Documents/com~apple~CloudDocs/Shawn Rain/Vibe-Coding/MacMouseFix/Helper/Core/Buttons/LogitechActivator.swift:338:33: warning: 'kIOMasterPortDefault' was deprecated in macOS 12.0: renamed to 'kIOMainPortDefault'
        var port: mach_port_t = kIOMasterPortDefault
                                ^
/Users/shawnrain/Library/Mobile Documents/com~apple~CloudDocs/Shawn Rain/Vibe-Coding/MacMouseFix/Helper/Core/Buttons/LogitechActivator.swift:338:33: note: use 'kIOMainPortDefault' instead
        var port: mach_port_t = kIOMasterPortDefault
                                ^~~~~~~~~~~~~~~~~~~~
                                kIOMainPortDefault
/Users/shawnrain/Library/Mobile Documents/com~apple~CloudDocs/Shawn Rain/Vibe-Coding/MacMouseFix/Helper/Core/Buttons/LogitechActivator.swift:815:21: warning: capture of 'self' with non-Sendable type 'LogitechActivator' in a '@Sendable' closure
                    self.lastReactivateTime = 0
                    ^
/Users/shawnrain/Library/Mobile Documents/com~apple~CloudDocs/Shawn Rain/Vibe-Coding/MacMouseFix/Helper/Core/Buttons/LogitechActivator.swift:226:14: note: class 'LogitechActivator' does not conform to the 'Sendable' protocol
public class LogitechActivator: NSObject {
             ^
/Users/shawnrain/Library/Mobile Documents/com~apple~CloudDocs/Shawn Rain/Vibe-Coding/MacMouseFix/Helper/Core/Buttons/LogitechActivator.swift:1170:13: warning: initialization of immutable value 'name' was never used; consider replacing with assignment to '_' or removing it
        let name = IOHIDDeviceGetProperty(device, kIOHIDProductKey as CFString) as? String ?? "Mouse"
        ~~~~^~~~
        _

SwiftCompile normal arm64 /Users/shawnrain/Library/Mobile\ Documents/com~apple~CloudDocs/Shawn\ Rain/Vibe-Coding/MacMouseFix/Shared/DisableSwiftBridging/DisableSwiftBridging.swift (in target 'Mac Mouse Fix Helper' from project 'Mouse Fix')
    cd /Users/shawnrain/Library/Mobile\ Documents/com\~apple\~CloudDocs/Shawn\ Rain/Vibe-Coding/MacMouseFix
    
/Users/shawnrain/Library/Mobile Documents/com~apple~CloudDocs/Shawn Rain/Vibe-Coding/MacMouseFix/Helper/Core/Buttons/LogitechActivator.swift:338:33: warning: 'kIOMasterPortDefault' was deprecated in macOS 12.0: renamed to 'kIOMainPortDefault'
        var port: mach_port_t = kIOMasterPortDefault
                                ^
/Users/shawnrain/Library/Mobile Documents/com~apple~CloudDocs/Shawn Rain/Vibe-Coding/MacMouseFix/Helper/Core/Buttons/LogitechActivator.swift:338:33: note: use 'kIOMainPortDefault' instead
        var port: mach_port_t = kIOMasterPortDefault
                                ^~~~~~~~~~~~~~~~~~~~
                                kIOMainPortDefault
/Users/shawnrain/Library/Mobile Documents/com~apple~CloudDocs/Shawn Rain/Vibe-Coding/MacMouseFix/Helper/Core/Buttons/LogitechActivator.swift:815:21: warning: capture of 'self' with non-Sendable type 'LogitechActivator' in a '@Sendable' closure
                    self.lastReactivateTime = 0
                    ^
/Users/shawnrain/Library/Mobile Documents/com~apple~CloudDocs/Shawn Rain/Vibe-Coding/MacMouseFix/Helper/Core/Buttons/LogitechActivator.swift:226:14: note: class 'LogitechActivator' does not conform to the 'Sendable' protocol
public class LogitechActivator: NSObject {
             ^
/Users/shawnrain/Library/Mobile Documents/com~apple~CloudDocs/Shawn Rain/Vibe-Coding/MacMouseFix/Helper/Core/Buttons/LogitechActivator.swift:1170:13: warning: initialization of immutable value 'name' was never used; consider replacing with assignment to '_' or removing it
        let name = IOHIDDeviceGetProperty(device, kIOHIDProductKey as CFString) as? String ?? "Mouse"
        ~~~~^~~~
        _

SwiftCompile normal arm64 /Users/shawnrain/Library/Mobile\ Documents/com~apple~CloudDocs/Shawn\ Rain/Vibe-Coding/MacMouseFix/Helper/Core/Scroll/ScrollModifiers.swift (in target 'Mac Mouse Fix Helper' from project 'Mouse Fix')
    cd /Users/shawnrain/Library/Mobile\ Documents/com\~apple\~CloudDocs/Shawn\ Rain/Vibe-Coding/MacMouseFix
    
/Users/shawnrain/Library/Mobile Documents/com~apple~CloudDocs/Shawn Rain/Vibe-Coding/MacMouseFix/Helper/Core/Buttons/LogitechActivator.swift:338:33: warning: 'kIOMasterPortDefault' was deprecated in macOS 12.0: renamed to 'kIOMainPortDefault'
        var port: mach_port_t = kIOMasterPortDefault
                                ^
/Users/shawnrain/Library/Mobile Documents/com~apple~CloudDocs/Shawn Rain/Vibe-Coding/MacMouseFix/Helper/Core/Buttons/LogitechActivator.swift:338:33: note: use 'kIOMainPortDefault' instead
        var port: mach_port_t = kIOMasterPortDefault
                                ^~~~~~~~~~~~~~~~~~~~
                                kIOMainPortDefault
/Users/shawnrain/Library/Mobile Documents/com~apple~CloudDocs/Shawn Rain/Vibe-Coding/MacMouseFix/Helper/Core/Buttons/LogitechActivator.swift:815:21: warning: capture of 'self' with non-Sendable type 'LogitechActivator' in a '@Sendable' closure
                    self.lastReactivateTime = 0
                    ^
/Users/shawnrain/Library/Mobile Documents/com~apple~CloudDocs/Shawn Rain/Vibe-Coding/MacMouseFix/Helper/Core/Buttons/LogitechActivator.swift:226:14: note: class 'LogitechActivator' does not conform to the 'Sendable' protocol
public class LogitechActivator: NSObject {
             ^
/Users/shawnrain/Library/Mobile Documents/com~apple~CloudDocs/Shawn Rain/Vibe-Coding/MacMouseFix/Helper/Core/Buttons/LogitechActivator.swift:1170:13: warning: initialization of immutable value 'name' was never used; consider replacing with assignment to '_' or removing it
        let name = IOHIDDeviceGetProperty(device, kIOHIDProductKey as CFString) as? String ?? "Mouse"
        ~~~~^~~~
        _

SwiftCompile normal arm64 /Users/shawnrain/Library/Mobile\ Documents/com~apple~CloudDocs/Shawn\ Rain/Vibe-Coding/MacMouseFix/Helper/Core/Buttons/LogitechActivator.swift (in target 'Mac Mouse Fix Helper' from project 'Mouse Fix')
    cd /Users/shawnrain/Library/Mobile\ Documents/com\~apple\~CloudDocs/Shawn\ Rain/Vibe-Coding/MacMouseFix
    
/Users/shawnrain/Library/Mobile Documents/com~apple~CloudDocs/Shawn Rain/Vibe-Coding/MacMouseFix/Helper/Core/Buttons/LogitechActivator.swift:338:33: warning: 'kIOMasterPortDefault' was deprecated in macOS 12.0: renamed to 'kIOMainPortDefault'
        var port: mach_port_t = kIOMasterPortDefault
                                ^
/Users/shawnrain/Library/Mobile Documents/com~apple~CloudDocs/Shawn Rain/Vibe-Coding/MacMouseFix/Helper/Core/Buttons/LogitechActivator.swift:338:33: note: use 'kIOMainPortDefault' instead
        var port: mach_port_t = kIOMasterPortDefault
                                ^~~~~~~~~~~~~~~~~~~~
                                kIOMainPortDefault
/Users/shawnrain/Library/Mobile Documents/com~apple~CloudDocs/Shawn Rain/Vibe-Coding/MacMouseFix/Helper/Core/Buttons/LogitechActivator.swift:815:21: warning: capture of 'self' with non-Sendable type 'LogitechActivator' in a '@Sendable' closure
                    self.lastReactivateTime = 0
                    ^
/Users/shawnrain/Library/Mobile Documents/com~apple~CloudDocs/Shawn Rain/Vibe-Coding/MacMouseFix/Helper/Core/Buttons/LogitechActivator.swift:226:14: note: class 'LogitechActivator' does not conform to the 'Sendable' protocol
public class LogitechActivator: NSObject {
             ^
/Users/shawnrain/Library/Mobile Documents/com~apple~CloudDocs/Shawn Rain/Vibe-Coding/MacMouseFix/Helper/Core/Buttons/LogitechActivator.swift:1170:13: warning: initialization of immutable value 'name' was never used; consider replacing with assignment to '_' or removing it
        let name = IOHIDDeviceGetProperty(device, kIOHIDProductKey as CFString) as? String ?? "Mouse"
        ~~~~^~~~
        _

SwiftCompile normal arm64 /Users/shawnrain/Library/Mobile\ Documents/com~apple~CloudDocs/Shawn\ Rain/Vibe-Coding/MacMouseFix/Shared/Animation/DisplayLink.swift (in target 'Mac Mouse Fix Helper' from project 'Mouse Fix')
    cd /Users/shawnrain/Library/Mobile\ Documents/com\~apple\~CloudDocs/Shawn\ Rain/Vibe-Coding/MacMouseFix
    
/Users/shawnrain/Library/Mobile Documents/com~apple~CloudDocs/Shawn Rain/Vibe-Coding/MacMouseFix/Helper/Core/Buttons/LogitechActivator.swift:338:33: warning: 'kIOMasterPortDefault' was deprecated in macOS 12.0: renamed to 'kIOMainPortDefault'
        var port: mach_port_t = kIOMasterPortDefault
                                ^
/Users/shawnrain/Library/Mobile Documents/com~apple~CloudDocs/Shawn Rain/Vibe-Coding/MacMouseFix/Helper/Core/Buttons/LogitechActivator.swift:338:33: note: use 'kIOMainPortDefault' instead
        var port: mach_port_t = kIOMasterPortDefault
                                ^~~~~~~~~~~~~~~~~~~~
                                kIOMainPortDefault
/Users/shawnrain/Library/Mobile Documents/com~apple~CloudDocs/Shawn Rain/Vibe-Coding/MacMouseFix/Helper/Core/Buttons/LogitechActivator.swift:815:21: warning: capture of 'self' with non-Sendable type 'LogitechActivator' in a '@Sendable' closure
                    self.lastReactivateTime = 0
                    ^
/Users/shawnrain/Library/Mobile Documents/com~apple~CloudDocs/Shawn Rain/Vibe-Coding/MacMouseFix/Helper/Core/Buttons/LogitechActivator.swift:226:14: note: class 'LogitechActivator' does not conform to the 'Sendable' protocol
public class LogitechActivator: NSObject {
             ^
/Users/shawnrain/Library/Mobile Documents/com~apple~CloudDocs/Shawn Rain/Vibe-Coding/MacMouseFix/Helper/Core/Buttons/LogitechActivator.swift:1170:13: warning: initialization of immutable value 'name' was never used; consider replacing with assignment to '_' or removing it
        let name = IOHIDDeviceGetProperty(device, kIOHIDProductKey as CFString) as? String ?? "Mouse"
        ~~~~^~~~
        _
/Users/shawnrain/Library/Mobile Documents/com~apple~CloudDocs/Shawn Rain/Vibe-Coding/MacMouseFix/Shared/Animation/DisplayLink.swift:60:13: warning: 'CVDisplayLinkStop' was deprecated in macOS 15.0: use NSView.displayLink(target:selector:), NSWindow.displayLink(target:selector:), or NSScreen.displayLink(target:selector:) 
            CVDisplayLinkStop(dl)
            ^
/Users/shawnrain/Library/Mobile Documents/com~apple~CloudDocs/Shawn Rain/Vibe-Coding/MacMouseFix/Shared/Animation/DisplayLink.swift:70:23: warning: 'CVDisplayLinkStop' was deprecated in macOS 15.0: use NSView.displayLink(target:selector:), NSWindow.displayLink(target:selector:), or NSScreen.displayLink(target:selector:) 
            let ret = CVDisplayLinkStop(oldDL)
                      ^
/Users/shawnrain/Library/Mobile Documents/com~apple~CloudDocs/Shawn Rain/Vibe-Coding/MacMouseFix/Shared/Animation/DisplayLink.swift:82:19: warning: 'CVDisplayLinkCreateWithActiveCGDisplays' was deprecated in macOS 15.0: use NSView.displayLink(target:selector:), NSWindow.displayLink(target:selector:), or NSScreen.displayLink(target:selector:) 
            ret = CVDisplayLinkCreateWithActiveCGDisplays(&dl)
                  ^
/Users/shawnrain/Library/Mobile Documents/com~apple~CloudDocs/Shawn Rain/Vibe-Coding/MacMouseFix/Shared/Animation/DisplayLink.swift:85:24: warning: 'CVDisplayLinkSetOutputCallback' was deprecated in macOS 15.0: use NSView.displayLink(target:selector:), NSWindow.displayLink(target:selector:), or NSScreen.displayLink(target:selector:) 
                ret2 = CVDisplayLinkSetOutputCallback(validDL, displayLinkCallback, selfPtr)
                       ^
/Users/shawnrain/Library/Mobile Documents/com~apple~CloudDocs/Shawn Rain/Vibe-Coding/MacMouseFix/Shared/Animation/DisplayLink.swift:126:22: warning: 'CVDisplayLinkStart' was deprecated in macOS 15.0: use NSView.displayLink(target:selector:), NSWindow.displayLink(target:selector:), or NSScreen.displayLink(target:selector:) 
                rt = CVDisplayLinkStart(dl)
                     ^
/Users/shawnrain/Library/Mobile Documents/com~apple~CloudDocs/Shawn Rain/Vibe-Coding/MacMouseFix/Shared/Animation/DisplayLink.swift:165:21: warning: 'CVDisplayLinkStop' was deprecated in macOS 15.0: use NSView.displayLink(target:selector:), NSWindow.displayLink(target:selector:), or NSScreen.displayLink(target:selector:) 
                    CVDisplayLinkStop(dl)
                    ^
/Users/shawnrain/Library/Mobile Documents/com~apple~CloudDocs/Shawn Rain/Vibe-Coding/MacMouseFix/Shared/Animation/DisplayLink.swift:206:17: warning: 'CVDisplayLinkGetActualOutputVideoRefreshPeriod' was deprecated in macOS 15.0: use NSView.displayLink(target:selector:), NSWindow.displayLink(target:selector:), or NSScreen.displayLink(target:selector:) 
        var t = CVDisplayLinkGetActualOutputVideoRefreshPeriod(dl)
                ^
/Users/shawnrain/Library/Mobile Documents/com~apple~CloudDocs/Shawn Rain/Vibe-Coding/MacMouseFix/Shared/Animation/DisplayLink.swift:208:23: warning: 'CVDisplayLinkGetNominalOutputVideoRefreshPeriod' was deprecated in macOS 15.0: use NSView.displayLink(target:selector:), NSWindow.displayLink(target:selector:), or NSScreen.displayLink(target:selector:) 
            let tCV = CVDisplayLinkGetNominalOutputVideoRefreshPeriod(dl)
                      ^
/Users/shawnrain/Library/Mobile Documents/com~apple~CloudDocs/Shawn Rain/Vibe-Coding/MacMouseFix/Shared/Animation/DisplayLink.swift:223:16: warning: 'CVDisplayLinkGetActualOutputVideoRefreshPeriod' was deprecated in macOS 15.0: use NSView.displayLink(target:selector:), NSWindow.displayLink(target:selector:), or NSScreen.displayLink(target:selector:) 
        return CVDisplayLinkGetActualOutputVideoRefreshPeriod(dl)
               ^
/Users/shawnrain/Library/Mobile Documents/com~apple~CloudDocs/Shawn Rain/Vibe-Coding/MacMouseFix/Shared/Animation/DisplayLink.swift:231:17: warning: 'CVDisplayLinkGetNominalOutputVideoRefreshPeriod' was deprecated in macOS 15.0: use NSView.displayLink(target:selector:), NSWindow.displayLink(target:selector:), or NSScreen.displayLink(target:selector:) 
        let t = CVDisplayLinkGetNominalOutputVideoRefreshPeriod(dl)
                ^
/Users/shawnrain/Library/Mobile Documents/com~apple~CloudDocs/Shawn Rain/Vibe-Coding/MacMouseFix/Shared/Animation/DisplayLink.swift:283:19: warning: 'CVDisplayLinkSetCurrentCGDisplay' was deprecated in macOS 15.0: use NSView.displayLink(target:selector:), NSWindow.displayLink(target:selector:), or NSScreen.displayLink(target:selector:) 
        let ret = CVDisplayLinkSetCurrentCGDisplay(dl, displayID)
                  ^

SwiftCompile normal arm64 /Users/shawnrain/Library/Mobile\ Documents/com~apple~CloudDocs/Shawn\ Rain/Vibe-Coding/MacMouseFix/Shared/Devices/Device.swift (in target 'Mac Mouse Fix Helper' from project 'Mouse Fix')
    cd /Users/shawnrain/Library/Mobile\ Documents/com\~apple\~CloudDocs/Shawn\ Rain/Vibe-Coding/MacMouseFix
    
/Users/shawnrain/Library/Mobile Documents/com~apple~CloudDocs/Shawn Rain/Vibe-Coding/MacMouseFix/Helper/Core/Buttons/LogitechActivator.swift:338:33: warning: 'kIOMasterPortDefault' was deprecated in macOS 12.0: renamed to 'kIOMainPortDefault'
        var port: mach_port_t = kIOMasterPortDefault
                                ^
/Users/shawnrain/Library/Mobile Documents/com~apple~CloudDocs/Shawn Rain/Vibe-Coding/MacMouseFix/Helper/Core/Buttons/LogitechActivator.swift:338:33: note: use 'kIOMainPortDefault' instead
        var port: mach_port_t = kIOMasterPortDefault
                                ^~~~~~~~~~~~~~~~~~~~
                                kIOMainPortDefault
/Users/shawnrain/Library/Mobile Documents/com~apple~CloudDocs/Shawn Rain/Vibe-Coding/MacMouseFix/Helper/Core/Buttons/LogitechActivator.swift:815:21: warning: capture of 'self' with non-Sendable type 'LogitechActivator' in a '@Sendable' closure
                    self.lastReactivateTime = 0
                    ^
/Users/shawnrain/Library/Mobile Documents/com~apple~CloudDocs/Shawn Rain/Vibe-Coding/MacMouseFix/Helper/Core/Buttons/LogitechActivator.swift:226:14: note: class 'LogitechActivator' does not conform to the 'Sendable' protocol
public class LogitechActivator: NSObject {
             ^
/Users/shawnrain/Library/Mobile Documents/com~apple~CloudDocs/Shawn Rain/Vibe-Coding/MacMouseFix/Helper/Core/Buttons/LogitechActivator.swift:1170:13: warning: initialization of immutable value 'name' was never used; consider replacing with assignment to '_' or removing it
        let name = IOHIDDeviceGetProperty(device, kIOHIDProductKey as CFString) as? String ?? "Mouse"
        ~~~~^~~~
        _

SwiftCompile normal arm64 /Users/shawnrain/Library/Mobile\ Documents/com~apple~CloudDocs/Shawn\ Rain/Vibe-Coding/MacMouseFix/Shared/Devices/DeviceManager.swift (in target 'Mac Mouse Fix Helper' from project 'Mouse Fix')
    cd /Users/shawnrain/Library/Mobile\ Documents/com\~apple\~CloudDocs/Shawn\ Rain/Vibe-Coding/MacMouseFix
    
/Users/shawnrain/Library/Mobile Documents/com~apple~CloudDocs/Shawn Rain/Vibe-Coding/MacMouseFix/Helper/Core/Buttons/LogitechActivator.swift:338:33: warning: 'kIOMasterPortDefault' was deprecated in macOS 12.0: renamed to 'kIOMainPortDefault'
        var port: mach_port_t = kIOMasterPortDefault
                                ^
/Users/shawnrain/Library/Mobile Documents/com~apple~CloudDocs/Shawn Rain/Vibe-Coding/MacMouseFix/Helper/Core/Buttons/LogitechActivator.swift:338:33: note: use 'kIOMainPortDefault' instead
        var port: mach_port_t = kIOMasterPortDefault
                                ^~~~~~~~~~~~~~~~~~~~
                                kIOMainPortDefault
/Users/shawnrain/Library/Mobile Documents/com~apple~CloudDocs/Shawn Rain/Vibe-Coding/MacMouseFix/Helper/Core/Buttons/LogitechActivator.swift:815:21: warning: capture of 'self' with non-Sendable type 'LogitechActivator' in a '@Sendable' closure
                    self.lastReactivateTime = 0
                    ^
/Users/shawnrain/Library/Mobile Documents/com~apple~CloudDocs/Shawn Rain/Vibe-Coding/MacMouseFix/Helper/Core/Buttons/LogitechActivator.swift:226:14: note: class 'LogitechActivator' does not conform to the 'Sendable' protocol
public class LogitechActivator: NSObject {
             ^
/Users/shawnrain/Library/Mobile Documents/com~apple~CloudDocs/Shawn Rain/Vibe-Coding/MacMouseFix/Helper/Core/Buttons/LogitechActivator.swift:1170:13: warning: initialization of immutable value 'name' was never used; consider replacing with assignment to '_' or removing it
        let name = IOHIDDeviceGetProperty(device, kIOHIDProductKey as CFString) as? String ?? "Mouse"
        ~~~~^~~~
        _

SwiftDriverJobDiscovery normal arm64 Compiling GetTrialState.swift, RollingAverage.swift, ConstraintUtility.swift, DoubleExponentialSmoother.swift, TrialSectionManager.swift, Collection+Extensions.swift, ScrollSpeedupCurve.swift, Logging.swift, MenuBarItem.swift (in target 'Mac Mouse Fix Helper' from project 'Mouse Fix')

SwiftDriverJobDiscovery normal arm64 Compiling Localization.swift, DragCurve.swift, NSTextField+Extentions.swift, GetLicenseConfig.swift, CoolTimer.swift, Animate.swift, PayButton.swift, TouchAnimator.swift (in target 'Mac Mouse Fix Helper' from project 'Mouse Fix')

SwiftDriverJobDiscovery normal arm64 Compiling Constants.swift, Smoother.swift, TrialCounter.swift, FadeAnimations.swift, BezierCappedAccelerationCurve.swift, Buttons.swift, GetLicenseState.swift, ReactiveConfig.swift (in target 'Mac Mouse Fix Helper' from project 'Mouse Fix')

SwiftDriverJobDiscovery normal arm64 Compiling ReactiveAnimatorProxy.swift, NSAttributedString+Extensions.swift, HashablePair.swift, License.swift, ScreenDrawer.swift, NSArray+Extensions.swift, Concurrency.swift, PolynomialCappedAccelerationCurve.swift (in target 'Mac Mouse Fix Helper' from project 'Mouse Fix')

SwiftDriverJobDiscovery normal arm64 Compiling LicenseUtility.swift, TouchAnimatorBase.swift, NSView+Extensions.swift, ExponentialSmoother.swift, AccelerationBezier.swift, DynamicSystemAnimator.swift, NaturalAccelerationCurve.swift, SwitchMaster.swift, GeneralConfig.swift (in target 'Mac Mouse Fix Helper' from project 'Mouse Fix')

SwiftDriverJobDiscovery normal arm64 Compiling CombinedLinearCurve.swift, MFCoding.swift, NSImageView+Extensions.swift, TrialNotificationController.swift, SecureStorage.swift, Curve.swift, Shorthands.swift, TrialSection.swift, CurveVisualizer.swift (in target 'Mac Mouse Fix Helper' from project 'Mouse Fix')

SwiftDriverJobDiscovery normal arm64 Compiling CAAnimation+Extensions.swift, SharedUtilitySwift.swift, TestAccelerationCurve.swift, Math.swift, APIRequests.swift, Collapse.swift, Line.swift, GlobalDefaults.swift, Replace.swift (in target 'Mac Mouse Fix Helper' from project 'Mouse Fix')

SwiftDriverJobDiscovery normal arm64 Compiling ScrollConfig.swift, NSShadow+Extensions.swift, HybridCurves.swift, HelperState.swift, Randomizer.swift, String+Extensions.swift, Bezier.swift, TrialNotificationWindow.swift (in target 'Mac Mouse Fix Helper' from project 'Mouse Fix')

SwiftDriverJobDiscovery normal arm64 Emitting module for Mac_Mouse_Fix_Helper (in target 'Mac Mouse Fix Helper' from project 'Mouse Fix')

SwiftDriver\ Compilation\ Requirements Mac\ Mouse\ Fix\ Helper normal arm64 com.apple.xcode.tools.swift.compiler (in target 'Mac Mouse Fix Helper' from project 'Mouse Fix')
    cd /Users/shawnrain/Library/Mobile\ Documents/com\~apple\~CloudDocs/Shawn\ Rain/Vibe-Coding/MacMouseFix
    builtin-Swift-Compilation-Requirements -- /Applications/Xcode.app/Contents/Developer/Toolchains/XcodeDefault.xctoolchain/usr/bin/swiftc -module-name Mac_Mouse_Fix_Helper -Onone @/Users/shawnrain/Library/Developer/Xcode/DerivedData/Mouse_Fix-bnijtbnbbtqglwclwfpwrxsqeaod/Build/Intermediates.noindex/Mouse\ Fix.build/Debug/Mac\ Mouse\ Fix\ Helper.build/Objects-normal/arm64/Mac\ Mouse\ Fix\ Helper.SwiftFileList -DDEBUG -DIS_HELPER -Xcc -fmodule-map-file\=/Users/shawnrain/Library/Developer/Xcode/DerivedData/Mouse_Fix-bnijtbnbbtqglwclwfpwrxsqeaod/Build/Intermediates.noindex/GeneratedModuleMaps/ReactiveCocoaObjC.modulemap -Xcc -fmodule-map-file\=/Users/shawnrain/Library/Developer/Xcode/DerivedData/Mouse_Fix-bnijtbnbbtqglwclwfpwrxsqeaod/Build/Intermediates.noindex/GeneratedModuleMaps/CocoaLumberjackSwiftSupport.modulemap -Xcc -fmodule-map-file\=/Users/shawnrain/Library/Developer/Xcode/DerivedData/Mouse_Fix-bnijtbnbbtqglwclwfpwrxsqeaod/Build/Intermediates.noindex/GeneratedModuleMaps/CocoaLumberjack.modulemap -enable-bare-slash-regex -enable-experimental-feature DebugDescriptionMacro -sdk /Applications/Xcode.app/Contents/Developer/Platforms/MacOSX.platform/Developer/SDKs/MacOSX26.5.sdk -target arm64-apple-macos15.0 -g -module-cache-path /Users/shawnrain/Library/Developer/Xcode/DerivedData/ModuleCache.noindex -Xfrontend -serialize-debugging-options -enable-testing -index-store-path /Users/shawnrain/Library/Developer/Xcode/DerivedData/Mouse_Fix-bnijtbnbbtqglwclwfpwrxsqeaod/Index.noindex/DataStore -Xcc -D_LIBCPP_HARDENING_MODE\=_LIBCPP_HARDENING_MODE_DEBUG -swift-version 5 -I /Users/shawnrain/Library/Developer/Xcode/DerivedData/Mouse_Fix-bnijtbnbbtqglwclwfpwrxsqeaod/Build/Products/Debug -F /Users/shawnrain/Library/Developer/Xcode/DerivedData/Mouse_Fix-bnijtbnbbtqglwclwfpwrxsqeaod/Build/Products/Debug/PackageFrameworks -F /Users/shawnrain/Library/Developer/Xcode/DerivedData/Mouse_Fix-bnijtbnbbtqglwclwfpwrxsqeaod/Build/Products/Debug/PackageFrameworks -F /Users/shawnrain/Library/Developer/Xcode/DerivedData/Mouse_Fix-bnijtbnbbtqglwclwfpwrxsqeaod/Build/Products/Debug/PackageFrameworks -F /Users/shawnrain/Library/Developer/Xcode/DerivedData/Mouse_Fix-bnijtbnbbtqglwclwfpwrxsqeaod/Build/Products/Debug/PackageFrameworks -F /Users/shawnrain/Library/Developer/Xcode/DerivedData/Mouse_Fix-bnijtbnbbtqglwclwfpwrxsqeaod/Build/Products/Debug/PackageFrameworks -F /Users/shawnrain/Library/Developer/Xcode/DerivedData/Mouse_Fix-bnijtbnbbtqglwclwfpwrxsqeaod/Build/Products/Debug/PackageFrameworks -F /Users/shawnrain/Library/Developer/Xcode/DerivedData/Mouse_Fix-bnijtbnbbtqglwclwfpwrxsqeaod/Build/Products/Debug -F /Applications/Xcode.app/Contents/Developer/Platforms/MacOSX.platform/Developer/SDKs/MacOSX.sdk/System/Library/Frameworks/ApplicationServices.framework/Frameworks -F /Users/shawnrain/Library/Mobile\ Documents/com\~apple\~CloudDocs/Shawn\ Rain/Vibe-Coding/MacMouseFix/Frameworks -F /System/Library/PrivateFrameworks -emit-localized-strings -emit-localized-strings-path /Users/shawnrain/Library/Developer/Xcode/DerivedData/Mouse_Fix-bnijtbnbbtqglwclwfpwrxsqeaod/Build/Intermediates.noindex/Mouse\ Fix.build/Debug/Mac\ Mouse\ Fix\ Helper.build/Objects-normal/arm64 -c -j10 -enable-batch-mode -incremental -Xcc -ivfsstatcache -Xcc /Users/shawnrain/Library/Developer/Xcode/DerivedData/SDKStatCaches.noindex/macosx26.5-25F70-e082c4a02f00227109f4ed75e425c832.sdkstatcache -output-file-map /Users/shawnrain/Library/Developer/Xcode/DerivedData/Mouse_Fix-bnijtbnbbtqglwclwfpwrxsqeaod/Build/Intermediates.noindex/Mouse\ Fix.build/Debug/Mac\ Mouse\ Fix\ Helper.build/Objects-normal/arm64/Mac\ Mouse\ Fix\ Helper-OutputFileMap.json -use-frontend-parseable-output -save-temps -no-color-diagnostics -explicit-module-build -module-cache-path /Users/shawnrain/Library/Developer/Xcode/DerivedData/Mouse_Fix-bnijtbnbbtqglwclwfpwrxsqeaod/Build/Intermediates.noindex/SwiftExplicitPrecompiledModules -clang-scanner-module-cache-path /Users/shawnrain/Library/Developer/Xcode/DerivedData/ModuleCache.noindex -sdk-module-cache-path /Users/shawnrain/Library/Developer/Xcode/DerivedData/ModuleCache.noindex -serialize-diagnostics -emit-dependencies -emit-module -emit-module-path /Users/shawnrain/Library/Developer/Xcode/DerivedData/Mouse_Fix-bnijtbnbbtqglwclwfpwrxsqeaod/Build/Intermediates.noindex/Mouse\ Fix.build/Debug/Mac\ Mouse\ Fix\ Helper.build/Objects-normal/arm64/Mac_Mouse_Fix_Helper.swiftmodule -validate-clang-modules-once -clang-build-session-file /Users/shawnrain/Library/Developer/Xcode/DerivedData/ModuleCache.noindex/Session.modulevalidation -Xcc -I/Users/shawnrain/Library/Developer/Xcode/DerivedData/Mouse_Fix-bnijtbnbbtqglwclwfpwrxsqeaod/Build/Intermediates.noindex/Mouse\ Fix.build/Debug/Mac\ Mouse\ Fix\ Helper.build/swift-overrides.hmap -emit-const-values -Xfrontend -const-gather-protocols-file -Xfrontend /Users/shawnrain/Library/Developer/Xcode/DerivedData/Mouse_Fix-bnijtbnbbtqglwclwfpwrxsqeaod/Build/Intermediates.noindex/Mouse\ Fix.build/Debug/Mac\ Mouse\ Fix\ Helper.build/Objects-normal/arm64/Mac\ Mouse\ Fix\ Helper_const_extract_protocols.json -Xcc -iquote -Xcc /Users/shawnrain/Library/Developer/Xcode/DerivedData/Mouse_Fix-bnijtbnbbtqglwclwfpwrxsqeaod/Build/Intermediates.noindex/Mouse\ Fix.build/Debug/Mac\ Mouse\ Fix\ Helper.build/Mac\ Mouse\ Fix\ Helper-generated-files.hmap -Xcc -I/Users/shawnrain/Library/Developer/Xcode/DerivedData/Mouse_Fix-bnijtbnbbtqglwclwfpwrxsqeaod/Build/Intermediates.noindex/Mouse\ Fix.build/Debug/Mac\ Mouse\ Fix\ Helper.build/Mac\ Mouse\ Fix\ Helper-own-target-headers.hmap -Xcc -I/Users/shawnrain/Library/Developer/Xcode/DerivedData/Mouse_Fix-bnijtbnbbtqglwclwfpwrxsqeaod/Build/Intermediates.noindex/Mouse\ Fix.build/Debug/Mac\ Mouse\ Fix\ Helper.build/Mac\ Mouse\ Fix\ Helper-all-non-framework-target-headers.hmap -Xcc -ivfsoverlay -Xcc /Users/shawnrain/Library/Developer/Xcode/DerivedData/Mouse_Fix-bnijtbnbbtqglwclwfpwrxsqeaod/Build/Intermediates.noindex/Mouse\ Fix.build/Debug/Mouse\ Fix-a4fa6978c840a526f3db5e7bfd10becf-VFS/all-product-headers.yaml -Xcc -iquote -Xcc /Users/shawnrain/Library/Developer/Xcode/DerivedData/Mouse_Fix-bnijtbnbbtqglwclwfpwrxsqeaod/Build/Intermediates.noindex/Mouse\ Fix.build/Debug/Mac\ Mouse\ Fix\ Helper.build/Mac\ Mouse\ Fix\ Helper-project-headers.hmap -Xcc -iquote -Xcc /Users/shawnrain/Library/Mobile\ Documents/com\~apple\~CloudDocs/Shawn\ Rain/Vibe-Coding/MacMouseFix/Helper/SupportFiles/External -Xcc -I/Users/shawnrain/Library/Developer/Xcode/DerivedData/Mouse_Fix-bnijtbnbbtqglwclwfpwrxsqeaod/SourcePackages/checkouts/ReactiveCocoa/ReactiveCocoaObjC/include -Xcc -I/Users/shawnrain/Library/Developer/Xcode/DerivedData/Mouse_Fix-bnijtbnbbtqglwclwfpwrxsqeaod/SourcePackages/checkouts/CocoaLumberjack/Sources/CocoaLumberjackSwiftSupport/include -Xcc -I/Users/shawnrain/Library/Developer/Xcode/DerivedData/Mouse_Fix-bnijtbnbbtqglwclwfpwrxsqeaod/SourcePackages/checkouts/CocoaLumberjack/Sources/CocoaLumberjack/include -Xcc -I/Users/shawnrain/Library/Developer/Xcode/DerivedData/Mouse_Fix-bnijtbnbbtqglwclwfpwrxsqeaod/Build/Products/Debug/include -Xcc -I/Users/shawnrain/Library/Developer/Xcode/DerivedData/Mouse_Fix-bnijtbnbbtqglwclwfpwrxsqeaod/Build/Intermediates.noindex/Mouse\ Fix.build/Debug/Mac\ Mouse\ Fix\ Helper.build/DerivedSources-normal/arm64 -Xcc -I/Users/shawnrain/Library/Developer/Xcode/DerivedData/Mouse_Fix-bnijtbnbbtqglwclwfpwrxsqeaod/Build/Intermediates.noindex/Mouse\ Fix.build/Debug/Mac\ Mouse\ Fix\ Helper.build/DerivedSources/arm64 -Xcc -I/Users/shawnrain/Library/Developer/Xcode/DerivedData/Mouse_Fix-bnijtbnbbtqglwclwfpwrxsqeaod/Build/Intermediates.noindex/Mouse\ Fix.build/Debug/Mac\ Mouse\ Fix\ Helper.build/DerivedSources -Xcc -DDEBUG\=1 -Xcc -DIS_HELPER\=1 -Xcc -DNO_FILTER\=1 -emit-objc-header -emit-objc-header-path /Users/shawnrain/Library/Developer/Xcode/DerivedData/Mouse_Fix-bnijtbnbbtqglwclwfpwrxsqeaod/Build/Intermediates.noindex/Mouse\ Fix.build/Debug/Mac\ Mouse\ Fix\ Helper.build/Objects-normal/arm64/Mac_Mouse_Fix_Helper-Swift.h -import-objc-header /Users/shawnrain/Library/Mobile\ Documents/com\~apple\~CloudDocs/Shawn\ Rain/Vibe-Coding/MacMouseFix/Helper/SupportFiles/Mac\ Mouse\ Fix\ Helper-Bridging-Header.h -working-directory /Users/shawnrain/Library/Mobile\ Documents/com\~apple\~CloudDocs/Shawn\ Rain/Vibe-Coding/MacMouseFix -experimental-emit-module-separately -disable-cmo

Copy /Users/shawnrain/Library/Developer/Xcode/DerivedData/Mouse_Fix-bnijtbnbbtqglwclwfpwrxsqeaod/Build/Products/Debug/Mac_Mouse_Fix_Helper.swiftmodule/arm64-apple-macos.abi.json /Users/shawnrain/Library/Developer/Xcode/DerivedData/Mouse_Fix-bnijtbnbbtqglwclwfpwrxsqeaod/Build/Intermediates.noindex/Mouse\ Fix.build/Debug/Mac\ Mouse\ Fix\ Helper.build/Objects-normal/arm64/Mac_Mouse_Fix_Helper.abi.json (in target 'Mac Mouse Fix Helper' from project 'Mouse Fix')
    cd /Users/shawnrain/Library/Mobile\ Documents/com\~apple\~CloudDocs/Shawn\ Rain/Vibe-Coding/MacMouseFix
    builtin-copy -exclude .DS_Store -exclude CVS -exclude .svn -exclude .git -exclude .hg -resolve-src-symlinks -rename /Users/shawnrain/Library/Developer/Xcode/DerivedData/Mouse_Fix-bnijtbnbbtqglwclwfpwrxsqeaod/Build/Intermediates.noindex/Mouse\ Fix.build/Debug/Mac\ Mouse\ Fix\ Helper.build/Objects-normal/arm64/Mac_Mouse_Fix_Helper.abi.json /Users/shawnrain/Library/Developer/Xcode/DerivedData/Mouse_Fix-bnijtbnbbtqglwclwfpwrxsqeaod/Build/Products/Debug/Mac_Mouse_Fix_Helper.swiftmodule/arm64-apple-macos.abi.json

Copy /Users/shawnrain/Library/Developer/Xcode/DerivedData/Mouse_Fix-bnijtbnbbtqglwclwfpwrxsqeaod/Build/Products/Debug/Mac_Mouse_Fix_Helper.swiftmodule/Project/arm64-apple-macos.swiftsourceinfo /Users/shawnrain/Library/Developer/Xcode/DerivedData/Mouse_Fix-bnijtbnbbtqglwclwfpwrxsqeaod/Build/Intermediates.noindex/Mouse\ Fix.build/Debug/Mac\ Mouse\ Fix\ Helper.build/Objects-normal/arm64/Mac_Mouse_Fix_Helper.swiftsourceinfo (in target 'Mac Mouse Fix Helper' from project 'Mouse Fix')
    cd /Users/shawnrain/Library/Mobile\ Documents/com\~apple\~CloudDocs/Shawn\ Rain/Vibe-Coding/MacMouseFix
    builtin-copy -exclude .DS_Store -exclude CVS -exclude .svn -exclude .git -exclude .hg -resolve-src-symlinks -rename /Users/shawnrain/Library/Developer/Xcode/DerivedData/Mouse_Fix-bnijtbnbbtqglwclwfpwrxsqeaod/Build/Intermediates.noindex/Mouse\ Fix.build/Debug/Mac\ Mouse\ Fix\ Helper.build/Objects-normal/arm64/Mac_Mouse_Fix_Helper.swiftsourceinfo /Users/shawnrain/Library/Developer/Xcode/DerivedData/Mouse_Fix-bnijtbnbbtqglwclwfpwrxsqeaod/Build/Products/Debug/Mac_Mouse_Fix_Helper.swiftmodule/Project/arm64-apple-macos.swiftsourceinfo

SwiftDriverJobDiscovery normal arm64 Compiling MFMessagePort.swift, Config.swift, Locator.swift, Scroll.swift, ScrollAnalyzer.swift, ScrollUtility.swift, Actions.swift, GeneratedAssetSymbols.swift (in target 'Mac Mouse Fix Helper' from project 'Mouse Fix')

SwiftDriverJobDiscovery normal arm64 Compiling ClickCycle.swift, PointerConfig.swift, DisableSwiftBridging.swift, ScrollModifiers.swift, LogitechActivator.swift, DisplayLink.swift, Device.swift, DeviceManager.swift (in target 'Mac Mouse Fix Helper' from project 'Mouse Fix')

SwiftDriver\ Compilation Mac\ Mouse\ Fix\ Helper normal arm64 com.apple.xcode.tools.swift.compiler (in target 'Mac Mouse Fix Helper' from project 'Mouse Fix')
    cd /Users/shawnrain/Library/Mobile\ Documents/com\~apple\~CloudDocs/Shawn\ Rain/Vibe-Coding/MacMouseFix
    builtin-Swift-Compilation -- /Applications/Xcode.app/Contents/Developer/Toolchains/XcodeDefault.xctoolchain/usr/bin/swiftc -module-name Mac_Mouse_Fix_Helper -Onone @/Users/shawnrain/Library/Developer/Xcode/DerivedData/Mouse_Fix-bnijtbnbbtqglwclwfpwrxsqeaod/Build/Intermediates.noindex/Mouse\ Fix.build/Debug/Mac\ Mouse\ Fix\ Helper.build/Objects-normal/arm64/Mac\ Mouse\ Fix\ Helper.SwiftFileList -DDEBUG -DIS_HELPER -Xcc -fmodule-map-file\=/Users/shawnrain/Library/Developer/Xcode/DerivedData/Mouse_Fix-bnijtbnbbtqglwclwfpwrxsqeaod/Build/Intermediates.noindex/GeneratedModuleMaps/ReactiveCocoaObjC.modulemap -Xcc -fmodule-map-file\=/Users/shawnrain/Library/Developer/Xcode/DerivedData/Mouse_Fix-bnijtbnbbtqglwclwfpwrxsqeaod/Build/Intermediates.noindex/GeneratedModuleMaps/CocoaLumberjackSwiftSupport.modulemap -Xcc -fmodule-map-file\=/Users/shawnrain/Library/Developer/Xcode/DerivedData/Mouse_Fix-bnijtbnbbtqglwclwfpwrxsqeaod/Build/Intermediates.noindex/GeneratedModuleMaps/CocoaLumberjack.modulemap -enable-bare-slash-regex -enable-experimental-feature DebugDescriptionMacro -sdk /Applications/Xcode.app/Contents/Developer/Platforms/MacOSX.platform/Developer/SDKs/MacOSX26.5.sdk -target arm64-apple-macos15.0 -g -module-cache-path /Users/shawnrain/Library/Developer/Xcode/DerivedData/ModuleCache.noindex -Xfrontend -serialize-debugging-options -enable-testing -index-store-path /Users/shawnrain/Library/Developer/Xcode/DerivedData/Mouse_Fix-bnijtbnbbtqglwclwfpwrxsqeaod/Index.noindex/DataStore -Xcc -D_LIBCPP_HARDENING_MODE\=_LIBCPP_HARDENING_MODE_DEBUG -swift-version 5 -I /Users/shawnrain/Library/Developer/Xcode/DerivedData/Mouse_Fix-bnijtbnbbtqglwclwfpwrxsqeaod/Build/Products/Debug -F /Users/shawnrain/Library/Developer/Xcode/DerivedData/Mouse_Fix-bnijtbnbbtqglwclwfpwrxsqeaod/Build/Products/Debug/PackageFrameworks -F /Users/shawnrain/Library/Developer/Xcode/DerivedData/Mouse_Fix-bnijtbnbbtqglwclwfpwrxsqeaod/Build/Products/Debug/PackageFrameworks -F /Users/shawnrain/Library/Developer/Xcode/DerivedData/Mouse_Fix-bnijtbnbbtqglwclwfpwrxsqeaod/Build/Products/Debug/PackageFrameworks -F /Users/shawnrain/Library/Developer/Xcode/DerivedData/Mouse_Fix-bnijtbnbbtqglwclwfpwrxsqeaod/Build/Products/Debug/PackageFrameworks -F /Users/shawnrain/Library/Developer/Xcode/DerivedData/Mouse_Fix-bnijtbnbbtqglwclwfpwrxsqeaod/Build/Products/Debug/PackageFrameworks -F /Users/shawnrain/Library/Developer/Xcode/DerivedData/Mouse_Fix-bnijtbnbbtqglwclwfpwrxsqeaod/Build/Products/Debug/PackageFrameworks -F /Users/shawnrain/Library/Developer/Xcode/DerivedData/Mouse_Fix-bnijtbnbbtqglwclwfpwrxsqeaod/Build/Products/Debug -F /Applications/Xcode.app/Contents/Developer/Platforms/MacOSX.platform/Developer/SDKs/MacOSX.sdk/System/Library/Frameworks/ApplicationServices.framework/Frameworks -F /Users/shawnrain/Library/Mobile\ Documents/com\~apple\~CloudDocs/Shawn\ Rain/Vibe-Coding/MacMouseFix/Frameworks -F /System/Library/PrivateFrameworks -emit-localized-strings -emit-localized-strings-path /Users/shawnrain/Library/Developer/Xcode/DerivedData/Mouse_Fix-bnijtbnbbtqglwclwfpwrxsqeaod/Build/Intermediates.noindex/Mouse\ Fix.build/Debug/Mac\ Mouse\ Fix\ Helper.build/Objects-normal/arm64 -c -j10 -enable-batch-mode -incremental -Xcc -ivfsstatcache -Xcc /Users/shawnrain/Library/Developer/Xcode/DerivedData/SDKStatCaches.noindex/macosx26.5-25F70-e082c4a02f00227109f4ed75e425c832.sdkstatcache -output-file-map /Users/shawnrain/Library/Developer/Xcode/DerivedData/Mouse_Fix-bnijtbnbbtqglwclwfpwrxsqeaod/Build/Intermediates.noindex/Mouse\ Fix.build/Debug/Mac\ Mouse\ Fix\ Helper.build/Objects-normal/arm64/Mac\ Mouse\ Fix\ Helper-OutputFileMap.json -use-frontend-parseable-output -save-temps -no-color-diagnostics -explicit-module-build -module-cache-path /Users/shawnrain/Library/Developer/Xcode/DerivedData/Mouse_Fix-bnijtbnbbtqglwclwfpwrxsqeaod/Build/Intermediates.noindex/SwiftExplicitPrecompiledModules -clang-scanner-module-cache-path /Users/shawnrain/Library/Developer/Xcode/DerivedData/ModuleCache.noindex -sdk-module-cache-path /Users/shawnrain/Library/Developer/Xcode/DerivedData/ModuleCache.noindex -serialize-diagnostics -emit-dependencies -emit-module -emit-module-path /Users/shawnrain/Library/Developer/Xcode/DerivedData/Mouse_Fix-bnijtbnbbtqglwclwfpwrxsqeaod/Build/Intermediates.noindex/Mouse\ Fix.build/Debug/Mac\ Mouse\ Fix\ Helper.build/Objects-normal/arm64/Mac_Mouse_Fix_Helper.swiftmodule -validate-clang-modules-once -clang-build-session-file /Users/shawnrain/Library/Developer/Xcode/DerivedData/ModuleCache.noindex/Session.modulevalidation -Xcc -I/Users/shawnrain/Library/Developer/Xcode/DerivedData/Mouse_Fix-bnijtbnbbtqglwclwfpwrxsqeaod/Build/Intermediates.noindex/Mouse\ Fix.build/Debug/Mac\ Mouse\ Fix\ Helper.build/swift-overrides.hmap -emit-const-values -Xfrontend -const-gather-protocols-file -Xfrontend /Users/shawnrain/Library/Developer/Xcode/DerivedData/Mouse_Fix-bnijtbnbbtqglwclwfpwrxsqeaod/Build/Intermediates.noindex/Mouse\ Fix.build/Debug/Mac\ Mouse\ Fix\ Helper.build/Objects-normal/arm64/Mac\ Mouse\ Fix\ Helper_const_extract_protocols.json -Xcc -iquote -Xcc /Users/shawnrain/Library/Developer/Xcode/DerivedData/Mouse_Fix-bnijtbnbbtqglwclwfpwrxsqeaod/Build/Intermediates.noindex/Mouse\ Fix.build/Debug/Mac\ Mouse\ Fix\ Helper.build/Mac\ Mouse\ Fix\ Helper-generated-files.hmap -Xcc -I/Users/shawnrain/Library/Developer/Xcode/DerivedData/Mouse_Fix-bnijtbnbbtqglwclwfpwrxsqeaod/Build/Intermediates.noindex/Mouse\ Fix.build/Debug/Mac\ Mouse\ Fix\ Helper.build/Mac\ Mouse\ Fix\ Helper-own-target-headers.hmap -Xcc -I/Users/shawnrain/Library/Developer/Xcode/DerivedData/Mouse_Fix-bnijtbnbbtqglwclwfpwrxsqeaod/Build/Intermediates.noindex/Mouse\ Fix.build/Debug/Mac\ Mouse\ Fix\ Helper.build/Mac\ Mouse\ Fix\ Helper-all-non-framework-target-headers.hmap -Xcc -ivfsoverlay -Xcc /Users/shawnrain/Library/Developer/Xcode/DerivedData/Mouse_Fix-bnijtbnbbtqglwclwfpwrxsqeaod/Build/Intermediates.noindex/Mouse\ Fix.build/Debug/Mouse\ Fix-a4fa6978c840a526f3db5e7bfd10becf-VFS/all-product-headers.yaml -Xcc -iquote -Xcc /Users/shawnrain/Library/Developer/Xcode/DerivedData/Mouse_Fix-bnijtbnbbtqglwclwfpwrxsqeaod/Build/Intermediates.noindex/Mouse\ Fix.build/Debug/Mac\ Mouse\ Fix\ Helper.build/Mac\ Mouse\ Fix\ Helper-project-headers.hmap -Xcc -iquote -Xcc /Users/shawnrain/Library/Mobile\ Documents/com\~apple\~CloudDocs/Shawn\ Rain/Vibe-Coding/MacMouseFix/Helper/SupportFiles/External -Xcc -I/Users/shawnrain/Library/Developer/Xcode/DerivedData/Mouse_Fix-bnijtbnbbtqglwclwfpwrxsqeaod/SourcePackages/checkouts/ReactiveCocoa/ReactiveCocoaObjC/include -Xcc -I/Users/shawnrain/Library/Developer/Xcode/DerivedData/Mouse_Fix-bnijtbnbbtqglwclwfpwrxsqeaod/SourcePackages/checkouts/CocoaLumberjack/Sources/CocoaLumberjackSwiftSupport/include -Xcc -I/Users/shawnrain/Library/Developer/Xcode/DerivedData/Mouse_Fix-bnijtbnbbtqglwclwfpwrxsqeaod/SourcePackages/checkouts/CocoaLumberjack/Sources/CocoaLumberjack/include -Xcc -I/Users/shawnrain/Library/Developer/Xcode/DerivedData/Mouse_Fix-bnijtbnbbtqglwclwfpwrxsqeaod/Build/Products/Debug/include -Xcc -I/Users/shawnrain/Library/Developer/Xcode/DerivedData/Mouse_Fix-bnijtbnbbtqglwclwfpwrxsqeaod/Build/Intermediates.noindex/Mouse\ Fix.build/Debug/Mac\ Mouse\ Fix\ Helper.build/DerivedSources-normal/arm64 -Xcc -I/Users/shawnrain/Library/Developer/Xcode/DerivedData/Mouse_Fix-bnijtbnbbtqglwclwfpwrxsqeaod/Build/Intermediates.noindex/Mouse\ Fix.build/Debug/Mac\ Mouse\ Fix\ Helper.build/DerivedSources/arm64 -Xcc -I/Users/shawnrain/Library/Developer/Xcode/DerivedData/Mouse_Fix-bnijtbnbbtqglwclwfpwrxsqeaod/Build/Intermediates.noindex/Mouse\ Fix.build/Debug/Mac\ Mouse\ Fix\ Helper.build/DerivedSources -Xcc -DDEBUG\=1 -Xcc -DIS_HELPER\=1 -Xcc -DNO_FILTER\=1 -emit-objc-header -emit-objc-header-path /Users/shawnrain/Library/Developer/Xcode/DerivedData/Mouse_Fix-bnijtbnbbtqglwclwfpwrxsqeaod/Build/Intermediates.noindex/Mouse\ Fix.build/Debug/Mac\ Mouse\ Fix\ Helper.build/Objects-normal/arm64/Mac_Mouse_Fix_Helper-Swift.h -import-objc-header /Users/shawnrain/Library/Mobile\ Documents/com\~apple\~CloudDocs/Shawn\ Rain/Vibe-Coding/MacMouseFix/Helper/SupportFiles/Mac\ Mouse\ Fix\ Helper-Bridging-Header.h -working-directory /Users/shawnrain/Library/Mobile\ Documents/com\~apple\~CloudDocs/Shawn\ Rain/Vibe-Coding/MacMouseFix -experimental-emit-module-separately -disable-cmo

Ld /Users/shawnrain/Library/Developer/Xcode/DerivedData/Mouse_Fix-bnijtbnbbtqglwclwfpwrxsqeaod/Build/Products/Debug/Mac\ Mouse\ Fix\ Helper.app/Contents/MacOS/Mac\ Mouse\ Fix\ Helper normal (in target 'Mac Mouse Fix Helper' from project 'Mouse Fix')
    cd /Users/shawnrain/Library/Mobile\ Documents/com\~apple\~CloudDocs/Shawn\ Rain/Vibe-Coding/MacMouseFix
    /Applications/Xcode.app/Contents/Developer/Toolchains/XcodeDefault.xctoolchain/usr/bin/clang++ -Xlinker -reproducible -target arm64-apple-macos15.0 -isysroot /Applications/Xcode.app/Contents/Developer/Platforms/MacOSX.platform/Developer/SDKs/MacOSX26.5.sdk -O0 -L/Users/shawnrain/Library/Developer/Xcode/DerivedData/Mouse_Fix-bnijtbnbbtqglwclwfpwrxsqeaod/Build/Intermediates.noindex/EagerLinkingTBDs/Debug -L/Users/shawnrain/Library/Developer/Xcode/DerivedData/Mouse_Fix-bnijtbnbbtqglwclwfpwrxsqeaod/Build/Products/Debug -LFrameworks -LFrameworks/cmark -LFrameworks/cmark/branch-cjk -LFrameworks/cmark/branch-cjk/headers -F/Users/shawnrain/Library/Developer/Xcode/DerivedData/Mouse_Fix-bnijtbnbbtqglwclwfpwrxsqeaod/Build/Intermediates.noindex/EagerLinkingTBDs/Debug -F/Users/shawnrain/Library/Developer/Xcode/DerivedData/Mouse_Fix-bnijtbnbbtqglwclwfpwrxsqeaod/Build/Products/Debug/PackageFrameworks -F/Users/shawnrain/Library/Developer/Xcode/DerivedData/Mouse_Fix-bnijtbnbbtqglwclwfpwrxsqeaod/Build/Products/Debug/PackageFrameworks -F/Users/shawnrain/Library/Developer/Xcode/DerivedData/Mouse_Fix-bnijtbnbbtqglwclwfpwrxsqeaod/Build/Products/Debug/PackageFrameworks -F/Users/shawnrain/Library/Developer/Xcode/DerivedData/Mouse_Fix-bnijtbnbbtqglwclwfpwrxsqeaod/Build/Products/Debug/PackageFrameworks -F/Users/shawnrain/Library/Developer/Xcode/DerivedData/Mouse_Fix-bnijtbnbbtqglwclwfpwrxsqeaod/Build/Products/Debug/PackageFrameworks -F/Users/shawnrain/Library/Developer/Xcode/DerivedData/Mouse_Fix-bnijtbnbbtqglwclwfpwrxsqeaod/Build/Products/Debug/PackageFrameworks -F/Users/shawnrain/Library/Developer/Xcode/DerivedData/Mouse_Fix-bnijtbnbbtqglwclwfpwrxsqeaod/Build/Products/Debug -F/Applications/Xcode.app/Contents/Developer/Platforms/MacOSX.platform/Developer/SDKs/MacOSX.sdk/System/Library/Frameworks/ApplicationServices.framework/Frameworks -F/Users/shawnrain/Library/Mobile\ Documents/com\~apple\~CloudDocs/Shawn\ Rain/Vibe-Coding/MacMouseFix/Frameworks -iframework /System/Library/PrivateFrameworks -filelist /Users/shawnrain/Library/Developer/Xcode/DerivedData/Mouse_Fix-bnijtbnbbtqglwclwfpwrxsqeaod/Build/Intermediates.noindex/Mouse\ Fix.build/Debug/Mac\ Mouse\ Fix\ Helper.build/Objects-normal/arm64/Mac\ Mouse\ Fix\ Helper.LinkFileList -Xlinker -rpath -Xlinker /usr/lib/swift -Xlinker -rpath -Xlinker /Users/shawnrain/Library/Developer/Xcode/DerivedData/Mouse_Fix-bnijtbnbbtqglwclwfpwrxsqeaod/Build/Products/Debug/PackageFrameworks -Xlinker -rpath -Xlinker @executable_path/../Frameworks -Xlinker -dead_strip -Xlinker -object_path_lto -Xlinker /Users/shawnrain/Library/Developer/Xcode/DerivedData/Mouse_Fix-bnijtbnbbtqglwclwfpwrxsqeaod/Build/Intermediates.noindex/Mouse\ Fix.build/Debug/Mac\ Mouse\ Fix\ Helper.build/Objects-normal/arm64/Mac\ Mouse\ Fix\ Helper_lto.o -rdynamic -Xlinker -no_deduplicate -Xlinker -dependency_info -Xlinker /Users/shawnrain/Library/Developer/Xcode/DerivedData/Mouse_Fix-bnijtbnbbtqglwclwfpwrxsqeaod/Build/Intermediates.noindex/Mouse\ Fix.build/Debug/Mac\ Mouse\ Fix\ Helper.build/Objects-normal/arm64/Mac\ Mouse\ Fix\ Helper_dependency_info.dat -stdlib\=libc++ -fobjc-arc -fobjc-link-runtime -L/Applications/Xcode.app/Contents/Developer/Toolchains/XcodeDefault.xctoolchain/usr/lib/swift/macosx -L/usr/lib/swift -Xlinker -add_ast_path -Xlinker /Users/shawnrain/Library/Developer/Xcode/DerivedData/Mouse_Fix-bnijtbnbbtqglwclwfpwrxsqeaod/Build/Intermediates.noindex/Mouse\ Fix.build/Debug/Mac\ Mouse\ Fix\ Helper.build/Objects-normal/arm64/Mac_Mouse_Fix_Helper.swiftmodule @/Users/shawnrain/Library/Developer/Xcode/DerivedData/Mouse_Fix-bnijtbnbbtqglwclwfpwrxsqeaod/Build/Intermediates.noindex/Mouse\ Fix.build/Debug/Mac\ Mouse\ Fix\ Helper.build/Objects-normal/arm64/Mac_Mouse_Fix_Helper-linker-args.resp -Wl,-no_warn_duplicate_libraries -Wl,-no_warn_duplicate_libraries -Wl,-no_warn_duplicate_libraries -Wl,-no_warn_duplicate_libraries -Wl,-no_warn_duplicate_libraries -Wl,-no_warn_duplicate_libraries -lcmark -framework TextInput -framework SkyLight -Xlinker -no_adhoc_codesign -o /Users/shawnrain/Library/Developer/Xcode/DerivedData/Mouse_Fix-bnijtbnbbtqglwclwfpwrxsqeaod/Build/Products/Debug/Mac\ Mouse\ Fix\ Helper.app/Contents/MacOS/Mac\ Mouse\ Fix\ Helper -Xlinker -add_ast_path -Xlinker /Users/shawnrain/Library/Developer/Xcode/DerivedData/Mouse_Fix-bnijtbnbbtqglwclwfpwrxsqeaod/Build/Intermediates.noindex/ReactiveCocoa.build/Debug/ReactiveCocoa.build/Objects-normal/arm64/ReactiveCocoa.swiftmodule @/Users/shawnrain/Library/Developer/Xcode/DerivedData/Mouse_Fix-bnijtbnbbtqglwclwfpwrxsqeaod/Build/Intermediates.noindex/ReactiveCocoa.build/Debug/ReactiveCocoa.build/Objects-normal/arm64/ReactiveCocoa-linker-args.resp -Xlinker -add_ast_path -Xlinker /Users/shawnrain/Library/Developer/Xcode/DerivedData/Mouse_Fix-bnijtbnbbtqglwclwfpwrxsqeaod/Build/Intermediates.noindex/ReactiveSwift.build/Debug/ReactiveSwift.build/Objects-normal/arm64/ReactiveSwift.swiftmodule @/Users/shawnrain/Library/Developer/Xcode/DerivedData/Mouse_Fix-bnijtbnbbtqglwclwfpwrxsqeaod/Build/Intermediates.noindex/ReactiveSwift.build/Debug/ReactiveSwift.build/Objects-normal/arm64/ReactiveSwift-linker-args.resp -Xlinker -add_ast_path -Xlinker /Users/shawnrain/Library/Developer/Xcode/DerivedData/Mouse_Fix-bnijtbnbbtqglwclwfpwrxsqeaod/Build/Intermediates.noindex/CocoaLumberjack.build/Debug/CocoaLumberjackSwift.build/Objects-normal/arm64/CocoaLumberjackSwift.swiftmodule @/Users/shawnrain/Library/Developer/Xcode/DerivedData/Mouse_Fix-bnijtbnbbtqglwclwfpwrxsqeaod/Build/Intermediates.noindex/CocoaLumberjack.build/Debug/CocoaLumberjackSwift.build/Objects-normal/arm64/CocoaLumberjackSwift-linker-args.resp

ExtractAppIntentsMetadata (in target 'Mac Mouse Fix Helper' from project 'Mouse Fix')
    cd /Users/shawnrain/Library/Mobile\ Documents/com\~apple\~CloudDocs/Shawn\ Rain/Vibe-Coding/MacMouseFix
    /Applications/Xcode.app/Contents/Developer/Toolchains/XcodeDefault.xctoolchain/usr/bin/appintentsmetadataprocessor --toolchain-dir /Applications/Xcode.app/Contents/Developer/Toolchains/XcodeDefault.xctoolchain --module-name Mac_Mouse_Fix_Helper --sdk-root /Applications/Xcode.app/Contents/Developer/Platforms/MacOSX.platform/Developer/SDKs/MacOSX26.5.sdk --xcode-version 17F42 --platform-family macOS --deployment-target 15.0 --bundle-identifier com.nuebling.mac-mouse-fix.helper --output /Users/shawnrain/Library/Developer/Xcode/DerivedData/Mouse_Fix-bnijtbnbbtqglwclwfpwrxsqeaod/Build/Products/Debug/Mac\ Mouse\ Fix\ Helper.app/Contents/Resources --target-triple arm64-apple-macos15.0 --binary-file /Users/shawnrain/Library/Developer/Xcode/DerivedData/Mouse_Fix-bnijtbnbbtqglwclwfpwrxsqeaod/Build/Products/Debug/Mac\ Mouse\ Fix\ Helper.app/Contents/MacOS/Mac\ Mouse\ Fix\ Helper --dependency-file /Users/shawnrain/Library/Developer/Xcode/DerivedData/Mouse_Fix-bnijtbnbbtqglwclwfpwrxsqeaod/Build/Intermediates.noindex/Mouse\ Fix.build/Debug/Mac\ Mouse\ Fix\ Helper.build/Objects-normal/arm64/Mac\ Mouse\ Fix\ Helper_dependency_info.dat --stringsdata-file /Users/shawnrain/Library/Developer/Xcode/DerivedData/Mouse_Fix-bnijtbnbbtqglwclwfpwrxsqeaod/Build/Intermediates.noindex/Mouse\ Fix.build/Debug/Mac\ Mouse\ Fix\ Helper.build/Objects-normal/arm64/ExtractedAppShortcutsMetadata.stringsdata --source-file-list /Users/shawnrain/Library/Developer/Xcode/DerivedData/Mouse_Fix-bnijtbnbbtqglwclwfpwrxsqeaod/Build/Intermediates.noindex/Mouse\ Fix.build/Debug/Mac\ Mouse\ Fix\ Helper.build/Objects-normal/arm64/Mac\ Mouse\ Fix\ Helper.SwiftFileList --metadata-file-list /Users/shawnrain/Library/Developer/Xcode/DerivedData/Mouse_Fix-bnijtbnbbtqglwclwfpwrxsqeaod/Build/Intermediates.noindex/Mouse\ Fix.build/Debug/Mac\ Mouse\ Fix\ Helper.build/Mac\ Mouse\ Fix\ Helper.DependencyMetadataFileList --static-metadata-file-list /Users/shawnrain/Library/Developer/Xcode/DerivedData/Mouse_Fix-bnijtbnbbtqglwclwfpwrxsqeaod/Build/Intermediates.noindex/Mouse\ Fix.build/Debug/Mac\ Mouse\ Fix\ Helper.build/Mac\ Mouse\ Fix\ Helper.DependencyStaticMetadataFileList --swift-const-vals-list /Users/shawnrain/Library/Developer/Xcode/DerivedData/Mouse_Fix-bnijtbnbbtqglwclwfpwrxsqeaod/Build/Intermediates.noindex/Mouse\ Fix.build/Debug/Mac\ Mouse\ Fix\ Helper.build/Objects-normal/arm64/Mac\ Mouse\ Fix\ Helper.SwiftConstValuesFileList --compile-time-extraction --deployment-aware-processing --validate-assistant-intents --no-app-shortcuts-localization
2026-06-13 11:23:06.612 appintentsmetadataprocessor[72435:6509230] Starting appintentsmetadataprocessor export
2026-06-13 11:23:06.618 appintentsmetadataprocessor[72435:6509230] warning: Metadata extraction skipped. No AppIntents.framework dependency found.

CopySwiftLibs /Users/shawnrain/Library/Developer/Xcode/DerivedData/Mouse_Fix-bnijtbnbbtqglwclwfpwrxsqeaod/Build/Products/Debug/Mac\ Mouse\ Fix\ Helper.app (in target 'Mac Mouse Fix Helper' from project 'Mouse Fix')
    cd /Users/shawnrain/Library/Mobile\ Documents/com\~apple\~CloudDocs/Shawn\ Rain/Vibe-Coding/MacMouseFix
    builtin-swiftStdLibTool --copy --verbose --sign 7CA5277123CF08A4B9965DA463852FE0F2E43C42 --scan-executable /Users/shawnrain/Library/Developer/Xcode/DerivedData/Mouse_Fix-bnijtbnbbtqglwclwfpwrxsqeaod/Build/Products/Debug/Mac\ Mouse\ Fix\ Helper.app/Contents/MacOS/Mac\ Mouse\ Fix\ Helper --scan-folder /Users/shawnrain/Library/Developer/Xcode/DerivedData/Mouse_Fix-bnijtbnbbtqglwclwfpwrxsqeaod/Build/Products/Debug/Mac\ Mouse\ Fix\ Helper.app/Contents/Frameworks --scan-folder /Users/shawnrain/Library/Developer/Xcode/DerivedData/Mouse_Fix-bnijtbnbbtqglwclwfpwrxsqeaod/Build/Products/Debug/Mac\ Mouse\ Fix\ Helper.app/Contents/PlugIns --scan-folder /Users/shawnrain/Library/Developer/Xcode/DerivedData/Mouse_Fix-bnijtbnbbtqglwclwfpwrxsqeaod/Build/Products/Debug/Mac\ Mouse\ Fix\ Helper.app/Contents/Library/SystemExtensions --scan-folder /Users/shawnrain/Library/Developer/Xcode/DerivedData/Mouse_Fix-bnijtbnbbtqglwclwfpwrxsqeaod/Build/Products/Debug/Mac\ Mouse\ Fix\ Helper.app/Contents/Extensions --scan-folder /Users/shawnrain/Library/System/Library/PrivateFrameworks/TextInput.framework --scan-folder /Users/shawnrain/Library/System/Library/PrivateFrameworks/SkyLight.framework --platform macosx --toolchain /Applications/Xcode.app/Contents/Developer/Toolchains/XcodeDefault.xctoolchain --destination /Users/shawnrain/Library/Developer/Xcode/DerivedData/Mouse_Fix-bnijtbnbbtqglwclwfpwrxsqeaod/Build/Products/Debug/Mac\ Mouse\ Fix\ Helper.app/Contents/Frameworks --strip-bitcode --strip-bitcode-tool /Applications/Xcode.app/Contents/Developer/Toolchains/XcodeDefault.xctoolchain/usr/bin/bitcode_strip --emit-dependency-info /Users/shawnrain/Library/Developer/Xcode/DerivedData/Mouse_Fix-bnijtbnbbtqglwclwfpwrxsqeaod/Build/Intermediates.noindex/Mouse\ Fix.build/Debug/Mac\ Mouse\ Fix\ Helper.build/SwiftStdLibToolInputDependencies.dep --filter-for-swift-os --back-deploy-swift-span

ProcessInfoPlistFile /Users/shawnrain/Library/Developer/Xcode/DerivedData/Mouse_Fix-bnijtbnbbtqglwclwfpwrxsqeaod/Build/Products/Debug/Mac\ Mouse\ Fix\ Helper.app/Contents/Info.plist /Users/shawnrain/Library/Mobile\ Documents/com~apple~CloudDocs/Shawn\ Rain/Vibe-Coding/MacMouseFix/Helper/SupportFiles/Info.plist (in target 'Mac Mouse Fix Helper' from project 'Mouse Fix')
    cd /Users/shawnrain/Library/Mobile\ Documents/com\~apple\~CloudDocs/Shawn\ Rain/Vibe-Coding/MacMouseFix
    builtin-infoPlistUtility /Users/shawnrain/Library/Mobile\ Documents/com\~apple\~CloudDocs/Shawn\ Rain/Vibe-Coding/MacMouseFix/Helper/SupportFiles/Info.plist -producttype com.apple.product-type.application -genpkginfo /Users/shawnrain/Library/Developer/Xcode/DerivedData/Mouse_Fix-bnijtbnbbtqglwclwfpwrxsqeaod/Build/Products/Debug/Mac\ Mouse\ Fix\ Helper.app/Contents/PkgInfo -expandbuildsettings -platform macosx -additionalcontentfile /Users/shawnrain/Library/Developer/Xcode/DerivedData/Mouse_Fix-bnijtbnbbtqglwclwfpwrxsqeaod/Build/Intermediates.noindex/Mouse\ Fix.build/Debug/Mac\ Mouse\ Fix\ Helper.build/TrialNotificationController-PartialInfo.plist -additionalcontentfile /Users/shawnrain/Library/Developer/Xcode/DerivedData/Mouse_Fix-bnijtbnbbtqglwclwfpwrxsqeaod/Build/Intermediates.noindex/Mouse\ Fix.build/Debug/Mac\ Mouse\ Fix\ Helper.build/Base.lproj/MenuBarItem-PartialInfo.plist -additionalcontentfile /Users/shawnrain/Library/Developer/Xcode/DerivedData/Mouse_Fix-bnijtbnbbtqglwclwfpwrxsqeaod/Build/Intermediates.noindex/Mouse\ Fix.build/Debug/Mac\ Mouse\ Fix\ Helper.build/MainMenu-PartialInfo.plist -additionalcontentfile /Users/shawnrain/Library/Developer/Xcode/DerivedData/Mouse_Fix-bnijtbnbbtqglwclwfpwrxsqeaod/Build/Intermediates.noindex/Mouse\ Fix.build/Debug/Mac\ Mouse\ Fix\ Helper.build/assetcatalog_generated_info.plist -scanforprivacyfile /Users/shawnrain/Library/Developer/Xcode/DerivedData/Mouse_Fix-bnijtbnbbtqglwclwfpwrxsqeaod/Build/Products/Debug/Mac\ Mouse\ Fix\ Helper.app/Contents/Resources/CocoaLumberjack_CocoaLumberjack.bundle -o /Users/shawnrain/Library/Developer/Xcode/DerivedData/Mouse_Fix-bnijtbnbbtqglwclwfpwrxsqeaod/Build/Products/Debug/Mac\ Mouse\ Fix\ Helper.app/Contents/Info.plist

CodeSign /Users/shawnrain/Library/Developer/Xcode/DerivedData/Mouse_Fix-bnijtbnbbtqglwclwfpwrxsqeaod/Build/Products/Debug/Mac\ Mouse\ Fix\ Helper.app (in target 'Mac Mouse Fix Helper' from project 'Mouse Fix')
    cd /Users/shawnrain/Library/Mobile\ Documents/com\~apple\~CloudDocs/Shawn\ Rain/Vibe-Coding/MacMouseFix
    
    Signing Identity:     "Apple Development: shawnrain@foxmail.com (ZQG28N5AK8)"
    
    /usr/bin/codesign --force --sign 7CA5277123CF08A4B9965DA463852FE0F2E43C42 -o runtime --entitlements /Users/shawnrain/Library/Developer/Xcode/DerivedData/Mouse_Fix-bnijtbnbbtqglwclwfpwrxsqeaod/Build/Intermediates.noindex/Mouse\ Fix.build/Debug/Mac\ Mouse\ Fix\ Helper.build/Mac\ Mouse\ Fix\ Helper.app.xcent --timestamp\=none --generate-entitlement-der /Users/shawnrain/Library/Developer/Xcode/DerivedData/Mouse_Fix-bnijtbnbbtqglwclwfpwrxsqeaod/Build/Products/Debug/Mac\ Mouse\ Fix\ Helper.app

Validate /Users/shawnrain/Library/Developer/Xcode/DerivedData/Mouse_Fix-bnijtbnbbtqglwclwfpwrxsqeaod/Build/Products/Debug/Mac\ Mouse\ Fix\ Helper.app (in target 'Mac Mouse Fix Helper' from project 'Mouse Fix')
    cd /Users/shawnrain/Library/Mobile\ Documents/com\~apple\~CloudDocs/Shawn\ Rain/Vibe-Coding/MacMouseFix
    builtin-validationUtility /Users/shawnrain/Library/Developer/Xcode/DerivedData/Mouse_Fix-bnijtbnbbtqglwclwfpwrxsqeaod/Build/Products/Debug/Mac\ Mouse\ Fix\ Helper.app -no-validate-extension -infoplist-subpath Contents/Info.plist

RegisterWithLaunchServices /Users/shawnrain/Library/Developer/Xcode/DerivedData/Mouse_Fix-bnijtbnbbtqglwclwfpwrxsqeaod/Build/Products/Debug/Mac\ Mouse\ Fix\ Helper.app (in target 'Mac Mouse Fix Helper' from project 'Mouse Fix')
    cd /Users/shawnrain/Library/Mobile\ Documents/com\~apple\~CloudDocs/Shawn\ Rain/Vibe-Coding/MacMouseFix
    /System/Library/Frameworks/CoreServices.framework/Versions/Current/Frameworks/LaunchServices.framework/Versions/Current/Support/lsregister -f -R -trusted /Users/shawnrain/Library/Developer/Xcode/DerivedData/Mouse_Fix-bnijtbnbbtqglwclwfpwrxsqeaod/Build/Products/Debug/Mac\ Mouse\ Fix\ Helper.app

note: Run script build phase 'Increment Build Number' will be run during every build because the option to run the script phase "Based on dependency analysis" is unchecked. (in target 'Mac Mouse Fix' from project 'Mouse Fix')
PhaseScriptExecution Increment\ Build\ Number /Users/shawnrain/Library/Developer/Xcode/DerivedData/Mouse_Fix-bnijtbnbbtqglwclwfpwrxsqeaod/Build/Intermediates.noindex/Mouse\ Fix.build/Debug/Mac\ Mouse\ Fix.build/Script-4F94F75125E614D500D9F24A.sh (in target 'Mac Mouse Fix' from project 'Mouse Fix')
    cd /Users/shawnrain/Library/Mobile\ Documents/com\~apple\~CloudDocs/Shawn\ Rain/Vibe-Coding/MacMouseFix
    export ACTION\=build
    export AD_HOC_CODE_SIGNING_ALLOWED\=YES
    export AGGREGATE_TRACKED_DOMAINS\=YES
    export ALLOW_BUILD_REQUEST_OVERRIDES\=NO
    export ALLOW_TARGET_PLATFORM_SPECIALIZATION\=NO
    export ALTERNATE_GROUP\=staff
    export ALTERNATE_MODE\=u+w,go-w,a+rX
    export ALTERNATE_OWNER\=shawnrain
    export ALTERNATIVE_DISTRIBUTION_WEB\=NO
    export ALWAYS_EMBED_SWIFT_STANDARD_LIBRARIES\=NO
    export ALWAYS_SEARCH_USER_PATHS\=NO
    export ALWAYS_USE_SEPARATE_HEADERMAPS\=NO
    export APPLICATION_EXTENSION_API_ONLY\=NO
    export APPLY_RULES_IN_COPY_FILES\=NO
    export APPLY_RULES_IN_COPY_HEADERS\=NO
    export APP_SHORTCUTS_ENABLE_FLEXIBLE_MATCHING\=YES
    export ARCHS\=arm64
    export ARCHS_BASE\=arm64
    export ARCHS_STANDARD\=arm64\ x86_64
    export ARCHS_STANDARD_32_64_BIT\=arm64\ x86_64\ i386
    export ARCHS_STANDARD_32_BIT\=i386
    export ARCHS_STANDARD_64_BIT\=arm64\ x86_64
    export ARCHS_STANDARD_INCLUDING_64_BIT\=arm64\ x86_64
    export ASSETCATALOG_COMPILER_APPICON_NAME\=AppIcon
    export ASSETCATALOG_COMPILER_GLOBAL_ACCENT_COLOR_NAME\=AccentColor
    export AUTOMATICALLY_MERGE_DEPENDENCIES\=NO
    export AUTOMATION_APPLE_EVENTS\=NO
    export AVAILABLE_PLATFORMS\=android\ appletvos\ appletvsimulator\ driverkit\ freebsd\ iphoneos\ iphonesimulator\ linux\ macosx\ none\ openbsd\ qnx\ watchos\ watchsimulator\ webassembly\ xros\ xrsimulator
    export AppIdentifierPrefix\=A4P8NY6A4J.
    export BUILD_ACTIVE_RESOURCES_ONLY\=NO
    export BUILD_COMPONENTS\=headers\ build
    export BUILD_DIR\=/Users/shawnrain/Library/Developer/Xcode/DerivedData/Mouse_Fix-bnijtbnbbtqglwclwfpwrxsqeaod/Build/Products
    export BUILD_LIBRARY_FOR_DISTRIBUTION\=NO
    export BUILD_ONLY_KNOWN_LOCALIZATIONS\=NO
    export BUILD_ROOT\=/Users/shawnrain/Library/Developer/Xcode/DerivedData/Mouse_Fix-bnijtbnbbtqglwclwfpwrxsqeaod/Build/Products
    export BUILD_STYLE\=
    export BUILD_VARIANTS\=normal
    export BUILT_PRODUCTS_DIR\=/Users/shawnrain/Library/Developer/Xcode/DerivedData/Mouse_Fix-bnijtbnbbtqglwclwfpwrxsqeaod/Build/Products/Debug
    export BUNDLE_CONTENTS_FOLDER_PATH\=Contents/
    export BUNDLE_CONTENTS_FOLDER_PATH_deep\=Contents/
    export BUNDLE_EXECUTABLE_FOLDER_NAME_deep\=MacOS
    export BUNDLE_EXECUTABLE_FOLDER_PATH\=Contents/MacOS
    export BUNDLE_EXTENSIONS_FOLDER_PATH\=Contents/Extensions
    export BUNDLE_FORMAT\=deep
    export BUNDLE_FRAMEWORKS_FOLDER_PATH\=Contents/Frameworks
    export BUNDLE_PLUGINS_FOLDER_PATH\=Contents/PlugIns
    export BUNDLE_PRIVATE_HEADERS_FOLDER_PATH\=Contents/PrivateHeaders
    export BUNDLE_PUBLIC_HEADERS_FOLDER_PATH\=Contents/Headers
    export CACHE_ROOT\=/var/folders/_8/1v69jn3n5yz8qghyzvch060c0000gn/C/com.apple.DeveloperTools/26.5-17F42/Xcode
    export CCHROOT\=/var/folders/_8/1v69jn3n5yz8qghyzvch060c0000gn/C/com.apple.DeveloperTools/26.5-17F42/Xcode
    export CHMOD\=/bin/chmod
    export CHOWN\=chown
    export CLANG_ALLOW_NON_MODULAR_INCLUDES_IN_FRAMEWORK_MODULES\=NO
    export CLANG_ANALYZER_LOCALIZABILITY_EMPTY_CONTEXT\=YES
    export CLANG_ANALYZER_LOCALIZABILITY_NONLOCALIZED\=YES
    export CLANG_ANALYZER_NONNULL\=YES
    export CLANG_ANALYZER_NUMBER_OBJECT_CONVERSION\=YES_AGGRESSIVE
    export CLANG_CACHE_FINE_GRAINED_OUTPUTS\=YES
    export CLANG_CXX_LANGUAGE_STANDARD\=gnu++14
    export CLANG_CXX_LIBRARY\=libc++
    export CLANG_ENABLE_EXPLICIT_MODULES\=YES
    export CLANG_ENABLE_MODULES\=YES
    export CLANG_ENABLE_OBJC_ARC\=YES
    export CLANG_ENABLE_OBJC_WEAK\=YES
    export CLANG_MODULES_BUILD_SESSION_FILE\=/Users/shawnrain/Library/Developer/Xcode/DerivedData/ModuleCache.noindex/Session.modulevalidation
    export CLANG_UNDEFINED_BEHAVIOR_SANITIZER_NULLABILITY\=YES
    export CLANG_WARN_BLOCK_CAPTURE_AUTORELEASING\=YES
    export CLANG_WARN_BOOL_CONVERSION\=YES
    export CLANG_WARN_COMMA\=YES
    export CLANG_WARN_CONSTANT_CONVERSION\=YES
    export CLANG_WARN_DEPRECATED_OBJC_IMPLEMENTATIONS\=YES
    export CLANG_WARN_DIRECT_OBJC_ISA_USAGE\=YES_ERROR
    export CLANG_WARN_DOCUMENTATION_COMMENTS\=YES
    export CLANG_WARN_EMPTY_BODY\=YES
    export CLANG_WARN_ENUM_CONVERSION\=YES
    export CLANG_WARN_INFINITE_RECURSION\=YES
    export CLANG_WARN_INT_CONVERSION\=YES
    export CLANG_WARN_NON_LITERAL_NULL_CONVERSION\=YES
    export CLANG_WARN_OBJC_IMPLICIT_RETAIN_SELF\=YES
    export CLANG_WARN_OBJC_LITERAL_CONVERSION\=YES
    export CLANG_WARN_OBJC_REPEATED_USE_OF_WEAK\=YES
    export CLANG_WARN_OBJC_ROOT_CLASS\=YES_ERROR
    export CLANG_WARN_QUOTED_INCLUDE_IN_FRAMEWORK_HEADER\=NO
    export CLANG_WARN_RANGE_LOOP_ANALYSIS\=YES
    export CLANG_WARN_STRICT_PROTOTYPES\=YES
    export CLANG_WARN_SUSPICIOUS_MOVE\=YES
    export CLANG_WARN_UNGUARDED_AVAILABILITY\=YES_AGGRESSIVE
    export CLANG_WARN_UNREACHABLE_CODE\=YES
    export CLANG_WARN__DUPLICATE_METHOD_MATCH\=YES
    export CLASS_FILE_DIR\=/Users/shawnrain/Library/Developer/Xcode/DerivedData/Mouse_Fix-bnijtbnbbtqglwclwfpwrxsqeaod/Build/Intermediates.noindex/Mouse\ Fix.build/Debug/Mac\ Mouse\ Fix.build/JavaClasses
    export CLEAN_PRECOMPS\=YES
    export CLONE_HEADERS\=NO
    export CODESIGNING_FOLDER_PATH\=/Users/shawnrain/Library/Developer/Xcode/DerivedData/Mouse_Fix-bnijtbnbbtqglwclwfpwrxsqeaod/Build/Products/Debug/Mac\ Mouse\ Fix.app
    export CODE_SIGNING_ALLOWED\=YES
    export CODE_SIGNING_REQUIRED\=YES
    export CODE_SIGN_ENTITLEMENTS\=App/SupportFiles/App.entitlements
    export CODE_SIGN_IDENTITY\=Apple\ Development
    export CODE_SIGN_IDENTITY_NO\=Apple\ Development
    export CODE_SIGN_IDENTITY_YES\=-
    export CODE_SIGN_INJECT_BASE_ENTITLEMENTS\=YES
    export CODE_SIGN_STYLE\=Automatic
    export COLOR_DIAGNOSTICS\=NO
    export COMBINE_HIDPI_IMAGES\=YES
    export COMPILATION_CACHE_CAS_PATH\=/Users/shawnrain/Library/Developer/Xcode/DerivedData/CompilationCache.noindex
    export COMPILATION_CACHE_KEEP_CAS_DIRECTORY\=YES
    export COMPILER_INDEX_STORE_ENABLE\=Default
    export COMPOSITE_SDK_DIRS\=/Users/shawnrain/Library/Developer/Xcode/DerivedData/Mouse_Fix-bnijtbnbbtqglwclwfpwrxsqeaod/Build/Intermediates.noindex/CompositeSDKs
    export COMPRESS_PNG_FILES\=NO
    export CONFIGURATION\=Debug
    export CONFIGURATION_BUILD_DIR\=/Users/shawnrain/Library/Developer/Xcode/DerivedData/Mouse_Fix-bnijtbnbbtqglwclwfpwrxsqeaod/Build/Products/Debug
    export CONFIGURATION_TEMP_DIR\=/Users/shawnrain/Library/Developer/Xcode/DerivedData/Mouse_Fix-bnijtbnbbtqglwclwfpwrxsqeaod/Build/Intermediates.noindex/Mouse\ Fix.build/Debug
    export CONTENTS_FOLDER_PATH\=Mac\ Mouse\ Fix.app/Contents
    export CONTENTS_FOLDER_PATH_SHALLOW_BUNDLE_NO\=Mac\ Mouse\ Fix.app/Contents
    export CONTENTS_FOLDER_PATH_SHALLOW_BUNDLE_YES\=Mac\ Mouse\ Fix.app
    export COPYING_PRESERVES_HFS_DATA\=NO
    export COPY_HEADERS_RUN_UNIFDEF\=NO
    export COPY_PHASE_STRIP\=NO
    export CP\=/bin/cp
    export CREATE_INFOPLIST_SECTION_IN_BINARY\=NO
    export CURRENT_ARCH\=undefined_arch
    export CURRENT_VARIANT\=normal
    export DEAD_CODE_STRIPPING\=YES
    export DEBUGGING_SYMBOLS\=YES
    export DEBUG_INFORMATION_FORMAT\=dwarf
    export DEBUG_INFORMATION_VERSION\=compiler-default
    export DEFAULT_COMPILER\=com.apple.compilers.llvm.clang.1_0
    export DEFAULT_DEXT_INSTALL_PATH\=/System/Library/DriverExtensions
    export DEFAULT_KEXT_INSTALL_PATH\=/System/Library/Extensions
    export DEFINES_MODULE\=YES
    export DEPLOYMENT_LOCATION\=NO
    export DEPLOYMENT_POSTPROCESSING\=NO
    export DEPLOYMENT_TARGET_SETTING_NAME\=MACOSX_DEPLOYMENT_TARGET
    export DEPLOYMENT_TARGET_SUGGESTED_VALUES\=10.13\ 10.14\ 10.15\ 11.0\ 11.1\ 11.2\ 11.3\ 11.4\ 11.5\ 12.0\ 12.2\ 12.3\ 12.4\ 13.0\ 13.1\ 13.2\ 13.3\ 13.4\ 13.5\ 14.0\ 14.1\ 14.2\ 14.3\ 14.4\ 14.5\ 14.6\ 15.0\ 15.1\ 15.2\ 15.3\ 15.4\ 15.5\ 15.6\ 26.0\ 26.1\ 26.2\ 26.3\ 26.4\ 26.5
    export DERIVED_FILES_DIR\=/Users/shawnrain/Library/Developer/Xcode/DerivedData/Mouse_Fix-bnijtbnbbtqglwclwfpwrxsqeaod/Build/Intermediates.noindex/Mouse\ Fix.build/Debug/Mac\ Mouse\ Fix.build/DerivedSources
    export DERIVED_FILE_DIR\=/Users/shawnrain/Library/Developer/Xcode/DerivedData/Mouse_Fix-bnijtbnbbtqglwclwfpwrxsqeaod/Build/Intermediates.noindex/Mouse\ Fix.build/Debug/Mac\ Mouse\ Fix.build/DerivedSources
    export DERIVED_SOURCES_DIR\=/Users/shawnrain/Library/Developer/Xcode/DerivedData/Mouse_Fix-bnijtbnbbtqglwclwfpwrxsqeaod/Build/Intermediates.noindex/Mouse\ Fix.build/Debug/Mac\ Mouse\ Fix.build/DerivedSources
    export DEVELOPER_APPLICATIONS_DIR\=/Applications/Xcode.app/Contents/Developer/Applications
    export DEVELOPER_BIN_DIR\=/Applications/Xcode.app/Contents/Developer/usr/bin
    export DEVELOPER_DIR\=/Applications/Xcode.app/Contents/Developer
    export DEVELOPER_FRAMEWORKS_DIR\=/Applications/Xcode.app/Contents/Developer/Library/Frameworks
    export DEVELOPER_FRAMEWORKS_DIR_QUOTED\=/Applications/Xcode.app/Contents/Developer/Library/Frameworks
    export DEVELOPER_LIBRARY_DIR\=/Applications/Xcode.app/Contents/Developer/Library
    export DEVELOPER_SDK_DIR\=/Applications/Xcode.app/Contents/Developer/Platforms/MacOSX.platform/Developer/SDKs
    export DEVELOPER_TOOLS_DIR\=/Applications/Xcode.app/Contents/Developer/Tools
    export DEVELOPER_USR_DIR\=/Applications/Xcode.app/Contents/Developer/usr
    export DEVELOPMENT_LANGUAGE\=en
    export DEVELOPMENT_TEAM\=A4P8NY6A4J
    export DIAGNOSE_MISSING_TARGET_DEPENDENCIES\=YES
    export DIFF\=/usr/bin/diff
    export DOCUMENTATION_FOLDER_PATH\=Mac\ Mouse\ Fix.app/Contents/Resources/en.lproj/Documentation
    export DONT_GENERATE_INFOPLIST_FILE\=NO
    export DSTROOT\=/tmp/Mouse\ Fix.dst
    export DT_TOOLCHAIN_DIR\=/Applications/Xcode.app/Contents/Developer/Toolchains/XcodeDefault.xctoolchain
    export DUMP_DEPENDENCIES\=NO
    export DUMP_DEPENDENCIES_OUTPUT_PATH\=/Users/shawnrain/Library/Developer/Xcode/DerivedData/Mouse_Fix-bnijtbnbbtqglwclwfpwrxsqeaod/Build/Intermediates.noindex/Mouse\ Fix.build/Debug/Mac\ Mouse\ Fix.build/Mac\ Mouse\ Fix-BuildDependencyInfo.json
    export DWARF_DSYM_FILE_NAME\=Mac\ Mouse\ Fix.app.dSYM
    export DWARF_DSYM_FILE_SHOULD_ACCOMPANY_PRODUCT\=NO
    export DWARF_DSYM_FOLDER_PATH\=/Users/shawnrain/Library/Developer/Xcode/DerivedData/Mouse_Fix-bnijtbnbbtqglwclwfpwrxsqeaod/Build/Products/Debug
    export DYNAMIC_LIBRARY_EXTENSION\=dylib
    export EAGER_COMPILATION_ALLOW_SCRIPTS\=NO
    export EAGER_LINKING\=NO
    export EFFECTIVE_SWIFT_VERSION\=5
    export EMBEDDED_CONTENT_CONTAINS_SWIFT\=NO
    export EMBEDDED_PROFILE_NAME\=embedded.provisionprofile
    export EMBED_ASSET_PACKS_IN_PRODUCT_BUNDLE\=NO
    export EMBED_PACKAGE_RESOURCE_BUNDLE_NAMES\=\ CocoaLumberjack_CocoaLumberjack
    export ENABLE_APP_SANDBOX\=NO
    export ENABLE_CODE_COVERAGE\=YES
    export ENABLE_COHORT_ARCHS\=NO
    export ENABLE_CPLUSPLUS_BOUNDS_SAFE_BUFFERS\=NO
    export ENABLE_C_BOUNDS_SAFETY\=NO
    export ENABLE_DEBUG_DYLIB\=NO
    export ENABLE_DEFAULT_HEADER_SEARCH_PATHS\=YES
    export ENABLE_DEFAULT_SEARCH_PATHS\=YES
    export ENABLE_ENHANCED_SECURITY\=NO
    export ENABLE_HARDENED_RUNTIME\=YES
    export ENABLE_HEADER_DEPENDENCIES\=YES
    export ENABLE_INCOMING_NETWORK_CONNECTIONS\=NO
    export ENABLE_ON_DEMAND_RESOURCES\=NO
    export ENABLE_OUTGOING_NETWORK_CONNECTIONS\=NO
    export ENABLE_POINTER_AUTHENTICATION\=NO
    export ENABLE_PREVIEWS\=NO
    export ENABLE_RESOURCE_ACCESS_AUDIO_INPUT\=NO
    export ENABLE_RESOURCE_ACCESS_BLUETOOTH\=NO
    export ENABLE_RESOURCE_ACCESS_CALENDARS\=NO
    export ENABLE_RESOURCE_ACCESS_CAMERA\=NO
    export ENABLE_RESOURCE_ACCESS_CONTACTS\=NO
    export ENABLE_RESOURCE_ACCESS_LOCATION\=NO
    export ENABLE_RESOURCE_ACCESS_PHOTO_LIBRARY\=NO
    export ENABLE_RESOURCE_ACCESS_PRINTING\=NO
    export ENABLE_RESOURCE_ACCESS_USB\=NO
    export ENABLE_SDK_IMPORTS\=NO
    export ENABLE_SECURITY_COMPILER_WARNINGS\=NO
    export ENABLE_STRICT_OBJC_MSGSEND\=YES
    export ENABLE_TESTABILITY\=YES
    export ENABLE_TESTING_SEARCH_PATHS\=NO
    export ENABLE_USER_SCRIPT_SANDBOXING\=NO
    export ENABLE_XOJIT_PREVIEWS\=YES
    export ENFORCE_VALID_ARCHS\=YES
    export ENTITLEMENTS_ALLOWED\=YES
    export ENTITLEMENTS_DESTINATION\=Signature
    export ENTITLEMENTS_REQUIRED\=NO
    export EXCLUDED_INSTALLSRC_SUBDIRECTORY_PATTERNS\=.DS_Store\ .svn\ .git\ .hg\ CVS
    export EXCLUDED_RECURSIVE_SEARCH_PATH_SUBDIRECTORIES\=\*.nib\ \*.lproj\ \*.framework\ \*.gch\ \*.xcode\*\ \*.xcassets\ \*.icon\ \(\*\)\ .DS_Store\ CVS\ .svn\ .git\ .hg\ \*.pbproj\ \*.pbxproj
    export EXCLUDED_SOURCE_FILE_NAMES\=\*_old_\*
    export EXECUTABLES_FOLDER_PATH\=Mac\ Mouse\ Fix.app/Contents/Executables
    export EXECUTABLE_FOLDER_PATH\=Mac\ Mouse\ Fix.app/Contents/MacOS
    export EXECUTABLE_FOLDER_PATH_SHALLOW_BUNDLE_NO\=Mac\ Mouse\ Fix.app/Contents/MacOS
    export EXECUTABLE_FOLDER_PATH_SHALLOW_BUNDLE_YES\=Mac\ Mouse\ Fix.app/Contents
    export EXECUTABLE_NAME\=Mac\ Mouse\ Fix
    export EXECUTABLE_PATH\=Mac\ Mouse\ Fix.app/Contents/MacOS/Mac\ Mouse\ Fix
    export EXPANDED_CODE_SIGN_IDENTITY\=7CA5277123CF08A4B9965DA463852FE0F2E43C42
    export EXPANDED_CODE_SIGN_IDENTITY_NAME\=Apple\ Development:\ shawnrain@foxmail.com\ \(ZQG28N5AK8\)
    export EXTENSIONS_FOLDER_PATH\=Mac\ Mouse\ Fix.app/Contents/Extensions
    export FILE_LIST\=/Users/shawnrain/Library/Developer/Xcode/DerivedData/Mouse_Fix-bnijtbnbbtqglwclwfpwrxsqeaod/Build/Intermediates.noindex/Mouse\ Fix.build/Debug/Mac\ Mouse\ Fix.build/Objects/LinkFileList
    export FIXED_FILES_DIR\=/Users/shawnrain/Library/Developer/Xcode/DerivedData/Mouse_Fix-bnijtbnbbtqglwclwfpwrxsqeaod/Build/Intermediates.noindex/Mouse\ Fix.build/Debug/Mac\ Mouse\ Fix.build/FixedFiles
    export FRAMEWORKS_FOLDER_PATH\=Mac\ Mouse\ Fix.app/Contents/Frameworks
    export FRAMEWORK_FLAG_PREFIX\=-framework
    export FRAMEWORK_SEARCH_PATHS\=/Users/shawnrain/Library/Developer/Xcode/DerivedData/Mouse_Fix-bnijtbnbbtqglwclwfpwrxsqeaod/Build/Products/Debug/PackageFrameworks\ /Users/shawnrain/Library/Developer/Xcode/DerivedData/Mouse_Fix-bnijtbnbbtqglwclwfpwrxsqeaod/Build/Products/Debug/PackageFrameworks\ /Users/shawnrain/Library/Developer/Xcode/DerivedData/Mouse_Fix-bnijtbnbbtqglwclwfpwrxsqeaod/Build/Products/Debug/PackageFrameworks\ /Users/shawnrain/Library/Developer/Xcode/DerivedData/Mouse_Fix-bnijtbnbbtqglwclwfpwrxsqeaod/Build/Products/Debug/PackageFrameworks\ /Users/shawnrain/Library/Developer/Xcode/DerivedData/Mouse_Fix-bnijtbnbbtqglwclwfpwrxsqeaod/Build/Products/Debug/PackageFrameworks\ /Users/shawnrain/Library/Developer/Xcode/DerivedData/Mouse_Fix-bnijtbnbbtqglwclwfpwrxsqeaod/Build/Products/Debug/PackageFrameworks\ /Users/shawnrain/Library/Developer/Xcode/DerivedData/Mouse_Fix-bnijtbnbbtqglwclwfpwrxsqeaod/Build/Products/Debug\ \ /Users/shawnrain/Library/Mobile\ Documents/com\~apple\~CloudDocs/Shawn\ Rain/Vibe-Coding/MacMouseFix/Frameworks
    export FRAMEWORK_VERSION\=A
    export FULL_PRODUCT_NAME\=Mac\ Mouse\ Fix.app
    export FUSE_BUILD_PHASES\=YES
    export FUSE_BUILD_SCRIPT_PHASES\=NO
    export GCC3_VERSION\=3.3
    export GCC_C_LANGUAGE_STANDARD\=gnu11
    export GCC_DYNAMIC_NO_PIC\=NO
    export GCC_INLINES_ARE_PRIVATE_EXTERN\=YES
    export GCC_NO_COMMON_BLOCKS\=YES
    export GCC_OPTIMIZATION_LEVEL\=0
    export GCC_PFE_FILE_C_DIALECTS\=c\ objective-c\ c++\ objective-c++
    export GCC_PRECOMPILE_PREFIX_HEADER\=YES
    export GCC_PREPROCESSOR_DEFINITIONS\=\ DEBUG\=1\ IS_MAIN_APP\=1
    export GCC_SYMBOLS_PRIVATE_EXTERN\=NO
    export GCC_TREAT_WARNINGS_AS_ERRORS\=NO
    export GCC_VERSION\=com.apple.compilers.llvm.clang.1_0
    export GCC_VERSION_IDENTIFIER\=com_apple_compilers_llvm_clang_1_0
    export GCC_WARN_64_TO_32_BIT_CONVERSION\=YES
    export GCC_WARN_ABOUT_RETURN_TYPE\=YES_ERROR
    export GCC_WARN_UNDECLARED_SELECTOR\=YES
    export GCC_WARN_UNINITIALIZED_AUTOS\=YES_AGGRESSIVE
    export GCC_WARN_UNUSED_FUNCTION\=YES
    export GCC_WARN_UNUSED_VARIABLE\=YES
    export GENERATED_MODULEMAP_DIR\=/Users/shawnrain/Library/Developer/Xcode/DerivedData/Mouse_Fix-bnijtbnbbtqglwclwfpwrxsqeaod/Build/Intermediates.noindex/GeneratedModuleMaps
    export GENERATE_INFOPLIST_FILE\=NO
    export GENERATE_INTERMEDIATE_TEXT_BASED_STUBS\=YES
    export GENERATE_PKGINFO_FILE\=YES
    export GENERATE_PRELINK_OBJECT_FILE\=NO
    export GENERATE_PROFILING_CODE\=NO
    export GENERATE_TEXT_BASED_STUBS\=NO
    export GID\=20
    export GROUP\=staff
    export HEADERMAP_INCLUDES_FLAT_ENTRIES_FOR_TARGET_BEING_BUILT\=YES
    export HEADERMAP_INCLUDES_FRAMEWORK_ENTRIES_FOR_ALL_PRODUCT_TYPES\=YES
    export HEADERMAP_INCLUDES_FRAMEWORK_ENTRIES_FOR_TARGETS_NOT_BEING_BUILT\=YES
    export HEADERMAP_INCLUDES_NONPUBLIC_NONPRIVATE_HEADERS\=YES
    export HEADERMAP_INCLUDES_PROJECT_HEADERS\=YES
    export HEADERMAP_USES_FRAMEWORK_PREFIX_ENTRIES\=YES
    export HEADERMAP_USES_VFS\=YES
    export HEADER_SEARCH_PATHS\=/Users/shawnrain/Library/Developer/Xcode/DerivedData/Mouse_Fix-bnijtbnbbtqglwclwfpwrxsqeaod/SourcePackages/checkouts/ReactiveCocoa/ReactiveCocoaObjC/include\ /Users/shawnrain/Library/Developer/Xcode/DerivedData/Mouse_Fix-bnijtbnbbtqglwclwfpwrxsqeaod/SourcePackages/checkouts/CocoaLumberjack/Sources/CocoaLumberjackSwiftSupport/include\ /Users/shawnrain/Library/Developer/Xcode/DerivedData/Mouse_Fix-bnijtbnbbtqglwclwfpwrxsqeaod/SourcePackages/checkouts/CocoaLumberjack/Sources/CocoaLumberjack/include\ /Users/shawnrain/Library/Developer/Xcode/DerivedData/Mouse_Fix-bnijtbnbbtqglwclwfpwrxsqeaod/Build/Products/Debug/include\ 
    export HOME\=/Users/shawnrain
    export HOST_ARCH\=arm64
    export HOST_PLATFORM\=macosx
    export ICONV\=/usr/bin/iconv
    export IMPLICIT_DEPENDENCY_DOMAIN\=default
    export INDEX_STORE_COMPRESS\=NO
    export INDEX_STORE_ONLY_PROJECT_FILES\=NO
    export INFOPLIST_ENABLE_CFBUNDLEICONS_MERGE\=YES
    export INFOPLIST_EXPAND_BUILD_SETTINGS\=YES
    export INFOPLIST_FILE\=App/SupportFiles/Info.plist
    export INFOPLIST_FILE_HELPER\=Helper/SupportFiles/Info.plist
    export INFOPLIST_FILE_MAINAPP\=App/SupportFiles/Info.plist
    export INFOPLIST_KEY_LSApplicationCategoryType\=public.app-category.utilities
    export INFOPLIST_OUTPUT_FORMAT\=same-as-input
    export INFOPLIST_PATH\=Mac\ Mouse\ Fix.app/Contents/Info.plist
    export INFOPLIST_PREPROCESS\=NO
    export INFOSTRINGS_PATH\=Mac\ Mouse\ Fix.app/Contents/Resources/en.lproj/InfoPlist.strings
    export INLINE_PRIVATE_FRAMEWORKS\=NO
    export INSTALLAPI_IGNORE_SKIP_INSTALL\=YES
    export INSTALLHDRS_COPY_PHASE\=NO
    export INSTALLHDRS_SCRIPT_PHASE\=NO
    export INSTALL_DIR\=/tmp/Mouse\ Fix.dst/Applications
    export INSTALL_GROUP\=staff
    export INSTALL_MODE_FLAG\=u+w,go-w,a+rX
    export INSTALL_OWNER\=shawnrain
    export INSTALL_PATH\=/Applications
    export INSTALL_ROOT\=/tmp/Mouse\ Fix.dst
    export IOS_UNZIPPERED_TWIN_PREFIX_PATH\=/System/iOSSupport
    export IS_MACCATALYST\=NO
    export IS_UNOPTIMIZED_BUILD\=YES
    export JAVAC_DEFAULT_FLAGS\=-J-Xms64m\ -J-XX:NewSize\=4M\ -J-Dfile.encoding\=UTF8
    export JAVA_APP_STUB\=/System/Library/Frameworks/JavaVM.framework/Resources/MacOS/JavaApplicationStub
    export JAVA_ARCHIVE_CLASSES\=YES
    export JAVA_ARCHIVE_TYPE\=JAR
    export JAVA_COMPILER\=/usr/bin/javac
    export JAVA_FOLDER_PATH\=Mac\ Mouse\ Fix.app/Contents/Resources/Java
    export JAVA_FRAMEWORK_RESOURCES_DIRS\=Resources
    export JAVA_JAR_FLAGS\=cv
    export JAVA_SOURCE_SUBDIR\=.
    export JAVA_USE_DEPENDENCIES\=YES
    export JAVA_ZIP_FLAGS\=-urg
    export JIKES_DEFAULT_FLAGS\=+E\ +OLDCSO
    export KASAN_CFLAGS_CLASSIC\=-DKASAN\=1\ -DKASAN_CLASSIC\=1\ -fsanitize\=address\ -mllvm\ -asan-globals-live-support\ -mllvm\ -asan-force-dynamic-shadow
    export KASAN_CFLAGS_TBI\=-DKASAN\=1\ -DKASAN_TBI\=1\ -fsanitize\=kernel-hwaddress\ -mllvm\ -hwasan-recover\=0\ -mllvm\ -hwasan-instrument-atomics\=0\ -mllvm\ -hwasan-instrument-stack\=1\ -mllvm\ -hwasan-generate-tags-with-calls\=1\ -mllvm\ -hwasan-instrument-with-calls\=1\ -mllvm\ -hwasan-use-short-granules\=0\ -mllvm\ -hwasan-memory-access-callback-prefix\=__asan_
    export KASAN_DEFAULT_CFLAGS\=-DKASAN\=1\ -DKASAN_CLASSIC\=1\ -fsanitize\=address\ -mllvm\ -asan-globals-live-support\ -mllvm\ -asan-force-dynamic-shadow
    export KEEP_PRIVATE_EXTERNS\=NO
    export LD_DEPENDENCY_INFO_FILE\=/Users/shawnrain/Library/Developer/Xcode/DerivedData/Mouse_Fix-bnijtbnbbtqglwclwfpwrxsqeaod/Build/Intermediates.noindex/Mouse\ Fix.build/Debug/Mac\ Mouse\ Fix.build/Objects-normal/undefined_arch/Mac\ Mouse\ Fix_dependency_info.dat
    export LD_EXPORT_SYMBOLS\=YES
    export LD_GENERATE_MAP_FILE\=NO
    export LD_MAP_FILE_PATH\=/Users/shawnrain/Library/Developer/Xcode/DerivedData/Mouse_Fix-bnijtbnbbtqglwclwfpwrxsqeaod/Build/Intermediates.noindex/Mouse\ Fix.build/Debug/Mac\ Mouse\ Fix.build/Mac\ Mouse\ Fix-LinkMap-normal-undefined_arch.txt
    export LD_NO_PIE\=NO
    export LD_QUOTE_LINKER_ARGUMENTS_FOR_COMPILER_DRIVER\=YES
    export LD_RUNPATH_SEARCH_PATHS\=/Users/shawnrain/Library/Developer/Xcode/DerivedData/Mouse_Fix-bnijtbnbbtqglwclwfpwrxsqeaod/Build/Products/Debug/PackageFrameworks\ /Users/shawnrain/Library/Developer/Xcode/DerivedData/Mouse_Fix-bnijtbnbbtqglwclwfpwrxsqeaod/Build/Products/Debug/PackageFrameworks\ /Users/shawnrain/Library/Developer/Xcode/DerivedData/Mouse_Fix-bnijtbnbbtqglwclwfpwrxsqeaod/Build/Products/Debug/PackageFrameworks\ /Users/shawnrain/Library/Developer/Xcode/DerivedData/Mouse_Fix-bnijtbnbbtqglwclwfpwrxsqeaod/Build/Products/Debug/PackageFrameworks\ /Users/shawnrain/Library/Developer/Xcode/DerivedData/Mouse_Fix-bnijtbnbbtqglwclwfpwrxsqeaod/Build/Products/Debug/PackageFrameworks\ /Users/shawnrain/Library/Developer/Xcode/DerivedData/Mouse_Fix-bnijtbnbbtqglwclwfpwrxsqeaod/Build/Products/Debug/PackageFrameworks\ @executable_path/../Frameworks
    export LD_RUNPATH_SEARCH_PATHS_YES\=@loader_path/../Frameworks
    export LD_SHARED_CACHE_ELIGIBLE\=Automatic
    export LD_WARN_DUPLICATE_LIBRARIES\=NO
    export LD_WARN_UNUSED_DYLIBS\=NO
    export LEGACY_DEVELOPER_DIR\=/Applications/Xcode.app/Contents/PlugIns/Xcode3Core.ideplugin/Contents/SharedSupport/Developer
    export LEX\=lex
    export LIBRARY_DEXT_INSTALL_PATH\=/Library/DriverExtensions
    export LIBRARY_FLAG_NOSPACE\=YES
    export LIBRARY_FLAG_PREFIX\=-l
    export LIBRARY_KEXT_INSTALL_PATH\=/Library/Extensions
    export LIBRARY_SEARCH_PATHS\=/Users/shawnrain/Library/Developer/Xcode/DerivedData/Mouse_Fix-bnijtbnbbtqglwclwfpwrxsqeaod/Build/Products/Debug\ \ /Users/shawnrain/Library/Mobile\ Documents/com\~apple\~CloudDocs/Shawn\ Rain/Vibe-Coding/MacMouseFix/Frameworks/\*\*
    export LINKER_DISPLAYS_MANGLED_NAMES\=NO
    export LINK_FILE_LIST_normal_arm64\=/Users/shawnrain/Library/Developer/Xcode/DerivedData/Mouse_Fix-bnijtbnbbtqglwclwfpwrxsqeaod/Build/Intermediates.noindex/Mouse\ Fix.build/Debug/Mac\ Mouse\ Fix.build/Objects-normal/arm64/Mac\ Mouse\ Fix.LinkFileList
    export LINK_OBJC_RUNTIME\=YES
    export LINK_WITH_STANDARD_LIBRARIES\=YES
    export LLVM_TARGET_TRIPLE_OS_VERSION\=macos15.0
    export LLVM_TARGET_TRIPLE_OS_VERSION_NO\=macos15.0
    export LLVM_TARGET_TRIPLE_OS_VERSION_YES\=macos26.5
    export LLVM_TARGET_TRIPLE_VENDOR\=apple
    export LM_AUX_CONST_METADATA_LIST_PATH_normal_arm64\=/Users/shawnrain/Library/Developer/Xcode/DerivedData/Mouse_Fix-bnijtbnbbtqglwclwfpwrxsqeaod/Build/Intermediates.noindex/Mouse\ Fix.build/Debug/Mac\ Mouse\ Fix.build/Objects-normal/arm64/Mac\ Mouse\ Fix.SwiftConstValuesFileList
    export LOCALIZATION_EXPORT_SUPPORTED\=YES
    export LOCALIZATION_PREFERS_STRING_CATALOGS\=YES
    export LOCALIZED_RESOURCES_FOLDER_PATH\=Mac\ Mouse\ Fix.app/Contents/Resources/en.lproj
    export LOCALIZED_STRING_CODE_COMMENTS\=NO
    export LOCALIZED_STRING_MACRO_NAMES\=MFLocalizedString\ NSLocalizedString\ CFCopyLocalizedString
    export LOCALIZED_STRING_SWIFTUI_SUPPORT\=YES
    export LOCAL_ADMIN_APPS_DIR\=/Applications/Utilities
    export LOCAL_APPS_DIR\=/Applications
    export LOCAL_DEVELOPER_DIR\=/Library/Developer
    export LOCAL_LIBRARY_DIR\=/Library
    export LOCROOT\=/Users/shawnrain/Library/Mobile\ Documents/com\~apple\~CloudDocs/Shawn\ Rain/Vibe-Coding/MacMouseFix
    export LOCSYMROOT\=/Users/shawnrain/Library/Mobile\ Documents/com\~apple\~CloudDocs/Shawn\ Rain/Vibe-Coding/MacMouseFix
    export MACH_O_TYPE\=mh_execute
    export MACOSX_DEPLOYMENT_TARGET\=15.0
    export MAC_OS_X_PRODUCT_BUILD_VERSION\=26A5353q
    export MAC_OS_X_VERSION_ACTUAL\=270000
    export MAC_OS_X_VERSION_MAJOR\=270000
    export MAC_OS_X_VERSION_MINOR\=270000
    export MAKE_MERGEABLE\=NO
    export MARKETING_VERSION\=3.1.12
    export MERGEABLE_LIBRARY\=NO
    export MERGED_BINARY_TYPE\=none
    export MERGE_LINKED_LIBRARIES\=NO
    export METAL_LIBRARY_FILE_BASE\=default
    export METAL_LIBRARY_OUTPUT_DIR\=/Users/shawnrain/Library/Developer/Xcode/DerivedData/Mouse_Fix-bnijtbnbbtqglwclwfpwrxsqeaod/Build/Products/Debug/Mac\ Mouse\ Fix.app/Contents/Resources
    export MODULES_FOLDER_PATH\=Mac\ Mouse\ Fix.app/Contents/Modules
    export MODULE_CACHE_DIR\=/Users/shawnrain/Library/Developer/Xcode/DerivedData/ModuleCache.noindex
    export MTL_ENABLE_DEBUG_INFO\=INCLUDE_SOURCE
    export MTL_FAST_MATH\=YES
    export NATIVE_ARCH\=arm64
    export NATIVE_ARCH_32_BIT\=arm
    export NATIVE_ARCH_64_BIT\=arm64
    export NATIVE_ARCH_ACTUAL\=arm64
    export NO_COMMON\=YES
    export OBJECT_FILE_DIR\=/Users/shawnrain/Library/Developer/Xcode/DerivedData/Mouse_Fix-bnijtbnbbtqglwclwfpwrxsqeaod/Build/Intermediates.noindex/Mouse\ Fix.build/Debug/Mac\ Mouse\ Fix.build/Objects
    export OBJECT_FILE_DIR_normal\=/Users/shawnrain/Library/Developer/Xcode/DerivedData/Mouse_Fix-bnijtbnbbtqglwclwfpwrxsqeaod/Build/Intermediates.noindex/Mouse\ Fix.build/Debug/Mac\ Mouse\ Fix.build/Objects-normal
    export OBJROOT\=/Users/shawnrain/Library/Developer/Xcode/DerivedData/Mouse_Fix-bnijtbnbbtqglwclwfpwrxsqeaod/Build/Intermediates.noindex
    export ONLY_ACTIVE_ARCH\=YES
    export OS\=MACOS
    export OSAC\=/usr/bin/osacompile
    export OTHER_CFLAGS\=-fmodule-map-file\=/Users/shawnrain/Library/Developer/Xcode/DerivedData/Mouse_Fix-bnijtbnbbtqglwclwfpwrxsqeaod/Build/Intermediates.noindex/GeneratedModuleMaps/ReactiveCocoaObjC.modulemap\ -fmodule-map-file\=/Users/shawnrain/Library/Developer/Xcode/DerivedData/Mouse_Fix-bnijtbnbbtqglwclwfpwrxsqeaod/Build/Intermediates.noindex/GeneratedModuleMaps/ReactiveCocoa.modulemap\ -fmodule-map-file\=/Users/shawnrain/Library/Developer/Xcode/DerivedData/Mouse_Fix-bnijtbnbbtqglwclwfpwrxsqeaod/Build/Intermediates.noindex/GeneratedModuleMaps/CocoaLumberjackSwiftSupport.modulemap\ -fmodule-map-file\=/Users/shawnrain/Library/Developer/Xcode/DerivedData/Mouse_Fix-bnijtbnbbtqglwclwfpwrxsqeaod/Build/Intermediates.noindex/GeneratedModuleMaps/CocoaLumberjack.modulemap\ -fmodule-map-file\=/Users/shawnrain/Library/Developer/Xcode/DerivedData/Mouse_Fix-bnijtbnbbtqglwclwfpwrxsqeaod/Build/Intermediates.noindex/GeneratedModuleMaps/CocoaLumberjackSwift.modulemap\ -fmodule-map-file\=/Users/shawnrain/Library/Developer/Xcode/DerivedData/Mouse_Fix-bnijtbnbbtqglwclwfpwrxsqeaod/Build/Intermediates.noindex/GeneratedModuleMaps/ReactiveSwift.modulemap\ \"-Dnil\=\(\(id\\\ _Nullable\)__DARWIN_NULL\)\"\ \"-DNULL\=\(\(void\ \*\\\ _Nullable\)0\)\"
    export OTHER_CPLUSPLUSFLAGS\=-fmodule-map-file\=/Users/shawnrain/Library/Developer/Xcode/DerivedData/Mouse_Fix-bnijtbnbbtqglwclwfpwrxsqeaod/Build/Intermediates.noindex/GeneratedModuleMaps/ReactiveCocoaObjC.modulemap\ -fmodule-map-file\=/Users/shawnrain/Library/Developer/Xcode/DerivedData/Mouse_Fix-bnijtbnbbtqglwclwfpwrxsqeaod/Build/Intermediates.noindex/GeneratedModuleMaps/ReactiveCocoa.modulemap\ -fmodule-map-file\=/Users/shawnrain/Library/Developer/Xcode/DerivedData/Mouse_Fix-bnijtbnbbtqglwclwfpwrxsqeaod/Build/Intermediates.noindex/GeneratedModuleMaps/CocoaLumberjackSwiftSupport.modulemap\ -fmodule-map-file\=/Users/shawnrain/Library/Developer/Xcode/DerivedData/Mouse_Fix-bnijtbnbbtqglwclwfpwrxsqeaod/Build/Intermediates.noindex/GeneratedModuleMaps/CocoaLumberjack.modulemap\ -fmodule-map-file\=/Users/shawnrain/Library/Developer/Xcode/DerivedData/Mouse_Fix-bnijtbnbbtqglwclwfpwrxsqeaod/Build/Intermediates.noindex/GeneratedModuleMaps/CocoaLumberjackSwift.modulemap\ -fmodule-map-file\=/Users/shawnrain/Library/Developer/Xcode/DerivedData/Mouse_Fix-bnijtbnbbtqglwclwfpwrxsqeaod/Build/Intermediates.noindex/GeneratedModuleMaps/ReactiveSwift.modulemap\ \"-Dnil\=\(\(id\\\ _Nullable\)__DARWIN_NULL\)\"\ \"-DNULL\=\(\(void\ \*\\\ _Nullable\)0\)\"
    export OTHER_LDFLAGS\=-Wl,-no_warn_duplicate_libraries\ -Wl,-no_warn_duplicate_libraries\ -Wl,-no_warn_duplicate_libraries\ -Wl,-no_warn_duplicate_libraries\ -Wl,-no_warn_duplicate_libraries\ -Wl,-no_warn_duplicate_libraries\ 
    export OTHER_SWIFT_FLAGS\=-Xcc\ -fmodule-map-file\=/Users/shawnrain/Library/Developer/Xcode/DerivedData/Mouse_Fix-bnijtbnbbtqglwclwfpwrxsqeaod/Build/Intermediates.noindex/GeneratedModuleMaps/ReactiveCocoaObjC.modulemap\ -Xcc\ -fmodule-map-file\=/Users/shawnrain/Library/Developer/Xcode/DerivedData/Mouse_Fix-bnijtbnbbtqglwclwfpwrxsqeaod/Build/Intermediates.noindex/GeneratedModuleMaps/CocoaLumberjackSwiftSupport.modulemap\ -Xcc\ -fmodule-map-file\=/Users/shawnrain/Library/Developer/Xcode/DerivedData/Mouse_Fix-bnijtbnbbtqglwclwfpwrxsqeaod/Build/Intermediates.noindex/GeneratedModuleMaps/CocoaLumberjack.modulemap\ 
    export PACKAGE_TYPE\=com.apple.package-type.wrapper.application
    export PASCAL_STRINGS\=YES
    export PATH\=/Applications/Xcode.app/Contents/SharedFrameworks/SwiftBuild.framework/Versions/A/PlugIns/SWBBuildService.bundle/Contents/PlugIns/SWBUniversalPlatformPlugin.bundle/Contents/Frameworks/SWBUniversalPlatform.framework/Resources:/Applications/Xcode.app/Contents/Developer/Toolchains/XcodeDefault.xctoolchain/usr/bin:/Applications/Xcode.app/Contents/Developer/Toolchains/XcodeDefault.xctoolchain/usr/local/bin:/Applications/Xcode.app/Contents/Developer/Toolchains/XcodeDefault.xctoolchain/usr/libexec:/Applications/Xcode.app/Contents/Developer/Platforms/MacOSX.platform/usr/bin:/Applications/Xcode.app/Contents/Developer/Platforms/MacOSX.platform/usr/local/bin:/Applications/Xcode.app/Contents/Developer/Platforms/MacOSX.platform/Developer/usr/bin:/Applications/Xcode.app/Contents/Developer/Platforms/MacOSX.platform/Developer/usr/local/bin:/Applications/Xcode.app/Contents/Developer/usr/bin:/Applications/Xcode.app/Contents/Developer/usr/local/bin:/Users/shawnrain/.gemini/antigravity/bin:/Users/shawnrain/Library/Application\ Support/Antigravity/bin:/Users/shawnrain/.antigravity/antigravity/bin:/Users/shawnrain/.local/bin:/opt/homebrew/opt/openjdk@17/libexec/openjdk.jdk/Contents/Home/bin:/Users/shawnrain/android-sdk/platform-tools:/Users/shawnrain/android-sdk/cmdline-tools/latest/bin:/opt/homebrew/bin:/usr/local/bin:/System/Cryptexes/App/usr/bin:/usr/bin:/bin:/usr/sbin:/sbin:/var/run/com.apple.security.cryptexd/codex.system/bootstrap/usr/local/bin:/var/run/com.apple.security.cryptexd/codex.system/bootstrap/usr/bin:/var/run/com.apple.security.cryptexd/codex.system/bootstrap/usr/appleinternal/bin:/pkg/env/global/bin://Applications/Topaz\ Gigapixel.app/Contents/Resources/bin://Applications/Topaz\ Photo.app/Contents/Resources/bin:/Library/Apple/usr/bin:/Users/shawnrain/.orbstack/bin:/Users/shawnrain/.spicetify
    export PATH_PREFIXES_EXCLUDED_FROM_HEADER_DEPENDENCIES\=/usr/include\ /usr/local/include\ /System/Library/Frameworks\ /System/Library/PrivateFrameworks\ /Applications/Xcode.app/Contents/Developer/Headers\ /Applications/Xcode.app/Contents/Developer/SDKs\ /Applications/Xcode.app/Contents/Developer/Platforms
    export PBDEVELOPMENTPLIST_PATH\=Mac\ Mouse\ Fix.app/Contents/pbdevelopment.plist
    export PER_ARCH_MODULE_FILE_DIR\=/Users/shawnrain/Library/Developer/Xcode/DerivedData/Mouse_Fix-bnijtbnbbtqglwclwfpwrxsqeaod/Build/Intermediates.noindex/Mouse\ Fix.build/Debug/Mac\ Mouse\ Fix.build/Objects-normal/undefined_arch
    export PER_ARCH_OBJECT_FILE_DIR\=/Users/shawnrain/Library/Developer/Xcode/DerivedData/Mouse_Fix-bnijtbnbbtqglwclwfpwrxsqeaod/Build/Intermediates.noindex/Mouse\ Fix.build/Debug/Mac\ Mouse\ Fix.build/Objects-normal/undefined_arch
    export PER_VARIANT_OBJECT_FILE_DIR\=/Users/shawnrain/Library/Developer/Xcode/DerivedData/Mouse_Fix-bnijtbnbbtqglwclwfpwrxsqeaod/Build/Intermediates.noindex/Mouse\ Fix.build/Debug/Mac\ Mouse\ Fix.build/Objects-normal
    export PKGINFO_FILE_PATH\=/Users/shawnrain/Library/Developer/Xcode/DerivedData/Mouse_Fix-bnijtbnbbtqglwclwfpwrxsqeaod/Build/Intermediates.noindex/Mouse\ Fix.build/Debug/Mac\ Mouse\ Fix.build/PkgInfo
    export PKGINFO_PATH\=Mac\ Mouse\ Fix.app/Contents/PkgInfo
    export PLATFORM_DEVELOPER_APPLICATIONS_DIR\=/Applications/Xcode.app/Contents/Developer/Applications
    export PLATFORM_DEVELOPER_BIN_DIR\=/Applications/Xcode.app/Contents/Developer/usr/bin
    export PLATFORM_DEVELOPER_LIBRARY_DIR\=/Applications/Xcode.app/Contents/Developer/Library
    export PLATFORM_DEVELOPER_SDK_DIR\=/Applications/Xcode.app/Contents/Developer/Platforms/MacOSX.platform/Developer/SDKs
    export PLATFORM_DEVELOPER_TOOLS_DIR\=/Applications/Xcode.app/Contents/Developer/Tools
    export PLATFORM_DEVELOPER_USR_DIR\=/Applications/Xcode.app/Contents/Developer/usr
    export PLATFORM_DIR\=/Applications/Xcode.app/Contents/Developer/Platforms/MacOSX.platform
    export PLATFORM_DISPLAY_NAME\=macOS
    export PLATFORM_FAMILY_NAME\=macOS
    export PLATFORM_NAME\=macosx
    export PLATFORM_PREFERRED_ARCH\=x86_64
    export PLATFORM_PRODUCT_BUILD_VERSION\=25F70
    export PLATFORM_REQUIRES_SWIFT_AUTOLINK_EXTRACT\=NO
    export PLATFORM_REQUIRES_SWIFT_MODULEWRAP\=NO
    export PLATFORM_USES_DSYMS\=YES
    export PLIST_FILE_OUTPUT_FORMAT\=same-as-input
    export PLUGINS_FOLDER_PATH\=Mac\ Mouse\ Fix.app/Contents/PlugIns
    export PRECOMPS_INCLUDE_HEADERS_FROM_BUILT_PRODUCTS_DIR\=YES
    export PRECOMP_DESTINATION_DIR\=/Users/shawnrain/Library/Developer/Xcode/DerivedData/Mouse_Fix-bnijtbnbbtqglwclwfpwrxsqeaod/Build/Intermediates.noindex/Mouse\ Fix.build/Debug/Mac\ Mouse\ Fix.build/PrefixHeaders
    export PRIVATE_HEADERS_FOLDER_PATH\=Mac\ Mouse\ Fix.app/Contents/PrivateHeaders
    export PROCESSED_INFOPLIST_PATH\=/Users/shawnrain/Library/Developer/Xcode/DerivedData/Mouse_Fix-bnijtbnbbtqglwclwfpwrxsqeaod/Build/Intermediates.noindex/Mouse\ Fix.build/Debug/Mac\ Mouse\ Fix.build/Objects-normal/undefined_arch/Processed-Info.plist
    export PRODUCT_BUNDLE_IDENTIFIER\=com.nuebling.mac-mouse-fix
    export PRODUCT_BUNDLE_PACKAGE_TYPE\=APPL
    export PRODUCT_MODULE_NAME\=Mac_Mouse_Fix
    export PRODUCT_NAME\=Mac\ Mouse\ Fix
    export PRODUCT_SETTINGS_PATH\=/Users/shawnrain/Library/Mobile\ Documents/com\~apple\~CloudDocs/Shawn\ Rain/Vibe-Coding/MacMouseFix/App/SupportFiles/Info.plist
    export PRODUCT_TYPE\=com.apple.product-type.application
    export PROFILING_CODE\=NO
    export PROJECT\=Mouse\ Fix
    export PROJECT_DERIVED_FILE_DIR\=/Users/shawnrain/Library/Developer/Xcode/DerivedData/Mouse_Fix-bnijtbnbbtqglwclwfpwrxsqeaod/Build/Intermediates.noindex/Mouse\ Fix.build/DerivedSources
    export PROJECT_DIR\=/Users/shawnrain/Library/Mobile\ Documents/com\~apple\~CloudDocs/Shawn\ Rain/Vibe-Coding/MacMouseFix
    export PROJECT_FILE_PATH\=/Users/shawnrain/Library/Mobile\ Documents/com\~apple\~CloudDocs/Shawn\ Rain/Vibe-Coding/MacMouseFix/Mouse\ Fix.xcodeproj
    export PROJECT_GUID\=a4fa6978c840a526f3db5e7bfd10becf
    export PROJECT_NAME\=Mouse\ Fix
    export PROJECT_TEMP_DIR\=/Users/shawnrain/Library/Developer/Xcode/DerivedData/Mouse_Fix-bnijtbnbbtqglwclwfpwrxsqeaod/Build/Intermediates.noindex/Mouse\ Fix.build
    export PROJECT_TEMP_ROOT\=/Users/shawnrain/Library/Developer/Xcode/DerivedData/Mouse_Fix-bnijtbnbbtqglwclwfpwrxsqeaod/Build/Intermediates.noindex
    export PROVISIONING_PROFILE_REQUIRED\=NO
    export PROVISIONING_PROFILE_REQUIRED_YES_YES\=YES
    export PROVISIONING_PROFILE_SUPPORTED\=YES
    export PUBLIC_HEADERS_FOLDER_PATH\=Mac\ Mouse\ Fix.app/Contents/Headers
    export RECOMMENDED_MACOSX_DEPLOYMENT_TARGET\=11.0
    export RECURSIVE_SEARCH_PATHS_FOLLOW_SYMLINKS\=YES
    export REMOVE_CVS_FROM_RESOURCES\=YES
    export REMOVE_GIT_FROM_RESOURCES\=YES
    export REMOVE_HEADERS_FROM_EMBEDDED_BUNDLES\=YES
    export REMOVE_HG_FROM_RESOURCES\=YES
    export REMOVE_STATIC_EXECUTABLES_FROM_EMBEDDED_BUNDLES\=YES
    export REMOVE_SVN_FROM_RESOURCES\=YES
    export RESCHEDULE_INDEPENDENT_HEADERS_PHASES\=YES
    export REZ_COLLECTOR_DIR\=/Users/shawnrain/Library/Developer/Xcode/DerivedData/Mouse_Fix-bnijtbnbbtqglwclwfpwrxsqeaod/Build/Intermediates.noindex/Mouse\ Fix.build/Debug/Mac\ Mouse\ Fix.build/ResourceManagerResources
    export REZ_OBJECTS_DIR\=/Users/shawnrain/Library/Developer/Xcode/DerivedData/Mouse_Fix-bnijtbnbbtqglwclwfpwrxsqeaod/Build/Intermediates.noindex/Mouse\ Fix.build/Debug/Mac\ Mouse\ Fix.build/ResourceManagerResources/Objects
    export REZ_SEARCH_PATHS\=/Users/shawnrain/Library/Developer/Xcode/DerivedData/Mouse_Fix-bnijtbnbbtqglwclwfpwrxsqeaod/Build/Products/Debug\ 
    export RPATH_ORIGIN\=@loader_path
    export RUNTIME_EXCEPTION_ALLOW_DYLD_ENVIRONMENT_VARIABLES\=NO
    export RUNTIME_EXCEPTION_ALLOW_JIT\=NO
    export RUNTIME_EXCEPTION_ALLOW_UNSIGNED_EXECUTABLE_MEMORY\=NO
    export RUNTIME_EXCEPTION_DEBUGGING_TOOL\=NO
    export RUNTIME_EXCEPTION_DISABLE_EXECUTABLE_PAGE_PROTECTION\=NO
    export RUNTIME_EXCEPTION_DISABLE_LIBRARY_VALIDATION\=NO
    export SCANNING_PCM_KEEP_CACHE_DIRECTORY\=YES
    export SCAN_ALL_SOURCE_FILES_FOR_INCLUDES\=NO
    export SCRIPTS_FOLDER_PATH\=Mac\ Mouse\ Fix.app/Contents/Resources/Scripts
    export SCRIPT_INPUT_FILE_COUNT\=0
    export SCRIPT_INPUT_FILE_LIST_COUNT\=0
    export SCRIPT_OUTPUT_FILE_COUNT\=0
    export SCRIPT_OUTPUT_FILE_LIST_COUNT\=0
    export SDKROOT\=/Applications/Xcode.app/Contents/Developer/Platforms/MacOSX.platform/Developer/SDKs/MacOSX26.5.sdk
    export SDK_DIR\=/Applications/Xcode.app/Contents/Developer/Platforms/MacOSX.platform/Developer/SDKs/MacOSX26.5.sdk
    export SDK_DIR_macosx\=/Applications/Xcode.app/Contents/Developer/Platforms/MacOSX.platform/Developer/SDKs/MacOSX26.5.sdk
    export SDK_DIR_macosx26_5\=/Applications/Xcode.app/Contents/Developer/Platforms/MacOSX.platform/Developer/SDKs/MacOSX26.5.sdk
    export SDK_NAME\=macosx26.5
    export SDK_NAMES\=macosx26.5
    export SDK_PRODUCT_BUILD_VERSION\=25F70
    export SDK_STAT_CACHE_DIR\=/Users/shawnrain/Library/Developer/Xcode/DerivedData
    export SDK_STAT_CACHE_ENABLE\=YES
    export SDK_STAT_CACHE_PATH\=/Users/shawnrain/Library/Developer/Xcode/DerivedData/SDKStatCaches.noindex/macosx26.5-25F70-e082c4a02f00227109f4ed75e425c832.sdkstatcache
    export SDK_VERSION\=26.5
    export SDK_VERSION_ACTUAL\=260500
    export SDK_VERSION_MAJOR\=260000
    export SDK_VERSION_MINOR\=260500
    export SED\=/usr/bin/sed
    export SEPARATE_STRIP\=NO
    export SEPARATE_SYMBOL_EDIT\=NO
    export SET_DIR_MODE_OWNER_GROUP\=YES
    export SET_FILE_MODE_OWNER_GROUP\=NO
    export SHALLOW_BUNDLE\=NO
    export SHALLOW_BUNDLE_PLATFORM\=NO
    export SHALLOW_BUNDLE_TRIPLE\=macos
    export SHALLOW_BUNDLE_ios_macabi\=NO
    export SHALLOW_BUNDLE_macos\=NO
    export SHARED_DERIVED_FILE_DIR\=/Users/shawnrain/Library/Developer/Xcode/DerivedData/Mouse_Fix-bnijtbnbbtqglwclwfpwrxsqeaod/Build/Products/Debug/DerivedSources
    export SHARED_FRAMEWORKS_FOLDER_PATH\=Mac\ Mouse\ Fix.app/Contents/SharedFrameworks
    export SHARED_PRECOMPS_DIR\=/Users/shawnrain/Library/Developer/Xcode/DerivedData/Mouse_Fix-bnijtbnbbtqglwclwfpwrxsqeaod/Build/Intermediates.noindex/PrecompiledHeaders
    export SHARED_SUPPORT_FOLDER_PATH\=Mac\ Mouse\ Fix.app/Contents/SharedSupport
    export SKIP_INSTALL\=NO
    export SKIP_MERGEABLE_LIBRARY_BUNDLE_HOOK\=NO
    export SOURCE_ROOT\=/Users/shawnrain/Library/Mobile\ Documents/com\~apple\~CloudDocs/Shawn\ Rain/Vibe-Coding/MacMouseFix
    export SRCROOT\=/Users/shawnrain/Library/Mobile\ Documents/com\~apple\~CloudDocs/Shawn\ Rain/Vibe-Coding/MacMouseFix
    export STRINGSDATA_DIR\=/Users/shawnrain/Library/Developer/Xcode/DerivedData/Mouse_Fix-bnijtbnbbtqglwclwfpwrxsqeaod/Build/Intermediates.noindex/Mouse\ Fix.build/Debug/Mac\ Mouse\ Fix.build/Objects-normal/undefined_arch
    export STRINGSDATA_ROOT\=/Users/shawnrain/Library/Developer/Xcode/DerivedData/Mouse_Fix-bnijtbnbbtqglwclwfpwrxsqeaod/Build/Intermediates.noindex/Mouse\ Fix.build/Debug/Mac\ Mouse\ Fix.build
    export STRINGS_FILE_INFOPLIST_RENAME\=YES
    export STRINGS_FILE_OUTPUT_ENCODING\=UTF-16
    export STRING_CATALOG_GENERATE_SYMBOLS\=NO
    export STRIP_BITCODE_FROM_COPIED_FILES\=NO
    export STRIP_INSTALLED_PRODUCT\=NO
    export STRIP_PNG_TEXT\=NO
    export STRIP_STYLE\=all
    export STRIP_SWIFT_SYMBOLS\=NO
    export SUPPORTED_PLATFORMS\=macosx
    export SUPPORTS_MACCATALYST\=NO
    export SUPPORTS_ON_DEMAND_RESOURCES\=NO
    export SUPPORTS_TEXT_BASED_API\=NO
    export SUPPRESS_WARNINGS\=NO
    export SWIFT_ACTIVE_COMPILATION_CONDITIONS\=DEBUG\ IS_MAIN_APP
    export SWIFT_EMIT_CONST_VALUE_PROTOCOLS\=AnyResolverProviding\ AppEntity\ AppEnum\ AppExtension\ AppIntent\ AppIntentsPackage\ AppShortcutProviding\ AppShortcutsProvider\ AppUnionValue\ AppUnionValueCasesProviding\ DynamicOptionsProvider\ EntityQuery\ ExtensionPointDefining\ IntentValueQuery\ Resolver\ TransientEntity\ _AssistantIntentsProvider\ _GenerativeFunctionExtractable\ _IntentValueRepresentable
    export SWIFT_EMIT_LOC_STRINGS\=YES
    export SWIFT_ENABLE_EXPLICIT_MODULES\=YES
    export SWIFT_OBJC_BRIDGING_HEADER\=App/SupportFiles/Mac\ Mouse\ Fix-Bridging-Header.h
    export SWIFT_OPTIMIZATION_LEVEL\=-Onone
    export SWIFT_PLATFORM_TARGET_PREFIX\=macos
    export SWIFT_RESPONSE_FILE_PATH_normal_arm64\=/Users/shawnrain/Library/Developer/Xcode/DerivedData/Mouse_Fix-bnijtbnbbtqglwclwfpwrxsqeaod/Build/Intermediates.noindex/Mouse\ Fix.build/Debug/Mac\ Mouse\ Fix.build/Objects-normal/arm64/Mac\ Mouse\ Fix.SwiftFileList
    export SWIFT_VERSION\=5.0
    export SYMROOT\=/Users/shawnrain/Library/Developer/Xcode/DerivedData/Mouse_Fix-bnijtbnbbtqglwclwfpwrxsqeaod/Build/Products
    export SYSTEM_ADMIN_APPS_DIR\=/Applications/Utilities
    export SYSTEM_APPS_DIR\=/Applications
    export SYSTEM_CORE_SERVICES_DIR\=/System/Library/CoreServices
    export SYSTEM_DEMOS_DIR\=/Applications/Extras
    export SYSTEM_DEVELOPER_APPS_DIR\=/Applications/Xcode.app/Contents/Developer/Applications
    export SYSTEM_DEVELOPER_BIN_DIR\=/Applications/Xcode.app/Contents/Developer/usr/bin
    export SYSTEM_DEVELOPER_DEMOS_DIR\=/Applications/Xcode.app/Contents/Developer/Applications/Utilities/Built\ Examples
    export SYSTEM_DEVELOPER_DIR\=/Applications/Xcode.app/Contents/Developer
    export SYSTEM_DEVELOPER_DOC_DIR\=/Applications/Xcode.app/Contents/Developer/ADC\ Reference\ Library
    export SYSTEM_DEVELOPER_GRAPHICS_TOOLS_DIR\=/Applications/Xcode.app/Contents/Developer/Applications/Graphics\ Tools
    export SYSTEM_DEVELOPER_JAVA_TOOLS_DIR\=/Applications/Xcode.app/Contents/Developer/Applications/Java\ Tools
    export SYSTEM_DEVELOPER_PERFORMANCE_TOOLS_DIR\=/Applications/Xcode.app/Contents/Developer/Applications/Performance\ Tools
    export SYSTEM_DEVELOPER_RELEASENOTES_DIR\=/Applications/Xcode.app/Contents/Developer/ADC\ Reference\ Library/releasenotes
    export SYSTEM_DEVELOPER_TOOLS\=/Applications/Xcode.app/Contents/Developer/Tools
    export SYSTEM_DEVELOPER_TOOLS_DOC_DIR\=/Applications/Xcode.app/Contents/Developer/ADC\ Reference\ Library/documentation/DeveloperTools
    export SYSTEM_DEVELOPER_TOOLS_RELEASENOTES_DIR\=/Applications/Xcode.app/Contents/Developer/ADC\ Reference\ Library/releasenotes/DeveloperTools
    export SYSTEM_DEVELOPER_USR_DIR\=/Applications/Xcode.app/Contents/Developer/usr
    export SYSTEM_DEVELOPER_UTILITIES_DIR\=/Applications/Xcode.app/Contents/Developer/Applications/Utilities
    export SYSTEM_DEXT_INSTALL_PATH\=/System/Library/DriverExtensions
    export SYSTEM_DOCUMENTATION_DIR\=/Library/Documentation
    export SYSTEM_EXTENSIONS_FOLDER_PATH\=Mac\ Mouse\ Fix.app/Contents/Library/SystemExtensions
    export SYSTEM_EXTENSIONS_FOLDER_PATH_SHALLOW_BUNDLE_NO\=Mac\ Mouse\ Fix.app/Contents/Library/SystemExtensions
    export SYSTEM_EXTENSIONS_FOLDER_PATH_SHALLOW_BUNDLE_YES\=Mac\ Mouse\ Fix.app/Contents/SystemExtensions
    export SYSTEM_FRAMEWORK_SEARCH_PATHS\=\ /System/Library/PrivateFrameworks
    export SYSTEM_KEXT_INSTALL_PATH\=/System/Library/Extensions
    export SYSTEM_LIBRARY_DIR\=/System/Library
    export TAPI_DEMANGLE\=YES
    export TAPI_ENABLE_PROJECT_HEADERS\=NO
    export TAPI_LANGUAGE\=objective-c
    export TAPI_LANGUAGE_STANDARD\=compiler-default
    export TAPI_USE_SRCROOT\=YES
    export TAPI_VERIFY_MODE\=Pedantic
    export TARGETNAME\=Mac\ Mouse\ Fix
    export TARGET_BUILD_DIR\=/Users/shawnrain/Library/Developer/Xcode/DerivedData/Mouse_Fix-bnijtbnbbtqglwclwfpwrxsqeaod/Build/Products/Debug
    export TARGET_NAME\=Mac\ Mouse\ Fix
    export TARGET_TEMP_DIR\=/Users/shawnrain/Library/Developer/Xcode/DerivedData/Mouse_Fix-bnijtbnbbtqglwclwfpwrxsqeaod/Build/Intermediates.noindex/Mouse\ Fix.build/Debug/Mac\ Mouse\ Fix.build
    export TEMP_DIR\=/Users/shawnrain/Library/Developer/Xcode/DerivedData/Mouse_Fix-bnijtbnbbtqglwclwfpwrxsqeaod/Build/Intermediates.noindex/Mouse\ Fix.build/Debug/Mac\ Mouse\ Fix.build
    export TEMP_FILES_DIR\=/Users/shawnrain/Library/Developer/Xcode/DerivedData/Mouse_Fix-bnijtbnbbtqglwclwfpwrxsqeaod/Build/Intermediates.noindex/Mouse\ Fix.build/Debug/Mac\ Mouse\ Fix.build
    export TEMP_FILE_DIR\=/Users/shawnrain/Library/Developer/Xcode/DerivedData/Mouse_Fix-bnijtbnbbtqglwclwfpwrxsqeaod/Build/Intermediates.noindex/Mouse\ Fix.build/Debug/Mac\ Mouse\ Fix.build
    export TEMP_ROOT\=/Users/shawnrain/Library/Developer/Xcode/DerivedData/Mouse_Fix-bnijtbnbbtqglwclwfpwrxsqeaod/Build/Intermediates.noindex
    export TEMP_SANDBOX_DIR\=/Users/shawnrain/Library/Developer/Xcode/DerivedData/Mouse_Fix-bnijtbnbbtqglwclwfpwrxsqeaod/Build/Intermediates.noindex/TemporaryTaskSandboxes
    export TEST_FRAMEWORK_SEARCH_PATHS\=\ /Applications/Xcode.app/Contents/Developer/Platforms/MacOSX.platform/Developer/Library/Frameworks
    export TEST_LIBRARY_SEARCH_PATHS\=\ /Applications/Xcode.app/Contents/Developer/Platforms/MacOSX.platform/Developer/usr/lib
    export TOOLCHAINS\=com.apple.dt.toolchain.XcodeDefault
    export TOOLCHAIN_DIR\=/Applications/Xcode.app/Contents/Developer/Toolchains/XcodeDefault.xctoolchain
    export TREAT_MISSING_BASELINES_AS_TEST_FAILURES\=NO
    export TREAT_MISSING_SCRIPT_PHASE_OUTPUTS_AS_ERRORS\=NO
    export TeamIdentifierPrefix\=A4P8NY6A4J.
    export UID\=501
    export UNINSTALLED_PRODUCTS_DIR\=/Users/shawnrain/Library/Developer/Xcode/DerivedData/Mouse_Fix-bnijtbnbbtqglwclwfpwrxsqeaod/Build/Intermediates.noindex/UninstalledProducts
    export UNLOCALIZED_RESOURCES_FOLDER_PATH\=Mac\ Mouse\ Fix.app/Contents/Resources
    export UNLOCALIZED_RESOURCES_FOLDER_PATH_SHALLOW_BUNDLE_NO\=Mac\ Mouse\ Fix.app/Contents/Resources
    export UNLOCALIZED_RESOURCES_FOLDER_PATH_SHALLOW_BUNDLE_YES\=Mac\ Mouse\ Fix.app/Contents
    export UNSTRIPPED_PRODUCT\=NO
    export USER\=shawnrain
    export USER_APPS_DIR\=/Users/shawnrain/Applications
    export USER_LIBRARY_DIR\=/Users/shawnrain/Library
    export USE_DYNAMIC_NO_PIC\=YES
    export USE_HEADERMAP\=YES
    export USE_HEADER_SYMLINKS\=NO
    export VALIDATE_DEVELOPMENT_ASSET_PATHS\=YES_ERROR
    export VALIDATE_PRODUCT\=NO
    export VALID_ARCHS\=arm64\ arm64e\ i386\ x86_64
    export VERBOSE_PBXCP\=NO
    export VERSIONPLIST_PATH\=Mac\ Mouse\ Fix.app/Contents/version.plist
    export VERSION_INFO_BUILDER\=shawnrain
    export VERSION_INFO_FILE\=Mac\ Mouse\ Fix_vers.c
    export VERSION_INFO_STRING\=\"@\(\#\)PROGRAM:Mac\ Mouse\ Fix\ \ PROJECT:Mouse\ Fix-\"
    export WARNING_CFLAGS\=-Wnullable-to-nonnull-conversion\ -Wnonnull\ -Wsign-conversion
    export WORKSPACE_DIR\=/Users/shawnrain/Library/Mobile\ Documents/com\~apple\~CloudDocs/Shawn\ Rain/Vibe-Coding/MacMouseFix/Mouse\ Fix.xcodeproj
    export WRAPPER_EXTENSION\=app
    export WRAPPER_NAME\=Mac\ Mouse\ Fix.app
    export WRAPPER_SUFFIX\=.app
    export WRAP_ASSET_PACKS_IN_SEPARATE_DIRECTORIES\=NO
    export XCODE_APP_SUPPORT_DIR\=/Applications/Xcode.app/Contents/Developer/Library/Xcode
    export XCODE_PRODUCT_BUILD_VERSION\=17F42
    export XCODE_VERSION_ACTUAL\=2650
    export XCODE_VERSION_MAJOR\=2600
    export XCODE_VERSION_MINOR\=2650
    export XPCSERVICES_FOLDER_PATH\=Mac\ Mouse\ Fix.app/Contents/XPCServices
    export YACC\=yacc
    export _BOOL_\=NO
    export _BOOL_NO\=NO
    export _BOOL_YES\=YES
    export _DEVELOPMENT_TEAM_IS_EMPTY\=NO
    export _DISCOVER_COMMAND_LINE_LINKER_INPUTS\=YES
    export _DISCOVER_COMMAND_LINE_LINKER_INPUTS_INCLUDE_WL\=YES
    export _IS_EMPTY_\=YES
    export _LD_MULTIARCH\=YES
    export _MACOSX_DEPLOYMENT_TARGET_IS_EMPTY\=NO
    export _WRAPPER_CONTENTS_DIR\=/Contents
    export _WRAPPER_CONTENTS_DIR_SHALLOW_BUNDLE_NO\=/Contents
    export _WRAPPER_PARENT_PATH\=/..
    export _WRAPPER_PARENT_PATH_SHALLOW_BUNDLE_NO\=/..
    export _WRAPPER_RESOURCES_DIR\=/Resources
    export _WRAPPER_RESOURCES_DIR_SHALLOW_BUNDLE_NO\=/Resources
    export __DIAGNOSE_DEPRECATED_ARCHS\=YES
    export __IS_NOT_MACOS\=NO
    export __IS_NOT_MACOS_macosx\=NO
    export __IS_NOT_SIMULATOR\=YES
    export __IS_NOT_SIMULATOR_simulator\=NO
    export __ORIGINAL_SDK_DEFINED_LLVM_TARGET_TRIPLE_SYS\=macos
    export arch\=undefined_arch
    export variant\=normal
    /bin/sh -c /Users/shawnrain/Library/Developer/Xcode/DerivedData/Mouse_Fix-bnijtbnbbtqglwclwfpwrxsqeaod/Build/Intermediates.noindex/Mouse\\\ Fix.build/Debug/Mac\\\ Mouse\\\ Fix.build/Script-4F94F75125E614D500D9F24A.sh

CompileXCStrings /Users/shawnrain/Library/Developer/Xcode/DerivedData/Mouse_Fix-bnijtbnbbtqglwclwfpwrxsqeaod/Build/Intermediates.noindex/Mouse\ Fix.build/Debug/Mac\ Mouse\ Fix.build/ /Users/shawnrain/Library/Mobile\ Documents/com~apple~CloudDocs/Shawn\ Rain/Vibe-Coding/MacMouseFix/App/UI/Main/mul.lproj/Main.xcstrings (in target 'Mac Mouse Fix' from project 'Mouse Fix')
    cd /Users/shawnrain/Library/Mobile\ Documents/com\~apple\~CloudDocs/Shawn\ Rain/Vibe-Coding/MacMouseFix
    /Applications/Xcode.app/Contents/Developer/usr/bin/xcstringstool compile --output-directory /Users/shawnrain/Library/Developer/Xcode/DerivedData/Mouse_Fix-bnijtbnbbtqglwclwfpwrxsqeaod/Build/Intermediates.noindex/Mouse\ Fix.build/Debug/Mac\ Mouse\ Fix.build /Users/shawnrain/Library/Mobile\ Documents/com\~apple\~CloudDocs/Shawn\ Rain/Vibe-Coding/MacMouseFix/App/UI/Main/mul.lproj/Main.xcstrings

CompileXCStrings /Users/shawnrain/Library/Developer/Xcode/DerivedData/Mouse_Fix-bnijtbnbbtqglwclwfpwrxsqeaod/Build/Intermediates.noindex/Mouse\ Fix.build/Debug/Mac\ Mouse\ Fix.build/ /Users/shawnrain/Library/Mobile\ Documents/com~apple~CloudDocs/Shawn\ Rain/Vibe-Coding/MacMouseFix/App/UI/Main/Tabs/ButtonTab/Options/mul.lproj/ButtonOptionsViewController.xcstrings (in target 'Mac Mouse Fix' from project 'Mouse Fix')
    cd /Users/shawnrain/Library/Mobile\ Documents/com\~apple\~CloudDocs/Shawn\ Rain/Vibe-Coding/MacMouseFix
    /Applications/Xcode.app/Contents/Developer/usr/bin/xcstringstool compile --output-directory /Users/shawnrain/Library/Developer/Xcode/DerivedData/Mouse_Fix-bnijtbnbbtqglwclwfpwrxsqeaod/Build/Intermediates.noindex/Mouse\ Fix.build/Debug/Mac\ Mouse\ Fix.build /Users/shawnrain/Library/Mobile\ Documents/com\~apple\~CloudDocs/Shawn\ Rain/Vibe-Coding/MacMouseFix/App/UI/Main/Tabs/ButtonTab/Options/mul.lproj/ButtonOptionsViewController.xcstrings

CompileXCStrings /Users/shawnrain/Library/Developer/Xcode/DerivedData/Mouse_Fix-bnijtbnbbtqglwclwfpwrxsqeaod/Build/Intermediates.noindex/Mouse\ Fix.build/Debug/Mac\ Mouse\ Fix.build/ /Users/shawnrain/Library/Mobile\ Documents/com~apple~CloudDocs/Shawn\ Rain/Vibe-Coding/MacMouseFix/App/UI/LicenseSheet/mul.lproj/LicenseSheetController.xcstrings (in target 'Mac Mouse Fix' from project 'Mouse Fix')
    cd /Users/shawnrain/Library/Mobile\ Documents/com\~apple\~CloudDocs/Shawn\ Rain/Vibe-Coding/MacMouseFix
    /Applications/Xcode.app/Contents/Developer/usr/bin/xcstringstool compile --output-directory /Users/shawnrain/Library/Developer/Xcode/DerivedData/Mouse_Fix-bnijtbnbbtqglwclwfpwrxsqeaod/Build/Intermediates.noindex/Mouse\ Fix.build/Debug/Mac\ Mouse\ Fix.build /Users/shawnrain/Library/Mobile\ Documents/com\~apple\~CloudDocs/Shawn\ Rain/Vibe-Coding/MacMouseFix/App/UI/LicenseSheet/mul.lproj/LicenseSheetController.xcstrings

CompileXCStrings /Users/shawnrain/Library/Developer/Xcode/DerivedData/Mouse_Fix-bnijtbnbbtqglwclwfpwrxsqeaod/Build/Intermediates.noindex/Mouse\ Fix.build/Debug/Mac\ Mouse\ Fix.build/ /Users/shawnrain/Library/Mobile\ Documents/com~apple~CloudDocs/Shawn\ Rain/Vibe-Coding/MacMouseFix/Localization/Localizable.xcstrings (in target 'Mac Mouse Fix' from project 'Mouse Fix')
    cd /Users/shawnrain/Library/Mobile\ Documents/com\~apple\~CloudDocs/Shawn\ Rain/Vibe-Coding/MacMouseFix
    /Applications/Xcode.app/Contents/Developer/usr/bin/xcstringstool compile --output-directory /Users/shawnrain/Library/Developer/Xcode/DerivedData/Mouse_Fix-bnijtbnbbtqglwclwfpwrxsqeaod/Build/Intermediates.noindex/Mouse\ Fix.build/Debug/Mac\ Mouse\ Fix.build /Users/shawnrain/Library/Mobile\ Documents/com\~apple\~CloudDocs/Shawn\ Rain/Vibe-Coding/MacMouseFix/Localization/Localizable.xcstrings

CompileXCStrings /Users/shawnrain/Library/Developer/Xcode/DerivedData/Mouse_Fix-bnijtbnbbtqglwclwfpwrxsqeaod/Build/Intermediates.noindex/Mouse\ Fix.build/Debug/Mac\ Mouse\ Fix.build/ /Users/shawnrain/Library/Mobile\ Documents/com~apple~CloudDocs/Shawn\ Rain/Vibe-Coding/MacMouseFix/App/UI/Accessibility/mul.lproj/AuthorizeAccessibilityView.xcstrings (in target 'Mac Mouse Fix' from project 'Mouse Fix')
    cd /Users/shawnrain/Library/Mobile\ Documents/com\~apple\~CloudDocs/Shawn\ Rain/Vibe-Coding/MacMouseFix
    /Applications/Xcode.app/Contents/Developer/usr/bin/xcstringstool compile --output-directory /Users/shawnrain/Library/Developer/Xcode/DerivedData/Mouse_Fix-bnijtbnbbtqglwclwfpwrxsqeaod/Build/Intermediates.noindex/Mouse\ Fix.build/Debug/Mac\ Mouse\ Fix.build /Users/shawnrain/Library/Mobile\ Documents/com\~apple\~CloudDocs/Shawn\ Rain/Vibe-Coding/MacMouseFix/App/UI/Accessibility/mul.lproj/AuthorizeAccessibilityView.xcstrings

CompileXCStrings /Users/shawnrain/Library/Developer/Xcode/DerivedData/Mouse_Fix-bnijtbnbbtqglwclwfpwrxsqeaod/Build/Intermediates.noindex/Mouse\ Fix.build/Debug/Mac\ Mouse\ Fix.build/ /Users/shawnrain/Library/Mobile\ Documents/com~apple~CloudDocs/Shawn\ Rain/Vibe-Coding/MacMouseFix/App/SupportFiles/InfoPlist.xcstrings (in target 'Mac Mouse Fix' from project 'Mouse Fix')
    cd /Users/shawnrain/Library/Mobile\ Documents/com\~apple\~CloudDocs/Shawn\ Rain/Vibe-Coding/MacMouseFix
    /Applications/Xcode.app/Contents/Developer/usr/bin/xcstringstool compile --output-directory /Users/shawnrain/Library/Developer/Xcode/DerivedData/Mouse_Fix-bnijtbnbbtqglwclwfpwrxsqeaod/Build/Intermediates.noindex/Mouse\ Fix.build/Debug/Mac\ Mouse\ Fix.build /Users/shawnrain/Library/Mobile\ Documents/com\~apple\~CloudDocs/Shawn\ Rain/Vibe-Coding/MacMouseFix/App/SupportFiles/InfoPlist.xcstrings

CopyStringsFile /Users/shawnrain/Library/Developer/Xcode/DerivedData/Mouse_Fix-bnijtbnbbtqglwclwfpwrxsqeaod/Build/Products/Debug/Mac\ Mouse\ Fix.app/Contents/Resources/zh-Hans.lproj/InfoPlist.strings /Users/shawnrain/Library/Developer/Xcode/DerivedData/Mouse_Fix-bnijtbnbbtqglwclwfpwrxsqeaod/Build/Intermediates.noindex/Mouse\ Fix.build/Debug/Mac\ Mouse\ Fix.build/zh-Hans.lproj/InfoPlist.strings (in target 'Mac Mouse Fix' from project 'Mouse Fix')
    cd /Users/shawnrain/Library/Mobile\ Documents/com\~apple\~CloudDocs/Shawn\ Rain/Vibe-Coding/MacMouseFix
    builtin-copyStrings --validate --outputencoding UTF-16 --outfilename InfoPlist.strings --outdir /Users/shawnrain/Library/Developer/Xcode/DerivedData/Mouse_Fix-bnijtbnbbtqglwclwfpwrxsqeaod/Build/Products/Debug/Mac\ Mouse\ Fix.app/Contents/Resources/zh-Hans.lproj -- /Users/shawnrain/Library/Developer/Xcode/DerivedData/Mouse_Fix-bnijtbnbbtqglwclwfpwrxsqeaod/Build/Intermediates.noindex/Mouse\ Fix.build/Debug/Mac\ Mouse\ Fix.build/zh-Hans.lproj/InfoPlist.strings
/Users/shawnrain/Library/Developer/Xcode/DerivedData/Mouse_Fix-bnijtbnbbtqglwclwfpwrxsqeaod/Build/Intermediates.noindex/Mouse Fix.build/Debug/Mac Mouse Fix.build/zh-Hans.lproj/InfoPlist.strings:1:1: note: detected encoding of input file as Unicode (UTF-8) (in target 'Mac Mouse Fix' from project 'Mouse Fix')

CopyStringsFile /Users/shawnrain/Library/Developer/Xcode/DerivedData/Mouse_Fix-bnijtbnbbtqglwclwfpwrxsqeaod/Build/Products/Debug/Mac\ Mouse\ Fix.app/Contents/Resources/pt-BR.lproj/InfoPlist.strings /Users/shawnrain/Library/Developer/Xcode/DerivedData/Mouse_Fix-bnijtbnbbtqglwclwfpwrxsqeaod/Build/Intermediates.noindex/Mouse\ Fix.build/Debug/Mac\ Mouse\ Fix.build/pt-BR.lproj/InfoPlist.strings (in target 'Mac Mouse Fix' from project 'Mouse Fix')
    cd /Users/shawnrain/Library/Mobile\ Documents/com\~apple\~CloudDocs/Shawn\ Rain/Vibe-Coding/MacMouseFix
    builtin-copyStrings --validate --outputencoding UTF-16 --outfilename InfoPlist.strings --outdir /Users/shawnrain/Library/Developer/Xcode/DerivedData/Mouse_Fix-bnijtbnbbtqglwclwfpwrxsqeaod/Build/Products/Debug/Mac\ Mouse\ Fix.app/Contents/Resources/pt-BR.lproj -- /Users/shawnrain/Library/Developer/Xcode/DerivedData/Mouse_Fix-bnijtbnbbtqglwclwfpwrxsqeaod/Build/Intermediates.noindex/Mouse\ Fix.build/Debug/Mac\ Mouse\ Fix.build/pt-BR.lproj/InfoPlist.strings
/Users/shawnrain/Library/Developer/Xcode/DerivedData/Mouse_Fix-bnijtbnbbtqglwclwfpwrxsqeaod/Build/Intermediates.noindex/Mouse Fix.build/Debug/Mac Mouse Fix.build/pt-BR.lproj/InfoPlist.strings:1:1: note: detected encoding of input file as Unicode (UTF-8) (in target 'Mac Mouse Fix' from project 'Mouse Fix')

CopyStringsFile /Users/shawnrain/Library/Developer/Xcode/DerivedData/Mouse_Fix-bnijtbnbbtqglwclwfpwrxsqeaod/Build/Products/Debug/Mac\ Mouse\ Fix.app/Contents/Resources/de.lproj/InfoPlist.strings /Users/shawnrain/Library/Developer/Xcode/DerivedData/Mouse_Fix-bnijtbnbbtqglwclwfpwrxsqeaod/Build/Intermediates.noindex/Mouse\ Fix.build/Debug/Mac\ Mouse\ Fix.build/de.lproj/InfoPlist.strings (in target 'Mac Mouse Fix' from project 'Mouse Fix')
    cd /Users/shawnrain/Library/Mobile\ Documents/com\~apple\~CloudDocs/Shawn\ Rain/Vibe-Coding/MacMouseFix
    builtin-copyStrings --validate --outputencoding UTF-16 --outfilename InfoPlist.strings --outdir /Users/shawnrain/Library/Developer/Xcode/DerivedData/Mouse_Fix-bnijtbnbbtqglwclwfpwrxsqeaod/Build/Products/Debug/Mac\ Mouse\ Fix.app/Contents/Resources/de.lproj -- /Users/shawnrain/Library/Developer/Xcode/DerivedData/Mouse_Fix-bnijtbnbbtqglwclwfpwrxsqeaod/Build/Intermediates.noindex/Mouse\ Fix.build/Debug/Mac\ Mouse\ Fix.build/de.lproj/InfoPlist.strings
/Users/shawnrain/Library/Developer/Xcode/DerivedData/Mouse_Fix-bnijtbnbbtqglwclwfpwrxsqeaod/Build/Intermediates.noindex/Mouse Fix.build/Debug/Mac Mouse Fix.build/de.lproj/InfoPlist.strings:1:1: note: detected encoding of input file as Unicode (UTF-8) (in target 'Mac Mouse Fix' from project 'Mouse Fix')

CopyStringsFile /Users/shawnrain/Library/Developer/Xcode/DerivedData/Mouse_Fix-bnijtbnbbtqglwclwfpwrxsqeaod/Build/Products/Debug/Mac\ Mouse\ Fix.app/Contents/Resources/cs.lproj/InfoPlist.strings /Users/shawnrain/Library/Developer/Xcode/DerivedData/Mouse_Fix-bnijtbnbbtqglwclwfpwrxsqeaod/Build/Intermediates.noindex/Mouse\ Fix.build/Debug/Mac\ Mouse\ Fix.build/cs.lproj/InfoPlist.strings (in target 'Mac Mouse Fix' from project 'Mouse Fix')
    cd /Users/shawnrain/Library/Mobile\ Documents/com\~apple\~CloudDocs/Shawn\ Rain/Vibe-Coding/MacMouseFix
    builtin-copyStrings --validate --outputencoding UTF-16 --outfilename InfoPlist.strings --outdir /Users/shawnrain/Library/Developer/Xcode/DerivedData/Mouse_Fix-bnijtbnbbtqglwclwfpwrxsqeaod/Build/Products/Debug/Mac\ Mouse\ Fix.app/Contents/Resources/cs.lproj -- /Users/shawnrain/Library/Developer/Xcode/DerivedData/Mouse_Fix-bnijtbnbbtqglwclwfpwrxsqeaod/Build/Intermediates.noindex/Mouse\ Fix.build/Debug/Mac\ Mouse\ Fix.build/cs.lproj/InfoPlist.strings
/Users/shawnrain/Library/Developer/Xcode/DerivedData/Mouse_Fix-bnijtbnbbtqglwclwfpwrxsqeaod/Build/Intermediates.noindex/Mouse Fix.build/Debug/Mac Mouse Fix.build/cs.lproj/InfoPlist.strings:1:1: note: detected encoding of input file as Unicode (UTF-8) (in target 'Mac Mouse Fix' from project 'Mouse Fix')

CopyStringsFile /Users/shawnrain/Library/Developer/Xcode/DerivedData/Mouse_Fix-bnijtbnbbtqglwclwfpwrxsqeaod/Build/Products/Debug/Mac\ Mouse\ Fix.app/Contents/Resources/zh-Hant.lproj/LicenseSheetController.strings /Users/shawnrain/Library/Developer/Xcode/DerivedData/Mouse_Fix-bnijtbnbbtqglwclwfpwrxsqeaod/Build/Intermediates.noindex/Mouse\ Fix.build/Debug/Mac\ Mouse\ Fix.build/zh-Hant.lproj/LicenseSheetController.strings (in target 'Mac Mouse Fix' from project 'Mouse Fix')
    cd /Users/shawnrain/Library/Mobile\ Documents/com\~apple\~CloudDocs/Shawn\ Rain/Vibe-Coding/MacMouseFix
    builtin-copyStrings --validate --outputencoding UTF-16 --outfilename LicenseSheetController.strings --outdir /Users/shawnrain/Library/Developer/Xcode/DerivedData/Mouse_Fix-bnijtbnbbtqglwclwfpwrxsqeaod/Build/Products/Debug/Mac\ Mouse\ Fix.app/Contents/Resources/zh-Hant.lproj -- /Users/shawnrain/Library/Developer/Xcode/DerivedData/Mouse_Fix-bnijtbnbbtqglwclwfpwrxsqeaod/Build/Intermediates.noindex/Mouse\ Fix.build/Debug/Mac\ Mouse\ Fix.build/zh-Hant.lproj/LicenseSheetController.strings
/Users/shawnrain/Library/Developer/Xcode/DerivedData/Mouse_Fix-bnijtbnbbtqglwclwfpwrxsqeaod/Build/Intermediates.noindex/Mouse Fix.build/Debug/Mac Mouse Fix.build/zh-Hant.lproj/LicenseSheetController.strings:1:1: note: detected encoding of input file as Unicode (UTF-8) (in target 'Mac Mouse Fix' from project 'Mouse Fix')

CopyStringsFile /Users/shawnrain/Library/Developer/Xcode/DerivedData/Mouse_Fix-bnijtbnbbtqglwclwfpwrxsqeaod/Build/Products/Debug/Mac\ Mouse\ Fix.app/Contents/Resources/zh-Hans.lproj/LicenseSheetController.strings /Users/shawnrain/Library/Developer/Xcode/DerivedData/Mouse_Fix-bnijtbnbbtqglwclwfpwrxsqeaod/Build/Intermediates.noindex/Mouse\ Fix.build/Debug/Mac\ Mouse\ Fix.build/zh-Hans.lproj/LicenseSheetController.strings (in target 'Mac Mouse Fix' from project 'Mouse Fix')
    cd /Users/shawnrain/Library/Mobile\ Documents/com\~apple\~CloudDocs/Shawn\ Rain/Vibe-Coding/MacMouseFix
    builtin-copyStrings --validate --outputencoding UTF-16 --outfilename LicenseSheetController.strings --outdir /Users/shawnrain/Library/Developer/Xcode/DerivedData/Mouse_Fix-bnijtbnbbtqglwclwfpwrxsqeaod/Build/Products/Debug/Mac\ Mouse\ Fix.app/Contents/Resources/zh-Hans.lproj -- /Users/shawnrain/Library/Developer/Xcode/DerivedData/Mouse_Fix-bnijtbnbbtqglwclwfpwrxsqeaod/Build/Intermediates.noindex/Mouse\ Fix.build/Debug/Mac\ Mouse\ Fix.build/zh-Hans.lproj/LicenseSheetController.strings
/Users/shawnrain/Library/Developer/Xcode/DerivedData/Mouse_Fix-bnijtbnbbtqglwclwfpwrxsqeaod/Build/Intermediates.noindex/Mouse Fix.build/Debug/Mac Mouse Fix.build/zh-Hans.lproj/LicenseSheetController.strings:1:1: note: detected encoding of input file as Unicode (UTF-8) (in target 'Mac Mouse Fix' from project 'Mouse Fix')

CopyStringsFile /Users/shawnrain/Library/Developer/Xcode/DerivedData/Mouse_Fix-bnijtbnbbtqglwclwfpwrxsqeaod/Build/Products/Debug/Mac\ Mouse\ Fix.app/Contents/Resources/zh-HK.lproj/LicenseSheetController.strings /Users/shawnrain/Library/Developer/Xcode/DerivedData/Mouse_Fix-bnijtbnbbtqglwclwfpwrxsqeaod/Build/Intermediates.noindex/Mouse\ Fix.build/Debug/Mac\ Mouse\ Fix.build/zh-HK.lproj/LicenseSheetController.strings (in target 'Mac Mouse Fix' from project 'Mouse Fix')
    cd /Users/shawnrain/Library/Mobile\ Documents/com\~apple\~CloudDocs/Shawn\ Rain/Vibe-Coding/MacMouseFix
    builtin-copyStrings --validate --outputencoding UTF-16 --outfilename LicenseSheetController.strings --outdir /Users/shawnrain/Library/Developer/Xcode/DerivedData/Mouse_Fix-bnijtbnbbtqglwclwfpwrxsqeaod/Build/Products/Debug/Mac\ Mouse\ Fix.app/Contents/Resources/zh-HK.lproj -- /Users/shawnrain/Library/Developer/Xcode/DerivedData/Mouse_Fix-bnijtbnbbtqglwclwfpwrxsqeaod/Build/Intermediates.noindex/Mouse\ Fix.build/Debug/Mac\ Mouse\ Fix.build/zh-HK.lproj/LicenseSheetController.strings
/Users/shawnrain/Library/Developer/Xcode/DerivedData/Mouse_Fix-bnijtbnbbtqglwclwfpwrxsqeaod/Build/Intermediates.noindex/Mouse Fix.build/Debug/Mac Mouse Fix.build/zh-HK.lproj/LicenseSheetController.strings:1:1: note: detected encoding of input file as Unicode (UTF-8) (in target 'Mac Mouse Fix' from project 'Mouse Fix')

CopyStringsFile /Users/shawnrain/Library/Developer/Xcode/DerivedData/Mouse_Fix-bnijtbnbbtqglwclwfpwrxsqeaod/Build/Products/Debug/Mac\ Mouse\ Fix.app/Contents/Resources/vi.lproj/LicenseSheetController.strings /Users/shawnrain/Library/Developer/Xcode/DerivedData/Mouse_Fix-bnijtbnbbtqglwclwfpwrxsqeaod/Build/Intermediates.noindex/Mouse\ Fix.build/Debug/Mac\ Mouse\ Fix.build/vi.lproj/LicenseSheetController.strings (in target 'Mac Mouse Fix' from project 'Mouse Fix')
    cd /Users/shawnrain/Library/Mobile\ Documents/com\~apple\~CloudDocs/Shawn\ Rain/Vibe-Coding/MacMouseFix
    builtin-copyStrings --validate --outputencoding UTF-16 --outfilename LicenseSheetController.strings --outdir /Users/shawnrain/Library/Developer/Xcode/DerivedData/Mouse_Fix-bnijtbnbbtqglwclwfpwrxsqeaod/Build/Products/Debug/Mac\ Mouse\ Fix.app/Contents/Resources/vi.lproj -- /Users/shawnrain/Library/Developer/Xcode/DerivedData/Mouse_Fix-bnijtbnbbtqglwclwfpwrxsqeaod/Build/Intermediates.noindex/Mouse\ Fix.build/Debug/Mac\ Mouse\ Fix.build/vi.lproj/LicenseSheetController.strings
/Users/shawnrain/Library/Developer/Xcode/DerivedData/Mouse_Fix-bnijtbnbbtqglwclwfpwrxsqeaod/Build/Intermediates.noindex/Mouse Fix.build/Debug/Mac Mouse Fix.build/vi.lproj/LicenseSheetController.strings:1:1: note: detected encoding of input file as Unicode (UTF-8) (in target 'Mac Mouse Fix' from project 'Mouse Fix')

CopyStringsFile /Users/shawnrain/Library/Developer/Xcode/DerivedData/Mouse_Fix-bnijtbnbbtqglwclwfpwrxsqeaod/Build/Products/Debug/Mac\ Mouse\ Fix.app/Contents/Resources/tr.lproj/LicenseSheetController.strings /Users/shawnrain/Library/Developer/Xcode/DerivedData/Mouse_Fix-bnijtbnbbtqglwclwfpwrxsqeaod/Build/Intermediates.noindex/Mouse\ Fix.build/Debug/Mac\ Mouse\ Fix.build/tr.lproj/LicenseSheetController.strings (in target 'Mac Mouse Fix' from project 'Mouse Fix')
    cd /Users/shawnrain/Library/Mobile\ Documents/com\~apple\~CloudDocs/Shawn\ Rain/Vibe-Coding/MacMouseFix
    builtin-copyStrings --validate --outputencoding UTF-16 --outfilename LicenseSheetController.strings --outdir /Users/shawnrain/Library/Developer/Xcode/DerivedData/Mouse_Fix-bnijtbnbbtqglwclwfpwrxsqeaod/Build/Products/Debug/Mac\ Mouse\ Fix.app/Contents/Resources/tr.lproj -- /Users/shawnrain/Library/Developer/Xcode/DerivedData/Mouse_Fix-bnijtbnbbtqglwclwfpwrxsqeaod/Build/Intermediates.noindex/Mouse\ Fix.build/Debug/Mac\ Mouse\ Fix.build/tr.lproj/LicenseSheetController.strings
/Users/shawnrain/Library/Developer/Xcode/DerivedData/Mouse_Fix-bnijtbnbbtqglwclwfpwrxsqeaod/Build/Intermediates.noindex/Mouse Fix.build/Debug/Mac Mouse Fix.build/tr.lproj/LicenseSheetController.strings:1:1: note: detected encoding of input file as Unicode (UTF-8) (in target 'Mac Mouse Fix' from project 'Mouse Fix')

CopyStringsFile /Users/shawnrain/Library/Developer/Xcode/DerivedData/Mouse_Fix-bnijtbnbbtqglwclwfpwrxsqeaod/Build/Products/Debug/Mac\ Mouse\ Fix.app/Contents/Resources/ru.lproj/LicenseSheetController.strings /Users/shawnrain/Library/Developer/Xcode/DerivedData/Mouse_Fix-bnijtbnbbtqglwclwfpwrxsqeaod/Build/Intermediates.noindex/Mouse\ Fix.build/Debug/Mac\ Mouse\ Fix.build/ru.lproj/LicenseSheetController.strings (in target 'Mac Mouse Fix' from project 'Mouse Fix')
    cd /Users/shawnrain/Library/Mobile\ Documents/com\~apple\~CloudDocs/Shawn\ Rain/Vibe-Coding/MacMouseFix
    builtin-copyStrings --validate --outputencoding UTF-16 --outfilename LicenseSheetController.strings --outdir /Users/shawnrain/Library/Developer/Xcode/DerivedData/Mouse_Fix-bnijtbnbbtqglwclwfpwrxsqeaod/Build/Products/Debug/Mac\ Mouse\ Fix.app/Contents/Resources/ru.lproj -- /Users/shawnrain/Library/Developer/Xcode/DerivedData/Mouse_Fix-bnijtbnbbtqglwclwfpwrxsqeaod/Build/Intermediates.noindex/Mouse\ Fix.build/Debug/Mac\ Mouse\ Fix.build/ru.lproj/LicenseSheetController.strings
/Users/shawnrain/Library/Developer/Xcode/DerivedData/Mouse_Fix-bnijtbnbbtqglwclwfpwrxsqeaod/Build/Intermediates.noindex/Mouse Fix.build/Debug/Mac Mouse Fix.build/ru.lproj/LicenseSheetController.strings:1:1: note: detected encoding of input file as Unicode (UTF-8) (in target 'Mac Mouse Fix' from project 'Mouse Fix')

CopyStringsFile /Users/shawnrain/Library/Developer/Xcode/DerivedData/Mouse_Fix-bnijtbnbbtqglwclwfpwrxsqeaod/Build/Products/Debug/Mac\ Mouse\ Fix.app/Contents/Resources/pt-BR.lproj/LicenseSheetController.strings /Users/shawnrain/Library/Developer/Xcode/DerivedData/Mouse_Fix-bnijtbnbbtqglwclwfpwrxsqeaod/Build/Intermediates.noindex/Mouse\ Fix.build/Debug/Mac\ Mouse\ Fix.build/pt-BR.lproj/LicenseSheetController.strings (in target 'Mac Mouse Fix' from project 'Mouse Fix')
    cd /Users/shawnrain/Library/Mobile\ Documents/com\~apple\~CloudDocs/Shawn\ Rain/Vibe-Coding/MacMouseFix
    builtin-copyStrings --validate --outputencoding UTF-16 --outfilename LicenseSheetController.strings --outdir /Users/shawnrain/Library/Developer/Xcode/DerivedData/Mouse_Fix-bnijtbnbbtqglwclwfpwrxsqeaod/Build/Products/Debug/Mac\ Mouse\ Fix.app/Contents/Resources/pt-BR.lproj -- /Users/shawnrain/Library/Developer/Xcode/DerivedData/Mouse_Fix-bnijtbnbbtqglwclwfpwrxsqeaod/Build/Intermediates.noindex/Mouse\ Fix.build/Debug/Mac\ Mouse\ Fix.build/pt-BR.lproj/LicenseSheetController.strings
/Users/shawnrain/Library/Developer/Xcode/DerivedData/Mouse_Fix-bnijtbnbbtqglwclwfpwrxsqeaod/Build/Intermediates.noindex/Mouse Fix.build/Debug/Mac Mouse Fix.build/pt-BR.lproj/LicenseSheetController.strings:1:1: note: detected encoding of input file as Unicode (UTF-8) (in target 'Mac Mouse Fix' from project 'Mouse Fix')

CopyStringsFile /Users/shawnrain/Library/Developer/Xcode/DerivedData/Mouse_Fix-bnijtbnbbtqglwclwfpwrxsqeaod/Build/Products/Debug/Mac\ Mouse\ Fix.app/Contents/Resources/ko.lproj/LicenseSheetController.strings /Users/shawnrain/Library/Developer/Xcode/DerivedData/Mouse_Fix-bnijtbnbbtqglwclwfpwrxsqeaod/Build/Intermediates.noindex/Mouse\ Fix.build/Debug/Mac\ Mouse\ Fix.build/ko.lproj/LicenseSheetController.strings (in target 'Mac Mouse Fix' from project 'Mouse Fix')
    cd /Users/shawnrain/Library/Mobile\ Documents/com\~apple\~CloudDocs/Shawn\ Rain/Vibe-Coding/MacMouseFix
    builtin-copyStrings --validate --outputencoding UTF-16 --outfilename LicenseSheetController.strings --outdir /Users/shawnrain/Library/Developer/Xcode/DerivedData/Mouse_Fix-bnijtbnbbtqglwclwfpwrxsqeaod/Build/Products/Debug/Mac\ Mouse\ Fix.app/Contents/Resources/ko.lproj -- /Users/shawnrain/Library/Developer/Xcode/DerivedData/Mouse_Fix-bnijtbnbbtqglwclwfpwrxsqeaod/Build/Intermediates.noindex/Mouse\ Fix.build/Debug/Mac\ Mouse\ Fix.build/ko.lproj/LicenseSheetController.strings
/Users/shawnrain/Library/Developer/Xcode/DerivedData/Mouse_Fix-bnijtbnbbtqglwclwfpwrxsqeaod/Build/Intermediates.noindex/Mouse Fix.build/Debug/Mac Mouse Fix.build/ko.lproj/LicenseSheetController.strings:1:1: note: detected encoding of input file as Unicode (UTF-8) (in target 'Mac Mouse Fix' from project 'Mouse Fix')

CopyStringsFile /Users/shawnrain/Library/Developer/Xcode/DerivedData/Mouse_Fix-bnijtbnbbtqglwclwfpwrxsqeaod/Build/Products/Debug/Mac\ Mouse\ Fix.app/Contents/Resources/fr.lproj/LicenseSheetController.strings /Users/shawnrain/Library/Developer/Xcode/DerivedData/Mouse_Fix-bnijtbnbbtqglwclwfpwrxsqeaod/Build/Intermediates.noindex/Mouse\ Fix.build/Debug/Mac\ Mouse\ Fix.build/fr.lproj/LicenseSheetController.strings (in target 'Mac Mouse Fix' from project 'Mouse Fix')
    cd /Users/shawnrain/Library/Mobile\ Documents/com\~apple\~CloudDocs/Shawn\ Rain/Vibe-Coding/MacMouseFix
    builtin-copyStrings --validate --outputencoding UTF-16 --outfilename LicenseSheetController.strings --outdir /Users/shawnrain/Library/Developer/Xcode/DerivedData/Mouse_Fix-bnijtbnbbtqglwclwfpwrxsqeaod/Build/Products/Debug/Mac\ Mouse\ Fix.app/Contents/Resources/fr.lproj -- /Users/shawnrain/Library/Developer/Xcode/DerivedData/Mouse_Fix-bnijtbnbbtqglwclwfpwrxsqeaod/Build/Intermediates.noindex/Mouse\ Fix.build/Debug/Mac\ Mouse\ Fix.build/fr.lproj/LicenseSheetController.strings
/Users/shawnrain/Library/Developer/Xcode/DerivedData/Mouse_Fix-bnijtbnbbtqglwclwfpwrxsqeaod/Build/Intermediates.noindex/Mouse Fix.build/Debug/Mac Mouse Fix.build/fr.lproj/LicenseSheetController.strings:1:1: note: detected encoding of input file as Unicode (UTF-8) (in target 'Mac Mouse Fix' from project 'Mouse Fix')

CopyStringsFile /Users/shawnrain/Library/Developer/Xcode/DerivedData/Mouse_Fix-bnijtbnbbtqglwclwfpwrxsqeaod/Build/Products/Debug/Mac\ Mouse\ Fix.app/Contents/Resources/es.lproj/LicenseSheetController.strings /Users/shawnrain/Library/Developer/Xcode/DerivedData/Mouse_Fix-bnijtbnbbtqglwclwfpwrxsqeaod/Build/Intermediates.noindex/Mouse\ Fix.build/Debug/Mac\ Mouse\ Fix.build/es.lproj/LicenseSheetController.strings (in target 'Mac Mouse Fix' from project 'Mouse Fix')
    cd /Users/shawnrain/Library/Mobile\ Documents/com\~apple\~CloudDocs/Shawn\ Rain/Vibe-Coding/MacMouseFix
    builtin-copyStrings --validate --outputencoding UTF-16 --outfilename LicenseSheetController.strings --outdir /Users/shawnrain/Library/Developer/Xcode/DerivedData/Mouse_Fix-bnijtbnbbtqglwclwfpwrxsqeaod/Build/Products/Debug/Mac\ Mouse\ Fix.app/Contents/Resources/es.lproj -- /Users/shawnrain/Library/Developer/Xcode/DerivedData/Mouse_Fix-bnijtbnbbtqglwclwfpwrxsqeaod/Build/Intermediates.noindex/Mouse\ Fix.build/Debug/Mac\ Mouse\ Fix.build/es.lproj/LicenseSheetController.strings
/Users/shawnrain/Library/Developer/Xcode/DerivedData/Mouse_Fix-bnijtbnbbtqglwclwfpwrxsqeaod/Build/Intermediates.noindex/Mouse Fix.build/Debug/Mac Mouse Fix.build/es.lproj/LicenseSheetController.strings:1:1: note: detected encoding of input file as Unicode (UTF-8) (in target 'Mac Mouse Fix' from project 'Mouse Fix')

CopyStringsFile /Users/shawnrain/Library/Developer/Xcode/DerivedData/Mouse_Fix-bnijtbnbbtqglwclwfpwrxsqeaod/Build/Products/Debug/Mac\ Mouse\ Fix.app/Contents/Resources/de.lproj/LicenseSheetController.strings /Users/shawnrain/Library/Developer/Xcode/DerivedData/Mouse_Fix-bnijtbnbbtqglwclwfpwrxsqeaod/Build/Intermediates.noindex/Mouse\ Fix.build/Debug/Mac\ Mouse\ Fix.build/de.lproj/LicenseSheetController.strings (in target 'Mac Mouse Fix' from project 'Mouse Fix')
    cd /Users/shawnrain/Library/Mobile\ Documents/com\~apple\~CloudDocs/Shawn\ Rain/Vibe-Coding/MacMouseFix
    builtin-copyStrings --validate --outputencoding UTF-16 --outfilename LicenseSheetController.strings --outdir /Users/shawnrain/Library/Developer/Xcode/DerivedData/Mouse_Fix-bnijtbnbbtqglwclwfpwrxsqeaod/Build/Products/Debug/Mac\ Mouse\ Fix.app/Contents/Resources/de.lproj -- /Users/shawnrain/Library/Developer/Xcode/DerivedData/Mouse_Fix-bnijtbnbbtqglwclwfpwrxsqeaod/Build/Intermediates.noindex/Mouse\ Fix.build/Debug/Mac\ Mouse\ Fix.build/de.lproj/LicenseSheetController.strings
/Users/shawnrain/Library/Developer/Xcode/DerivedData/Mouse_Fix-bnijtbnbbtqglwclwfpwrxsqeaod/Build/Intermediates.noindex/Mouse Fix.build/Debug/Mac Mouse Fix.build/de.lproj/LicenseSheetController.strings:1:1: note: detected encoding of input file as Unicode (UTF-8) (in target 'Mac Mouse Fix' from project 'Mouse Fix')

CopyStringsFile /Users/shawnrain/Library/Developer/Xcode/DerivedData/Mouse_Fix-bnijtbnbbtqglwclwfpwrxsqeaod/Build/Products/Debug/Mac\ Mouse\ Fix.app/Contents/Resources/cs.lproj/LicenseSheetController.strings /Users/shawnrain/Library/Developer/Xcode/DerivedData/Mouse_Fix-bnijtbnbbtqglwclwfpwrxsqeaod/Build/Intermediates.noindex/Mouse\ Fix.build/Debug/Mac\ Mouse\ Fix.build/cs.lproj/LicenseSheetController.strings (in target 'Mac Mouse Fix' from project 'Mouse Fix')
    cd /Users/shawnrain/Library/Mobile\ Documents/com\~apple\~CloudDocs/Shawn\ Rain/Vibe-Coding/MacMouseFix
    builtin-copyStrings --validate --outputencoding UTF-16 --outfilename LicenseSheetController.strings --outdir /Users/shawnrain/Library/Developer/Xcode/DerivedData/Mouse_Fix-bnijtbnbbtqglwclwfpwrxsqeaod/Build/Products/Debug/Mac\ Mouse\ Fix.app/Contents/Resources/cs.lproj -- /Users/shawnrain/Library/Developer/Xcode/DerivedData/Mouse_Fix-bnijtbnbbtqglwclwfpwrxsqeaod/Build/Intermediates.noindex/Mouse\ Fix.build/Debug/Mac\ Mouse\ Fix.build/cs.lproj/LicenseSheetController.strings
/Users/shawnrain/Library/Developer/Xcode/DerivedData/Mouse_Fix-bnijtbnbbtqglwclwfpwrxsqeaod/Build/Intermediates.noindex/Mouse Fix.build/Debug/Mac Mouse Fix.build/cs.lproj/LicenseSheetController.strings:1:1: note: detected encoding of input file as Unicode (UTF-8) (in target 'Mac Mouse Fix' from project 'Mouse Fix')

CopyStringsFile /Users/shawnrain/Library/Developer/Xcode/DerivedData/Mouse_Fix-bnijtbnbbtqglwclwfpwrxsqeaod/Build/Products/Debug/Mac\ Mouse\ Fix.app/Contents/Resources/zh-Hant.lproj/ButtonOptionsViewController.strings /Users/shawnrain/Library/Developer/Xcode/DerivedData/Mouse_Fix-bnijtbnbbtqglwclwfpwrxsqeaod/Build/Intermediates.noindex/Mouse\ Fix.build/Debug/Mac\ Mouse\ Fix.build/zh-Hant.lproj/ButtonOptionsViewController.strings (in target 'Mac Mouse Fix' from project 'Mouse Fix')
    cd /Users/shawnrain/Library/Mobile\ Documents/com\~apple\~CloudDocs/Shawn\ Rain/Vibe-Coding/MacMouseFix
    builtin-copyStrings --validate --outputencoding UTF-16 --outfilename ButtonOptionsViewController.strings --outdir /Users/shawnrain/Library/Developer/Xcode/DerivedData/Mouse_Fix-bnijtbnbbtqglwclwfpwrxsqeaod/Build/Products/Debug/Mac\ Mouse\ Fix.app/Contents/Resources/zh-Hant.lproj -- /Users/shawnrain/Library/Developer/Xcode/DerivedData/Mouse_Fix-bnijtbnbbtqglwclwfpwrxsqeaod/Build/Intermediates.noindex/Mouse\ Fix.build/Debug/Mac\ Mouse\ Fix.build/zh-Hant.lproj/ButtonOptionsViewController.strings
/Users/shawnrain/Library/Developer/Xcode/DerivedData/Mouse_Fix-bnijtbnbbtqglwclwfpwrxsqeaod/Build/Intermediates.noindex/Mouse Fix.build/Debug/Mac Mouse Fix.build/zh-Hant.lproj/ButtonOptionsViewController.strings:1:1: note: detected encoding of input file as Unicode (UTF-8) (in target 'Mac Mouse Fix' from project 'Mouse Fix')

CopyStringsFile /Users/shawnrain/Library/Developer/Xcode/DerivedData/Mouse_Fix-bnijtbnbbtqglwclwfpwrxsqeaod/Build/Products/Debug/Mac\ Mouse\ Fix.app/Contents/Resources/zh-Hans.lproj/ButtonOptionsViewController.strings /Users/shawnrain/Library/Developer/Xcode/DerivedData/Mouse_Fix-bnijtbnbbtqglwclwfpwrxsqeaod/Build/Intermediates.noindex/Mouse\ Fix.build/Debug/Mac\ Mouse\ Fix.build/zh-Hans.lproj/ButtonOptionsViewController.strings (in target 'Mac Mouse Fix' from project 'Mouse Fix')
    cd /Users/shawnrain/Library/Mobile\ Documents/com\~apple\~CloudDocs/Shawn\ Rain/Vibe-Coding/MacMouseFix
    builtin-copyStrings --validate --outputencoding UTF-16 --outfilename ButtonOptionsViewController.strings --outdir /Users/shawnrain/Library/Developer/Xcode/DerivedData/Mouse_Fix-bnijtbnbbtqglwclwfpwrxsqeaod/Build/Products/Debug/Mac\ Mouse\ Fix.app/Contents/Resources/zh-Hans.lproj -- /Users/shawnrain/Library/Developer/Xcode/DerivedData/Mouse_Fix-bnijtbnbbtqglwclwfpwrxsqeaod/Build/Intermediates.noindex/Mouse\ Fix.build/Debug/Mac\ Mouse\ Fix.build/zh-Hans.lproj/ButtonOptionsViewController.strings
/Users/shawnrain/Library/Developer/Xcode/DerivedData/Mouse_Fix-bnijtbnbbtqglwclwfpwrxsqeaod/Build/Intermediates.noindex/Mouse Fix.build/Debug/Mac Mouse Fix.build/zh-Hans.lproj/ButtonOptionsViewController.strings:1:1: note: detected encoding of input file as Unicode (UTF-8) (in target 'Mac Mouse Fix' from project 'Mouse Fix')

CopyStringsFile /Users/shawnrain/Library/Developer/Xcode/DerivedData/Mouse_Fix-bnijtbnbbtqglwclwfpwrxsqeaod/Build/Products/Debug/Mac\ Mouse\ Fix.app/Contents/Resources/zh-HK.lproj/ButtonOptionsViewController.strings /Users/shawnrain/Library/Developer/Xcode/DerivedData/Mouse_Fix-bnijtbnbbtqglwclwfpwrxsqeaod/Build/Intermediates.noindex/Mouse\ Fix.build/Debug/Mac\ Mouse\ Fix.build/zh-HK.lproj/ButtonOptionsViewController.strings (in target 'Mac Mouse Fix' from project 'Mouse Fix')
    cd /Users/shawnrain/Library/Mobile\ Documents/com\~apple\~CloudDocs/Shawn\ Rain/Vibe-Coding/MacMouseFix
    builtin-copyStrings --validate --outputencoding UTF-16 --outfilename ButtonOptionsViewController.strings --outdir /Users/shawnrain/Library/Developer/Xcode/DerivedData/Mouse_Fix-bnijtbnbbtqglwclwfpwrxsqeaod/Build/Products/Debug/Mac\ Mouse\ Fix.app/Contents/Resources/zh-HK.lproj -- /Users/shawnrain/Library/Developer/Xcode/DerivedData/Mouse_Fix-bnijtbnbbtqglwclwfpwrxsqeaod/Build/Intermediates.noindex/Mouse\ Fix.build/Debug/Mac\ Mouse\ Fix.build/zh-HK.lproj/ButtonOptionsViewController.strings
/Users/shawnrain/Library/Developer/Xcode/DerivedData/Mouse_Fix-bnijtbnbbtqglwclwfpwrxsqeaod/Build/Intermediates.noindex/Mouse Fix.build/Debug/Mac Mouse Fix.build/zh-HK.lproj/ButtonOptionsViewController.strings:1:1: note: detected encoding of input file as Unicode (UTF-8) (in target 'Mac Mouse Fix' from project 'Mouse Fix')

CopyStringsFile /Users/shawnrain/Library/Developer/Xcode/DerivedData/Mouse_Fix-bnijtbnbbtqglwclwfpwrxsqeaod/Build/Products/Debug/Mac\ Mouse\ Fix.app/Contents/Resources/vi.lproj/ButtonOptionsViewController.strings /Users/shawnrain/Library/Developer/Xcode/DerivedData/Mouse_Fix-bnijtbnbbtqglwclwfpwrxsqeaod/Build/Intermediates.noindex/Mouse\ Fix.build/Debug/Mac\ Mouse\ Fix.build/vi.lproj/ButtonOptionsViewController.strings (in target 'Mac Mouse Fix' from project 'Mouse Fix')
    cd /Users/shawnrain/Library/Mobile\ Documents/com\~apple\~CloudDocs/Shawn\ Rain/Vibe-Coding/MacMouseFix
    builtin-copyStrings --validate --outputencoding UTF-16 --outfilename ButtonOptionsViewController.strings --outdir /Users/shawnrain/Library/Developer/Xcode/DerivedData/Mouse_Fix-bnijtbnbbtqglwclwfpwrxsqeaod/Build/Products/Debug/Mac\ Mouse\ Fix.app/Contents/Resources/vi.lproj -- /Users/shawnrain/Library/Developer/Xcode/DerivedData/Mouse_Fix-bnijtbnbbtqglwclwfpwrxsqeaod/Build/Intermediates.noindex/Mouse\ Fix.build/Debug/Mac\ Mouse\ Fix.build/vi.lproj/ButtonOptionsViewController.strings
/Users/shawnrain/Library/Developer/Xcode/DerivedData/Mouse_Fix-bnijtbnbbtqglwclwfpwrxsqeaod/Build/Intermediates.noindex/Mouse Fix.build/Debug/Mac Mouse Fix.build/vi.lproj/ButtonOptionsViewController.strings:1:1: note: detected encoding of input file as Unicode (UTF-8) (in target 'Mac Mouse Fix' from project 'Mouse Fix')

CopyStringsFile /Users/shawnrain/Library/Developer/Xcode/DerivedData/Mouse_Fix-bnijtbnbbtqglwclwfpwrxsqeaod/Build/Products/Debug/Mac\ Mouse\ Fix.app/Contents/Resources/ru.lproj/ButtonOptionsViewController.strings /Users/shawnrain/Library/Developer/Xcode/DerivedData/Mouse_Fix-bnijtbnbbtqglwclwfpwrxsqeaod/Build/Intermediates.noindex/Mouse\ Fix.build/Debug/Mac\ Mouse\ Fix.build/ru.lproj/ButtonOptionsViewController.strings (in target 'Mac Mouse Fix' from project 'Mouse Fix')
    cd /Users/shawnrain/Library/Mobile\ Documents/com\~apple\~CloudDocs/Shawn\ Rain/Vibe-Coding/MacMouseFix
    builtin-copyStrings --validate --outputencoding UTF-16 --outfilename ButtonOptionsViewController.strings --outdir /Users/shawnrain/Library/Developer/Xcode/DerivedData/Mouse_Fix-bnijtbnbbtqglwclwfpwrxsqeaod/Build/Products/Debug/Mac\ Mouse\ Fix.app/Contents/Resources/ru.lproj -- /Users/shawnrain/Library/Developer/Xcode/DerivedData/Mouse_Fix-bnijtbnbbtqglwclwfpwrxsqeaod/Build/Intermediates.noindex/Mouse\ Fix.build/Debug/Mac\ Mouse\ Fix.build/ru.lproj/ButtonOptionsViewController.strings
/Users/shawnrain/Library/Developer/Xcode/DerivedData/Mouse_Fix-bnijtbnbbtqglwclwfpwrxsqeaod/Build/Intermediates.noindex/Mouse Fix.build/Debug/Mac Mouse Fix.build/ru.lproj/ButtonOptionsViewController.strings:1:1: note: detected encoding of input file as Unicode (UTF-8) (in target 'Mac Mouse Fix' from project 'Mouse Fix')

CopyStringsFile /Users/shawnrain/Library/Developer/Xcode/DerivedData/Mouse_Fix-bnijtbnbbtqglwclwfpwrxsqeaod/Build/Products/Debug/Mac\ Mouse\ Fix.app/Contents/Resources/tr.lproj/ButtonOptionsViewController.strings /Users/shawnrain/Library/Developer/Xcode/DerivedData/Mouse_Fix-bnijtbnbbtqglwclwfpwrxsqeaod/Build/Intermediates.noindex/Mouse\ Fix.build/Debug/Mac\ Mouse\ Fix.build/tr.lproj/ButtonOptionsViewController.strings (in target 'Mac Mouse Fix' from project 'Mouse Fix')
    cd /Users/shawnrain/Library/Mobile\ Documents/com\~apple\~CloudDocs/Shawn\ Rain/Vibe-Coding/MacMouseFix
    builtin-copyStrings --validate --outputencoding UTF-16 --outfilename ButtonOptionsViewController.strings --outdir /Users/shawnrain/Library/Developer/Xcode/DerivedData/Mouse_Fix-bnijtbnbbtqglwclwfpwrxsqeaod/Build/Products/Debug/Mac\ Mouse\ Fix.app/Contents/Resources/tr.lproj -- /Users/shawnrain/Library/Developer/Xcode/DerivedData/Mouse_Fix-bnijtbnbbtqglwclwfpwrxsqeaod/Build/Intermediates.noindex/Mouse\ Fix.build/Debug/Mac\ Mouse\ Fix.build/tr.lproj/ButtonOptionsViewController.strings
/Users/shawnrain/Library/Developer/Xcode/DerivedData/Mouse_Fix-bnijtbnbbtqglwclwfpwrxsqeaod/Build/Intermediates.noindex/Mouse Fix.build/Debug/Mac Mouse Fix.build/tr.lproj/ButtonOptionsViewController.strings:1:1: note: detected encoding of input file as Unicode (UTF-8) (in target 'Mac Mouse Fix' from project 'Mouse Fix')

CopyStringsFile /Users/shawnrain/Library/Developer/Xcode/DerivedData/Mouse_Fix-bnijtbnbbtqglwclwfpwrxsqeaod/Build/Products/Debug/Mac\ Mouse\ Fix.app/Contents/Resources/pt-BR.lproj/ButtonOptionsViewController.strings /Users/shawnrain/Library/Developer/Xcode/DerivedData/Mouse_Fix-bnijtbnbbtqglwclwfpwrxsqeaod/Build/Intermediates.noindex/Mouse\ Fix.build/Debug/Mac\ Mouse\ Fix.build/pt-BR.lproj/ButtonOptionsViewController.strings (in target 'Mac Mouse Fix' from project 'Mouse Fix')
    cd /Users/shawnrain/Library/Mobile\ Documents/com\~apple\~CloudDocs/Shawn\ Rain/Vibe-Coding/MacMouseFix
    builtin-copyStrings --validate --outputencoding UTF-16 --outfilename ButtonOptionsViewController.strings --outdir /Users/shawnrain/Library/Developer/Xcode/DerivedData/Mouse_Fix-bnijtbnbbtqglwclwfpwrxsqeaod/Build/Products/Debug/Mac\ Mouse\ Fix.app/Contents/Resources/pt-BR.lproj -- /Users/shawnrain/Library/Developer/Xcode/DerivedData/Mouse_Fix-bnijtbnbbtqglwclwfpwrxsqeaod/Build/Intermediates.noindex/Mouse\ Fix.build/Debug/Mac\ Mouse\ Fix.build/pt-BR.lproj/ButtonOptionsViewController.strings
/Users/shawnrain/Library/Developer/Xcode/DerivedData/Mouse_Fix-bnijtbnbbtqglwclwfpwrxsqeaod/Build/Intermediates.noindex/Mouse Fix.build/Debug/Mac Mouse Fix.build/pt-BR.lproj/ButtonOptionsViewController.strings:1:1: note: detected encoding of input file as Unicode (UTF-8) (in target 'Mac Mouse Fix' from project 'Mouse Fix')

CopyStringsFile /Users/shawnrain/Library/Developer/Xcode/DerivedData/Mouse_Fix-bnijtbnbbtqglwclwfpwrxsqeaod/Build/Products/Debug/Mac\ Mouse\ Fix.app/Contents/Resources/ko.lproj/ButtonOptionsViewController.strings /Users/shawnrain/Library/Developer/Xcode/DerivedData/Mouse_Fix-bnijtbnbbtqglwclwfpwrxsqeaod/Build/Intermediates.noindex/Mouse\ Fix.build/Debug/Mac\ Mouse\ Fix.build/ko.lproj/ButtonOptionsViewController.strings (in target 'Mac Mouse Fix' from project 'Mouse Fix')
    cd /Users/shawnrain/Library/Mobile\ Documents/com\~apple\~CloudDocs/Shawn\ Rain/Vibe-Coding/MacMouseFix
    builtin-copyStrings --validate --outputencoding UTF-16 --outfilename ButtonOptionsViewController.strings --outdir /Users/shawnrain/Library/Developer/Xcode/DerivedData/Mouse_Fix-bnijtbnbbtqglwclwfpwrxsqeaod/Build/Products/Debug/Mac\ Mouse\ Fix.app/Contents/Resources/ko.lproj -- /Users/shawnrain/Library/Developer/Xcode/DerivedData/Mouse_Fix-bnijtbnbbtqglwclwfpwrxsqeaod/Build/Intermediates.noindex/Mouse\ Fix.build/Debug/Mac\ Mouse\ Fix.build/ko.lproj/ButtonOptionsViewController.strings
/Users/shawnrain/Library/Developer/Xcode/DerivedData/Mouse_Fix-bnijtbnbbtqglwclwfpwrxsqeaod/Build/Intermediates.noindex/Mouse Fix.build/Debug/Mac Mouse Fix.build/ko.lproj/ButtonOptionsViewController.strings:1:1: note: detected encoding of input file as Unicode (UTF-8) (in target 'Mac Mouse Fix' from project 'Mouse Fix')

CopyStringsFile /Users/shawnrain/Library/Developer/Xcode/DerivedData/Mouse_Fix-bnijtbnbbtqglwclwfpwrxsqeaod/Build/Products/Debug/Mac\ Mouse\ Fix.app/Contents/Resources/fr.lproj/ButtonOptionsViewController.strings /Users/shawnrain/Library/Developer/Xcode/DerivedData/Mouse_Fix-bnijtbnbbtqglwclwfpwrxsqeaod/Build/Intermediates.noindex/Mouse\ Fix.build/Debug/Mac\ Mouse\ Fix.build/fr.lproj/ButtonOptionsViewController.strings (in target 'Mac Mouse Fix' from project 'Mouse Fix')
    cd /Users/shawnrain/Library/Mobile\ Documents/com\~apple\~CloudDocs/Shawn\ Rain/Vibe-Coding/MacMouseFix
    builtin-copyStrings --validate --outputencoding UTF-16 --outfilename ButtonOptionsViewController.strings --outdir /Users/shawnrain/Library/Developer/Xcode/DerivedData/Mouse_Fix-bnijtbnbbtqglwclwfpwrxsqeaod/Build/Products/Debug/Mac\ Mouse\ Fix.app/Contents/Resources/fr.lproj -- /Users/shawnrain/Library/Developer/Xcode/DerivedData/Mouse_Fix-bnijtbnbbtqglwclwfpwrxsqeaod/Build/Intermediates.noindex/Mouse\ Fix.build/Debug/Mac\ Mouse\ Fix.build/fr.lproj/ButtonOptionsViewController.strings
/Users/shawnrain/Library/Developer/Xcode/DerivedData/Mouse_Fix-bnijtbnbbtqglwclwfpwrxsqeaod/Build/Intermediates.noindex/Mouse Fix.build/Debug/Mac Mouse Fix.build/fr.lproj/ButtonOptionsViewController.strings:1:1: note: detected encoding of input file as Unicode (UTF-8) (in target 'Mac Mouse Fix' from project 'Mouse Fix')

CopyStringsFile /Users/shawnrain/Library/Developer/Xcode/DerivedData/Mouse_Fix-bnijtbnbbtqglwclwfpwrxsqeaod/Build/Products/Debug/Mac\ Mouse\ Fix.app/Contents/Resources/es.lproj/ButtonOptionsViewController.strings /Users/shawnrain/Library/Developer/Xcode/DerivedData/Mouse_Fix-bnijtbnbbtqglwclwfpwrxsqeaod/Build/Intermediates.noindex/Mouse\ Fix.build/Debug/Mac\ Mouse\ Fix.build/es.lproj/ButtonOptionsViewController.strings (in target 'Mac Mouse Fix' from project 'Mouse Fix')
    cd /Users/shawnrain/Library/Mobile\ Documents/com\~apple\~CloudDocs/Shawn\ Rain/Vibe-Coding/MacMouseFix
    builtin-copyStrings --validate --outputencoding UTF-16 --outfilename ButtonOptionsViewController.strings --outdir /Users/shawnrain/Library/Developer/Xcode/DerivedData/Mouse_Fix-bnijtbnbbtqglwclwfpwrxsqeaod/Build/Products/Debug/Mac\ Mouse\ Fix.app/Contents/Resources/es.lproj -- /Users/shawnrain/Library/Developer/Xcode/DerivedData/Mouse_Fix-bnijtbnbbtqglwclwfpwrxsqeaod/Build/Intermediates.noindex/Mouse\ Fix.build/Debug/Mac\ Mouse\ Fix.build/es.lproj/ButtonOptionsViewController.strings
/Users/shawnrain/Library/Developer/Xcode/DerivedData/Mouse_Fix-bnijtbnbbtqglwclwfpwrxsqeaod/Build/Intermediates.noindex/Mouse Fix.build/Debug/Mac Mouse Fix.build/es.lproj/ButtonOptionsViewController.strings:1:1: note: detected encoding of input file as Unicode (UTF-8) (in target 'Mac Mouse Fix' from project 'Mouse Fix')

CopyStringsFile /Users/shawnrain/Library/Developer/Xcode/DerivedData/Mouse_Fix-bnijtbnbbtqglwclwfpwrxsqeaod/Build/Products/Debug/Mac\ Mouse\ Fix.app/Contents/Resources/de.lproj/ButtonOptionsViewController.strings /Users/shawnrain/Library/Developer/Xcode/DerivedData/Mouse_Fix-bnijtbnbbtqglwclwfpwrxsqeaod/Build/Intermediates.noindex/Mouse\ Fix.build/Debug/Mac\ Mouse\ Fix.build/de.lproj/ButtonOptionsViewController.strings (in target 'Mac Mouse Fix' from project 'Mouse Fix')
    cd /Users/shawnrain/Library/Mobile\ Documents/com\~apple\~CloudDocs/Shawn\ Rain/Vibe-Coding/MacMouseFix
    builtin-copyStrings --validate --outputencoding UTF-16 --outfilename ButtonOptionsViewController.strings --outdir /Users/shawnrain/Library/Developer/Xcode/DerivedData/Mouse_Fix-bnijtbnbbtqglwclwfpwrxsqeaod/Build/Products/Debug/Mac\ Mouse\ Fix.app/Contents/Resources/de.lproj -- /Users/shawnrain/Library/Developer/Xcode/DerivedData/Mouse_Fix-bnijtbnbbtqglwclwfpwrxsqeaod/Build/Intermediates.noindex/Mouse\ Fix.build/Debug/Mac\ Mouse\ Fix.build/de.lproj/ButtonOptionsViewController.strings
/Users/shawnrain/Library/Developer/Xcode/DerivedData/Mouse_Fix-bnijtbnbbtqglwclwfpwrxsqeaod/Build/Intermediates.noindex/Mouse Fix.build/Debug/Mac Mouse Fix.build/de.lproj/ButtonOptionsViewController.strings:1:1: note: detected encoding of input file as Unicode (UTF-8) (in target 'Mac Mouse Fix' from project 'Mouse Fix')

CopyStringsFile /Users/shawnrain/Library/Developer/Xcode/DerivedData/Mouse_Fix-bnijtbnbbtqglwclwfpwrxsqeaod/Build/Products/Debug/Mac\ Mouse\ Fix.app/Contents/Resources/cs.lproj/ButtonOptionsViewController.strings /Users/shawnrain/Library/Developer/Xcode/DerivedData/Mouse_Fix-bnijtbnbbtqglwclwfpwrxsqeaod/Build/Intermediates.noindex/Mouse\ Fix.build/Debug/Mac\ Mouse\ Fix.build/cs.lproj/ButtonOptionsViewController.strings (in target 'Mac Mouse Fix' from project 'Mouse Fix')
    cd /Users/shawnrain/Library/Mobile\ Documents/com\~apple\~CloudDocs/Shawn\ Rain/Vibe-Coding/MacMouseFix
    builtin-copyStrings --validate --outputencoding UTF-16 --outfilename ButtonOptionsViewController.strings --outdir /Users/shawnrain/Library/Developer/Xcode/DerivedData/Mouse_Fix-bnijtbnbbtqglwclwfpwrxsqeaod/Build/Products/Debug/Mac\ Mouse\ Fix.app/Contents/Resources/cs.lproj -- /Users/shawnrain/Library/Developer/Xcode/DerivedData/Mouse_Fix-bnijtbnbbtqglwclwfpwrxsqeaod/Build/Intermediates.noindex/Mouse\ Fix.build/Debug/Mac\ Mouse\ Fix.build/cs.lproj/ButtonOptionsViewController.strings
/Users/shawnrain/Library/Developer/Xcode/DerivedData/Mouse_Fix-bnijtbnbbtqglwclwfpwrxsqeaod/Build/Intermediates.noindex/Mouse Fix.build/Debug/Mac Mouse Fix.build/cs.lproj/ButtonOptionsViewController.strings:1:1: note: detected encoding of input file as Unicode (UTF-8) (in target 'Mac Mouse Fix' from project 'Mouse Fix')

CopyStringsFile /Users/shawnrain/Library/Developer/Xcode/DerivedData/Mouse_Fix-bnijtbnbbtqglwclwfpwrxsqeaod/Build/Products/Debug/Mac\ Mouse\ Fix.app/Contents/Resources/zh-Hant.lproj/AuthorizeAccessibilityView.strings /Users/shawnrain/Library/Developer/Xcode/DerivedData/Mouse_Fix-bnijtbnbbtqglwclwfpwrxsqeaod/Build/Intermediates.noindex/Mouse\ Fix.build/Debug/Mac\ Mouse\ Fix.build/zh-Hant.lproj/AuthorizeAccessibilityView.strings (in target 'Mac Mouse Fix' from project 'Mouse Fix')
    cd /Users/shawnrain/Library/Mobile\ Documents/com\~apple\~CloudDocs/Shawn\ Rain/Vibe-Coding/MacMouseFix
    builtin-copyStrings --validate --outputencoding UTF-16 --outfilename AuthorizeAccessibilityView.strings --outdir /Users/shawnrain/Library/Developer/Xcode/DerivedData/Mouse_Fix-bnijtbnbbtqglwclwfpwrxsqeaod/Build/Products/Debug/Mac\ Mouse\ Fix.app/Contents/Resources/zh-Hant.lproj -- /Users/shawnrain/Library/Developer/Xcode/DerivedData/Mouse_Fix-bnijtbnbbtqglwclwfpwrxsqeaod/Build/Intermediates.noindex/Mouse\ Fix.build/Debug/Mac\ Mouse\ Fix.build/zh-Hant.lproj/AuthorizeAccessibilityView.strings
/Users/shawnrain/Library/Developer/Xcode/DerivedData/Mouse_Fix-bnijtbnbbtqglwclwfpwrxsqeaod/Build/Intermediates.noindex/Mouse Fix.build/Debug/Mac Mouse Fix.build/zh-Hant.lproj/AuthorizeAccessibilityView.strings:1:1: note: detected encoding of input file as Unicode (UTF-8) (in target 'Mac Mouse Fix' from project 'Mouse Fix')

CopyStringsFile /Users/shawnrain/Library/Developer/Xcode/DerivedData/Mouse_Fix-bnijtbnbbtqglwclwfpwrxsqeaod/Build/Products/Debug/Mac\ Mouse\ Fix.app/Contents/Resources/zh-Hans.lproj/AuthorizeAccessibilityView.strings /Users/shawnrain/Library/Developer/Xcode/DerivedData/Mouse_Fix-bnijtbnbbtqglwclwfpwrxsqeaod/Build/Intermediates.noindex/Mouse\ Fix.build/Debug/Mac\ Mouse\ Fix.build/zh-Hans.lproj/AuthorizeAccessibilityView.strings (in target 'Mac Mouse Fix' from project 'Mouse Fix')
    cd /Users/shawnrain/Library/Mobile\ Documents/com\~apple\~CloudDocs/Shawn\ Rain/Vibe-Coding/MacMouseFix
    builtin-copyStrings --validate --outputencoding UTF-16 --outfilename AuthorizeAccessibilityView.strings --outdir /Users/shawnrain/Library/Developer/Xcode/DerivedData/Mouse_Fix-bnijtbnbbtqglwclwfpwrxsqeaod/Build/Products/Debug/Mac\ Mouse\ Fix.app/Contents/Resources/zh-Hans.lproj -- /Users/shawnrain/Library/Developer/Xcode/DerivedData/Mouse_Fix-bnijtbnbbtqglwclwfpwrxsqeaod/Build/Intermediates.noindex/Mouse\ Fix.build/Debug/Mac\ Mouse\ Fix.build/zh-Hans.lproj/AuthorizeAccessibilityView.strings
/Users/shawnrain/Library/Developer/Xcode/DerivedData/Mouse_Fix-bnijtbnbbtqglwclwfpwrxsqeaod/Build/Intermediates.noindex/Mouse Fix.build/Debug/Mac Mouse Fix.build/zh-Hans.lproj/AuthorizeAccessibilityView.strings:1:1: note: detected encoding of input file as Unicode (UTF-8) (in target 'Mac Mouse Fix' from project 'Mouse Fix')

CopyStringsFile /Users/shawnrain/Library/Developer/Xcode/DerivedData/Mouse_Fix-bnijtbnbbtqglwclwfpwrxsqeaod/Build/Products/Debug/Mac\ Mouse\ Fix.app/Contents/Resources/zh-HK.lproj/AuthorizeAccessibilityView.strings /Users/shawnrain/Library/Developer/Xcode/DerivedData/Mouse_Fix-bnijtbnbbtqglwclwfpwrxsqeaod/Build/Intermediates.noindex/Mouse\ Fix.build/Debug/Mac\ Mouse\ Fix.build/zh-HK.lproj/AuthorizeAccessibilityView.strings (in target 'Mac Mouse Fix' from project 'Mouse Fix')
    cd /Users/shawnrain/Library/Mobile\ Documents/com\~apple\~CloudDocs/Shawn\ Rain/Vibe-Coding/MacMouseFix
    builtin-copyStrings --validate --outputencoding UTF-16 --outfilename AuthorizeAccessibilityView.strings --outdir /Users/shawnrain/Library/Developer/Xcode/DerivedData/Mouse_Fix-bnijtbnbbtqglwclwfpwrxsqeaod/Build/Products/Debug/Mac\ Mouse\ Fix.app/Contents/Resources/zh-HK.lproj -- /Users/shawnrain/Library/Developer/Xcode/DerivedData/Mouse_Fix-bnijtbnbbtqglwclwfpwrxsqeaod/Build/Intermediates.noindex/Mouse\ Fix.build/Debug/Mac\ Mouse\ Fix.build/zh-HK.lproj/AuthorizeAccessibilityView.strings
/Users/shawnrain/Library/Developer/Xcode/DerivedData/Mouse_Fix-bnijtbnbbtqglwclwfpwrxsqeaod/Build/Intermediates.noindex/Mouse Fix.build/Debug/Mac Mouse Fix.build/zh-HK.lproj/AuthorizeAccessibilityView.strings:1:1: note: detected encoding of input file as Unicode (UTF-8) (in target 'Mac Mouse Fix' from project 'Mouse Fix')

CopyStringsFile /Users/shawnrain/Library/Developer/Xcode/DerivedData/Mouse_Fix-bnijtbnbbtqglwclwfpwrxsqeaod/Build/Products/Debug/Mac\ Mouse\ Fix.app/Contents/Resources/vi.lproj/AuthorizeAccessibilityView.strings /Users/shawnrain/Library/Developer/Xcode/DerivedData/Mouse_Fix-bnijtbnbbtqglwclwfpwrxsqeaod/Build/Intermediates.noindex/Mouse\ Fix.build/Debug/Mac\ Mouse\ Fix.build/vi.lproj/AuthorizeAccessibilityView.strings (in target 'Mac Mouse Fix' from project 'Mouse Fix')
    cd /Users/shawnrain/Library/Mobile\ Documents/com\~apple\~CloudDocs/Shawn\ Rain/Vibe-Coding/MacMouseFix
    builtin-copyStrings --validate --outputencoding UTF-16 --outfilename AuthorizeAccessibilityView.strings --outdir /Users/shawnrain/Library/Developer/Xcode/DerivedData/Mouse_Fix-bnijtbnbbtqglwclwfpwrxsqeaod/Build/Products/Debug/Mac\ Mouse\ Fix.app/Contents/Resources/vi.lproj -- /Users/shawnrain/Library/Developer/Xcode/DerivedData/Mouse_Fix-bnijtbnbbtqglwclwfpwrxsqeaod/Build/Intermediates.noindex/Mouse\ Fix.build/Debug/Mac\ Mouse\ Fix.build/vi.lproj/AuthorizeAccessibilityView.strings
/Users/shawnrain/Library/Developer/Xcode/DerivedData/Mouse_Fix-bnijtbnbbtqglwclwfpwrxsqeaod/Build/Intermediates.noindex/Mouse Fix.build/Debug/Mac Mouse Fix.build/vi.lproj/AuthorizeAccessibilityView.strings:1:1: note: detected encoding of input file as Unicode (UTF-8) (in target 'Mac Mouse Fix' from project 'Mouse Fix')

CopyStringsFile /Users/shawnrain/Library/Developer/Xcode/DerivedData/Mouse_Fix-bnijtbnbbtqglwclwfpwrxsqeaod/Build/Products/Debug/Mac\ Mouse\ Fix.app/Contents/Resources/tr.lproj/AuthorizeAccessibilityView.strings /Users/shawnrain/Library/Developer/Xcode/DerivedData/Mouse_Fix-bnijtbnbbtqglwclwfpwrxsqeaod/Build/Intermediates.noindex/Mouse\ Fix.build/Debug/Mac\ Mouse\ Fix.build/tr.lproj/AuthorizeAccessibilityView.strings (in target 'Mac Mouse Fix' from project 'Mouse Fix')
    cd /Users/shawnrain/Library/Mobile\ Documents/com\~apple\~CloudDocs/Shawn\ Rain/Vibe-Coding/MacMouseFix
    builtin-copyStrings --validate --outputencoding UTF-16 --outfilename AuthorizeAccessibilityView.strings --outdir /Users/shawnrain/Library/Developer/Xcode/DerivedData/Mouse_Fix-bnijtbnbbtqglwclwfpwrxsqeaod/Build/Products/Debug/Mac\ Mouse\ Fix.app/Contents/Resources/tr.lproj -- /Users/shawnrain/Library/Developer/Xcode/DerivedData/Mouse_Fix-bnijtbnbbtqglwclwfpwrxsqeaod/Build/Intermediates.noindex/Mouse\ Fix.build/Debug/Mac\ Mouse\ Fix.build/tr.lproj/AuthorizeAccessibilityView.strings
/Users/shawnrain/Library/Developer/Xcode/DerivedData/Mouse_Fix-bnijtbnbbtqglwclwfpwrxsqeaod/Build/Intermediates.noindex/Mouse Fix.build/Debug/Mac Mouse Fix.build/tr.lproj/AuthorizeAccessibilityView.strings:1:1: note: detected encoding of input file as Unicode (UTF-8) (in target 'Mac Mouse Fix' from project 'Mouse Fix')

CopyStringsFile /Users/shawnrain/Library/Developer/Xcode/DerivedData/Mouse_Fix-bnijtbnbbtqglwclwfpwrxsqeaod/Build/Products/Debug/Mac\ Mouse\ Fix.app/Contents/Resources/ru.lproj/AuthorizeAccessibilityView.strings /Users/shawnrain/Library/Developer/Xcode/DerivedData/Mouse_Fix-bnijtbnbbtqglwclwfpwrxsqeaod/Build/Intermediates.noindex/Mouse\ Fix.build/Debug/Mac\ Mouse\ Fix.build/ru.lproj/AuthorizeAccessibilityView.strings (in target 'Mac Mouse Fix' from project 'Mouse Fix')
    cd /Users/shawnrain/Library/Mobile\ Documents/com\~apple\~CloudDocs/Shawn\ Rain/Vibe-Coding/MacMouseFix
    builtin-copyStrings --validate --outputencoding UTF-16 --outfilename AuthorizeAccessibilityView.strings --outdir /Users/shawnrain/Library/Developer/Xcode/DerivedData/Mouse_Fix-bnijtbnbbtqglwclwfpwrxsqeaod/Build/Products/Debug/Mac\ Mouse\ Fix.app/Contents/Resources/ru.lproj -- /Users/shawnrain/Library/Developer/Xcode/DerivedData/Mouse_Fix-bnijtbnbbtqglwclwfpwrxsqeaod/Build/Intermediates.noindex/Mouse\ Fix.build/Debug/Mac\ Mouse\ Fix.build/ru.lproj/AuthorizeAccessibilityView.strings
/Users/shawnrain/Library/Developer/Xcode/DerivedData/Mouse_Fix-bnijtbnbbtqglwclwfpwrxsqeaod/Build/Intermediates.noindex/Mouse Fix.build/Debug/Mac Mouse Fix.build/ru.lproj/AuthorizeAccessibilityView.strings:1:1: note: detected encoding of input file as Unicode (UTF-8) (in target 'Mac Mouse Fix' from project 'Mouse Fix')

CopyStringsFile /Users/shawnrain/Library/Developer/Xcode/DerivedData/Mouse_Fix-bnijtbnbbtqglwclwfpwrxsqeaod/Build/Products/Debug/Mac\ Mouse\ Fix.app/Contents/Resources/pt-BR.lproj/AuthorizeAccessibilityView.strings /Users/shawnrain/Library/Developer/Xcode/DerivedData/Mouse_Fix-bnijtbnbbtqglwclwfpwrxsqeaod/Build/Intermediates.noindex/Mouse\ Fix.build/Debug/Mac\ Mouse\ Fix.build/pt-BR.lproj/AuthorizeAccessibilityView.strings (in target 'Mac Mouse Fix' from project 'Mouse Fix')
    cd /Users/shawnrain/Library/Mobile\ Documents/com\~apple\~CloudDocs/Shawn\ Rain/Vibe-Coding/MacMouseFix
    builtin-copyStrings --validate --outputencoding UTF-16 --outfilename AuthorizeAccessibilityView.strings --outdir /Users/shawnrain/Library/Developer/Xcode/DerivedData/Mouse_Fix-bnijtbnbbtqglwclwfpwrxsqeaod/Build/Products/Debug/Mac\ Mouse\ Fix.app/Contents/Resources/pt-BR.lproj -- /Users/shawnrain/Library/Developer/Xcode/DerivedData/Mouse_Fix-bnijtbnbbtqglwclwfpwrxsqeaod/Build/Intermediates.noindex/Mouse\ Fix.build/Debug/Mac\ Mouse\ Fix.build/pt-BR.lproj/AuthorizeAccessibilityView.strings
/Users/shawnrain/Library/Developer/Xcode/DerivedData/Mouse_Fix-bnijtbnbbtqglwclwfpwrxsqeaod/Build/Intermediates.noindex/Mouse Fix.build/Debug/Mac Mouse Fix.build/pt-BR.lproj/AuthorizeAccessibilityView.strings:1:1: note: detected encoding of input file as Unicode (UTF-8) (in target 'Mac Mouse Fix' from project 'Mouse Fix')

CopyStringsFile /Users/shawnrain/Library/Developer/Xcode/DerivedData/Mouse_Fix-bnijtbnbbtqglwclwfpwrxsqeaod/Build/Products/Debug/Mac\ Mouse\ Fix.app/Contents/Resources/ko.lproj/AuthorizeAccessibilityView.strings /Users/shawnrain/Library/Developer/Xcode/DerivedData/Mouse_Fix-bnijtbnbbtqglwclwfpwrxsqeaod/Build/Intermediates.noindex/Mouse\ Fix.build/Debug/Mac\ Mouse\ Fix.build/ko.lproj/AuthorizeAccessibilityView.strings (in target 'Mac Mouse Fix' from project 'Mouse Fix')
    cd /Users/shawnrain/Library/Mobile\ Documents/com\~apple\~CloudDocs/Shawn\ Rain/Vibe-Coding/MacMouseFix
    builtin-copyStrings --validate --outputencoding UTF-16 --outfilename AuthorizeAccessibilityView.strings --outdir /Users/shawnrain/Library/Developer/Xcode/DerivedData/Mouse_Fix-bnijtbnbbtqglwclwfpwrxsqeaod/Build/Products/Debug/Mac\ Mouse\ Fix.app/Contents/Resources/ko.lproj -- /Users/shawnrain/Library/Developer/Xcode/DerivedData/Mouse_Fix-bnijtbnbbtqglwclwfpwrxsqeaod/Build/Intermediates.noindex/Mouse\ Fix.build/Debug/Mac\ Mouse\ Fix.build/ko.lproj/AuthorizeAccessibilityView.strings
/Users/shawnrain/Library/Developer/Xcode/DerivedData/Mouse_Fix-bnijtbnbbtqglwclwfpwrxsqeaod/Build/Intermediates.noindex/Mouse Fix.build/Debug/Mac Mouse Fix.build/ko.lproj/AuthorizeAccessibilityView.strings:1:1: note: detected encoding of input file as Unicode (UTF-8) (in target 'Mac Mouse Fix' from project 'Mouse Fix')

CopyStringsFile /Users/shawnrain/Library/Developer/Xcode/DerivedData/Mouse_Fix-bnijtbnbbtqglwclwfpwrxsqeaod/Build/Products/Debug/Mac\ Mouse\ Fix.app/Contents/Resources/fr.lproj/AuthorizeAccessibilityView.strings /Users/shawnrain/Library/Developer/Xcode/DerivedData/Mouse_Fix-bnijtbnbbtqglwclwfpwrxsqeaod/Build/Intermediates.noindex/Mouse\ Fix.build/Debug/Mac\ Mouse\ Fix.build/fr.lproj/AuthorizeAccessibilityView.strings (in target 'Mac Mouse Fix' from project 'Mouse Fix')
    cd /Users/shawnrain/Library/Mobile\ Documents/com\~apple\~CloudDocs/Shawn\ Rain/Vibe-Coding/MacMouseFix
    builtin-copyStrings --validate --outputencoding UTF-16 --outfilename AuthorizeAccessibilityView.strings --outdir /Users/shawnrain/Library/Developer/Xcode/DerivedData/Mouse_Fix-bnijtbnbbtqglwclwfpwrxsqeaod/Build/Products/Debug/Mac\ Mouse\ Fix.app/Contents/Resources/fr.lproj -- /Users/shawnrain/Library/Developer/Xcode/DerivedData/Mouse_Fix-bnijtbnbbtqglwclwfpwrxsqeaod/Build/Intermediates.noindex/Mouse\ Fix.build/Debug/Mac\ Mouse\ Fix.build/fr.lproj/AuthorizeAccessibilityView.strings
/Users/shawnrain/Library/Developer/Xcode/DerivedData/Mouse_Fix-bnijtbnbbtqglwclwfpwrxsqeaod/Build/Intermediates.noindex/Mouse Fix.build/Debug/Mac Mouse Fix.build/fr.lproj/AuthorizeAccessibilityView.strings:1:1: note: detected encoding of input file as Unicode (UTF-8) (in target 'Mac Mouse Fix' from project 'Mouse Fix')

CopyStringsFile /Users/shawnrain/Library/Developer/Xcode/DerivedData/Mouse_Fix-bnijtbnbbtqglwclwfpwrxsqeaod/Build/Products/Debug/Mac\ Mouse\ Fix.app/Contents/Resources/es.lproj/AuthorizeAccessibilityView.strings /Users/shawnrain/Library/Developer/Xcode/DerivedData/Mouse_Fix-bnijtbnbbtqglwclwfpwrxsqeaod/Build/Intermediates.noindex/Mouse\ Fix.build/Debug/Mac\ Mouse\ Fix.build/es.lproj/AuthorizeAccessibilityView.strings (in target 'Mac Mouse Fix' from project 'Mouse Fix')
    cd /Users/shawnrain/Library/Mobile\ Documents/com\~apple\~CloudDocs/Shawn\ Rain/Vibe-Coding/MacMouseFix
    builtin-copyStrings --validate --outputencoding UTF-16 --outfilename AuthorizeAccessibilityView.strings --outdir /Users/shawnrain/Library/Developer/Xcode/DerivedData/Mouse_Fix-bnijtbnbbtqglwclwfpwrxsqeaod/Build/Products/Debug/Mac\ Mouse\ Fix.app/Contents/Resources/es.lproj -- /Users/shawnrain/Library/Developer/Xcode/DerivedData/Mouse_Fix-bnijtbnbbtqglwclwfpwrxsqeaod/Build/Intermediates.noindex/Mouse\ Fix.build/Debug/Mac\ Mouse\ Fix.build/es.lproj/AuthorizeAccessibilityView.strings
/Users/shawnrain/Library/Developer/Xcode/DerivedData/Mouse_Fix-bnijtbnbbtqglwclwfpwrxsqeaod/Build/Intermediates.noindex/Mouse Fix.build/Debug/Mac Mouse Fix.build/es.lproj/AuthorizeAccessibilityView.strings:1:1: note: detected encoding of input file as Unicode (UTF-8) (in target 'Mac Mouse Fix' from project 'Mouse Fix')

CopyStringsFile /Users/shawnrain/Library/Developer/Xcode/DerivedData/Mouse_Fix-bnijtbnbbtqglwclwfpwrxsqeaod/Build/Products/Debug/Mac\ Mouse\ Fix.app/Contents/Resources/de.lproj/AuthorizeAccessibilityView.strings /Users/shawnrain/Library/Developer/Xcode/DerivedData/Mouse_Fix-bnijtbnbbtqglwclwfpwrxsqeaod/Build/Intermediates.noindex/Mouse\ Fix.build/Debug/Mac\ Mouse\ Fix.build/de.lproj/AuthorizeAccessibilityView.strings (in target 'Mac Mouse Fix' from project 'Mouse Fix')
    cd /Users/shawnrain/Library/Mobile\ Documents/com\~apple\~CloudDocs/Shawn\ Rain/Vibe-Coding/MacMouseFix
    builtin-copyStrings --validate --outputencoding UTF-16 --outfilename AuthorizeAccessibilityView.strings --outdir /Users/shawnrain/Library/Developer/Xcode/DerivedData/Mouse_Fix-bnijtbnbbtqglwclwfpwrxsqeaod/Build/Products/Debug/Mac\ Mouse\ Fix.app/Contents/Resources/de.lproj -- /Users/shawnrain/Library/Developer/Xcode/DerivedData/Mouse_Fix-bnijtbnbbtqglwclwfpwrxsqeaod/Build/Intermediates.noindex/Mouse\ Fix.build/Debug/Mac\ Mouse\ Fix.build/de.lproj/AuthorizeAccessibilityView.strings
/Users/shawnrain/Library/Developer/Xcode/DerivedData/Mouse_Fix-bnijtbnbbtqglwclwfpwrxsqeaod/Build/Intermediates.noindex/Mouse Fix.build/Debug/Mac Mouse Fix.build/de.lproj/AuthorizeAccessibilityView.strings:1:1: note: detected encoding of input file as Unicode (UTF-8) (in target 'Mac Mouse Fix' from project 'Mouse Fix')

CopyStringsFile /Users/shawnrain/Library/Developer/Xcode/DerivedData/Mouse_Fix-bnijtbnbbtqglwclwfpwrxsqeaod/Build/Products/Debug/Mac\ Mouse\ Fix.app/Contents/Resources/cs.lproj/AuthorizeAccessibilityView.strings /Users/shawnrain/Library/Developer/Xcode/DerivedData/Mouse_Fix-bnijtbnbbtqglwclwfpwrxsqeaod/Build/Intermediates.noindex/Mouse\ Fix.build/Debug/Mac\ Mouse\ Fix.build/cs.lproj/AuthorizeAccessibilityView.strings (in target 'Mac Mouse Fix' from project 'Mouse Fix')
    cd /Users/shawnrain/Library/Mobile\ Documents/com\~apple\~CloudDocs/Shawn\ Rain/Vibe-Coding/MacMouseFix
    builtin-copyStrings --validate --outputencoding UTF-16 --outfilename AuthorizeAccessibilityView.strings --outdir /Users/shawnrain/Library/Developer/Xcode/DerivedData/Mouse_Fix-bnijtbnbbtqglwclwfpwrxsqeaod/Build/Products/Debug/Mac\ Mouse\ Fix.app/Contents/Resources/cs.lproj -- /Users/shawnrain/Library/Developer/Xcode/DerivedData/Mouse_Fix-bnijtbnbbtqglwclwfpwrxsqeaod/Build/Intermediates.noindex/Mouse\ Fix.build/Debug/Mac\ Mouse\ Fix.build/cs.lproj/AuthorizeAccessibilityView.strings
/Users/shawnrain/Library/Developer/Xcode/DerivedData/Mouse_Fix-bnijtbnbbtqglwclwfpwrxsqeaod/Build/Intermediates.noindex/Mouse Fix.build/Debug/Mac Mouse Fix.build/cs.lproj/AuthorizeAccessibilityView.strings:1:1: note: detected encoding of input file as Unicode (UTF-8) (in target 'Mac Mouse Fix' from project 'Mouse Fix')

CopyStringsFile /Users/shawnrain/Library/Developer/Xcode/DerivedData/Mouse_Fix-bnijtbnbbtqglwclwfpwrxsqeaod/Build/Products/Debug/Mac\ Mouse\ Fix.app/Contents/Resources/ru.lproj/Main.strings /Users/shawnrain/Library/Developer/Xcode/DerivedData/Mouse_Fix-bnijtbnbbtqglwclwfpwrxsqeaod/Build/Intermediates.noindex/Mouse\ Fix.build/Debug/Mac\ Mouse\ Fix.build/ru.lproj/Main.strings (in target 'Mac Mouse Fix' from project 'Mouse Fix')
    cd /Users/shawnrain/Library/Mobile\ Documents/com\~apple\~CloudDocs/Shawn\ Rain/Vibe-Coding/MacMouseFix
    builtin-copyStrings --validate --outputencoding UTF-16 --outfilename Main.strings --outdir /Users/shawnrain/Library/Developer/Xcode/DerivedData/Mouse_Fix-bnijtbnbbtqglwclwfpwrxsqeaod/Build/Products/Debug/Mac\ Mouse\ Fix.app/Contents/Resources/ru.lproj -- /Users/shawnrain/Library/Developer/Xcode/DerivedData/Mouse_Fix-bnijtbnbbtqglwclwfpwrxsqeaod/Build/Intermediates.noindex/Mouse\ Fix.build/Debug/Mac\ Mouse\ Fix.build/ru.lproj/Main.strings
/Users/shawnrain/Library/Developer/Xcode/DerivedData/Mouse_Fix-bnijtbnbbtqglwclwfpwrxsqeaod/Build/Intermediates.noindex/Mouse Fix.build/Debug/Mac Mouse Fix.build/ru.lproj/Main.strings:1:1: note: detected encoding of input file as Unicode (UTF-8) (in target 'Mac Mouse Fix' from project 'Mouse Fix')

CopyStringsFile /Users/shawnrain/Library/Developer/Xcode/DerivedData/Mouse_Fix-bnijtbnbbtqglwclwfpwrxsqeaod/Build/Products/Debug/Mac\ Mouse\ Fix.app/Contents/Resources/fr.lproj/Main.strings /Users/shawnrain/Library/Developer/Xcode/DerivedData/Mouse_Fix-bnijtbnbbtqglwclwfpwrxsqeaod/Build/Intermediates.noindex/Mouse\ Fix.build/Debug/Mac\ Mouse\ Fix.build/fr.lproj/Main.strings (in target 'Mac Mouse Fix' from project 'Mouse Fix')
    cd /Users/shawnrain/Library/Mobile\ Documents/com\~apple\~CloudDocs/Shawn\ Rain/Vibe-Coding/MacMouseFix
    builtin-copyStrings --validate --outputencoding UTF-16 --outfilename Main.strings --outdir /Users/shawnrain/Library/Developer/Xcode/DerivedData/Mouse_Fix-bnijtbnbbtqglwclwfpwrxsqeaod/Build/Products/Debug/Mac\ Mouse\ Fix.app/Contents/Resources/fr.lproj -- /Users/shawnrain/Library/Developer/Xcode/DerivedData/Mouse_Fix-bnijtbnbbtqglwclwfpwrxsqeaod/Build/Intermediates.noindex/Mouse\ Fix.build/Debug/Mac\ Mouse\ Fix.build/fr.lproj/Main.strings
/Users/shawnrain/Library/Developer/Xcode/DerivedData/Mouse_Fix-bnijtbnbbtqglwclwfpwrxsqeaod/Build/Intermediates.noindex/Mouse Fix.build/Debug/Mac Mouse Fix.build/fr.lproj/Main.strings:1:1: note: detected encoding of input file as Unicode (UTF-8) (in target 'Mac Mouse Fix' from project 'Mouse Fix')

CopyStringsFile /Users/shawnrain/Library/Developer/Xcode/DerivedData/Mouse_Fix-bnijtbnbbtqglwclwfpwrxsqeaod/Build/Products/Debug/Mac\ Mouse\ Fix.app/Contents/Resources/zh-Hant.lproj/Main.strings /Users/shawnrain/Library/Developer/Xcode/DerivedData/Mouse_Fix-bnijtbnbbtqglwclwfpwrxsqeaod/Build/Intermediates.noindex/Mouse\ Fix.build/Debug/Mac\ Mouse\ Fix.build/zh-Hant.lproj/Main.strings (in target 'Mac Mouse Fix' from project 'Mouse Fix')
    cd /Users/shawnrain/Library/Mobile\ Documents/com\~apple\~CloudDocs/Shawn\ Rain/Vibe-Coding/MacMouseFix
    builtin-copyStrings --validate --outputencoding UTF-16 --outfilename Main.strings --outdir /Users/shawnrain/Library/Developer/Xcode/DerivedData/Mouse_Fix-bnijtbnbbtqglwclwfpwrxsqeaod/Build/Products/Debug/Mac\ Mouse\ Fix.app/Contents/Resources/zh-Hant.lproj -- /Users/shawnrain/Library/Developer/Xcode/DerivedData/Mouse_Fix-bnijtbnbbtqglwclwfpwrxsqeaod/Build/Intermediates.noindex/Mouse\ Fix.build/Debug/Mac\ Mouse\ Fix.build/zh-Hant.lproj/Main.strings
/Users/shawnrain/Library/Developer/Xcode/DerivedData/Mouse_Fix-bnijtbnbbtqglwclwfpwrxsqeaod/Build/Intermediates.noindex/Mouse Fix.build/Debug/Mac Mouse Fix.build/zh-Hant.lproj/Main.strings:1:1: note: detected encoding of input file as Unicode (UTF-8) (in target 'Mac Mouse Fix' from project 'Mouse Fix')

CopyStringsFile /Users/shawnrain/Library/Developer/Xcode/DerivedData/Mouse_Fix-bnijtbnbbtqglwclwfpwrxsqeaod/Build/Products/Debug/Mac\ Mouse\ Fix.app/Contents/Resources/vi.lproj/Main.strings /Users/shawnrain/Library/Developer/Xcode/DerivedData/Mouse_Fix-bnijtbnbbtqglwclwfpwrxsqeaod/Build/Intermediates.noindex/Mouse\ Fix.build/Debug/Mac\ Mouse\ Fix.build/vi.lproj/Main.strings (in target 'Mac Mouse Fix' from project 'Mouse Fix')
    cd /Users/shawnrain/Library/Mobile\ Documents/com\~apple\~CloudDocs/Shawn\ Rain/Vibe-Coding/MacMouseFix
    builtin-copyStrings --validate --outputencoding UTF-16 --outfilename Main.strings --outdir /Users/shawnrain/Library/Developer/Xcode/DerivedData/Mouse_Fix-bnijtbnbbtqglwclwfpwrxsqeaod/Build/Products/Debug/Mac\ Mouse\ Fix.app/Contents/Resources/vi.lproj -- /Users/shawnrain/Library/Developer/Xcode/DerivedData/Mouse_Fix-bnijtbnbbtqglwclwfpwrxsqeaod/Build/Intermediates.noindex/Mouse\ Fix.build/Debug/Mac\ Mouse\ Fix.build/vi.lproj/Main.strings
/Users/shawnrain/Library/Developer/Xcode/DerivedData/Mouse_Fix-bnijtbnbbtqglwclwfpwrxsqeaod/Build/Intermediates.noindex/Mouse Fix.build/Debug/Mac Mouse Fix.build/vi.lproj/Main.strings:1:1: note: detected encoding of input file as Unicode (UTF-8) (in target 'Mac Mouse Fix' from project 'Mouse Fix')

CopyStringsFile /Users/shawnrain/Library/Developer/Xcode/DerivedData/Mouse_Fix-bnijtbnbbtqglwclwfpwrxsqeaod/Build/Products/Debug/Mac\ Mouse\ Fix.app/Contents/Resources/pt-BR.lproj/Main.strings /Users/shawnrain/Library/Developer/Xcode/DerivedData/Mouse_Fix-bnijtbnbbtqglwclwfpwrxsqeaod/Build/Intermediates.noindex/Mouse\ Fix.build/Debug/Mac\ Mouse\ Fix.build/pt-BR.lproj/Main.strings (in target 'Mac Mouse Fix' from project 'Mouse Fix')
    cd /Users/shawnrain/Library/Mobile\ Documents/com\~apple\~CloudDocs/Shawn\ Rain/Vibe-Coding/MacMouseFix
    builtin-copyStrings --validate --outputencoding UTF-16 --outfilename Main.strings --outdir /Users/shawnrain/Library/Developer/Xcode/DerivedData/Mouse_Fix-bnijtbnbbtqglwclwfpwrxsqeaod/Build/Products/Debug/Mac\ Mouse\ Fix.app/Contents/Resources/pt-BR.lproj -- /Users/shawnrain/Library/Developer/Xcode/DerivedData/Mouse_Fix-bnijtbnbbtqglwclwfpwrxsqeaod/Build/Intermediates.noindex/Mouse\ Fix.build/Debug/Mac\ Mouse\ Fix.build/pt-BR.lproj/Main.strings
/Users/shawnrain/Library/Developer/Xcode/DerivedData/Mouse_Fix-bnijtbnbbtqglwclwfpwrxsqeaod/Build/Intermediates.noindex/Mouse Fix.build/Debug/Mac Mouse Fix.build/pt-BR.lproj/Main.strings:1:1: note: detected encoding of input file as Unicode (UTF-8) (in target 'Mac Mouse Fix' from project 'Mouse Fix')

CopyStringsFile /Users/shawnrain/Library/Developer/Xcode/DerivedData/Mouse_Fix-bnijtbnbbtqglwclwfpwrxsqeaod/Build/Products/Debug/Mac\ Mouse\ Fix.app/Contents/Resources/zh-Hans.lproj/Main.strings /Users/shawnrain/Library/Developer/Xcode/DerivedData/Mouse_Fix-bnijtbnbbtqglwclwfpwrxsqeaod/Build/Intermediates.noindex/Mouse\ Fix.build/Debug/Mac\ Mouse\ Fix.build/zh-Hans.lproj/Main.strings (in target 'Mac Mouse Fix' from project 'Mouse Fix')
    cd /Users/shawnrain/Library/Mobile\ Documents/com\~apple\~CloudDocs/Shawn\ Rain/Vibe-Coding/MacMouseFix
    builtin-copyStrings --validate --outputencoding UTF-16 --outfilename Main.strings --outdir /Users/shawnrain/Library/Developer/Xcode/DerivedData/Mouse_Fix-bnijtbnbbtqglwclwfpwrxsqeaod/Build/Products/Debug/Mac\ Mouse\ Fix.app/Contents/Resources/zh-Hans.lproj -- /Users/shawnrain/Library/Developer/Xcode/DerivedData/Mouse_Fix-bnijtbnbbtqglwclwfpwrxsqeaod/Build/Intermediates.noindex/Mouse\ Fix.build/Debug/Mac\ Mouse\ Fix.build/zh-Hans.lproj/Main.strings
/Users/shawnrain/Library/Developer/Xcode/DerivedData/Mouse_Fix-bnijtbnbbtqglwclwfpwrxsqeaod/Build/Intermediates.noindex/Mouse Fix.build/Debug/Mac Mouse Fix.build/zh-Hans.lproj/Main.strings:1:1: note: detected encoding of input file as Unicode (UTF-8) (in target 'Mac Mouse Fix' from project 'Mouse Fix')

CopyStringsFile /Users/shawnrain/Library/Developer/Xcode/DerivedData/Mouse_Fix-bnijtbnbbtqglwclwfpwrxsqeaod/Build/Products/Debug/Mac\ Mouse\ Fix.app/Contents/Resources/es.lproj/Main.strings /Users/shawnrain/Library/Developer/Xcode/DerivedData/Mouse_Fix-bnijtbnbbtqglwclwfpwrxsqeaod/Build/Intermediates.noindex/Mouse\ Fix.build/Debug/Mac\ Mouse\ Fix.build/es.lproj/Main.strings (in target 'Mac Mouse Fix' from project 'Mouse Fix')
    cd /Users/shawnrain/Library/Mobile\ Documents/com\~apple\~CloudDocs/Shawn\ Rain/Vibe-Coding/MacMouseFix
    builtin-copyStrings --validate --outputencoding UTF-16 --outfilename Main.strings --outdir /Users/shawnrain/Library/Developer/Xcode/DerivedData/Mouse_Fix-bnijtbnbbtqglwclwfpwrxsqeaod/Build/Products/Debug/Mac\ Mouse\ Fix.app/Contents/Resources/es.lproj -- /Users/shawnrain/Library/Developer/Xcode/DerivedData/Mouse_Fix-bnijtbnbbtqglwclwfpwrxsqeaod/Build/Intermediates.noindex/Mouse\ Fix.build/Debug/Mac\ Mouse\ Fix.build/es.lproj/Main.strings
/Users/shawnrain/Library/Developer/Xcode/DerivedData/Mouse_Fix-bnijtbnbbtqglwclwfpwrxsqeaod/Build/Intermediates.noindex/Mouse Fix.build/Debug/Mac Mouse Fix.build/es.lproj/Main.strings:1:1: note: detected encoding of input file as Unicode (UTF-8) (in target 'Mac Mouse Fix' from project 'Mouse Fix')

CopyStringsFile /Users/shawnrain/Library/Developer/Xcode/DerivedData/Mouse_Fix-bnijtbnbbtqglwclwfpwrxsqeaod/Build/Products/Debug/Mac\ Mouse\ Fix.app/Contents/Resources/zh-HK.lproj/Main.strings /Users/shawnrain/Library/Developer/Xcode/DerivedData/Mouse_Fix-bnijtbnbbtqglwclwfpwrxsqeaod/Build/Intermediates.noindex/Mouse\ Fix.build/Debug/Mac\ Mouse\ Fix.build/zh-HK.lproj/Main.strings (in target 'Mac Mouse Fix' from project 'Mouse Fix')
    cd /Users/shawnrain/Library/Mobile\ Documents/com\~apple\~CloudDocs/Shawn\ Rain/Vibe-Coding/MacMouseFix
    builtin-copyStrings --validate --outputencoding UTF-16 --outfilename Main.strings --outdir /Users/shawnrain/Library/Developer/Xcode/DerivedData/Mouse_Fix-bnijtbnbbtqglwclwfpwrxsqeaod/Build/Products/Debug/Mac\ Mouse\ Fix.app/Contents/Resources/zh-HK.lproj -- /Users/shawnrain/Library/Developer/Xcode/DerivedData/Mouse_Fix-bnijtbnbbtqglwclwfpwrxsqeaod/Build/Intermediates.noindex/Mouse\ Fix.build/Debug/Mac\ Mouse\ Fix.build/zh-HK.lproj/Main.strings
/Users/shawnrain/Library/Developer/Xcode/DerivedData/Mouse_Fix-bnijtbnbbtqglwclwfpwrxsqeaod/Build/Intermediates.noindex/Mouse Fix.build/Debug/Mac Mouse Fix.build/zh-HK.lproj/Main.strings:1:1: note: detected encoding of input file as Unicode (UTF-8) (in target 'Mac Mouse Fix' from project 'Mouse Fix')

CopyStringsFile /Users/shawnrain/Library/Developer/Xcode/DerivedData/Mouse_Fix-bnijtbnbbtqglwclwfpwrxsqeaod/Build/Products/Debug/Mac\ Mouse\ Fix.app/Contents/Resources/tr.lproj/Main.strings /Users/shawnrain/Library/Developer/Xcode/DerivedData/Mouse_Fix-bnijtbnbbtqglwclwfpwrxsqeaod/Build/Intermediates.noindex/Mouse\ Fix.build/Debug/Mac\ Mouse\ Fix.build/tr.lproj/Main.strings (in target 'Mac Mouse Fix' from project 'Mouse Fix')
    cd /Users/shawnrain/Library/Mobile\ Documents/com\~apple\~CloudDocs/Shawn\ Rain/Vibe-Coding/MacMouseFix
    builtin-copyStrings --validate --outputencoding UTF-16 --outfilename Main.strings --outdir /Users/shawnrain/Library/Developer/Xcode/DerivedData/Mouse_Fix-bnijtbnbbtqglwclwfpwrxsqeaod/Build/Products/Debug/Mac\ Mouse\ Fix.app/Contents/Resources/tr.lproj -- /Users/shawnrain/Library/Developer/Xcode/DerivedData/Mouse_Fix-bnijtbnbbtqglwclwfpwrxsqeaod/Build/Intermediates.noindex/Mouse\ Fix.build/Debug/Mac\ Mouse\ Fix.build/tr.lproj/Main.strings
/Users/shawnrain/Library/Developer/Xcode/DerivedData/Mouse_Fix-bnijtbnbbtqglwclwfpwrxsqeaod/Build/Intermediates.noindex/Mouse Fix.build/Debug/Mac Mouse Fix.build/tr.lproj/Main.strings:1:1: note: detected encoding of input file as Unicode (UTF-8) (in target 'Mac Mouse Fix' from project 'Mouse Fix')

CopyStringsFile /Users/shawnrain/Library/Developer/Xcode/DerivedData/Mouse_Fix-bnijtbnbbtqglwclwfpwrxsqeaod/Build/Products/Debug/Mac\ Mouse\ Fix.app/Contents/Resources/ko.lproj/Main.strings /Users/shawnrain/Library/Developer/Xcode/DerivedData/Mouse_Fix-bnijtbnbbtqglwclwfpwrxsqeaod/Build/Intermediates.noindex/Mouse\ Fix.build/Debug/Mac\ Mouse\ Fix.build/ko.lproj/Main.strings (in target 'Mac Mouse Fix' from project 'Mouse Fix')
    cd /Users/shawnrain/Library/Mobile\ Documents/com\~apple\~CloudDocs/Shawn\ Rain/Vibe-Coding/MacMouseFix
    builtin-copyStrings --validate --outputencoding UTF-16 --outfilename Main.strings --outdir /Users/shawnrain/Library/Developer/Xcode/DerivedData/Mouse_Fix-bnijtbnbbtqglwclwfpwrxsqeaod/Build/Products/Debug/Mac\ Mouse\ Fix.app/Contents/Resources/ko.lproj -- /Users/shawnrain/Library/Developer/Xcode/DerivedData/Mouse_Fix-bnijtbnbbtqglwclwfpwrxsqeaod/Build/Intermediates.noindex/Mouse\ Fix.build/Debug/Mac\ Mouse\ Fix.build/ko.lproj/Main.strings
/Users/shawnrain/Library/Developer/Xcode/DerivedData/Mouse_Fix-bnijtbnbbtqglwclwfpwrxsqeaod/Build/Intermediates.noindex/Mouse Fix.build/Debug/Mac Mouse Fix.build/ko.lproj/Main.strings:1:1: note: detected encoding of input file as Unicode (UTF-8) (in target 'Mac Mouse Fix' from project 'Mouse Fix')

CopyStringsFile /Users/shawnrain/Library/Developer/Xcode/DerivedData/Mouse_Fix-bnijtbnbbtqglwclwfpwrxsqeaod/Build/Products/Debug/Mac\ Mouse\ Fix.app/Contents/Resources/de.lproj/Main.strings /Users/shawnrain/Library/Developer/Xcode/DerivedData/Mouse_Fix-bnijtbnbbtqglwclwfpwrxsqeaod/Build/Intermediates.noindex/Mouse\ Fix.build/Debug/Mac\ Mouse\ Fix.build/de.lproj/Main.strings (in target 'Mac Mouse Fix' from project 'Mouse Fix')
    cd /Users/shawnrain/Library/Mobile\ Documents/com\~apple\~CloudDocs/Shawn\ Rain/Vibe-Coding/MacMouseFix
    builtin-copyStrings --validate --outputencoding UTF-16 --outfilename Main.strings --outdir /Users/shawnrain/Library/Developer/Xcode/DerivedData/Mouse_Fix-bnijtbnbbtqglwclwfpwrxsqeaod/Build/Products/Debug/Mac\ Mouse\ Fix.app/Contents/Resources/de.lproj -- /Users/shawnrain/Library/Developer/Xcode/DerivedData/Mouse_Fix-bnijtbnbbtqglwclwfpwrxsqeaod/Build/Intermediates.noindex/Mouse\ Fix.build/Debug/Mac\ Mouse\ Fix.build/de.lproj/Main.strings
/Users/shawnrain/Library/Developer/Xcode/DerivedData/Mouse_Fix-bnijtbnbbtqglwclwfpwrxsqeaod/Build/Intermediates.noindex/Mouse Fix.build/Debug/Mac Mouse Fix.build/de.lproj/Main.strings:1:1: note: detected encoding of input file as Unicode (UTF-8) (in target 'Mac Mouse Fix' from project 'Mouse Fix')

CopyStringsFile /Users/shawnrain/Library/Developer/Xcode/DerivedData/Mouse_Fix-bnijtbnbbtqglwclwfpwrxsqeaod/Build/Products/Debug/Mac\ Mouse\ Fix.app/Contents/Resources/cs.lproj/Main.strings /Users/shawnrain/Library/Developer/Xcode/DerivedData/Mouse_Fix-bnijtbnbbtqglwclwfpwrxsqeaod/Build/Intermediates.noindex/Mouse\ Fix.build/Debug/Mac\ Mouse\ Fix.build/cs.lproj/Main.strings (in target 'Mac Mouse Fix' from project 'Mouse Fix')
    cd /Users/shawnrain/Library/Mobile\ Documents/com\~apple\~CloudDocs/Shawn\ Rain/Vibe-Coding/MacMouseFix
    builtin-copyStrings --validate --outputencoding UTF-16 --outfilename Main.strings --outdir /Users/shawnrain/Library/Developer/Xcode/DerivedData/Mouse_Fix-bnijtbnbbtqglwclwfpwrxsqeaod/Build/Products/Debug/Mac\ Mouse\ Fix.app/Contents/Resources/cs.lproj -- /Users/shawnrain/Library/Developer/Xcode/DerivedData/Mouse_Fix-bnijtbnbbtqglwclwfpwrxsqeaod/Build/Intermediates.noindex/Mouse\ Fix.build/Debug/Mac\ Mouse\ Fix.build/cs.lproj/Main.strings
/Users/shawnrain/Library/Developer/Xcode/DerivedData/Mouse_Fix-bnijtbnbbtqglwclwfpwrxsqeaod/Build/Intermediates.noindex/Mouse Fix.build/Debug/Mac Mouse Fix.build/cs.lproj/Main.strings:1:1: note: detected encoding of input file as Unicode (UTF-8) (in target 'Mac Mouse Fix' from project 'Mouse Fix')

CopyStringsFile /Users/shawnrain/Library/Developer/Xcode/DerivedData/Mouse_Fix-bnijtbnbbtqglwclwfpwrxsqeaod/Build/Products/Debug/Mac\ Mouse\ Fix.app/Contents/Resources/zh-HK.lproj/Localizable.strings /Users/shawnrain/Library/Developer/Xcode/DerivedData/Mouse_Fix-bnijtbnbbtqglwclwfpwrxsqeaod/Build/Intermediates.noindex/Mouse\ Fix.build/Debug/Mac\ Mouse\ Fix.build/zh-HK.lproj/Localizable.strings (in target 'Mac Mouse Fix' from project 'Mouse Fix')
    cd /Users/shawnrain/Library/Mobile\ Documents/com\~apple\~CloudDocs/Shawn\ Rain/Vibe-Coding/MacMouseFix
    builtin-copyStrings --validate --outputencoding UTF-16 --outfilename Localizable.strings --outdir /Users/shawnrain/Library/Developer/Xcode/DerivedData/Mouse_Fix-bnijtbnbbtqglwclwfpwrxsqeaod/Build/Products/Debug/Mac\ Mouse\ Fix.app/Contents/Resources/zh-HK.lproj -- /Users/shawnrain/Library/Developer/Xcode/DerivedData/Mouse_Fix-bnijtbnbbtqglwclwfpwrxsqeaod/Build/Intermediates.noindex/Mouse\ Fix.build/Debug/Mac\ Mouse\ Fix.build/zh-HK.lproj/Localizable.strings
/Users/shawnrain/Library/Developer/Xcode/DerivedData/Mouse_Fix-bnijtbnbbtqglwclwfpwrxsqeaod/Build/Intermediates.noindex/Mouse Fix.build/Debug/Mac Mouse Fix.build/zh-HK.lproj/Localizable.strings:1:1: note: detected encoding of input file as Unicode (UTF-8) (in target 'Mac Mouse Fix' from project 'Mouse Fix')

CopyStringsFile /Users/shawnrain/Library/Developer/Xcode/DerivedData/Mouse_Fix-bnijtbnbbtqglwclwfpwrxsqeaod/Build/Products/Debug/Mac\ Mouse\ Fix.app/Contents/Resources/zh-HK.lproj/Localizable.stringsdict /Users/shawnrain/Library/Developer/Xcode/DerivedData/Mouse_Fix-bnijtbnbbtqglwclwfpwrxsqeaod/Build/Intermediates.noindex/Mouse\ Fix.build/Debug/Mac\ Mouse\ Fix.build/zh-HK.lproj/Localizable.stringsdict (in target 'Mac Mouse Fix' from project 'Mouse Fix')
    cd /Users/shawnrain/Library/Mobile\ Documents/com\~apple\~CloudDocs/Shawn\ Rain/Vibe-Coding/MacMouseFix
    builtin-copyStrings --validate --outputencoding UTF-16 --outfilename Localizable.stringsdict --outdir /Users/shawnrain/Library/Developer/Xcode/DerivedData/Mouse_Fix-bnijtbnbbtqglwclwfpwrxsqeaod/Build/Products/Debug/Mac\ Mouse\ Fix.app/Contents/Resources/zh-HK.lproj -- /Users/shawnrain/Library/Developer/Xcode/DerivedData/Mouse_Fix-bnijtbnbbtqglwclwfpwrxsqeaod/Build/Intermediates.noindex/Mouse\ Fix.build/Debug/Mac\ Mouse\ Fix.build/zh-HK.lproj/Localizable.stringsdict
/Users/shawnrain/Library/Developer/Xcode/DerivedData/Mouse_Fix-bnijtbnbbtqglwclwfpwrxsqeaod/Build/Intermediates.noindex/Mouse Fix.build/Debug/Mac Mouse Fix.build/zh-HK.lproj/Localizable.stringsdict:1:1: note: detected encoding of input file as Unicode (UTF-8) (in target 'Mac Mouse Fix' from project 'Mouse Fix')

CopyStringsFile /Users/shawnrain/Library/Developer/Xcode/DerivedData/Mouse_Fix-bnijtbnbbtqglwclwfpwrxsqeaod/Build/Products/Debug/Mac\ Mouse\ Fix.app/Contents/Resources/de.lproj/Localizable.stringsdict /Users/shawnrain/Library/Developer/Xcode/DerivedData/Mouse_Fix-bnijtbnbbtqglwclwfpwrxsqeaod/Build/Intermediates.noindex/Mouse\ Fix.build/Debug/Mac\ Mouse\ Fix.build/de.lproj/Localizable.stringsdict (in target 'Mac Mouse Fix' from project 'Mouse Fix')
    cd /Users/shawnrain/Library/Mobile\ Documents/com\~apple\~CloudDocs/Shawn\ Rain/Vibe-Coding/MacMouseFix
    builtin-copyStrings --validate --outputencoding UTF-16 --outfilename Localizable.stringsdict --outdir /Users/shawnrain/Library/Developer/Xcode/DerivedData/Mouse_Fix-bnijtbnbbtqglwclwfpwrxsqeaod/Build/Products/Debug/Mac\ Mouse\ Fix.app/Contents/Resources/de.lproj -- /Users/shawnrain/Library/Developer/Xcode/DerivedData/Mouse_Fix-bnijtbnbbtqglwclwfpwrxsqeaod/Build/Intermediates.noindex/Mouse\ Fix.build/Debug/Mac\ Mouse\ Fix.build/de.lproj/Localizable.stringsdict
/Users/shawnrain/Library/Developer/Xcode/DerivedData/Mouse_Fix-bnijtbnbbtqglwclwfpwrxsqeaod/Build/Intermediates.noindex/Mouse Fix.build/Debug/Mac Mouse Fix.build/de.lproj/Localizable.stringsdict:1:1: note: detected encoding of input file as Unicode (UTF-8) (in target 'Mac Mouse Fix' from project 'Mouse Fix')

CopyStringsFile /Users/shawnrain/Library/Developer/Xcode/DerivedData/Mouse_Fix-bnijtbnbbtqglwclwfpwrxsqeaod/Build/Products/Debug/Mac\ Mouse\ Fix.app/Contents/Resources/pt-BR.lproj/Localizable.strings /Users/shawnrain/Library/Developer/Xcode/DerivedData/Mouse_Fix-bnijtbnbbtqglwclwfpwrxsqeaod/Build/Intermediates.noindex/Mouse\ Fix.build/Debug/Mac\ Mouse\ Fix.build/pt-BR.lproj/Localizable.strings (in target 'Mac Mouse Fix' from project 'Mouse Fix')
    cd /Users/shawnrain/Library/Mobile\ Documents/com\~apple\~CloudDocs/Shawn\ Rain/Vibe-Coding/MacMouseFix
    builtin-copyStrings --validate --outputencoding UTF-16 --outfilename Localizable.strings --outdir /Users/shawnrain/Library/Developer/Xcode/DerivedData/Mouse_Fix-bnijtbnbbtqglwclwfpwrxsqeaod/Build/Products/Debug/Mac\ Mouse\ Fix.app/Contents/Resources/pt-BR.lproj -- /Users/shawnrain/Library/Developer/Xcode/DerivedData/Mouse_Fix-bnijtbnbbtqglwclwfpwrxsqeaod/Build/Intermediates.noindex/Mouse\ Fix.build/Debug/Mac\ Mouse\ Fix.build/pt-BR.lproj/Localizable.strings
/Users/shawnrain/Library/Developer/Xcode/DerivedData/Mouse_Fix-bnijtbnbbtqglwclwfpwrxsqeaod/Build/Intermediates.noindex/Mouse Fix.build/Debug/Mac Mouse Fix.build/pt-BR.lproj/Localizable.strings:1:1: note: detected encoding of input file as Unicode (UTF-8) (in target 'Mac Mouse Fix' from project 'Mouse Fix')

CopyStringsFile /Users/shawnrain/Library/Developer/Xcode/DerivedData/Mouse_Fix-bnijtbnbbtqglwclwfpwrxsqeaod/Build/Products/Debug/Mac\ Mouse\ Fix.app/Contents/Resources/ru.lproj/Localizable.stringsdict /Users/shawnrain/Library/Developer/Xcode/DerivedData/Mouse_Fix-bnijtbnbbtqglwclwfpwrxsqeaod/Build/Intermediates.noindex/Mouse\ Fix.build/Debug/Mac\ Mouse\ Fix.build/ru.lproj/Localizable.stringsdict (in target 'Mac Mouse Fix' from project 'Mouse Fix')
    cd /Users/shawnrain/Library/Mobile\ Documents/com\~apple\~CloudDocs/Shawn\ Rain/Vibe-Coding/MacMouseFix
    builtin-copyStrings --validate --outputencoding UTF-16 --outfilename Localizable.stringsdict --outdir /Users/shawnrain/Library/Developer/Xcode/DerivedData/Mouse_Fix-bnijtbnbbtqglwclwfpwrxsqeaod/Build/Products/Debug/Mac\ Mouse\ Fix.app/Contents/Resources/ru.lproj -- /Users/shawnrain/Library/Developer/Xcode/DerivedData/Mouse_Fix-bnijtbnbbtqglwclwfpwrxsqeaod/Build/Intermediates.noindex/Mouse\ Fix.build/Debug/Mac\ Mouse\ Fix.build/ru.lproj/Localizable.stringsdict
/Users/shawnrain/Library/Developer/Xcode/DerivedData/Mouse_Fix-bnijtbnbbtqglwclwfpwrxsqeaod/Build/Intermediates.noindex/Mouse Fix.build/Debug/Mac Mouse Fix.build/ru.lproj/Localizable.stringsdict:1:1: note: detected encoding of input file as Unicode (UTF-8) (in target 'Mac Mouse Fix' from project 'Mouse Fix')

CopyStringsFile /Users/shawnrain/Library/Developer/Xcode/DerivedData/Mouse_Fix-bnijtbnbbtqglwclwfpwrxsqeaod/Build/Products/Debug/Mac\ Mouse\ Fix.app/Contents/Resources/ru.lproj/Localizable.strings /Users/shawnrain/Library/Developer/Xcode/DerivedData/Mouse_Fix-bnijtbnbbtqglwclwfpwrxsqeaod/Build/Intermediates.noindex/Mouse\ Fix.build/Debug/Mac\ Mouse\ Fix.build/ru.lproj/Localizable.strings (in target 'Mac Mouse Fix' from project 'Mouse Fix')
    cd /Users/shawnrain/Library/Mobile\ Documents/com\~apple\~CloudDocs/Shawn\ Rain/Vibe-Coding/MacMouseFix
    builtin-copyStrings --validate --outputencoding UTF-16 --outfilename Localizable.strings --outdir /Users/shawnrain/Library/Developer/Xcode/DerivedData/Mouse_Fix-bnijtbnbbtqglwclwfpwrxsqeaod/Build/Products/Debug/Mac\ Mouse\ Fix.app/Contents/Resources/ru.lproj -- /Users/shawnrain/Library/Developer/Xcode/DerivedData/Mouse_Fix-bnijtbnbbtqglwclwfpwrxsqeaod/Build/Intermediates.noindex/Mouse\ Fix.build/Debug/Mac\ Mouse\ Fix.build/ru.lproj/Localizable.strings
/Users/shawnrain/Library/Developer/Xcode/DerivedData/Mouse_Fix-bnijtbnbbtqglwclwfpwrxsqeaod/Build/Intermediates.noindex/Mouse Fix.build/Debug/Mac Mouse Fix.build/ru.lproj/Localizable.strings:1:1: note: detected encoding of input file as Unicode (UTF-8) (in target 'Mac Mouse Fix' from project 'Mouse Fix')

CopyStringsFile /Users/shawnrain/Library/Developer/Xcode/DerivedData/Mouse_Fix-bnijtbnbbtqglwclwfpwrxsqeaod/Build/Products/Debug/Mac\ Mouse\ Fix.app/Contents/Resources/pt-BR.lproj/Localizable.stringsdict /Users/shawnrain/Library/Developer/Xcode/DerivedData/Mouse_Fix-bnijtbnbbtqglwclwfpwrxsqeaod/Build/Intermediates.noindex/Mouse\ Fix.build/Debug/Mac\ Mouse\ Fix.build/pt-BR.lproj/Localizable.stringsdict (in target 'Mac Mouse Fix' from project 'Mouse Fix')
    cd /Users/shawnrain/Library/Mobile\ Documents/com\~apple\~CloudDocs/Shawn\ Rain/Vibe-Coding/MacMouseFix
    builtin-copyStrings --validate --outputencoding UTF-16 --outfilename Localizable.stringsdict --outdir /Users/shawnrain/Library/Developer/Xcode/DerivedData/Mouse_Fix-bnijtbnbbtqglwclwfpwrxsqeaod/Build/Products/Debug/Mac\ Mouse\ Fix.app/Contents/Resources/pt-BR.lproj -- /Users/shawnrain/Library/Developer/Xcode/DerivedData/Mouse_Fix-bnijtbnbbtqglwclwfpwrxsqeaod/Build/Intermediates.noindex/Mouse\ Fix.build/Debug/Mac\ Mouse\ Fix.build/pt-BR.lproj/Localizable.stringsdict
/Users/shawnrain/Library/Developer/Xcode/DerivedData/Mouse_Fix-bnijtbnbbtqglwclwfpwrxsqeaod/Build/Intermediates.noindex/Mouse Fix.build/Debug/Mac Mouse Fix.build/pt-BR.lproj/Localizable.stringsdict:1:1: note: detected encoding of input file as Unicode (UTF-8) (in target 'Mac Mouse Fix' from project 'Mouse Fix')

CopyStringsFile /Users/shawnrain/Library/Developer/Xcode/DerivedData/Mouse_Fix-bnijtbnbbtqglwclwfpwrxsqeaod/Build/Products/Debug/Mac\ Mouse\ Fix.app/Contents/Resources/zh-Hant.lproj/Localizable.stringsdict /Users/shawnrain/Library/Developer/Xcode/DerivedData/Mouse_Fix-bnijtbnbbtqglwclwfpwrxsqeaod/Build/Intermediates.noindex/Mouse\ Fix.build/Debug/Mac\ Mouse\ Fix.build/zh-Hant.lproj/Localizable.stringsdict (in target 'Mac Mouse Fix' from project 'Mouse Fix')
    cd /Users/shawnrain/Library/Mobile\ Documents/com\~apple\~CloudDocs/Shawn\ Rain/Vibe-Coding/MacMouseFix
    builtin-copyStrings --validate --outputencoding UTF-16 --outfilename Localizable.stringsdict --outdir /Users/shawnrain/Library/Developer/Xcode/DerivedData/Mouse_Fix-bnijtbnbbtqglwclwfpwrxsqeaod/Build/Products/Debug/Mac\ Mouse\ Fix.app/Contents/Resources/zh-Hant.lproj -- /Users/shawnrain/Library/Developer/Xcode/DerivedData/Mouse_Fix-bnijtbnbbtqglwclwfpwrxsqeaod/Build/Intermediates.noindex/Mouse\ Fix.build/Debug/Mac\ Mouse\ Fix.build/zh-Hant.lproj/Localizable.stringsdict
/Users/shawnrain/Library/Developer/Xcode/DerivedData/Mouse_Fix-bnijtbnbbtqglwclwfpwrxsqeaod/Build/Intermediates.noindex/Mouse Fix.build/Debug/Mac Mouse Fix.build/zh-Hant.lproj/Localizable.stringsdict:1:1: note: detected encoding of input file as Unicode (UTF-8) (in target 'Mac Mouse Fix' from project 'Mouse Fix')

CopyStringsFile /Users/shawnrain/Library/Developer/Xcode/DerivedData/Mouse_Fix-bnijtbnbbtqglwclwfpwrxsqeaod/Build/Products/Debug/Mac\ Mouse\ Fix.app/Contents/Resources/zh-Hant.lproj/Localizable.strings /Users/shawnrain/Library/Developer/Xcode/DerivedData/Mouse_Fix-bnijtbnbbtqglwclwfpwrxsqeaod/Build/Intermediates.noindex/Mouse\ Fix.build/Debug/Mac\ Mouse\ Fix.build/zh-Hant.lproj/Localizable.strings (in target 'Mac Mouse Fix' from project 'Mouse Fix')
    cd /Users/shawnrain/Library/Mobile\ Documents/com\~apple\~CloudDocs/Shawn\ Rain/Vibe-Coding/MacMouseFix
    builtin-copyStrings --validate --outputencoding UTF-16 --outfilename Localizable.strings --outdir /Users/shawnrain/Library/Developer/Xcode/DerivedData/Mouse_Fix-bnijtbnbbtqglwclwfpwrxsqeaod/Build/Products/Debug/Mac\ Mouse\ Fix.app/Contents/Resources/zh-Hant.lproj -- /Users/shawnrain/Library/Developer/Xcode/DerivedData/Mouse_Fix-bnijtbnbbtqglwclwfpwrxsqeaod/Build/Intermediates.noindex/Mouse\ Fix.build/Debug/Mac\ Mouse\ Fix.build/zh-Hant.lproj/Localizable.strings
/Users/shawnrain/Library/Developer/Xcode/DerivedData/Mouse_Fix-bnijtbnbbtqglwclwfpwrxsqeaod/Build/Intermediates.noindex/Mouse Fix.build/Debug/Mac Mouse Fix.build/zh-Hant.lproj/Localizable.strings:1:1: note: detected encoding of input file as Unicode (UTF-8) (in target 'Mac Mouse Fix' from project 'Mouse Fix')

CopyStringsFile /Users/shawnrain/Library/Developer/Xcode/DerivedData/Mouse_Fix-bnijtbnbbtqglwclwfpwrxsqeaod/Build/Products/Debug/Mac\ Mouse\ Fix.app/Contents/Resources/de.lproj/Localizable.strings /Users/shawnrain/Library/Developer/Xcode/DerivedData/Mouse_Fix-bnijtbnbbtqglwclwfpwrxsqeaod/Build/Intermediates.noindex/Mouse\ Fix.build/Debug/Mac\ Mouse\ Fix.build/de.lproj/Localizable.strings (in target 'Mac Mouse Fix' from project 'Mouse Fix')
    cd /Users/shawnrain/Library/Mobile\ Documents/com\~apple\~CloudDocs/Shawn\ Rain/Vibe-Coding/MacMouseFix
    builtin-copyStrings --validate --outputencoding UTF-16 --outfilename Localizable.strings --outdir /Users/shawnrain/Library/Developer/Xcode/DerivedData/Mouse_Fix-bnijtbnbbtqglwclwfpwrxsqeaod/Build/Products/Debug/Mac\ Mouse\ Fix.app/Contents/Resources/de.lproj -- /Users/shawnrain/Library/Developer/Xcode/DerivedData/Mouse_Fix-bnijtbnbbtqglwclwfpwrxsqeaod/Build/Intermediates.noindex/Mouse\ Fix.build/Debug/Mac\ Mouse\ Fix.build/de.lproj/Localizable.strings
/Users/shawnrain/Library/Developer/Xcode/DerivedData/Mouse_Fix-bnijtbnbbtqglwclwfpwrxsqeaod/Build/Intermediates.noindex/Mouse Fix.build/Debug/Mac Mouse Fix.build/de.lproj/Localizable.strings:1:1: note: detected encoding of input file as Unicode (UTF-8) (in target 'Mac Mouse Fix' from project 'Mouse Fix')

CopyStringsFile /Users/shawnrain/Library/Developer/Xcode/DerivedData/Mouse_Fix-bnijtbnbbtqglwclwfpwrxsqeaod/Build/Products/Debug/Mac\ Mouse\ Fix.app/Contents/Resources/zh-Hans.lproj/Localizable.stringsdict /Users/shawnrain/Library/Developer/Xcode/DerivedData/Mouse_Fix-bnijtbnbbtqglwclwfpwrxsqeaod/Build/Intermediates.noindex/Mouse\ Fix.build/Debug/Mac\ Mouse\ Fix.build/zh-Hans.lproj/Localizable.stringsdict (in target 'Mac Mouse Fix' from project 'Mouse Fix')
    cd /Users/shawnrain/Library/Mobile\ Documents/com\~apple\~CloudDocs/Shawn\ Rain/Vibe-Coding/MacMouseFix
    builtin-copyStrings --validate --outputencoding UTF-16 --outfilename Localizable.stringsdict --outdir /Users/shawnrain/Library/Developer/Xcode/DerivedData/Mouse_Fix-bnijtbnbbtqglwclwfpwrxsqeaod/Build/Products/Debug/Mac\ Mouse\ Fix.app/Contents/Resources/zh-Hans.lproj -- /Users/shawnrain/Library/Developer/Xcode/DerivedData/Mouse_Fix-bnijtbnbbtqglwclwfpwrxsqeaod/Build/Intermediates.noindex/Mouse\ Fix.build/Debug/Mac\ Mouse\ Fix.build/zh-Hans.lproj/Localizable.stringsdict
/Users/shawnrain/Library/Developer/Xcode/DerivedData/Mouse_Fix-bnijtbnbbtqglwclwfpwrxsqeaod/Build/Intermediates.noindex/Mouse Fix.build/Debug/Mac Mouse Fix.build/zh-Hans.lproj/Localizable.stringsdict:1:1: note: detected encoding of input file as Unicode (UTF-8) (in target 'Mac Mouse Fix' from project 'Mouse Fix')

CopyStringsFile /Users/shawnrain/Library/Developer/Xcode/DerivedData/Mouse_Fix-bnijtbnbbtqglwclwfpwrxsqeaod/Build/Products/Debug/Mac\ Mouse\ Fix.app/Contents/Resources/zh-Hans.lproj/Localizable.strings /Users/shawnrain/Library/Developer/Xcode/DerivedData/Mouse_Fix-bnijtbnbbtqglwclwfpwrxsqeaod/Build/Intermediates.noindex/Mouse\ Fix.build/Debug/Mac\ Mouse\ Fix.build/zh-Hans.lproj/Localizable.strings (in target 'Mac Mouse Fix' from project 'Mouse Fix')
    cd /Users/shawnrain/Library/Mobile\ Documents/com\~apple\~CloudDocs/Shawn\ Rain/Vibe-Coding/MacMouseFix
    builtin-copyStrings --validate --outputencoding UTF-16 --outfilename Localizable.strings --outdir /Users/shawnrain/Library/Developer/Xcode/DerivedData/Mouse_Fix-bnijtbnbbtqglwclwfpwrxsqeaod/Build/Products/Debug/Mac\ Mouse\ Fix.app/Contents/Resources/zh-Hans.lproj -- /Users/shawnrain/Library/Developer/Xcode/DerivedData/Mouse_Fix-bnijtbnbbtqglwclwfpwrxsqeaod/Build/Intermediates.noindex/Mouse\ Fix.build/Debug/Mac\ Mouse\ Fix.build/zh-Hans.lproj/Localizable.strings
/Users/shawnrain/Library/Developer/Xcode/DerivedData/Mouse_Fix-bnijtbnbbtqglwclwfpwrxsqeaod/Build/Intermediates.noindex/Mouse Fix.build/Debug/Mac Mouse Fix.build/zh-Hans.lproj/Localizable.strings:1:1: note: detected encoding of input file as Unicode (UTF-8) (in target 'Mac Mouse Fix' from project 'Mouse Fix')

CopyStringsFile /Users/shawnrain/Library/Developer/Xcode/DerivedData/Mouse_Fix-bnijtbnbbtqglwclwfpwrxsqeaod/Build/Products/Debug/Mac\ Mouse\ Fix.app/Contents/Resources/vi.lproj/Localizable.stringsdict /Users/shawnrain/Library/Developer/Xcode/DerivedData/Mouse_Fix-bnijtbnbbtqglwclwfpwrxsqeaod/Build/Intermediates.noindex/Mouse\ Fix.build/Debug/Mac\ Mouse\ Fix.build/vi.lproj/Localizable.stringsdict (in target 'Mac Mouse Fix' from project 'Mouse Fix')
    cd /Users/shawnrain/Library/Mobile\ Documents/com\~apple\~CloudDocs/Shawn\ Rain/Vibe-Coding/MacMouseFix
    builtin-copyStrings --validate --outputencoding UTF-16 --outfilename Localizable.stringsdict --outdir /Users/shawnrain/Library/Developer/Xcode/DerivedData/Mouse_Fix-bnijtbnbbtqglwclwfpwrxsqeaod/Build/Products/Debug/Mac\ Mouse\ Fix.app/Contents/Resources/vi.lproj -- /Users/shawnrain/Library/Developer/Xcode/DerivedData/Mouse_Fix-bnijtbnbbtqglwclwfpwrxsqeaod/Build/Intermediates.noindex/Mouse\ Fix.build/Debug/Mac\ Mouse\ Fix.build/vi.lproj/Localizable.stringsdict
/Users/shawnrain/Library/Developer/Xcode/DerivedData/Mouse_Fix-bnijtbnbbtqglwclwfpwrxsqeaod/Build/Intermediates.noindex/Mouse Fix.build/Debug/Mac Mouse Fix.build/vi.lproj/Localizable.stringsdict:1:1: note: detected encoding of input file as Unicode (UTF-8) (in target 'Mac Mouse Fix' from project 'Mouse Fix')

CopyStringsFile /Users/shawnrain/Library/Developer/Xcode/DerivedData/Mouse_Fix-bnijtbnbbtqglwclwfpwrxsqeaod/Build/Products/Debug/Mac\ Mouse\ Fix.app/Contents/Resources/vi.lproj/Localizable.strings /Users/shawnrain/Library/Developer/Xcode/DerivedData/Mouse_Fix-bnijtbnbbtqglwclwfpwrxsqeaod/Build/Intermediates.noindex/Mouse\ Fix.build/Debug/Mac\ Mouse\ Fix.build/vi.lproj/Localizable.strings (in target 'Mac Mouse Fix' from project 'Mouse Fix')
    cd /Users/shawnrain/Library/Mobile\ Documents/com\~apple\~CloudDocs/Shawn\ Rain/Vibe-Coding/MacMouseFix
    builtin-copyStrings --validate --outputencoding UTF-16 --outfilename Localizable.strings --outdir /Users/shawnrain/Library/Developer/Xcode/DerivedData/Mouse_Fix-bnijtbnbbtqglwclwfpwrxsqeaod/Build/Products/Debug/Mac\ Mouse\ Fix.app/Contents/Resources/vi.lproj -- /Users/shawnrain/Library/Developer/Xcode/DerivedData/Mouse_Fix-bnijtbnbbtqglwclwfpwrxsqeaod/Build/Intermediates.noindex/Mouse\ Fix.build/Debug/Mac\ Mouse\ Fix.build/vi.lproj/Localizable.strings
/Users/shawnrain/Library/Developer/Xcode/DerivedData/Mouse_Fix-bnijtbnbbtqglwclwfpwrxsqeaod/Build/Intermediates.noindex/Mouse Fix.build/Debug/Mac Mouse Fix.build/vi.lproj/Localizable.strings:1:1: note: detected encoding of input file as Unicode (UTF-8) (in target 'Mac Mouse Fix' from project 'Mouse Fix')

CopyStringsFile /Users/shawnrain/Library/Developer/Xcode/DerivedData/Mouse_Fix-bnijtbnbbtqglwclwfpwrxsqeaod/Build/Products/Debug/Mac\ Mouse\ Fix.app/Contents/Resources/tr.lproj/Localizable.stringsdict /Users/shawnrain/Library/Developer/Xcode/DerivedData/Mouse_Fix-bnijtbnbbtqglwclwfpwrxsqeaod/Build/Intermediates.noindex/Mouse\ Fix.build/Debug/Mac\ Mouse\ Fix.build/tr.lproj/Localizable.stringsdict (in target 'Mac Mouse Fix' from project 'Mouse Fix')
    cd /Users/shawnrain/Library/Mobile\ Documents/com\~apple\~CloudDocs/Shawn\ Rain/Vibe-Coding/MacMouseFix
    builtin-copyStrings --validate --outputencoding UTF-16 --outfilename Localizable.stringsdict --outdir /Users/shawnrain/Library/Developer/Xcode/DerivedData/Mouse_Fix-bnijtbnbbtqglwclwfpwrxsqeaod/Build/Products/Debug/Mac\ Mouse\ Fix.app/Contents/Resources/tr.lproj -- /Users/shawnrain/Library/Developer/Xcode/DerivedData/Mouse_Fix-bnijtbnbbtqglwclwfpwrxsqeaod/Build/Intermediates.noindex/Mouse\ Fix.build/Debug/Mac\ Mouse\ Fix.build/tr.lproj/Localizable.stringsdict
/Users/shawnrain/Library/Developer/Xcode/DerivedData/Mouse_Fix-bnijtbnbbtqglwclwfpwrxsqeaod/Build/Intermediates.noindex/Mouse Fix.build/Debug/Mac Mouse Fix.build/tr.lproj/Localizable.stringsdict:1:1: note: detected encoding of input file as Unicode (UTF-8) (in target 'Mac Mouse Fix' from project 'Mouse Fix')

CopyStringsFile /Users/shawnrain/Library/Developer/Xcode/DerivedData/Mouse_Fix-bnijtbnbbtqglwclwfpwrxsqeaod/Build/Products/Debug/Mac\ Mouse\ Fix.app/Contents/Resources/tr.lproj/Localizable.strings /Users/shawnrain/Library/Developer/Xcode/DerivedData/Mouse_Fix-bnijtbnbbtqglwclwfpwrxsqeaod/Build/Intermediates.noindex/Mouse\ Fix.build/Debug/Mac\ Mouse\ Fix.build/tr.lproj/Localizable.strings (in target 'Mac Mouse Fix' from project 'Mouse Fix')
    cd /Users/shawnrain/Library/Mobile\ Documents/com\~apple\~CloudDocs/Shawn\ Rain/Vibe-Coding/MacMouseFix
    builtin-copyStrings --validate --outputencoding UTF-16 --outfilename Localizable.strings --outdir /Users/shawnrain/Library/Developer/Xcode/DerivedData/Mouse_Fix-bnijtbnbbtqglwclwfpwrxsqeaod/Build/Products/Debug/Mac\ Mouse\ Fix.app/Contents/Resources/tr.lproj -- /Users/shawnrain/Library/Developer/Xcode/DerivedData/Mouse_Fix-bnijtbnbbtqglwclwfpwrxsqeaod/Build/Intermediates.noindex/Mouse\ Fix.build/Debug/Mac\ Mouse\ Fix.build/tr.lproj/Localizable.strings
/Users/shawnrain/Library/Developer/Xcode/DerivedData/Mouse_Fix-bnijtbnbbtqglwclwfpwrxsqeaod/Build/Intermediates.noindex/Mouse Fix.build/Debug/Mac Mouse Fix.build/tr.lproj/Localizable.strings:1:1: note: detected encoding of input file as Unicode (UTF-8) (in target 'Mac Mouse Fix' from project 'Mouse Fix')

CopyStringsFile /Users/shawnrain/Library/Developer/Xcode/DerivedData/Mouse_Fix-bnijtbnbbtqglwclwfpwrxsqeaod/Build/Products/Debug/Mac\ Mouse\ Fix.app/Contents/Resources/ko.lproj/Localizable.stringsdict /Users/shawnrain/Library/Developer/Xcode/DerivedData/Mouse_Fix-bnijtbnbbtqglwclwfpwrxsqeaod/Build/Intermediates.noindex/Mouse\ Fix.build/Debug/Mac\ Mouse\ Fix.build/ko.lproj/Localizable.stringsdict (in target 'Mac Mouse Fix' from project 'Mouse Fix')
    cd /Users/shawnrain/Library/Mobile\ Documents/com\~apple\~CloudDocs/Shawn\ Rain/Vibe-Coding/MacMouseFix
    builtin-copyStrings --validate --outputencoding UTF-16 --outfilename Localizable.stringsdict --outdir /Users/shawnrain/Library/Developer/Xcode/DerivedData/Mouse_Fix-bnijtbnbbtqglwclwfpwrxsqeaod/Build/Products/Debug/Mac\ Mouse\ Fix.app/Contents/Resources/ko.lproj -- /Users/shawnrain/Library/Developer/Xcode/DerivedData/Mouse_Fix-bnijtbnbbtqglwclwfpwrxsqeaod/Build/Intermediates.noindex/Mouse\ Fix.build/Debug/Mac\ Mouse\ Fix.build/ko.lproj/Localizable.stringsdict
/Users/shawnrain/Library/Developer/Xcode/DerivedData/Mouse_Fix-bnijtbnbbtqglwclwfpwrxsqeaod/Build/Intermediates.noindex/Mouse Fix.build/Debug/Mac Mouse Fix.build/ko.lproj/Localizable.stringsdict:1:1: note: detected encoding of input file as Unicode (UTF-8) (in target 'Mac Mouse Fix' from project 'Mouse Fix')

CopyStringsFile /Users/shawnrain/Library/Developer/Xcode/DerivedData/Mouse_Fix-bnijtbnbbtqglwclwfpwrxsqeaod/Build/Products/Debug/Mac\ Mouse\ Fix.app/Contents/Resources/fr.lproj/Localizable.stringsdict /Users/shawnrain/Library/Developer/Xcode/DerivedData/Mouse_Fix-bnijtbnbbtqglwclwfpwrxsqeaod/Build/Intermediates.noindex/Mouse\ Fix.build/Debug/Mac\ Mouse\ Fix.build/fr.lproj/Localizable.stringsdict (in target 'Mac Mouse Fix' from project 'Mouse Fix')
    cd /Users/shawnrain/Library/Mobile\ Documents/com\~apple\~CloudDocs/Shawn\ Rain/Vibe-Coding/MacMouseFix
    builtin-copyStrings --validate --outputencoding UTF-16 --outfilename Localizable.stringsdict --outdir /Users/shawnrain/Library/Developer/Xcode/DerivedData/Mouse_Fix-bnijtbnbbtqglwclwfpwrxsqeaod/Build/Products/Debug/Mac\ Mouse\ Fix.app/Contents/Resources/fr.lproj -- /Users/shawnrain/Library/Developer/Xcode/DerivedData/Mouse_Fix-bnijtbnbbtqglwclwfpwrxsqeaod/Build/Intermediates.noindex/Mouse\ Fix.build/Debug/Mac\ Mouse\ Fix.build/fr.lproj/Localizable.stringsdict
/Users/shawnrain/Library/Developer/Xcode/DerivedData/Mouse_Fix-bnijtbnbbtqglwclwfpwrxsqeaod/Build/Intermediates.noindex/Mouse Fix.build/Debug/Mac Mouse Fix.build/fr.lproj/Localizable.stringsdict:1:1: note: detected encoding of input file as Unicode (UTF-8) (in target 'Mac Mouse Fix' from project 'Mouse Fix')

CopyStringsFile /Users/shawnrain/Library/Developer/Xcode/DerivedData/Mouse_Fix-bnijtbnbbtqglwclwfpwrxsqeaod/Build/Products/Debug/Mac\ Mouse\ Fix.app/Contents/Resources/ko.lproj/Localizable.strings /Users/shawnrain/Library/Developer/Xcode/DerivedData/Mouse_Fix-bnijtbnbbtqglwclwfpwrxsqeaod/Build/Intermediates.noindex/Mouse\ Fix.build/Debug/Mac\ Mouse\ Fix.build/ko.lproj/Localizable.strings (in target 'Mac Mouse Fix' from project 'Mouse Fix')
    cd /Users/shawnrain/Library/Mobile\ Documents/com\~apple\~CloudDocs/Shawn\ Rain/Vibe-Coding/MacMouseFix
    builtin-copyStrings --validate --outputencoding UTF-16 --outfilename Localizable.strings --outdir /Users/shawnrain/Library/Developer/Xcode/DerivedData/Mouse_Fix-bnijtbnbbtqglwclwfpwrxsqeaod/Build/Products/Debug/Mac\ Mouse\ Fix.app/Contents/Resources/ko.lproj -- /Users/shawnrain/Library/Developer/Xcode/DerivedData/Mouse_Fix-bnijtbnbbtqglwclwfpwrxsqeaod/Build/Intermediates.noindex/Mouse\ Fix.build/Debug/Mac\ Mouse\ Fix.build/ko.lproj/Localizable.strings
/Users/shawnrain/Library/Developer/Xcode/DerivedData/Mouse_Fix-bnijtbnbbtqglwclwfpwrxsqeaod/Build/Intermediates.noindex/Mouse Fix.build/Debug/Mac Mouse Fix.build/ko.lproj/Localizable.strings:1:1: note: detected encoding of input file as Unicode (UTF-8) (in target 'Mac Mouse Fix' from project 'Mouse Fix')

CopyStringsFile /Users/shawnrain/Library/Developer/Xcode/DerivedData/Mouse_Fix-bnijtbnbbtqglwclwfpwrxsqeaod/Build/Products/Debug/Mac\ Mouse\ Fix.app/Contents/Resources/fr.lproj/Localizable.strings /Users/shawnrain/Library/Developer/Xcode/DerivedData/Mouse_Fix-bnijtbnbbtqglwclwfpwrxsqeaod/Build/Intermediates.noindex/Mouse\ Fix.build/Debug/Mac\ Mouse\ Fix.build/fr.lproj/Localizable.strings (in target 'Mac Mouse Fix' from project 'Mouse Fix')
    cd /Users/shawnrain/Library/Mobile\ Documents/com\~apple\~CloudDocs/Shawn\ Rain/Vibe-Coding/MacMouseFix
    builtin-copyStrings --validate --outputencoding UTF-16 --outfilename Localizable.strings --outdir /Users/shawnrain/Library/Developer/Xcode/DerivedData/Mouse_Fix-bnijtbnbbtqglwclwfpwrxsqeaod/Build/Products/Debug/Mac\ Mouse\ Fix.app/Contents/Resources/fr.lproj -- /Users/shawnrain/Library/Developer/Xcode/DerivedData/Mouse_Fix-bnijtbnbbtqglwclwfpwrxsqeaod/Build/Intermediates.noindex/Mouse\ Fix.build/Debug/Mac\ Mouse\ Fix.build/fr.lproj/Localizable.strings
/Users/shawnrain/Library/Developer/Xcode/DerivedData/Mouse_Fix-bnijtbnbbtqglwclwfpwrxsqeaod/Build/Intermediates.noindex/Mouse Fix.build/Debug/Mac Mouse Fix.build/fr.lproj/Localizable.strings:1:1: note: detected encoding of input file as Unicode (UTF-8) (in target 'Mac Mouse Fix' from project 'Mouse Fix')

CopyStringsFile /Users/shawnrain/Library/Developer/Xcode/DerivedData/Mouse_Fix-bnijtbnbbtqglwclwfpwrxsqeaod/Build/Products/Debug/Mac\ Mouse\ Fix.app/Contents/Resources/es.lproj/Localizable.stringsdict /Users/shawnrain/Library/Developer/Xcode/DerivedData/Mouse_Fix-bnijtbnbbtqglwclwfpwrxsqeaod/Build/Intermediates.noindex/Mouse\ Fix.build/Debug/Mac\ Mouse\ Fix.build/es.lproj/Localizable.stringsdict (in target 'Mac Mouse Fix' from project 'Mouse Fix')
    cd /Users/shawnrain/Library/Mobile\ Documents/com\~apple\~CloudDocs/Shawn\ Rain/Vibe-Coding/MacMouseFix
    builtin-copyStrings --validate --outputencoding UTF-16 --outfilename Localizable.stringsdict --outdir /Users/shawnrain/Library/Developer/Xcode/DerivedData/Mouse_Fix-bnijtbnbbtqglwclwfpwrxsqeaod/Build/Products/Debug/Mac\ Mouse\ Fix.app/Contents/Resources/es.lproj -- /Users/shawnrain/Library/Developer/Xcode/DerivedData/Mouse_Fix-bnijtbnbbtqglwclwfpwrxsqeaod/Build/Intermediates.noindex/Mouse\ Fix.build/Debug/Mac\ Mouse\ Fix.build/es.lproj/Localizable.stringsdict
/Users/shawnrain/Library/Developer/Xcode/DerivedData/Mouse_Fix-bnijtbnbbtqglwclwfpwrxsqeaod/Build/Intermediates.noindex/Mouse Fix.build/Debug/Mac Mouse Fix.build/es.lproj/Localizable.stringsdict:1:1: note: detected encoding of input file as Unicode (UTF-8) (in target 'Mac Mouse Fix' from project 'Mouse Fix')

CopyStringsFile /Users/shawnrain/Library/Developer/Xcode/DerivedData/Mouse_Fix-bnijtbnbbtqglwclwfpwrxsqeaod/Build/Products/Debug/Mac\ Mouse\ Fix.app/Contents/Resources/es.lproj/Localizable.strings /Users/shawnrain/Library/Developer/Xcode/DerivedData/Mouse_Fix-bnijtbnbbtqglwclwfpwrxsqeaod/Build/Intermediates.noindex/Mouse\ Fix.build/Debug/Mac\ Mouse\ Fix.build/es.lproj/Localizable.strings (in target 'Mac Mouse Fix' from project 'Mouse Fix')
    cd /Users/shawnrain/Library/Mobile\ Documents/com\~apple\~CloudDocs/Shawn\ Rain/Vibe-Coding/MacMouseFix
    builtin-copyStrings --validate --outputencoding UTF-16 --outfilename Localizable.strings --outdir /Users/shawnrain/Library/Developer/Xcode/DerivedData/Mouse_Fix-bnijtbnbbtqglwclwfpwrxsqeaod/Build/Products/Debug/Mac\ Mouse\ Fix.app/Contents/Resources/es.lproj -- /Users/shawnrain/Library/Developer/Xcode/DerivedData/Mouse_Fix-bnijtbnbbtqglwclwfpwrxsqeaod/Build/Intermediates.noindex/Mouse\ Fix.build/Debug/Mac\ Mouse\ Fix.build/es.lproj/Localizable.strings
/Users/shawnrain/Library/Developer/Xcode/DerivedData/Mouse_Fix-bnijtbnbbtqglwclwfpwrxsqeaod/Build/Intermediates.noindex/Mouse Fix.build/Debug/Mac Mouse Fix.build/es.lproj/Localizable.strings:1:1: note: detected encoding of input file as Unicode (UTF-8) (in target 'Mac Mouse Fix' from project 'Mouse Fix')

CopyStringsFile /Users/shawnrain/Library/Developer/Xcode/DerivedData/Mouse_Fix-bnijtbnbbtqglwclwfpwrxsqeaod/Build/Products/Debug/Mac\ Mouse\ Fix.app/Contents/Resources/en.lproj/Localizable.stringsdict /Users/shawnrain/Library/Developer/Xcode/DerivedData/Mouse_Fix-bnijtbnbbtqglwclwfpwrxsqeaod/Build/Intermediates.noindex/Mouse\ Fix.build/Debug/Mac\ Mouse\ Fix.build/en.lproj/Localizable.stringsdict (in target 'Mac Mouse Fix' from project 'Mouse Fix')
    cd /Users/shawnrain/Library/Mobile\ Documents/com\~apple\~CloudDocs/Shawn\ Rain/Vibe-Coding/MacMouseFix
    builtin-copyStrings --validate --outputencoding UTF-16 --outfilename Localizable.stringsdict --outdir /Users/shawnrain/Library/Developer/Xcode/DerivedData/Mouse_Fix-bnijtbnbbtqglwclwfpwrxsqeaod/Build/Products/Debug/Mac\ Mouse\ Fix.app/Contents/Resources/en.lproj -- /Users/shawnrain/Library/Developer/Xcode/DerivedData/Mouse_Fix-bnijtbnbbtqglwclwfpwrxsqeaod/Build/Intermediates.noindex/Mouse\ Fix.build/Debug/Mac\ Mouse\ Fix.build/en.lproj/Localizable.stringsdict
/Users/shawnrain/Library/Developer/Xcode/DerivedData/Mouse_Fix-bnijtbnbbtqglwclwfpwrxsqeaod/Build/Intermediates.noindex/Mouse Fix.build/Debug/Mac Mouse Fix.build/en.lproj/Localizable.stringsdict:1:1: note: detected encoding of input file as Unicode (UTF-8) (in target 'Mac Mouse Fix' from project 'Mouse Fix')

CopyStringsFile /Users/shawnrain/Library/Developer/Xcode/DerivedData/Mouse_Fix-bnijtbnbbtqglwclwfpwrxsqeaod/Build/Products/Debug/Mac\ Mouse\ Fix.app/Contents/Resources/en.lproj/Localizable.strings /Users/shawnrain/Library/Developer/Xcode/DerivedData/Mouse_Fix-bnijtbnbbtqglwclwfpwrxsqeaod/Build/Intermediates.noindex/Mouse\ Fix.build/Debug/Mac\ Mouse\ Fix.build/en.lproj/Localizable.strings (in target 'Mac Mouse Fix' from project 'Mouse Fix')
    cd /Users/shawnrain/Library/Mobile\ Documents/com\~apple\~CloudDocs/Shawn\ Rain/Vibe-Coding/MacMouseFix
    builtin-copyStrings --validate --outputencoding UTF-16 --outfilename Localizable.strings --outdir /Users/shawnrain/Library/Developer/Xcode/DerivedData/Mouse_Fix-bnijtbnbbtqglwclwfpwrxsqeaod/Build/Products/Debug/Mac\ Mouse\ Fix.app/Contents/Resources/en.lproj -- /Users/shawnrain/Library/Developer/Xcode/DerivedData/Mouse_Fix-bnijtbnbbtqglwclwfpwrxsqeaod/Build/Intermediates.noindex/Mouse\ Fix.build/Debug/Mac\ Mouse\ Fix.build/en.lproj/Localizable.strings
/Users/shawnrain/Library/Developer/Xcode/DerivedData/Mouse_Fix-bnijtbnbbtqglwclwfpwrxsqeaod/Build/Intermediates.noindex/Mouse Fix.build/Debug/Mac Mouse Fix.build/en.lproj/Localizable.strings:1:1: note: detected encoding of input file as Unicode (UTF-8) (in target 'Mac Mouse Fix' from project 'Mouse Fix')

CopyStringsFile /Users/shawnrain/Library/Developer/Xcode/DerivedData/Mouse_Fix-bnijtbnbbtqglwclwfpwrxsqeaod/Build/Products/Debug/Mac\ Mouse\ Fix.app/Contents/Resources/cs.lproj/Localizable.stringsdict /Users/shawnrain/Library/Developer/Xcode/DerivedData/Mouse_Fix-bnijtbnbbtqglwclwfpwrxsqeaod/Build/Intermediates.noindex/Mouse\ Fix.build/Debug/Mac\ Mouse\ Fix.build/cs.lproj/Localizable.stringsdict (in target 'Mac Mouse Fix' from project 'Mouse Fix')
    cd /Users/shawnrain/Library/Mobile\ Documents/com\~apple\~CloudDocs/Shawn\ Rain/Vibe-Coding/MacMouseFix
    builtin-copyStrings --validate --outputencoding UTF-16 --outfilename Localizable.stringsdict --outdir /Users/shawnrain/Library/Developer/Xcode/DerivedData/Mouse_Fix-bnijtbnbbtqglwclwfpwrxsqeaod/Build/Products/Debug/Mac\ Mouse\ Fix.app/Contents/Resources/cs.lproj -- /Users/shawnrain/Library/Developer/Xcode/DerivedData/Mouse_Fix-bnijtbnbbtqglwclwfpwrxsqeaod/Build/Intermediates.noindex/Mouse\ Fix.build/Debug/Mac\ Mouse\ Fix.build/cs.lproj/Localizable.stringsdict
/Users/shawnrain/Library/Developer/Xcode/DerivedData/Mouse_Fix-bnijtbnbbtqglwclwfpwrxsqeaod/Build/Intermediates.noindex/Mouse Fix.build/Debug/Mac Mouse Fix.build/cs.lproj/Localizable.stringsdict:1:1: note: detected encoding of input file as Unicode (UTF-8) (in target 'Mac Mouse Fix' from project 'Mouse Fix')

CopyStringsFile /Users/shawnrain/Library/Developer/Xcode/DerivedData/Mouse_Fix-bnijtbnbbtqglwclwfpwrxsqeaod/Build/Products/Debug/Mac\ Mouse\ Fix.app/Contents/Resources/cs.lproj/Localizable.strings /Users/shawnrain/Library/Developer/Xcode/DerivedData/Mouse_Fix-bnijtbnbbtqglwclwfpwrxsqeaod/Build/Intermediates.noindex/Mouse\ Fix.build/Debug/Mac\ Mouse\ Fix.build/cs.lproj/Localizable.strings (in target 'Mac Mouse Fix' from project 'Mouse Fix')
    cd /Users/shawnrain/Library/Mobile\ Documents/com\~apple\~CloudDocs/Shawn\ Rain/Vibe-Coding/MacMouseFix
    builtin-copyStrings --validate --outputencoding UTF-16 --outfilename Localizable.strings --outdir /Users/shawnrain/Library/Developer/Xcode/DerivedData/Mouse_Fix-bnijtbnbbtqglwclwfpwrxsqeaod/Build/Products/Debug/Mac\ Mouse\ Fix.app/Contents/Resources/cs.lproj -- /Users/shawnrain/Library/Developer/Xcode/DerivedData/Mouse_Fix-bnijtbnbbtqglwclwfpwrxsqeaod/Build/Intermediates.noindex/Mouse\ Fix.build/Debug/Mac\ Mouse\ Fix.build/cs.lproj/Localizable.strings
/Users/shawnrain/Library/Developer/Xcode/DerivedData/Mouse_Fix-bnijtbnbbtqglwclwfpwrxsqeaod/Build/Intermediates.noindex/Mouse Fix.build/Debug/Mac Mouse Fix.build/cs.lproj/Localizable.strings:1:1: note: detected encoding of input file as Unicode (UTF-8) (in target 'Mac Mouse Fix' from project 'Mouse Fix')

Copy /Users/shawnrain/Library/Developer/Xcode/DerivedData/Mouse_Fix-bnijtbnbbtqglwclwfpwrxsqeaod/Build/Products/Debug/Mac\ Mouse\ Fix.app/Contents/Library/LoginItems/Mac\ Mouse\ Fix\ Helper.app /Users/shawnrain/Library/Developer/Xcode/DerivedData/Mouse_Fix-bnijtbnbbtqglwclwfpwrxsqeaod/Build/Products/Debug/Mac\ Mouse\ Fix\ Helper.app (in target 'Mac Mouse Fix' from project 'Mouse Fix')
    cd /Users/shawnrain/Library/Mobile\ Documents/com\~apple\~CloudDocs/Shawn\ Rain/Vibe-Coding/MacMouseFix
    builtin-copy -exclude .DS_Store -exclude CVS -exclude .svn -exclude .git -exclude .hg -exclude Headers -exclude PrivateHeaders -exclude Modules -exclude \*.tbd -resolve-src-symlinks -remove-static-executable /Users/shawnrain/Library/Developer/Xcode/DerivedData/Mouse_Fix-bnijtbnbbtqglwclwfpwrxsqeaod/Build/Products/Debug/Mac\ Mouse\ Fix\ Helper.app /Users/shawnrain/Library/Developer/Xcode/DerivedData/Mouse_Fix-bnijtbnbbtqglwclwfpwrxsqeaod/Build/Products/Debug/Mac\ Mouse\ Fix.app/Contents/Library/LoginItems

CopySwiftLibs /Users/shawnrain/Library/Developer/Xcode/DerivedData/Mouse_Fix-bnijtbnbbtqglwclwfpwrxsqeaod/Build/Products/Debug/Mac\ Mouse\ Fix.app (in target 'Mac Mouse Fix' from project 'Mouse Fix')
    cd /Users/shawnrain/Library/Mobile\ Documents/com\~apple\~CloudDocs/Shawn\ Rain/Vibe-Coding/MacMouseFix
    builtin-swiftStdLibTool --copy --verbose --sign 7CA5277123CF08A4B9965DA463852FE0F2E43C42 --scan-executable /Users/shawnrain/Library/Developer/Xcode/DerivedData/Mouse_Fix-bnijtbnbbtqglwclwfpwrxsqeaod/Build/Products/Debug/Mac\ Mouse\ Fix.app/Contents/MacOS/Mac\ Mouse\ Fix --scan-folder /Users/shawnrain/Library/Developer/Xcode/DerivedData/Mouse_Fix-bnijtbnbbtqglwclwfpwrxsqeaod/Build/Products/Debug/Mac\ Mouse\ Fix.app/Contents/Frameworks --scan-folder /Users/shawnrain/Library/Developer/Xcode/DerivedData/Mouse_Fix-bnijtbnbbtqglwclwfpwrxsqeaod/Build/Products/Debug/Mac\ Mouse\ Fix.app/Contents/PlugIns --scan-folder /Users/shawnrain/Library/Developer/Xcode/DerivedData/Mouse_Fix-bnijtbnbbtqglwclwfpwrxsqeaod/Build/Products/Debug/Mac\ Mouse\ Fix.app/Contents/Library/SystemExtensions --scan-folder /Users/shawnrain/Library/Developer/Xcode/DerivedData/Mouse_Fix-bnijtbnbbtqglwclwfpwrxsqeaod/Build/Products/Debug/Mac\ Mouse\ Fix.app/Contents/Extensions --scan-folder /Users/shawnrain/Library/Mobile\ Documents/com\~apple\~CloudDocs/Shawn\ Rain/Vibe-Coding/MacMouseFix/Frameworks/Sparkle.framework --scan-folder /Users/shawnrain/Library/System/Library/PrivateFrameworks/SkyLight.framework --platform macosx --toolchain /Applications/Xcode.app/Contents/Developer/Toolchains/XcodeDefault.xctoolchain --destination /Users/shawnrain/Library/Developer/Xcode/DerivedData/Mouse_Fix-bnijtbnbbtqglwclwfpwrxsqeaod/Build/Products/Debug/Mac\ Mouse\ Fix.app/Contents/Frameworks --strip-bitcode --strip-bitcode-tool /Applications/Xcode.app/Contents/Developer/Toolchains/XcodeDefault.xctoolchain/usr/bin/bitcode_strip --emit-dependency-info /Users/shawnrain/Library/Developer/Xcode/DerivedData/Mouse_Fix-bnijtbnbbtqglwclwfpwrxsqeaod/Build/Intermediates.noindex/Mouse\ Fix.build/Debug/Mac\ Mouse\ Fix.build/SwiftStdLibToolInputDependencies.dep --filter-for-swift-os --back-deploy-swift-span

ProcessInfoPlistFile /Users/shawnrain/Library/Developer/Xcode/DerivedData/Mouse_Fix-bnijtbnbbtqglwclwfpwrxsqeaod/Build/Products/Debug/Mac\ Mouse\ Fix.app/Contents/Info.plist /Users/shawnrain/Library/Mobile\ Documents/com~apple~CloudDocs/Shawn\ Rain/Vibe-Coding/MacMouseFix/App/SupportFiles/Info.plist (in target 'Mac Mouse Fix' from project 'Mouse Fix')
    cd /Users/shawnrain/Library/Mobile\ Documents/com\~apple\~CloudDocs/Shawn\ Rain/Vibe-Coding/MacMouseFix
    builtin-infoPlistUtility /Users/shawnrain/Library/Mobile\ Documents/com\~apple\~CloudDocs/Shawn\ Rain/Vibe-Coding/MacMouseFix/App/SupportFiles/Info.plist -producttype com.apple.product-type.application -genpkginfo /Users/shawnrain/Library/Developer/Xcode/DerivedData/Mouse_Fix-bnijtbnbbtqglwclwfpwrxsqeaod/Build/Products/Debug/Mac\ Mouse\ Fix.app/Contents/PkgInfo -expandbuildsettings -platform macosx -additionalcontentfile /Users/shawnrain/Library/Developer/Xcode/DerivedData/Mouse_Fix-bnijtbnbbtqglwclwfpwrxsqeaod/Build/Intermediates.noindex/Mouse\ Fix.build/Debug/Mac\ Mouse\ Fix.build/Base.lproj/Main-SBPartialInfo.plist -additionalcontentfile /Users/shawnrain/Library/Developer/Xcode/DerivedData/Mouse_Fix-bnijtbnbbtqglwclwfpwrxsqeaod/Build/Intermediates.noindex/Mouse\ Fix.build/Debug/Mac\ Mouse\ Fix.build/Base.lproj/LicenseSheetController-PartialInfo.plist -additionalcontentfile /Users/shawnrain/Library/Developer/Xcode/DerivedData/Mouse_Fix-bnijtbnbbtqglwclwfpwrxsqeaod/Build/Intermediates.noindex/Mouse\ Fix.build/Debug/Mac\ Mouse\ Fix.build/Base.lproj/AuthorizeAccessibilityView-PartialInfo.plist -additionalcontentfile /Users/shawnrain/Library/Developer/Xcode/DerivedData/Mouse_Fix-bnijtbnbbtqglwclwfpwrxsqeaod/Build/Intermediates.noindex/Mouse\ Fix.build/Debug/Mac\ Mouse\ Fix.build/Toast-PartialInfo.plist -additionalcontentfile /Users/shawnrain/Library/Developer/Xcode/DerivedData/Mouse_Fix-bnijtbnbbtqglwclwfpwrxsqeaod/Build/Intermediates.noindex/Mouse\ Fix.build/Debug/Mac\ Mouse\ Fix.build/DeletableTableCellView-PartialInfo.plist -additionalcontentfile /Users/shawnrain/Library/Developer/Xcode/DerivedData/Mouse_Fix-bnijtbnbbtqglwclwfpwrxsqeaod/Build/Intermediates.noindex/Mouse\ Fix.build/Debug/Mac\ Mouse\ Fix.build/ScrollOverridePanel-PartialInfo.plist -additionalcontentfile /Users/shawnrain/Library/Developer/Xcode/DerivedData/Mouse_Fix-bnijtbnbbtqglwclwfpwrxsqeaod/Build/Intermediates.noindex/Mouse\ Fix.build/Debug/Mac\ Mouse\ Fix.build/Base.lproj/ButtonOptionsViewController-PartialInfo.plist -additionalcontentfile /Users/shawnrain/Library/Developer/Xcode/DerivedData/Mouse_Fix-bnijtbnbbtqglwclwfpwrxsqeaod/Build/Intermediates.noindex/Mouse\ Fix.build/Debug/Mac\ Mouse\ Fix.build/assetcatalog_generated_info.plist -scanforprivacyfile /Users/shawnrain/Library/Developer/Xcode/DerivedData/Mouse_Fix-bnijtbnbbtqglwclwfpwrxsqeaod/Build/Products/Debug/Mac\ Mouse\ Fix.app/Contents/Frameworks/Sparkle.framework -scanforprivacyfile /Users/shawnrain/Library/Developer/Xcode/DerivedData/Mouse_Fix-bnijtbnbbtqglwclwfpwrxsqeaod/Build/Products/Debug/Mac\ Mouse\ Fix.app/Contents/Library/LoginItems/Mac\ Mouse\ Fix\ Helper.app -scanforprivacyfile /Users/shawnrain/Library/Developer/Xcode/DerivedData/Mouse_Fix-bnijtbnbbtqglwclwfpwrxsqeaod/Build/Products/Debug/Mac\ Mouse\ Fix.app/Contents/Resources/CocoaLumberjack_CocoaLumberjack.bundle -o /Users/shawnrain/Library/Developer/Xcode/DerivedData/Mouse_Fix-bnijtbnbbtqglwclwfpwrxsqeaod/Build/Products/Debug/Mac\ Mouse\ Fix.app/Contents/Info.plist

CodeSign /Users/shawnrain/Library/Developer/Xcode/DerivedData/Mouse_Fix-bnijtbnbbtqglwclwfpwrxsqeaod/Build/Products/Debug/Mac\ Mouse\ Fix.app (in target 'Mac Mouse Fix' from project 'Mouse Fix')
    cd /Users/shawnrain/Library/Mobile\ Documents/com\~apple\~CloudDocs/Shawn\ Rain/Vibe-Coding/MacMouseFix
    
    Signing Identity:     "Apple Development: shawnrain@foxmail.com (ZQG28N5AK8)"
    
    /usr/bin/codesign --force --sign 7CA5277123CF08A4B9965DA463852FE0F2E43C42 -o runtime --entitlements /Users/shawnrain/Library/Developer/Xcode/DerivedData/Mouse_Fix-bnijtbnbbtqglwclwfpwrxsqeaod/Build/Intermediates.noindex/Mouse\ Fix.build/Debug/Mac\ Mouse\ Fix.build/Mac\ Mouse\ Fix.app.xcent --timestamp\=none --generate-entitlement-der /Users/shawnrain/Library/Developer/Xcode/DerivedData/Mouse_Fix-bnijtbnbbtqglwclwfpwrxsqeaod/Build/Products/Debug/Mac\ Mouse\ Fix.app
/Users/shawnrain/Library/Developer/Xcode/DerivedData/Mouse_Fix-bnijtbnbbtqglwclwfpwrxsqeaod/Build/Products/Debug/Mac Mouse Fix.app: replacing existing signature

ValidateEmbeddedBinary /Users/shawnrain/Library/Developer/Xcode/DerivedData/Mouse_Fix-bnijtbnbbtqglwclwfpwrxsqeaod/Build/Products/Debug/Mac\ Mouse\ Fix.app/Contents/Library/LoginItems/Mac\ Mouse\ Fix\ Helper.app (in target 'Mac Mouse Fix' from project 'Mouse Fix')
    cd /Users/shawnrain/Library/Mobile\ Documents/com\~apple\~CloudDocs/Shawn\ Rain/Vibe-Coding/MacMouseFix
    /Applications/Xcode.app/Contents/Developer/usr/bin/embeddedBinaryValidationUtility /Users/shawnrain/Library/Developer/Xcode/DerivedData/Mouse_Fix-bnijtbnbbtqglwclwfpwrxsqeaod/Build/Products/Debug/Mac\ Mouse\ Fix.app/Contents/Library/LoginItems/Mac\ Mouse\ Fix\ Helper.app -signing-cert 7CA5277123CF08A4B9965DA463852FE0F2E43C42 -info-plist-path /Users/shawnrain/Library/Developer/Xcode/DerivedData/Mouse_Fix-bnijtbnbbtqglwclwfpwrxsqeaod/Build/Products/Debug/Mac\ Mouse\ Fix.app/Contents/Info.plist

Validate /Users/shawnrain/Library/Developer/Xcode/DerivedData/Mouse_Fix-bnijtbnbbtqglwclwfpwrxsqeaod/Build/Products/Debug/Mac\ Mouse\ Fix.app (in target 'Mac Mouse Fix' from project 'Mouse Fix')
    cd /Users/shawnrain/Library/Mobile\ Documents/com\~apple\~CloudDocs/Shawn\ Rain/Vibe-Coding/MacMouseFix
    builtin-validationUtility /Users/shawnrain/Library/Developer/Xcode/DerivedData/Mouse_Fix-bnijtbnbbtqglwclwfpwrxsqeaod/Build/Products/Debug/Mac\ Mouse\ Fix.app -no-validate-extension -infoplist-subpath Contents/Info.plist

RegisterWithLaunchServices /Users/shawnrain/Library/Developer/Xcode/DerivedData/Mouse_Fix-bnijtbnbbtqglwclwfpwrxsqeaod/Build/Products/Debug/Mac\ Mouse\ Fix.app (in target 'Mac Mouse Fix' from project 'Mouse Fix')
    cd /Users/shawnrain/Library/Mobile\ Documents/com\~apple\~CloudDocs/Shawn\ Rain/Vibe-Coding/MacMouseFix
    /System/Library/Frameworks/CoreServices.framework/Versions/Current/Frameworks/LaunchServices.framework/Versions/Current/Support/lsregister -f -R -trusted /Users/shawnrain/Library/Developer/Xcode/DerivedData/Mouse_Fix-bnijtbnbbtqglwclwfpwrxsqeaod/Build/Products/Debug/Mac\ Mouse\ Fix.app

** BUILD SUCCEEDED **

